Archive member included because of file (symbol)

/usr/lib/gcc/arm-elf/3.4.4/../../../../arm-elf/lib/thumb/interwork/libm.a(s_atan.o)
                              /home/dragonfly/paparazzi_new/test/paparazzi3/var/MJ7/ap/nav.o (atan)
/usr/lib/gcc/arm-elf/3.4.4/../../../../arm-elf/lib/thumb/interwork/libm.a(s_cos.o)
                              /home/dragonfly/paparazzi_new/test/paparazzi3/var/MJ7/ap/nav.o (cos)
/usr/lib/gcc/arm-elf/3.4.4/../../../../arm-elf/lib/thumb/interwork/libm.a(s_fabs.o)
                              /usr/lib/gcc/arm-elf/3.4.4/../../../../arm-elf/lib/thumb/interwork/libm.a(s_atan.o) (fabs)
/usr/lib/gcc/arm-elf/3.4.4/../../../../arm-elf/lib/thumb/interwork/libm.a(s_sin.o)
                              /home/dragonfly/paparazzi_new/test/paparazzi3/var/MJ7/ap/nav.o (sin)
/usr/lib/gcc/arm-elf/3.4.4/../../../../arm-elf/lib/thumb/interwork/libm.a(w_atan2.o)
                              /home/dragonfly/paparazzi_new/test/paparazzi3/var/MJ7/ap/infrared.o (atan2)
/usr/lib/gcc/arm-elf/3.4.4/../../../../arm-elf/lib/thumb/interwork/libm.a(w_sqrt.o)
                              /home/dragonfly/paparazzi_new/test/paparazzi3/var/MJ7/ap/nav.o (sqrt)
/usr/lib/gcc/arm-elf/3.4.4/../../../../arm-elf/lib/thumb/interwork/libm.a(e_atan2.o)
                              /usr/lib/gcc/arm-elf/3.4.4/../../../../arm-elf/lib/thumb/interwork/libm.a(w_atan2.o) (__ieee754_atan2)
/usr/lib/gcc/arm-elf/3.4.4/../../../../arm-elf/lib/thumb/interwork/libm.a(e_rem_pio2.o)
                              /usr/lib/gcc/arm-elf/3.4.4/../../../../arm-elf/lib/thumb/interwork/libm.a(s_cos.o) (__ieee754_rem_pio2)
/usr/lib/gcc/arm-elf/3.4.4/../../../../arm-elf/lib/thumb/interwork/libm.a(e_sqrt.o)
                              /usr/lib/gcc/arm-elf/3.4.4/../../../../arm-elf/lib/thumb/interwork/libm.a(w_sqrt.o) (__ieee754_sqrt)
/usr/lib/gcc/arm-elf/3.4.4/../../../../arm-elf/lib/thumb/interwork/libm.a(k_cos.o)
                              /usr/lib/gcc/arm-elf/3.4.4/../../../../arm-elf/lib/thumb/interwork/libm.a(s_cos.o) (__kernel_cos)
/usr/lib/gcc/arm-elf/3.4.4/../../../../arm-elf/lib/thumb/interwork/libm.a(k_rem_pio2.o)
                              /usr/lib/gcc/arm-elf/3.4.4/../../../../arm-elf/lib/thumb/interwork/libm.a(e_rem_pio2.o) (__kernel_rem_pio2)
/usr/lib/gcc/arm-elf/3.4.4/../../../../arm-elf/lib/thumb/interwork/libm.a(k_sin.o)
                              /usr/lib/gcc/arm-elf/3.4.4/../../../../arm-elf/lib/thumb/interwork/libm.a(s_cos.o) (__kernel_sin)
/usr/lib/gcc/arm-elf/3.4.4/../../../../arm-elf/lib/thumb/interwork/libm.a(s_floor.o)
                              /usr/lib/gcc/arm-elf/3.4.4/../../../../arm-elf/lib/thumb/interwork/libm.a(k_rem_pio2.o) (floor)
/usr/lib/gcc/arm-elf/3.4.4/../../../../arm-elf/lib/thumb/interwork/libm.a(s_isnan.o)
                              /usr/lib/gcc/arm-elf/3.4.4/../../../../arm-elf/lib/thumb/interwork/libm.a(w_atan2.o) (isnan)
/usr/lib/gcc/arm-elf/3.4.4/../../../../arm-elf/lib/thumb/interwork/libm.a(s_lib_ver.o)
                              /usr/lib/gcc/arm-elf/3.4.4/../../../../arm-elf/lib/thumb/interwork/libm.a(w_atan2.o) (__fdlib_version)
/usr/lib/gcc/arm-elf/3.4.4/../../../../arm-elf/lib/thumb/interwork/libm.a(s_matherr.o)
                              /usr/lib/gcc/arm-elf/3.4.4/../../../../arm-elf/lib/thumb/interwork/libm.a(w_atan2.o) (matherr)
/usr/lib/gcc/arm-elf/3.4.4/../../../../arm-elf/lib/thumb/interwork/libm.a(s_scalbn.o)
                              /usr/lib/gcc/arm-elf/3.4.4/../../../../arm-elf/lib/thumb/interwork/libm.a(k_rem_pio2.o) (scalbn)
/usr/lib/gcc/arm-elf/3.4.4/../../../../arm-elf/lib/thumb/interwork/libm.a(s_copysign.o)
                              /usr/lib/gcc/arm-elf/3.4.4/../../../../arm-elf/lib/thumb/interwork/libm.a(s_scalbn.o) (copysign)
/usr/lib/gcc/arm-elf/3.4.4/../../../../arm-elf/lib/thumb/interwork/libc.a(errno.o)
                              /usr/lib/gcc/arm-elf/3.4.4/../../../../arm-elf/lib/thumb/interwork/libm.a(w_atan2.o) (__errno)
/usr/lib/gcc/arm-elf/3.4.4/../../../../arm-elf/lib/thumb/interwork/libc.a(impure.o)
                              /usr/lib/gcc/arm-elf/3.4.4/../../../../arm-elf/lib/thumb/interwork/libc.a(errno.o) (_impure_ptr)
/usr/lib/gcc/arm-elf/3.4.4/thumb/interwork/libgcc.a(_divsi3.o)
                              /home/dragonfly/paparazzi_new/test/paparazzi3/var/MJ7/ap/main_fbw.o (__divsi3)
/usr/lib/gcc/arm-elf/3.4.4/thumb/interwork/libgcc.a(_dvmd_tls.o)
                              /usr/lib/gcc/arm-elf/3.4.4/thumb/interwork/libgcc.a(_divsi3.o) (__div0)
/usr/lib/gcc/arm-elf/3.4.4/thumb/interwork/libgcc.a(_addsubdf3.o)
                              /home/dragonfly/paparazzi_new/test/paparazzi3/var/MJ7/ap/gps.o (__subdf3)
/usr/lib/gcc/arm-elf/3.4.4/thumb/interwork/libgcc.a(_muldivdf3.o)
                              /home/dragonfly/paparazzi_new/test/paparazzi3/var/MJ7/ap/main_fbw.o (__muldf3)
/usr/lib/gcc/arm-elf/3.4.4/thumb/interwork/libgcc.a(_cmpdf2.o)
[...]
Memory Configuration

Name             Origin             Length             Attributes
ROM              0x00004000         0x00079000         xr
RAM              0x40000000         0x00008000         rw
*default*        0x00000000         0xffffffff

Linker script and memory map

LOAD /home/dragonfly/paparazzi_new/test/paparazzi3/var/MJ7/ap/crt0.o
LOAD /home/dragonfly/paparazzi_new/test/paparazzi3/var/MJ7/ap/sys_time.o
LOAD /home/dragonfly/paparazzi_new/test/paparazzi3/var/MJ7/ap/sys_time_hw.o
LOAD /home/dragonfly/paparazzi_new/test/paparazzi3/var/MJ7/ap/armVIC.o
LOAD /home/dragonfly/paparazzi_new/test/paparazzi3/var/MJ7/ap/main_fbw.o
LOAD /home/dragonfly/paparazzi_new/test/paparazzi3/var/MJ7/ap/main_ap.o
LOAD /home/dragonfly/paparazzi_new/test/paparazzi3/var/MJ7/ap/main.o
LOAD /home/dragonfly/paparazzi_new/test/paparazzi3/var/MJ7/ap/commands.o
LOAD /home/dragonfly/paparazzi_new/test/paparazzi3/var/MJ7/ap/servos_4015_MAT_hw.o
LOAD /home/dragonfly/paparazzi_new/test/paparazzi3/var/MJ7/ap/actuators.o
LOAD /home/dragonfly/paparazzi_new/test/paparazzi3/var/MJ7/ap/radio_control.o
LOAD /home/dragonfly/paparazzi_new/test/paparazzi3/var/MJ7/ap/ppm_hw.o
LOAD /home/dragonfly/paparazzi_new/test/paparazzi3/var/MJ7/ap/downlink.o
LOAD /home/dragonfly/paparazzi_new/test/paparazzi3/var/MJ7/ap/uart_hw.o
LOAD /home/dragonfly/paparazzi_new/test/paparazzi3/var/MJ7/ap/datalink.o
LOAD /home/dragonfly/paparazzi_new/test/paparazzi3/var/MJ7/ap/pprz_transport.o
LOAD /home/dragonfly/paparazzi_new/test/paparazzi3/var/MJ7/ap/modem_hw.o
LOAD /home/dragonfly/paparazzi_new/test/paparazzi3/var/MJ7/ap/inter_mcu.o
LOAD /home/dragonfly/paparazzi_new/test/paparazzi3/var/MJ7/ap/adc_hw.o
LOAD /home/dragonfly/paparazzi_new/test/paparazzi3/var/MJ7/ap/gps_ubx.o
LOAD /home/dragonfly/paparazzi_new/test/paparazzi3/var/MJ7/ap/gps.o
LOAD /home/dragonfly/paparazzi_new/test/paparazzi3/var/MJ7/ap/infrared.o
LOAD /home/dragonfly/paparazzi_new/test/paparazzi3/var/MJ7/ap/estimator.o
LOAD /home/dragonfly/paparazzi_new/test/paparazzi3/var/MJ7/ap/nav.o
LOAD /home/dragonfly/paparazzi_new/test/paparazzi3/var/MJ7/ap/fw_h_ctl.o
LOAD /home/dragonfly/paparazzi_new/test/paparazzi3/var/MJ7/ap/fw_v_ctl.o
LOAD /home/dragonfly/paparazzi_new/test/paparazzi3/var/MJ7/ap/traffic_info.o
LOAD /home/dragonfly/paparazzi_new/test/paparazzi3/var/MJ7/ap/gpio.o
LOAD /usr/lib/gcc/arm-elf/3.4.4/../../../../arm-elf/lib/thumb/interwork/libc.a
LOAD /usr/lib/gcc/arm-elf/3.4.4/../../../../arm-elf/lib/thumb/interwork/libm.a
LOAD /usr/lib/gcc/arm-elf/3.4.4/../../../../arm-elf/lib/thumb/interwork/libc.a
LOAD /usr/lib/gcc/arm-elf/3.4.4/thumb/interwork/libgcc.a
LOAD /usr/lib/gcc/arm-elf/3.4.4/thumb/interwork/libgcc.a
LOAD /usr/lib/gcc/arm-elf/3.4.4/../../../../arm-elf/lib/thumb/interwork/libc.a
LOAD /usr/lib/gcc/arm-elf/3.4.4/thumb/interwork/libgcc.a
                0x00001000                STACK_SIZE = 0x1000

.text           0x00004000    0x1431e
 *(.init)
 .init          0x00004000      0x13c /home/dragonfly/paparazzi_new/test/paparazzi3/var/MJ7/ap/crt0.o
                0x00004114                reset
                0x00004000                _boot
                0x00004050                _mainCRTStartup
                0x00004114                abort
                0x00004050                _start
                0x00004114                _reset
                0x00004114                exit
                0x00004050                start
 *(.text .text.*)
 .text          0x0000413c      0x20c /home/dragonfly/paparazzi_new/test/paparazzi3/var/MJ7/ap/sys_time_hw.o
                0x0000413c                TIMER0_ISR
 .text          0x00004348       0x78 /home/dragonfly/paparazzi_new/test/paparazzi3/var/MJ7/ap/armVIC.o
                0x00004358                restoreIRQ
                0x000043b0                enableFIQ
                0x00004384                disableFIQ
                0x00004374                enableIRQ
                0x00004394                restoreFIQ
                0x00004348                disableIRQ
 .text          0x000043c0     0x1f68 /home/dragonfly/paparazzi_new/test/paparazzi3/var/MJ7/ap/main_fbw.o
                0x000043c0                init_fbw
                0x0000458c                event_task_fbw
                0x00004b8c                periodic_task_fbw
 .text          0x00006328     0x6438 /home/dragonfly/paparazzi_new/test/paparazzi3/var/MJ7/ap/main_ap.o
                0x00007868                periodic_task_ap
                0x0000be90                init_ap
                0x0000c04c                event_task_ap
                0x00006328                telecommand_task
 .text          0x0000c760       0xdc /home/dragonfly/paparazzi_new/test/paparazzi3/var/MJ7/ap/main.o
                0x0000c760                main
 .text          0x0000c83c       0xc8 /home/dragonfly/paparazzi_new/test/paparazzi3/var/MJ7/ap/servos_4015_MAT_hw.o
                0x0000c83c                actuators_init
 .text          0x0000c904      0x348 /home/dragonfly/paparazzi_new/test/paparazzi3/var/MJ7/ap/uart_hw.o
                0x0000c904                uart1_init_tx
                0x0000c9dc                uart1_check_free_space
                0x0000cad4                uart1_ISR
                0x0000ca2c                uart1_init_rx
                0x0000ca30                uart1_transmit
 .text          0x0000cc4c      0x9a4 /home/dragonfly/paparazzi_new/test/paparazzi3/var/MJ7/ap/datalink.o
                0x0000cc4c                dl_parse_msg
 .text          0x0000d5f0      0x168 /home/dragonfly/paparazzi_new/test/paparazzi3/var/MJ7/ap/modem_hw.o
                0x0000d5f0                TIMER1_ISR
 .text          0x0000d758      0x21c /home/dragonfly/paparazzi_new/test/paparazzi3/var/MJ7/ap/adc_hw.o
                0x0000d8c4                adcISR1
                0x0000d758                adc_buf_channel
                0x0000d770                adc_init
                0x0000d818                adcISR0
 .text          0x0000d974     0x17b0 /home/dragonfly/paparazzi_new/test/paparazzi3/var/MJ7/ap/gps_ubx.o
                0x0000ed90                parse_gps_msg
                0x0000d974                gps_init
                0x0000ef58                parse_ubx
                0x0000d988                gps_reset
                0x0000db08                gps_configure
 .text          0x0000f124      0xd40 /home/dragonfly/paparazzi_new/test/paparazzi3/var/MJ7/ap/gps.o
                0x0000f314                use_gps_pos
                0x0000f124                estimator_update_state_gps
 .text          0x0000fe64     0x1544 /home/dragonfly/paparazzi_new/test/paparazzi3/var/MJ7/ap/infrared.o
                0x000104a8                estimator_update_ir_estim
                0x000100c8                ground_calibrate
                0x0000ff98                ir_update
                0x00010940                estimator_update_state_infrared
                0x0000fe64                ir_init
 .text          0x000113a8      0x9b0 /home/dragonfly/paparazzi_new/test/paparazzi3/var/MJ7/ap/estimator.o
                0x000113a8                alt_kalman
                0x00011c28                estimator_init
                0x00011d20                alt_kalman_reset
                0x00011d1c                estimator_propagate_state
                0x00011d44                alt_kalman_init
 .text          0x00011d58     0x1fdc /home/dragonfly/paparazzi_new/test/paparazzi3/var/MJ7/ap/nav.o
                0x00012f70                nav_init
                0x00013020                nav_eight
                0x00012768                nav_home
                0x00012fb4                nav_without_gps
                0x00012484                nav_route_xy
                0x00011dd8                nav_circle_XY
                0x00012374                nav_approaching_xy
                0x000136bc                nav_oval_init
                0x00012310                nav_goto_block
                0x000136d0                nav_oval
                0x0001300c                nav_eight_init
                0x00012874                nav_update
                0x00011d58                nav_init_stage
 .text          0x00013d34      0xb10 /home/dragonfly/paparazzi_new/test/paparazzi3/var/MJ7/ap/fw_h_ctl.o
                0x00013d34                h_ctl_init
                0x000140c8                h_ctl_attitude_loop
                0x00013e84                h_ctl_course_loop
 .text          0x00014844      0x7e0 /home/dragonfly/paparazzi_new/test/paparazzi3/var/MJ7/ap/fw_v_ctl.o
                0x00014974                v_ctl_altitude_loop
                0x00014844                v_ctl_init
                0x00014a7c                v_ctl_climb_loop
                0x00014f84                v_ctl_throttle_slew
 .text          0x00015024       0x20 /home/dragonfly/paparazzi_new/test/paparazzi3/var/MJ7/ap/traffic_info.o
                0x00015024                get_ac_info
 .text          0x00015044      0x358 /usr/lib/gcc/arm-elf/3.4.4/../../../../arm-elf/lib/thumb/interwork/libm.a(s_atan.o)
                0x00015044                atan
 .text          0x0001539c       0xb4 /usr/lib/gcc/arm-elf/3.4.4/../../../../arm-elf/lib/thumb/interwork/libm.a(s_cos.o)
                0x0001539c                cos
 .text          0x00015450       0x20 /usr/lib/gcc/arm-elf/3.4.4/../../../../arm-elf/lib/thumb/interwork/libm.a(s_fabs.o)
                0x00015450                fabs
 .text          0x00015470       0xbc /usr/lib/gcc/arm-elf/3.4.4/../../../../arm-elf/lib/thumb/interwork/libm.a(s_sin.o)
                0x00015470                sin
 .text          0x0001552c       0xcc /usr/lib/gcc/arm-elf/3.4.4/../../../../arm-elf/lib/thumb/interwork/libm.a(w_atan2.o)
                0x0001552c                atan2
 .text          0x000155f8       0xc8 /usr/lib/gcc/arm-elf/3.4.4/../../../../arm-elf/lib/thumb/interwork/libm.a(w_sqrt.o)
                0x000155f8                sqrt
 .text          0x000156c0      0x21c /usr/lib/gcc/arm-elf/3.4.4/../../../../arm-elf/lib/thumb/interwork/libm.a(e_atan2.o)
                0x000156c0                __ieee754_atan2
 .text          0x000158dc      0x4a0 /usr/lib/gcc/arm-elf/3.4.4/../../../../arm-elf/lib/thumb/interwork/libm.a(e_rem_pio2.o)
                0x000158dc                __ieee754_rem_pio2
 .text          0x00015d7c      0x1e4 /usr/lib/gcc/arm-elf/3.4.4/../../../../arm-elf/lib/thumb/interwork/libm.a(e_sqrt.o)
                0x00015d7c                __ieee754_sqrt
 .text          0x00015f60      0x1e8 /usr/lib/gcc/arm-elf/3.4.4/../../../../arm-elf/lib/thumb/interwork/libm.a(k_cos.o)
                0x00015f60                __kernel_cos
 .text          0x00016148      0x7ec /usr/lib/gcc/arm-elf/3.4.4/../../../../arm-elf/lib/thumb/interwork/libm.a(k_rem_pio2.o)
                0x00016148                __kernel_rem_pio2
 .text          0x00016934      0x15c /usr/lib/gcc/arm-elf/3.4.4/../../../../arm-elf/lib/thumb/interwork/libm.a(k_sin.o)
                0x00016934                __kernel_sin
 .text          0x00016a90      0x144 /usr/lib/gcc/arm-elf/3.4.4/../../../../arm-elf/lib/thumb/interwork/libm.a(s_floor.o)
                0x00016a90                floor
 .text          0x00016bd4       0x28 /usr/lib/gcc/arm-elf/3.4.4/../../../../arm-elf/lib/thumb/interwork/libm.a(s_isnan.o)
                0x00016bd4                isnan
 .text          0x00016bfc        0x4 /usr/lib/gcc/arm-elf/3.4.4/../../../../arm-elf/lib/thumb/interwork/libm.a(s_matherr.o)
                0x00016bfc                matherr
 .text          0x00016c00      0x120 /usr/lib/gcc/arm-elf/3.4.4/../../../../arm-elf/lib/thumb/interwork/libm.a(s_scalbn.o)
                0x00016c00                scalbn
 .text          0x00016d20       0x1c /usr/lib/gcc/arm-elf/3.4.4/../../../../arm-elf/lib/thumb/interwork/libm.a(s_copysign.o)
                0x00016d20                copysign
 .text          0x00016d3c        0xc /usr/lib/gcc/arm-elf/3.4.4/../../../../arm-elf/lib/thumb/interwork/libc.a(errno.o)
                0x00016d3c                __errno
 .text          0x00016d48       0x94 /usr/lib/gcc/arm-elf/3.4.4/thumb/interwork/libgcc.a(_divsi3.o)
                0x00016d48                __divsi3
 .text          0x00016ddc        0x4 /usr/lib/gcc/arm-elf/3.4.4/thumb/interwork/libgcc.a(_dvmd_tls.o)
                0x00016ddc                __div0
 .text          0x00016de0      0x3a8 /usr/lib/gcc/arm-elf/3.4.4/thumb/interwork/libgcc.a(_addsubdf3.o)
                0x00017110                __floatsidf
                0x0001713c                __extendsfdf2
                0x00016de4                __adddf3
                0x000170e8                __floatunsidf
                0x00016de0                __subdf3
 .text          0x00017188      0x4ec /usr/lib/gcc/arm-elf/3.4.4/thumb/interwork/libgcc.a(_muldivdf3.o)
                0x00017400                __divdf3
                0x00017188                __muldf3
 .text          0x00017674       0xb4 /usr/lib/gcc/arm-elf/3.4.4/thumb/interwork/libgcc.a(_cmpdf2.o)
                0x00017684                __cmpdf2
                0x00017684                __eqdf2
                0x00017674                __gtdf2
                0x0001767c                __ltdf2
                0x0001767c                __ledf2
                0x00017684                __nedf2
                0x00017674                __gedf2
 .text          0x00017728       0x80 /usr/lib/gcc/arm-elf/3.4.4/thumb/interwork/libgcc.a(_fixdfsi.o)
                0x00017728                __fixdfsi
 .text          0x000177a8       0x74 /usr/lib/gcc/arm-elf/3.4.4/thumb/interwork/libgcc.a(_fixunsdfsi.o)
                0x000177a8                __fixunsdfsi
 .text          0x0001781c       0xf8 /usr/lib/gcc/arm-elf/3.4.4/thumb/interwork/libgcc.a(_truncdfsf2.o)
                0x0001781c                __truncdfsf2
 .text          0x00017914      0x218 /usr/lib/gcc/arm-elf/3.4.4/thumb/interwork/libgcc.a(_addsubsf3.o)
                0x00017914                __subsf3
                0x00017ae0                __floatsisf
                0x00017ad8                __floatunsisf
                0x00017918                __addsf3
 .text          0x00017b2c      0x330 /usr/lib/gcc/arm-elf/3.4.4/thumb/interwork/libgcc.a(_muldivsf3.o)
                0x00017cbc                __divsf3
                0x00017b2c                __mulsf3
 .text          0x00017e5c       0x9c /usr/lib/gcc/arm-elf/3.4.4/thumb/interwork/libgcc.a(_cmpsf2.o)
                0x00017e64                __lesf2
                0x00017e6c                __nesf2
                0x00017e5c                __gtsf2
                0x00017e6c                __eqsf2
                0x00017e6c                __cmpsf2
                0x00017e64                __ltsf2
                0x00017e5c                __gesf2
 .text          0x00017ef8       0x68 /usr/lib/gcc/arm-elf/3.4.4/thumb/interwork/libgcc.a(_fixsfsi.o)
                0x00017ef8                __fixsfsi
 .text          0x00017f60       0x5c /usr/lib/gcc/arm-elf/3.4.4/thumb/interwork/libgcc.a(_fixunssfsi.o)
                0x00017f60                __fixunssfsi
 *(.gnu.linkonce.t.*)
 *(.glue_7)
 .glue_7        0x00017fbc       0x48 /usr/lib/gcc/arm-elf/3.4.4/thumb/interwork/libgcc.a(_fixunssfsi.o)
                0x00017fc8                __atan2_from_arm
                0x00017fe0                __cos_from_arm
                0x00017fd4                __atan_from_arm
                0x00017fbc                ____divsi3_from_arm
                0x00017fec                __sin_from_arm
                0x00017ff8                __sqrt_from_arm
 *(.glue_7t)
 .glue_7t       0x00018004       0x50 /usr/lib/gcc/arm-elf/3.4.4/thumb/interwork/libgcc.a(_fixunssfsi.o)
                0x0001801c                ____gtdf2_from_thumb
                0x00018014                ____subdf3_from_thumb
                0x00018038                ____ltdf2_change_to_arm
                0x00018018                ____subdf3_change_to_arm
                0x00018050                ____gedf2_change_to_arm
                0x0001802c                ____eqdf2_from_thumb
                0x0001803c                ____fixdfsi_from_thumb
                0x00018028                ____divdf3_change_to_arm
                0x0001804c                ____gedf2_from_thumb
                0x00018010                ____muldf3_change_to_arm
                0x00018040                ____fixdfsi_change_to_arm
                0x00018024                ____divdf3_from_thumb
                0x00018008                ____adddf3_change_to_arm
                0x00018020                ____gtdf2_change_to_arm
                0x00018044                ____floatsidf_from_thumb
                0x00018034                ____ltdf2_from_thumb
                0x00018004                ____adddf3_from_thumb
                0x00018030                ____eqdf2_change_to_arm
                0x0001800c                ____muldf3_from_thumb
                0x00018048                ____floatsidf_change_to_arm
 *(.gcc_except_table)
 *(.rodata)
 .rodata        0x00018054        0x2 /home/dragonfly/paparazzi_new/test/paparazzi3/var/MJ7/ap/main_ap.o
 .rodata        0x00018056        0x8 /home/dragonfly/paparazzi_new/test/paparazzi3/var/MJ7/ap/commands.o
                0x00018056                commands_failsafe
 .rodata        0x0001805e       0x20 /home/dragonfly/paparazzi_new/test/paparazzi3/var/MJ7/ap/modem_hw.o
 *fill*         0x0001807e        0x2 00
 .rodata        0x00018080       0x10 /home/dragonfly/paparazzi_new/test/paparazzi3/var/MJ7/ap/estimator.o
 .rodata        0x00018090        0x1 /home/dragonfly/paparazzi_new/test/paparazzi3/var/MJ7/ap/nav.o
                0x00018090                nb_waypoint
 *fill*         0x00018091        0x3 00
 .rodata        0x00018094       0x98 /usr/lib/gcc/arm-elf/3.4.4/../../../../arm-elf/lib/thumb/interwork/libm.a(s_atan.o)
 .rodata        0x0001812c      0x188 /usr/lib/gcc/arm-elf/3.4.4/../../../../arm-elf/lib/thumb/interwork/libm.a(e_rem_pio2.o)
 .rodata        0x000182b4       0x50 /usr/lib/gcc/arm-elf/3.4.4/../../../../arm-elf/lib/thumb/interwork/libm.a(k_rem_pio2.o)
 .rodata        0x00018304        0x4 /usr/lib/gcc/arm-elf/3.4.4/../../../../arm-elf/lib/thumb/interwork/libm.a(s_lib_ver.o)
                0x00018304                __fdlib_version
 .rodata        0x00018308        0x4 /usr/lib/gcc/arm-elf/3.4.4/../../../../arm-elf/lib/thumb/interwork/libc.a(impure.o)
                0x00018308                _global_impure_ptr
 *(.rodata*)
 .rodata.str1.4
                0x0001830c        0x6 /usr/lib/gcc/arm-elf/3.4.4/../../../../arm-elf/lib/thumb/interwork/libm.a(w_atan2.o)
                                  0x8 (size before relaxing)
 *fill*         0x00018312        0x2 00
 .rodata.str1.4
                0x00018314        0x5 /usr/lib/gcc/arm-elf/3.4.4/../../../../arm-elf/lib/thumb/interwork/libm.a(w_sqrt.o)
                                  0x8 (size before relaxing)
 *fill*         0x00018319        0x3 00
 .rodata.str1.4
                0x0001831c        0x2 /usr/lib/gcc/arm-elf/3.4.4/../../../../arm-elf/lib/thumb/interwork/libc.a(impure.o)
                                  0x4 (size before relaxing)
 *(.gnu.linkonce.r.*)
                0x00018320                . = ALIGN (0x4)

.ctors          0x0001831e        0x0
                0x0001831e                PROVIDE (__ctors_start__, .)
 *(SORT(.ctors.*))
 *(.ctors)
                0x0001831e                PROVIDE (__ctors_end__, .)

.dtors          0x0001831e        0x0
                0x0001831e                PROVIDE (__dtors_start__, .)
 *(SORT(.dtors.*))
 *(.dtors)
                0x0001831e                PROVIDE (__dtors_end__, .)
                0x00018320                . = ALIGN (0x4)
                0x00018320                _etext = .
                0x00018320                PROVIDE (etext, .)

.data           0x40000000      0x498 load address 0x00018320
                0x40000000                _data = .
 *(.data)
 .data          0x40000000        0x1 /home/dragonfly/paparazzi_new/test/paparazzi3/var/MJ7/ap/sys_time_hw.o
 .data          0x40000001        0x4 /home/dragonfly/paparazzi_new/test/paparazzi3/var/MJ7/ap/main_ap.o
                0x40000001                ac_ident
                0x40000002                light_mode
                0x40000003                pprz_mode
 *fill*         0x40000005        0x3 00
 .data          0x40000008        0x4 /home/dragonfly/paparazzi_new/test/paparazzi3/var/MJ7/ap/servos_4015_MAT_hw.o
                0x40000008                servos_delay
 .data          0x4000000c        0x8 /home/dragonfly/paparazzi_new/test/paparazzi3/var/MJ7/ap/inter_mcu.o
                0x4000000c                ap_state
                0x40000010                fbw_state
 .data          0x40000014       0x20 /home/dragonfly/paparazzi_new/test/paparazzi3/var/MJ7/ap/adc_hw.o
                0x40000014                adc1_val
                0x40000024                adc0_val
 .data          0x40000034       0x58 /home/dragonfly/paparazzi_new/test/paparazzi3/var/MJ7/ap/nav.o
                0x40000080                nav_utm_zone0
                0x40000088                nav_utm_east0
                0x40000084                nav_utm_north0
                0x40000034                waypoints
                0x4000007c                nav_altitude
 .data          0x4000008c        0x8 /home/dragonfly/paparazzi_new/test/paparazzi3/var/MJ7/ap/fw_h_ctl.o
                0x40000090                v_ctl_auto_throttle_loiter_trim
                0x4000008c                v_ctl_auto_throttle_dash_trim
 .data          0x40000094      0x404 /usr/lib/gcc/arm-elf/3.4.4/../../../../arm-elf/lib/thumb/interwork/libc.a(impure.o)
                0x40000494                _impure_ptr
 *(.data.*)
 *(.gnu.linkonce.d*)
                0x40000498                . = ALIGN (0x4)
 *(.fastrun)
                0x40000498                . = ALIGN (0x4)
                0x40000498                _edata = .
                0x40000498                PROVIDE (edata, .)

.bss            0x40000498      0xcf8
                0x40000498                __bss_start = .
                0x40000498                __bss_start__ = .
 *(.bss)
 .bss           0x40000498        0x4 /home/dragonfly/paparazzi_new/test/paparazzi3/var/MJ7/ap/sys_time.o
 .bss           0x4000049c        0x8 /home/dragonfly/paparazzi_new/test/paparazzi3/var/MJ7/ap/sys_time_hw.o
 .bss           0x400004a4       0x10 /home/dragonfly/paparazzi_new/test/paparazzi3/var/MJ7/ap/main_fbw.o
 .bss           0x400004b4       0x24 /home/dragonfly/paparazzi_new/test/paparazzi3/var/MJ7/ap/main_ap.o
                0x400004b8                lateral_mode
                0x400004b5                launch
                0x400004b4                gps_lost
                0x400004b7                ir_estim_mode
                0x400004b6                kill_throttle
                0x400004b9                fatal_error_nb
                0x400004ba                rc_settings_mode
 .bss           0x400004d8        0x4 /home/dragonfly/paparazzi_new/test/paparazzi3/var/MJ7/ap/main.o
 .bss           0x400004dc        0x4 /home/dragonfly/paparazzi_new/test/paparazzi3/var/MJ7/ap/servos_4015_MAT_hw.o
 .bss           0x400004e0        0x4 /home/dragonfly/paparazzi_new/test/paparazzi3/var/MJ7/ap/actuators.o
 .bss           0x400004e4        0x8 /home/dragonfly/paparazzi_new/test/paparazzi3/var/MJ7/ap/radio_control.o
                0x400004e4                rc_values_contains_avg_channels
 .bss           0x400004ec        0x4 /home/dragonfly/paparazzi_new/test/paparazzi3/var/MJ7/ap/ppm_hw.o
 .bss           0x400004f0        0x2 /home/dragonfly/paparazzi_new/test/paparazzi3/var/MJ7/ap/downlink.o
                0x400004f1                telemetry_mode_Fbw
                0x400004f0                telemetry_mode_Ap
 *fill*         0x400004f2        0x2 00
 .bss           0x400004f4        0x4 /home/dragonfly/paparazzi_new/test/paparazzi3/var/MJ7/ap/datalink.o
 .bss           0x400004f8        0x1 /home/dragonfly/paparazzi_new/test/paparazzi3/var/MJ7/ap/pprz_transport.o
                0x400004f8                pprz_msg_received
 .bss           0x400004f9        0x3 /home/dragonfly/paparazzi_new/test/paparazzi3/var/MJ7/ap/modem_hw.o
 .bss           0x400004fc       0x24 /home/dragonfly/paparazzi_new/test/paparazzi3/var/MJ7/ap/inter_mcu.o
                0x400004fc                inter_mcu_received_ap
                0x400004fd                inter_mcu_received_fbw
 .bss           0x40000520       0x40 /home/dragonfly/paparazzi_new/test/paparazzi3/var/MJ7/ap/adc_hw.o
 .bss           0x40000560        0x8 /home/dragonfly/paparazzi_new/test/paparazzi3/var/MJ7/ap/gps_ubx.o
 .bss           0x40000568        0x8 /home/dragonfly/paparazzi_new/test/paparazzi3/var/MJ7/ap/gps.o
 .bss           0x40000570       0xe8 /home/dragonfly/paparazzi_new/test/paparazzi3/var/MJ7/ap/infrared.o
                0x40000570                calib_status
 .bss           0x40000658       0x10 /home/dragonfly/paparazzi_new/test/paparazzi3/var/MJ7/ap/estimator.o
 .bss           0x40000668       0x60 /home/dragonfly/paparazzi_new/test/paparazzi3/var/MJ7/ap/nav.o
                0x40000675                nav_in_circle
                0x40000670                circle_bank
                0x40000668                nav_pitch
                0x40000674                nav_in_segment
                0x4000066c                altitude_shift
 .bss           0x400006c8      0x114 /home/dragonfly/paparazzi_new/test/paparazzi3/var/MJ7/ap/fw_h_ctl.o
 *(.gnu.linkonce.b*)
 *(COMMON)
 COMMON         0x400007dc        0x2 /home/dragonfly/paparazzi_new/test/paparazzi3/var/MJ7/ap/sys_time.o
                0x400007dc                cpu_time_sec
 *fill*         0x400007de        0x2 00
 COMMON         0x400007e0        0x4 /home/dragonfly/paparazzi_new/test/paparazzi3/var/MJ7/ap/sys_time_hw.o
                0x400007e0                cpu_time_ticks
 COMMON         0x400007e4       0x46 /home/dragonfly/paparazzi_new/test/paparazzi3/var/MJ7/ap/main_fbw.o
                0x400007e4                vsupply_adc_buf
                0x40000828                fbw_vsupply_decivolt
                0x40000829                fbw_mode
 *fill*         0x4000082a        0x2 00
 COMMON         0x4000082c      0x1f5 /home/dragonfly/paparazzi_new/test/paparazzi3/var/MJ7/ap/main_ap.o
                0x4000082c                rc_event_1
                0x40000830                the_acs
                0x40000a10                slider_2_val
                0x40000a14                slider_1_val
                0x40000a18                rc_event_2
                0x40000a1c                energy
                0x40000a20                vsupply
 *fill*         0x40000a21        0x1 00
 COMMON         0x40000a22        0x8 /home/dragonfly/paparazzi_new/test/paparazzi3/var/MJ7/ap/commands.o
                0x40000a22                commands
 COMMON         0x40000a2a       0x12 /home/dragonfly/paparazzi_new/test/paparazzi3/var/MJ7/ap/servos_4015_MAT_hw.o
                0x40000a2a                servos_4015_idx
                0x40000a2c                servos_values
 COMMON         0x40000a3c        0xe /home/dragonfly/paparazzi_new/test/paparazzi3/var/MJ7/ap/actuators.o
                0x40000a3c                actuators
 *fill*         0x40000a4a        0x2 00
 COMMON         0x40000a4c       0x35 /home/dragonfly/paparazzi_new/test/paparazzi3/var/MJ7/ap/radio_control.o
                0x40000a4c                rc_status
                0x40000a4d                time_since_last_ppm
                0x40000a4e                ppm_cpt
                0x40000a50                rc_values
                0x40000a60                avg_rc_values
                0x40000a80                last_ppm_cpt
 *fill*         0x40000a81        0x1 00
 COMMON         0x40000a82       0x11 /home/dragonfly/paparazzi_new/test/paparazzi3/var/MJ7/ap/ppm_hw.o
                0x40000a82                ppm_pulses
                0x40000a92                ppm_valid
 COMMON         0x40000a93        0x1 /home/dragonfly/paparazzi_new/test/paparazzi3/var/MJ7/ap/downlink.o
                0x40000a93                downlink_nb_ovrn
 COMMON         0x40000a94      0x10a /home/dragonfly/paparazzi_new/test/paparazzi3/var/MJ7/ap/uart_hw.o
                0x40000a94                uart1_rx_insert_idx
                0x40000a96                uart1_tx_buffer
                0x40000b16                uart1_rx_buffer
                0x40000b96                uart1_tx_running
                0x40000b98                uart1_tx_insert_idx
                0x40000b9a                uart1_rx_extract_idx
                0x40000b9c                uart1_tx_extract_idx
 *fill*         0x40000b9e        0x2 00
 COMMON         0x40000ba0       0x84 /home/dragonfly/paparazzi_new/test/paparazzi3/var/MJ7/ap/datalink.o
                0x40000ba0                dl_msg_available
                0x40000ba4                dl_buffer
 COMMON         0x40000c24      0x105 /home/dragonfly/paparazzi_new/test/paparazzi3/var/MJ7/ap/pprz_transport.o
                0x40000c24                ck_b
                0x40000c25                pprz_payload_len
                0x40000c26                pprz_ovrn
                0x40000c27                pprz_payload
                0x40000d27                ck_a
                0x40000d28                pprz_error
 COMMON         0x40000d29      0x104 /home/dragonfly/paparazzi_new/test/paparazzi3/var/MJ7/ap/modem_hw.o
                0x40000d29                modem_nb_ovrn
                0x40000d2a                tx_byte
                0x40000d2b                tx_head
                0x40000d2c                tx_tail
                0x40000d2d                tx_buf
                0x40000e2c                tx_bit_idx
 COMMON         0x40000e2d        0x2 /home/dragonfly/paparazzi_new/test/paparazzi3/var/MJ7/ap/inter_mcu.o
                0x40000e2d                ap_ok
                0x40000e2e                time_since_last_ap
 *fill*         0x40000e2f        0x1 00
 COMMON         0x40000e30      0x1a8 /home/dragonfly/paparazzi_new/test/paparazzi3/var/MJ7/ap/gps_ubx.o
                0x40000e30                ubx_msg_buf
                0x40000f30                gps_alt
                0x40000f34                gps_climb
                0x40000f36                gps_msg_received
                0x40000f37                gps_nb_channels
                0x40000f38                ubx_class
                0x40000f39                ubx_id
                0x40000f3c                gps_utm_north
                0x40000f40                gps_utm_east
                0x40000f44                gps_nb_ovrn
                0x40000f46                gps_course
                0x40000f48                send_ck_b
                0x40000f4a                gps_gspeed
                0x40000f4c                send_ck_a
                0x40000f50                gps_itow
                0x40000f54                gps_pos_available
                0x40000f55                gps_mode
                0x40000f56                gps_utm_zone
                0x40000f58                gps_svinfos
 COMMON         0x40000fd8        0x2 /home/dragonfly/paparazzi_new/test/paparazzi3/var/MJ7/ap/gps.o
                0x40000fd8                last_gps_msg_t
 *fill*         0x40000fda        0x2 00
 COMMON         0x40000fdc       0x51 /home/dragonfly/paparazzi_new/test/paparazzi3/var/MJ7/ap/infrared.o
                0x40000fdc                ir_correction_left
                0x40000fe0                x2_dbg
                0x40000fe2                ir_top
                0x40000fe4                ir_estimated_theta_pi_4
                0x40000fe8                ir_pitch
                0x40000fec                estimator_rad_of_ir
                0x40000ff0                ir_contrast
                0x40000ff4                ir_rad_of_ir
                0x40000ff8                ir_correction_down
                0x40000ffc                estimator_ir
                0x40001000                ir_pitch_neutral
                0x40001004                ir_estimated_phi_pi_4
                0x40001008                x1_dbg
                0x4000100c                z_contrast_mode
                0x40001010                ir_correction_right
                0x40001014                ir_estimated_theta_minus_pi_4
                0x40001018                estimator_rad
                0x4000101c                ir_correction_up
                0x40001020                ir_estimated_phi_minus_pi_4
                0x40001024                ir_roll
                0x40001028                ir_roll_neutral
                0x4000102c                ir_360
 *fill*         0x4000102d        0x3 00
 COMMON         0x40001030       0x4c /home/dragonfly/paparazzi_new/test/paparazzi3/var/MJ7/ap/estimator.o
                0x40001030                estimator_z_dot
                0x40001034                estimator_flight_time
                0x40001038                estimator_psi
                0x4000103c                estimator_z
                0x40001040                estimator_az
                0x40001044                estimator_t
                0x40001048                wind_east
                0x4000104c                estimator_ay
                0x40001050                estimator_p
                0x40001054                estimator_theta
                0x40001058                estimator_hspeed_mod
                0x4000105c                estimator_phi
                0x40001060                estimator_x
                0x40001064                estimator_q
                0x40001068                estimator_hspeed_dir
                0x4000106c                wind_north
                0x40001070                estimator_ax
                0x40001074                alt_kalman_enabled
                0x40001078                estimator_y
 COMMON         0x4000107c       0x64 /home/dragonfly/paparazzi_new/test/paparazzi3/var/MJ7/ap/nav.o
                0x4000107c                nav_glide_pitch_trim
                0x40001080                dist2_to_wp
                0x40001084                nav_segment_x_1
                0x40001088                desired_x
                0x4000108c                nav_segment_x_2
                0x4000108e                nav_circle_radius
                0x40001090                stage_time_ds
                0x40001094                nav_throttle_setpoint
                0x40001098                survey_south
                0x4000109c                desired_y
                0x400010a0                carrot_x
                0x400010a4                horizontal_mode
                0x400010a5                nav_block
                0x400010a6                nav_circle_y
                0x400010a8                too_far_from_home
                0x400010ac                rc_pitch
                0x400010b0                survey_north
                0x400010b4                dist2_to_home
                0x400010b8                survey_west
                0x400010bc                nav_stage
                0x400010c0                survey_east
                0x400010c4                nav_circle_x
                0x400010c6                nav_segment_y_2
                0x400010c8                nav_segment_y_1
                0x400010cc                ground_alt
                0x400010d0                carrot_y
                0x400010d4                stage_time
                0x400010d6                block_time
                0x400010d8                nav_circle_trigo_qdr
                0x400010dc                flight_altitude
 COMMON         0x400010e0       0x5c /home/dragonfly/paparazzi_new/test/paparazzi3/var/MJ7/ap/fw_h_ctl.o
                0x400010e0                h_ctl_auto1_rate
                0x400010e4                h_ctl_course_setpoint
                0x400010e8                h_ctl_roll_rate_dgain
                0x400010ec                h_ctl_roll_rate_setpoint
                0x400010f0                h_ctl_roll_max_setpoint
                0x400010f4                h_ctl_course_pre_bank_correction
                0x400010f8                h_ctl_elevator_setpoint
                0x400010fc                h_ctl_roll_rate_igain
                0x40001100                h_ctl_roll_rate_setpoint_pgain
                0x40001104                h_ctl_hi_throttle_roll_rate_pgain
                0x40001108                h_ctl_aileron_of_throttle
                0x4000110c                h_ctl_aileron_setpoint
                0x40001110                h_ctl_pitch_setpoint
                0x40001114                h_ctl_roll_rate_mode
                0x40001118                h_ctl_course_pgain
                0x4000111c                h_ctl_pitch_pgain
                0x40001120                h_ctl_course_pre_bank
                0x40001124                h_ctl_pitch_dgain
                0x40001128                h_ctl_lo_throttle_roll_rate_pgain
                0x4000112c                h_ctl_disabled
                0x40001130                h_ctl_roll_pgain
                0x40001134                h_ctl_roll_setpoint
                0x40001138                h_ctl_elevator_of_roll
 COMMON         0x4000113c       0x50 /home/dragonfly/paparazzi_new/test/paparazzi3/var/MJ7/ap/fw_v_ctl.o
                0x4000113c                v_ctl_auto_throttle_nominal_cruise_throttle
                0x40001140                v_ctl_altitude_error
                0x40001144                v_ctl_climb_mode
                0x40001148                v_ctl_auto_throttle_sum_err
                0x4000114c                v_ctl_auto_throttle_submode
                0x40001150                v_ctl_auto_throttle_pitch_of_vz_pgain
                0x40001154                v_ctl_altitude_setpoint
                0x40001158                v_ctl_mode
                0x4000115c                v_ctl_auto_throttle_cruise_throttle
                0x40001160                v_ctl_altitude_pgain
                0x40001164                v_ctl_auto_pitch_pgain
                0x40001168                v_ctl_auto_throttle_climb_throttle_increment
                0x4000116c                v_ctl_auto_throttle_igain
                0x40001170                v_ctl_throttle_setpoint
                0x40001174                v_ctl_climb_setpoint
                0x40001178                v_ctl_auto_pitch_igain
                0x4000117c                v_ctl_altitude_pre_climb
                0x40001180                v_ctl_throttle_slewed
                0x40001184                v_ctl_auto_throttle_pgain
                0x40001188                v_ctl_auto_pitch_sum_err
 COMMON         0x4000118c        0x1 /home/dragonfly/paparazzi_new/test/paparazzi3/var/MJ7/ap/gpio.o
                0x4000118c                gpio1_status
                0x40001190                . = ALIGN (0x4)
 *fill*         0x4000118d        0x3 00
                0x40001190                . = ALIGN (0x4)
                0x40001190                __bss_end__ = .
                0x40001190                PROVIDE (__bss_end, .)

.stack          0x40001200     0x1000
                0x40002200                . = (. + STACK_SIZE)
 *fill*         0x40001200     0x1000 00
                0x40002200                PROVIDE (_stack, .)
                0x40002200                _end = .
                0x40002200                PROVIDE (end, .)

.stab
 *(.stab)

.stabstr
 *(.stabstr)

.stab.excl
 *(.stab.excl)

.stab.exclstr
 *(.stab.exclstr)

.stab.index
 *(.stab.index)

.stab.indexstr
 *(.stab.indexstr)

.comment        0x00000000      0x34e
 *(.comment)
 .comment       0x00000000       0x12 /home/dragonfly/paparazzi_new/test/paparazzi3/var/MJ7/ap/sys_time.o
 .comment       0x00000012       0x12 /home/dragonfly/paparazzi_new/test/paparazzi3/var/MJ7/ap/sys_time_hw.o
 .comment       0x00000024       0x12 /home/dragonfly/paparazzi_new/test/paparazzi3/var/MJ7/ap/armVIC.o
 .comment       0x00000036       0x12 /home/dragonfly/paparazzi_new/test/paparazzi3/var/MJ7/ap/main_fbw.o
 .comment       0x00000048       0x12 /home/dragonfly/paparazzi_new/test/paparazzi3/var/MJ7/ap/main_ap.o
 .comment       0x0000005a       0x12 /home/dragonfly/paparazzi_new/test/paparazzi3/var/MJ7/ap/main.o
 .comment       0x0000006c       0x12 /home/dragonfly/paparazzi_new/test/paparazzi3/var/MJ7/ap/commands.o
 .comment       0x0000007e       0x12 /home/dragonfly/paparazzi_new/test/paparazzi3/var/MJ7/ap/servos_4015_MAT_hw.o
 .comment       0x00000090       0x12 /home/dragonfly/paparazzi_new/test/paparazzi3/var/MJ7/ap/actuators.o
 .comment       0x000000a2       0x12 /home/dragonfly/paparazzi_new/test/paparazzi3/var/MJ7/ap/radio_control.o
 .comment       0x000000b4       0x12 /home/dragonfly/paparazzi_new/test/paparazzi3/var/MJ7/ap/ppm_hw.o
 .comment       0x000000c6       0x12 /home/dragonfly/paparazzi_new/test/paparazzi3/var/MJ7/ap/downlink.o
 .comment       0x000000d8       0x12 /home/dragonfly/paparazzi_new/test/paparazzi3/var/MJ7/ap/uart_hw.o
 .comment       0x000000ea       0x12 /home/dragonfly/paparazzi_new/test/paparazzi3/var/MJ7/ap/datalink.o
 .comment       0x000000fc       0x12 /home/dragonfly/paparazzi_new/test/paparazzi3/var/MJ7/ap/pprz_transport.o
 .comment       0x0000010e       0x12 /home/dragonfly/paparazzi_new/test/paparazzi3/var/MJ7/ap/modem_hw.o
 .comment       0x00000120       0x12 /home/dragonfly/paparazzi_new/test/paparazzi3/var/MJ7/ap/inter_mcu.o
 .comment       0x00000132       0x12 /home/dragonfly/paparazzi_new/test/paparazzi3/var/MJ7/ap/adc_hw.o
 .comment       0x00000144       0x12 /home/dragonfly/paparazzi_new/test/paparazzi3/var/MJ7/ap/gps_ubx.o
 .comment       0x00000156       0x12 /home/dragonfly/paparazzi_new/test/paparazzi3/var/MJ7/ap/gps.o
 .comment       0x00000168       0x12 /home/dragonfly/paparazzi_new/test/paparazzi3/var/MJ7/ap/infrared.o
 .comment       0x0000017a       0x12 /home/dragonfly/paparazzi_new/test/paparazzi3/var/MJ7/ap/estimator.o
 .comment       0x0000018c       0x12 /home/dragonfly/paparazzi_new/test/paparazzi3/var/MJ7/ap/nav.o
 .comment       0x0000019e       0x12 /home/dragonfly/paparazzi_new/test/paparazzi3/var/MJ7/ap/fw_h_ctl.o
 .comment       0x000001b0       0x12 /home/dragonfly/paparazzi_new/test/paparazzi3/var/MJ7/ap/fw_v_ctl.o
 .comment       0x000001c2       0x12 /home/dragonfly/paparazzi_new/test/paparazzi3/var/MJ7/ap/traffic_info.o
 .comment       0x000001d4       0x12 /home/dragonfly/paparazzi_new/test/paparazzi3/var/MJ7/ap/gpio.o
 .comment       0x000001e6       0x12 /usr/lib/gcc/arm-elf/3.4.4/../../../../arm-elf/lib/thumb/interwork/libm.a(s_atan.o)
 .comment       0x000001f8       0x12 /usr/lib/gcc/arm-elf/3.4.4/../../../../arm-elf/lib/thumb/interwork/libm.a(s_cos.o)
 .comment       0x0000020a       0x12 /usr/lib/gcc/arm-elf/3.4.4/../../../../arm-elf/lib/thumb/interwork/libm.a(s_fabs.o)
 .comment       0x0000021c       0x12 /usr/lib/gcc/arm-elf/3.4.4/../../../../arm-elf/lib/thumb/interwork/libm.a(s_sin.o)
 .comment       0x0000022e       0x12 /usr/lib/gcc/arm-elf/3.4.4/../../../../arm-elf/lib/thumb/interwork/libm.a(w_atan2.o)
 .comment       0x00000240       0x12 /usr/lib/gcc/arm-elf/3.4.4/../../../../arm-elf/lib/thumb/interwork/libm.a(w_sqrt.o)
 .comment       0x00000252       0x12 /usr/lib/gcc/arm-elf/3.4.4/../../../../arm-elf/lib/thumb/interwork/libm.a(e_atan2.o)
 .comment       0x00000264       0x12 /usr/lib/gcc/arm-elf/3.4.4/../../../../arm-elf/lib/thumb/interwork/libm.a(e_rem_pio2.o)
 .comment       0x00000276       0x12 /usr/lib/gcc/arm-elf/3.4.4/../../../../arm-elf/lib/thumb/interwork/libm.a(e_sqrt.o)
 .comment       0x00000288       0x12 /usr/lib/gcc/arm-elf/3.4.4/../../../../arm-elf/lib/thumb/interwork/libm.a(k_cos.o)
 .comment       0x0000029a       0x12 /usr/lib/gcc/arm-elf/3.4.4/../../../../arm-elf/lib/thumb/interwork/libm.a(k_rem_pio2.o)
 .comment       0x000002ac       0x12 /usr/lib/gcc/arm-elf/3.4.4/../../../../arm-elf/lib/thumb/interwork/libm.a(k_sin.o)
 .comment       0x000002be       0x12 /usr/lib/gcc/arm-elf/3.4.4/../../../../arm-elf/lib/thumb/interwork/libm.a(s_floor.o)
 .comment       0x000002d0       0x12 /usr/lib/gcc/arm-elf/3.4.4/../../../../arm-elf/lib/thumb/interwork/libm.a(s_isnan.o)
 .comment       0x000002e2       0x12 /usr/lib/gcc/arm-elf/3.4.4/../../../../arm-elf/lib/thumb/interwork/libm.a(s_lib_ver.o)
 .comment       0x000002f4       0x12 /usr/lib/gcc/arm-elf/3.4.4/../../../../arm-elf/lib/thumb/interwork/libm.a(s_matherr.o)
 .comment       0x00000306       0x12 /usr/lib/gcc/arm-elf/3.4.4/../../../../arm-elf/lib/thumb/interwork/libm.a(s_scalbn.o)
 .comment       0x00000318       0x12 /usr/lib/gcc/arm-elf/3.4.4/../../../../arm-elf/lib/thumb/interwork/libm.a(s_copysign.o)
 .comment       0x0000032a       0x12 /usr/lib/gcc/arm-elf/3.4.4/../../../../arm-elf/lib/thumb/interwork/libc.a(errno.o)
 .comment       0x0000033c       0x12 /usr/lib/gcc/arm-elf/3.4.4/../../../../arm-elf/lib/thumb/interwork/libc.a(impure.o)

.debug
 *(.debug)

.line
 *(.line)

.debug_srcinfo
 *(.debug_srcinfo)

.debug_sfnames
 *(.debug_sfnames)

.debug_aranges  0x00000000      0x240
 *(.debug_aranges)
 .debug_aranges
                0x00000000       0x20 /usr/lib/gcc/arm-elf/3.4.4/../../../../arm-elf/lib/thumb/interwork/libm.a(s_atan.o)
 .debug_aranges
                0x00000020       0x20 /usr/lib/gcc/arm-elf/3.4.4/../../../../arm-elf/lib/thumb/interwork/libm.a(s_cos.o)
 .debug_aranges
                0x00000040       0x20 /usr/lib/gcc/arm-elf/3.4.4/../../../../arm-elf/lib/thumb/interwork/libm.a(s_fabs.o)
 .debug_aranges
                0x00000060       0x20 /usr/lib/gcc/arm-elf/3.4.4/../../../../arm-elf/lib/thumb/interwork/libm.a(s_sin.o)
 .debug_aranges
                0x00000080       0x20 /usr/lib/gcc/arm-elf/3.4.4/../../../../arm-elf/lib/thumb/interwork/libm.a(w_atan2.o)
 .debug_aranges
                0x000000a0       0x20 /usr/lib/gcc/arm-elf/3.4.4/../../../../arm-elf/lib/thumb/interwork/libm.a(w_sqrt.o)
 .debug_aranges
                0x000000c0       0x20 /usr/lib/gcc/arm-elf/3.4.4/../../../../arm-elf/lib/thumb/interwork/libm.a(e_atan2.o)
 .debug_aranges
                0x000000e0       0x20 /usr/lib/gcc/arm-elf/3.4.4/../../../../arm-elf/lib/thumb/interwork/libm.a(e_rem_pio2.o)
 .debug_aranges
                0x00000100       0x20 /usr/lib/gcc/arm-elf/3.4.4/../../../../arm-elf/lib/thumb/interwork/libm.a(e_sqrt.o)
 .debug_aranges
                0x00000120       0x20 /usr/lib/gcc/arm-elf/3.4.4/../../../../arm-elf/lib/thumb/interwork/libm.a(k_cos.o)
 .debug_aranges
                0x00000140       0x20 /usr/lib/gcc/arm-elf/3.4.4/../../../../arm-elf/lib/thumb/interwork/libm.a(k_rem_pio2.o)
 .debug_aranges
                0x00000160       0x20 /usr/lib/gcc/arm-elf/3.4.4/../../../../arm-elf/lib/thumb/interwork/libm.a(k_sin.o)
 .debug_aranges
                0x00000180       0x20 /usr/lib/gcc/arm-elf/3.4.4/../../../../arm-elf/lib/thumb/interwork/libm.a(s_floor.o)
 .debug_aranges
                0x000001a0       0x20 /usr/lib/gcc/arm-elf/3.4.4/../../../../arm-elf/lib/thumb/interwork/libm.a(s_isnan.o)
 .debug_aranges
                0x000001c0       0x20 /usr/lib/gcc/arm-elf/3.4.4/../../../../arm-elf/lib/thumb/interwork/libm.a(s_matherr.o)
 .debug_aranges
                0x000001e0       0x20 /usr/lib/gcc/arm-elf/3.4.4/../../../../arm-elf/lib/thumb/interwork/libm.a(s_scalbn.o)
 .debug_aranges
                0x00000200       0x20 /usr/lib/gcc/arm-elf/3.4.4/../../../../arm-elf/lib/thumb/interwork/libm.a(s_copysign.o)
 .debug_aranges
                0x00000220       0x20 /usr/lib/gcc/arm-elf/3.4.4/../../../../arm-elf/lib/thumb/interwork/libc.a(errno.o)

.debug_pubnames
                0x00000000      0x292
 *(.debug_pubnames)
 .debug_pubnames
                0x00000000       0x1b /usr/lib/gcc/arm-elf/3.4.4/../../../../arm-elf/lib/thumb/interwork/libm.a(s_atan.o)
 .debug_pubnames
                0x0000001b       0x1a /usr/lib/gcc/arm-elf/3.4.4/../../../../arm-elf/lib/thumb/interwork/libm.a(s_cos.o)
 .debug_pubnames
                0x00000035       0x1b /usr/lib/gcc/arm-elf/3.4.4/../../../../arm-elf/lib/thumb/interwork/libm.a(s_fabs.o)
 .debug_pubnames
                0x00000050       0x1a /usr/lib/gcc/arm-elf/3.4.4/../../../../arm-elf/lib/thumb/interwork/libm.a(s_sin.o)
 .debug_pubnames
                0x0000006a       0x1c /usr/lib/gcc/arm-elf/3.4.4/../../../../arm-elf/lib/thumb/interwork/libm.a(w_atan2.o)
 .debug_pubnames
                0x00000086       0x1b /usr/lib/gcc/arm-elf/3.4.4/../../../../arm-elf/lib/thumb/interwork/libm.a(w_sqrt.o)
 .debug_pubnames
                0x000000a1       0x26 /usr/lib/gcc/arm-elf/3.4.4/../../../../arm-elf/lib/thumb/interwork/libm.a(e_atan2.o)
 .debug_pubnames
                0x000000c7       0x29 /usr/lib/gcc/arm-elf/3.4.4/../../../../arm-elf/lib/thumb/interwork/libm.a(e_rem_pio2.o)
 .debug_pubnames
                0x000000f0       0x25 /usr/lib/gcc/arm-elf/3.4.4/../../../../arm-elf/lib/thumb/interwork/libm.a(e_sqrt.o)
 .debug_pubnames
                0x00000115       0x23 /usr/lib/gcc/arm-elf/3.4.4/../../../../arm-elf/lib/thumb/interwork/libm.a(k_cos.o)
 .debug_pubnames
                0x00000138       0x28 /usr/lib/gcc/arm-elf/3.4.4/../../../../arm-elf/lib/thumb/interwork/libm.a(k_rem_pio2.o)
 .debug_pubnames
                0x00000160       0x23 /usr/lib/gcc/arm-elf/3.4.4/../../../../arm-elf/lib/thumb/interwork/libm.a(k_sin.o)
 .debug_pubnames
                0x00000183       0x1c /usr/lib/gcc/arm-elf/3.4.4/../../../../arm-elf/lib/thumb/interwork/libm.a(s_floor.o)
 .debug_pubnames
                0x0000019f       0x1c /usr/lib/gcc/arm-elf/3.4.4/../../../../arm-elf/lib/thumb/interwork/libm.a(s_isnan.o)
 .debug_pubnames
                0x000001bb       0x26 /usr/lib/gcc/arm-elf/3.4.4/../../../../arm-elf/lib/thumb/interwork/libm.a(s_lib_ver.o)
 .debug_pubnames
                0x000001e1       0x1e /usr/lib/gcc/arm-elf/3.4.4/../../../../arm-elf/lib/thumb/interwork/libm.a(s_matherr.o)
 .debug_pubnames
                0x000001ff       0x1d /usr/lib/gcc/arm-elf/3.4.4/../../../../arm-elf/lib/thumb/interwork/libm.a(s_scalbn.o)
 .debug_pubnames
                0x0000021c       0x1f /usr/lib/gcc/arm-elf/3.4.4/../../../../arm-elf/lib/thumb/interwork/libm.a(s_copysign.o)
 .debug_pubnames
                0x0000023b       0x1e /usr/lib/gcc/arm-elf/3.4.4/../../../../arm-elf/lib/thumb/interwork/libc.a(errno.o)
 .debug_pubnames
                0x00000259       0x39 /usr/lib/gcc/arm-elf/3.4.4/../../../../arm-elf/lib/thumb/interwork/libc.a(impure.o)

.debug_info     0x00000000     0x314a
 *(.debug_info .gnu.linkonce.wi.*)
 .debug_info    0x00000000      0x25d /usr/lib/gcc/arm-elf/3.4.4/../../../../arm-elf/lib/thumb/interwork/libm.a(s_atan.o)
 .debug_info    0x0000025d       0xee /usr/lib/gcc/arm-elf/3.4.4/../../../../arm-elf/lib/thumb/interwork/libm.a(s_cos.o)
 .debug_info    0x0000034b      0x151 /usr/lib/gcc/arm-elf/3.4.4/../../../../arm-elf/lib/thumb/interwork/libm.a(s_fabs.o)
 .debug_info    0x0000049c       0xee /usr/lib/gcc/arm-elf/3.4.4/../../../../arm-elf/lib/thumb/interwork/libm.a(s_sin.o)
 .debug_info    0x0000058a      0x17e /usr/lib/gcc/arm-elf/3.4.4/../../../../arm-elf/lib/thumb/interwork/libm.a(w_atan2.o)
 .debug_info    0x00000708      0x172 /usr/lib/gcc/arm-elf/3.4.4/../../../../arm-elf/lib/thumb/interwork/libm.a(w_sqrt.o)
 .debug_info    0x0000087a      0x29b /usr/lib/gcc/arm-elf/3.4.4/../../../../arm-elf/lib/thumb/interwork/libm.a(e_atan2.o)
 .debug_info    0x00000b15      0x390 /usr/lib/gcc/arm-elf/3.4.4/../../../../arm-elf/lib/thumb/interwork/libm.a(e_rem_pio2.o)
 .debug_info    0x00000ea5      0x211 /usr/lib/gcc/arm-elf/3.4.4/../../../../arm-elf/lib/thumb/interwork/libm.a(e_sqrt.o)
 .debug_info    0x000010b6      0x20c /usr/lib/gcc/arm-elf/3.4.4/../../../../arm-elf/lib/thumb/interwork/libm.a(k_cos.o)
 .debug_info    0x000012c2      0x2c0 /usr/lib/gcc/arm-elf/3.4.4/../../../../arm-elf/lib/thumb/interwork/libm.a(k_rem_pio2.o)
 .debug_info    0x00001582      0x18b /usr/lib/gcc/arm-elf/3.4.4/../../../../arm-elf/lib/thumb/interwork/libm.a(k_sin.o)
 .debug_info    0x0000170d      0x1a0 /usr/lib/gcc/arm-elf/3.4.4/../../../../arm-elf/lib/thumb/interwork/libm.a(s_floor.o)
 .debug_info    0x000018ad      0x147 /usr/lib/gcc/arm-elf/3.4.4/../../../../arm-elf/lib/thumb/interwork/libm.a(s_isnan.o)
 .debug_info    0x000019f4       0xbe /usr/lib/gcc/arm-elf/3.4.4/../../../../arm-elf/lib/thumb/interwork/libm.a(s_lib_ver.o)
 .debug_info    0x00001ab2      0x125 /usr/lib/gcc/arm-elf/3.4.4/../../../../arm-elf/lib/thumb/interwork/libm.a(s_matherr.o)
 .debug_info    0x00001bd7      0x1f4 /usr/lib/gcc/arm-elf/3.4.4/../../../../arm-elf/lib/thumb/interwork/libm.a(s_scalbn.o)
 .debug_info    0x00001dcb      0x14a /usr/lib/gcc/arm-elf/3.4.4/../../../../arm-elf/lib/thumb/interwork/libm.a(s_copysign.o)
 .debug_info    0x00001f15      0x913 /usr/lib/gcc/arm-elf/3.4.4/../../../../arm-elf/lib/thumb/interwork/libc.a(errno.o)
 .debug_info    0x00002828      0x922 /usr/lib/gcc/arm-elf/3.4.4/../../../../arm-elf/lib/thumb/interwork/libc.a(impure.o)

.debug_abbrev   0x00000000     0x113f
 *(.debug_abbrev)
 .debug_abbrev  0x00000000      0x11f /usr/lib/gcc/arm-elf/3.4.4/../../../../arm-elf/lib/thumb/interwork/libm.a(s_atan.o)
 .debug_abbrev  0x0000011f       0x8b /usr/lib/gcc/arm-elf/3.4.4/../../../../arm-elf/lib/thumb/interwork/libm.a(s_cos.o)
 .debug_abbrev  0x000001aa       0xd0 /usr/lib/gcc/arm-elf/3.4.4/../../../../arm-elf/lib/thumb/interwork/libm.a(s_fabs.o)
 .debug_abbrev  0x0000027a       0x8b /usr/lib/gcc/arm-elf/3.4.4/../../../../arm-elf/lib/thumb/interwork/libm.a(s_sin.o)
 .debug_abbrev  0x00000305       0xc7 /usr/lib/gcc/arm-elf/3.4.4/../../../../arm-elf/lib/thumb/interwork/libm.a(w_atan2.o)
 .debug_abbrev  0x000003cc       0xc7 /usr/lib/gcc/arm-elf/3.4.4/../../../../arm-elf/lib/thumb/interwork/libm.a(w_sqrt.o)
 .debug_abbrev  0x00000493      0x10f /usr/lib/gcc/arm-elf/3.4.4/../../../../arm-elf/lib/thumb/interwork/libm.a(e_atan2.o)
 .debug_abbrev  0x000005a2      0x128 /usr/lib/gcc/arm-elf/3.4.4/../../../../arm-elf/lib/thumb/interwork/libm.a(e_rem_pio2.o)
 .debug_abbrev  0x000006ca      0x104 /usr/lib/gcc/arm-elf/3.4.4/../../../../arm-elf/lib/thumb/interwork/libm.a(e_sqrt.o)
 .debug_abbrev  0x000007ce       0xea /usr/lib/gcc/arm-elf/3.4.4/../../../../arm-elf/lib/thumb/interwork/libm.a(k_cos.o)
 .debug_abbrev  0x000008b8       0xe6 /usr/lib/gcc/arm-elf/3.4.4/../../../../arm-elf/lib/thumb/interwork/libm.a(k_rem_pio2.o)
 .debug_abbrev  0x0000099e       0x93 /usr/lib/gcc/arm-elf/3.4.4/../../../../arm-elf/lib/thumb/interwork/libm.a(k_sin.o)
 .debug_abbrev  0x00000a31       0xe8 /usr/lib/gcc/arm-elf/3.4.4/../../../../arm-elf/lib/thumb/interwork/libm.a(s_floor.o)
 .debug_abbrev  0x00000b19       0xd4 /usr/lib/gcc/arm-elf/3.4.4/../../../../arm-elf/lib/thumb/interwork/libm.a(s_isnan.o)
 .debug_abbrev  0x00000bed       0x5a /usr/lib/gcc/arm-elf/3.4.4/../../../../arm-elf/lib/thumb/interwork/libm.a(s_lib_ver.o)
 .debug_abbrev  0x00000c47       0x95 /usr/lib/gcc/arm-elf/3.4.4/../../../../arm-elf/lib/thumb/interwork/libm.a(s_matherr.o)
 .debug_abbrev  0x00000cdc       0xe8 /usr/lib/gcc/arm-elf/3.4.4/../../../../arm-elf/lib/thumb/interwork/libm.a(s_scalbn.o)
 .debug_abbrev  0x00000dc4       0xc5 /usr/lib/gcc/arm-elf/3.4.4/../../../../arm-elf/lib/thumb/interwork/libm.a(s_copysign.o)
 .debug_abbrev  0x00000e89      0x15f /usr/lib/gcc/arm-elf/3.4.4/../../../../arm-elf/lib/thumb/interwork/libc.a(errno.o)
 .debug_abbrev  0x00000fe8      0x157 /usr/lib/gcc/arm-elf/3.4.4/../../../../arm-elf/lib/thumb/interwork/libc.a(impure.o)

.debug_line     0x00000000     0x13e0
 *(.debug_line)
 .debug_line    0x00000000      0x137 /usr/lib/gcc/arm-elf/3.4.4/../../../../arm-elf/lib/thumb/interwork/libm.a(s_atan.o)
 .debug_line    0x00000137       0xcc /usr/lib/gcc/arm-elf/3.4.4/../../../../arm-elf/lib/thumb/interwork/libm.a(s_cos.o)
 .debug_line    0x00000203       0xf3 /usr/lib/gcc/arm-elf/3.4.4/../../../../arm-elf/lib/thumb/interwork/libm.a(s_fabs.o)
 .debug_line    0x000002f6       0xcc /usr/lib/gcc/arm-elf/3.4.4/../../../../arm-elf/lib/thumb/interwork/libm.a(s_sin.o)
 .debug_line    0x000003c2       0xca /usr/lib/gcc/arm-elf/3.4.4/../../../../arm-elf/lib/thumb/interwork/libm.a(w_atan2.o)
 .debug_line    0x0000048c       0xc9 /usr/lib/gcc/arm-elf/3.4.4/../../../../arm-elf/lib/thumb/interwork/libm.a(w_sqrt.o)
 .debug_line    0x00000555      0x14c /usr/lib/gcc/arm-elf/3.4.4/../../../../arm-elf/lib/thumb/interwork/libm.a(e_atan2.o)
 .debug_line    0x000006a1      0x17c /usr/lib/gcc/arm-elf/3.4.4/../../../../arm-elf/lib/thumb/interwork/libm.a(e_rem_pio2.o)
 .debug_line    0x0000081d      0x163 /usr/lib/gcc/arm-elf/3.4.4/../../../../arm-elf/lib/thumb/interwork/libm.a(e_sqrt.o)
 .debug_line    0x00000980      0x115 /usr/lib/gcc/arm-elf/3.4.4/../../../../arm-elf/lib/thumb/interwork/libm.a(k_cos.o)
 .debug_line    0x00000a95      0x187 /usr/lib/gcc/arm-elf/3.4.4/../../../../arm-elf/lib/thumb/interwork/libm.a(k_rem_pio2.o)
 .debug_line    0x00000c1c       0xc6 /usr/lib/gcc/arm-elf/3.4.4/../../../../arm-elf/lib/thumb/interwork/libm.a(k_sin.o)
 .debug_line    0x00000ce2      0x12a /usr/lib/gcc/arm-elf/3.4.4/../../../../arm-elf/lib/thumb/interwork/libm.a(s_floor.o)
 .debug_line    0x00000e0c       0xfb /usr/lib/gcc/arm-elf/3.4.4/../../../../arm-elf/lib/thumb/interwork/libm.a(s_isnan.o)
 .debug_line    0x00000f07       0xa0 /usr/lib/gcc/arm-elf/3.4.4/../../../../arm-elf/lib/thumb/interwork/libm.a(s_lib_ver.o)
 .debug_line    0x00000fa7       0xb0 /usr/lib/gcc/arm-elf/3.4.4/../../../../arm-elf/lib/thumb/interwork/libm.a(s_matherr.o)
 .debug_line    0x00001057       0xeb /usr/lib/gcc/arm-elf/3.4.4/../../../../arm-elf/lib/thumb/interwork/libm.a(s_scalbn.o)
 .debug_line    0x00001142       0xc4 /usr/lib/gcc/arm-elf/3.4.4/../../../../arm-elf/lib/thumb/interwork/libm.a(s_copysign.o)
 .debug_line    0x00001206       0xf4 /usr/lib/gcc/arm-elf/3.4.4/../../../../arm-elf/lib/thumb/interwork/libc.a(errno.o)
 .debug_line    0x000012fa       0xe6 /usr/lib/gcc/arm-elf/3.4.4/../../../../arm-elf/lib/thumb/interwork/libc.a(impure.o)

.debug_frame    0x00000000      0x388
 *(.debug_frame)
 .debug_frame   0x00000000       0x38 /usr/lib/gcc/arm-elf/3.4.4/../../../../arm-elf/lib/thumb/interwork/libm.a(s_atan.o)
 .debug_frame   0x00000038       0x30 /usr/lib/gcc/arm-elf/3.4.4/../../../../arm-elf/lib/thumb/interwork/libm.a(s_cos.o)
 .debug_frame   0x00000068       0x28 /usr/lib/gcc/arm-elf/3.4.4/../../../../arm-elf/lib/thumb/interwork/libm.a(s_fabs.o)
 .debug_frame   0x00000090       0x30 /usr/lib/gcc/arm-elf/3.4.4/../../../../arm-elf/lib/thumb/interwork/libm.a(s_sin.o)
 .debug_frame   0x000000c0       0x38 /usr/lib/gcc/arm-elf/3.4.4/../../../../arm-elf/lib/thumb/interwork/libm.a(w_atan2.o)
 .debug_frame   0x000000f8       0x38 /usr/lib/gcc/arm-elf/3.4.4/../../../../arm-elf/lib/thumb/interwork/libm.a(w_sqrt.o)
 .debug_frame   0x00000130       0x38 /usr/lib/gcc/arm-elf/3.4.4/../../../../arm-elf/lib/thumb/interwork/libm.a(e_atan2.o)
 .debug_frame   0x00000168       0x3c /usr/lib/gcc/arm-elf/3.4.4/../../../../arm-elf/lib/thumb/interwork/libm.a(e_rem_pio2.o)
 .debug_frame   0x000001a4       0x3c /usr/lib/gcc/arm-elf/3.4.4/../../../../arm-elf/lib/thumb/interwork/libm.a(e_sqrt.o)
 .debug_frame   0x000001e0       0x38 /usr/lib/gcc/arm-elf/3.4.4/../../../../arm-elf/lib/thumb/interwork/libm.a(k_cos.o)
 .debug_frame   0x00000218       0x40 /usr/lib/gcc/arm-elf/3.4.4/../../../../arm-elf/lib/thumb/interwork/libm.a(k_rem_pio2.o)
 .debug_frame   0x00000258       0x30 /usr/lib/gcc/arm-elf/3.4.4/../../../../arm-elf/lib/thumb/interwork/libm.a(k_sin.o)
 .debug_frame   0x00000288       0x38 /usr/lib/gcc/arm-elf/3.4.4/../../../../arm-elf/lib/thumb/interwork/libm.a(s_floor.o)
 .debug_frame   0x000002c0       0x28 /usr/lib/gcc/arm-elf/3.4.4/../../../../arm-elf/lib/thumb/interwork/libm.a(s_isnan.o)
 .debug_frame   0x000002e8       0x20 /usr/lib/gcc/arm-elf/3.4.4/../../../../arm-elf/lib/thumb/interwork/libm.a(s_matherr.o)
 .debug_frame   0x00000308       0x34 /usr/lib/gcc/arm-elf/3.4.4/../../../../arm-elf/lib/thumb/interwork/libm.a(s_scalbn.o)
 .debug_frame   0x0000033c       0x2c /usr/lib/gcc/arm-elf/3.4.4/../../../../arm-elf/lib/thumb/interwork/libm.a(s_copysign.o)
 .debug_frame   0x00000368       0x20 /usr/lib/gcc/arm-elf/3.4.4/../../../../arm-elf/lib/thumb/interwork/libc.a(errno.o)

.debug_str      0x00000000      0xbad
 *(.debug_str)
 .debug_str     0x00000000      0x148 /usr/lib/gcc/arm-elf/3.4.4/../../../../arm-elf/lib/thumb/interwork/libm.a(s_atan.o)
                                0x17b (size before relaxing)
 .debug_str     0x00000148       0x32 /usr/lib/gcc/arm-elf/3.4.4/../../../../arm-elf/lib/thumb/interwork/libm.a(s_cos.o)
                                0x12a (size before relaxing)
 .debug_str     0x0000017a       0x42 /usr/lib/gcc/arm-elf/3.4.4/../../../../arm-elf/lib/thumb/interwork/libm.a(s_fabs.o)
                                0x163 (size before relaxing)
 .debug_str     0x000001bc       0x32 /usr/lib/gcc/arm-elf/3.4.4/../../../../arm-elf/lib/thumb/interwork/libm.a(s_sin.o)
                                0x12a (size before relaxing)
 .debug_str     0x000001ee       0xaf /usr/lib/gcc/arm-elf/3.4.4/../../../../arm-elf/lib/thumb/interwork/libm.a(w_atan2.o)
                                0x1a8 (size before relaxing)
 .debug_str     0x0000029d       0x33 /usr/lib/gcc/arm-elf/3.4.4/../../../../arm-elf/lib/thumb/interwork/libm.a(w_sqrt.o)
                                0x1a6 (size before relaxing)
 .debug_str     0x000002d0       0x67 /usr/lib/gcc/arm-elf/3.4.4/../../../../arm-elf/lib/thumb/interwork/libm.a(e_atan2.o)
                                0x197 (size before relaxing)
 .debug_str     0x00000337       0xa4 /usr/lib/gcc/arm-elf/3.4.4/../../../../arm-elf/lib/thumb/interwork/libm.a(e_rem_pio2.o)
                                0x1e3 (size before relaxing)
 .debug_str     0x000003db       0x47 /usr/lib/gcc/arm-elf/3.4.4/../../../../arm-elf/lib/thumb/interwork/libm.a(e_sqrt.o)
                                0x17c (size before relaxing)
 .debug_str     0x00000422       0x3f /usr/lib/gcc/arm-elf/3.4.4/../../../../arm-elf/lib/thumb/interwork/libm.a(k_cos.o)
                                0x16a (size before relaxing)
 .debug_str     0x00000461       0x78 /usr/lib/gcc/arm-elf/3.4.4/../../../../arm-elf/lib/thumb/interwork/libm.a(k_rem_pio2.o)
                                0x17b (size before relaxing)
 .debug_str     0x000004d9       0x3f /usr/lib/gcc/arm-elf/3.4.4/../../../../arm-elf/lib/thumb/interwork/libm.a(k_sin.o)
                                0x13c (size before relaxing)
 .debug_str     0x00000518       0x3a /usr/lib/gcc/arm-elf/3.4.4/../../../../arm-elf/lib/thumb/interwork/libm.a(s_floor.o)
                                0x16f (size before relaxing)
 .debug_str     0x00000552       0x3a /usr/lib/gcc/arm-elf/3.4.4/../../../../arm-elf/lib/thumb/interwork/libm.a(s_isnan.o)
                                0x165 (size before relaxing)
 .debug_str     0x0000058c       0x92 /usr/lib/gcc/arm-elf/3.4.4/../../../../arm-elf/lib/thumb/interwork/libm.a(s_lib_ver.o)
                                0x183 (size before relaxing)
 .debug_str     0x0000061e       0x40 /usr/lib/gcc/arm-elf/3.4.4/../../../../arm-elf/lib/thumb/interwork/libm.a(s_matherr.o)
                                0x155 (size before relaxing)
 .debug_str     0x0000065e       0x4b /usr/lib/gcc/arm-elf/3.4.4/../../../../arm-elf/lib/thumb/interwork/libm.a(s_scalbn.o)
                                0x187 (size before relaxing)
 .debug_str     0x000006a9       0x42 /usr/lib/gcc/arm-elf/3.4.4/../../../../arm-elf/lib/thumb/interwork/libm.a(s_copysign.o)
                                0x165 (size before relaxing)
 .debug_str     0x000006eb      0x416 /usr/lib/gcc/arm-elf/3.4.4/../../../../arm-elf/lib/thumb/interwork/libc.a(errno.o)
                                0x4be (size before relaxing)
 .debug_str     0x00000b01       0xac /usr/lib/gcc/arm-elf/3.4.4/../../../../arm-elf/lib/thumb/interwork/libc.a(impure.o)
                                0x4d6 (size before relaxing)

.debug_loc
 *(.debug_loc)

.debug_macinfo
 *(.debug_macinfo)

.debug_weaknames
 *(.debug_weaknames)

.debug_funcnames
 *(.debug_funcnames)

.debug_typenames
 *(.debug_typenames)

.debug_varnames
 *(.debug_varnames)
OUTPUT(/home/dragonfly/paparazzi_new/test/paparazzi3/var/MJ7/ap/ap.elf elf32-littlearm)

.debug_ranges   0x00000000       0xc8
 .debug_ranges  0x00000000       0x28 /usr/lib/gcc/arm-elf/3.4.4/../../../../arm-elf/lib/thumb/interwork/libm.a(s_atan.o)
 .debug_ranges  0x00000028       0x20 /usr/lib/gcc/arm-elf/3.4.4/../../../../arm-elf/lib/thumb/interwork/libm.a(e_atan2.o)
 .debug_ranges  0x00000048       0x18 /usr/lib/gcc/arm-elf/3.4.4/../../../../arm-elf/lib/thumb/interwork/libm.a(e_rem_pio2.o)
 .debug_ranges  0x00000060       0x18 /usr/lib/gcc/arm-elf/3.4.4/../../../../arm-elf/lib/thumb/interwork/libm.a(e_sqrt.o)
 .debug_ranges  0x00000078       0x18 /usr/lib/gcc/arm-elf/3.4.4/../../../../arm-elf/lib/thumb/interwork/libm.a(k_cos.o)
 .debug_ranges  0x00000090       0x20 /usr/lib/gcc/arm-elf/3.4.4/../../../../arm-elf/lib/thumb/interwork/libm.a(s_floor.o)
 .debug_ranges  0x000000b0       0x18 /usr/lib/gcc/arm-elf/3.4.4/../../../../arm-elf/lib/thumb/interwork/libm.a(s_scalbn.o)

Cross Reference Table

Symbol                                            File
TIMER0_ISR                                        /home/dragonfly/paparazzi_new/test/paparazzi3/var/MJ7/ap/sys_time_hw.o
                                                  /home/dragonfly/paparazzi_new/test/paparazzi3/var/MJ7/ap/main_fbw.o
TIMER1_ISR                                        /home/dragonfly/paparazzi_new/test/paparazzi3/var/MJ7/ap/modem_hw.o
                                                  /home/dragonfly/paparazzi_new/test/paparazzi3/var/MJ7/ap/main_ap.o
____adddf3_change_to_arm                          /usr/lib/gcc/arm-elf/3.4.4/thumb/interwork/libgcc.a(_fixunssfsi.o)
____adddf3_from_thumb                             /usr/lib/gcc/arm-elf/3.4.4/thumb/interwork/libgcc.a(_fixunssfsi.o)
____divdf3_change_to_arm                          /usr/lib/gcc/arm-elf/3.4.4/thumb/interwork/libgcc.a(_fixunssfsi.o)
____divdf3_from_thumb                             /usr/lib/gcc/arm-elf/3.4.4/thumb/interwork/libgcc.a(_fixunssfsi.o)
____divsi3_from_arm                               /usr/lib/gcc/arm-elf/3.4.4/thumb/interwork/libgcc.a(_fixunssfsi.o)
____eqdf2_change_to_arm                           /usr/lib/gcc/arm-elf/3.4.4/thumb/interwork/libgcc.a(_fixunssfsi.o)
____eqdf2_from_thumb                              /usr/lib/gcc/arm-elf/3.4.4/thumb/interwork/libgcc.a(_fixunssfsi.o)
____fixdfsi_change_to_arm                         /usr/lib/gcc/arm-elf/3.4.4/thumb/interwork/libgcc.a(_fixunssfsi.o)
____fixdfsi_from_thumb                            /usr/lib/gcc/arm-elf/3.4.4/thumb/interwork/libgcc.a(_fixunssfsi.o)
____floatsidf_change_to_arm                       /usr/lib/gcc/arm-elf/3.4.4/thumb/interwork/libgcc.a(_fixunssfsi.o)
____floatsidf_from_thumb                          /usr/lib/gcc/arm-elf/3.4.4/thumb/interwork/libgcc.a(_fixunssfsi.o)
____gedf2_change_to_arm                           /usr/lib/gcc/arm-elf/3.4.4/thumb/interwork/libgcc.a(_fixunssfsi.o)
____gedf2_from_thumb                              /usr/lib/gcc/arm-elf/3.4.4/thumb/interwork/libgcc.a(_fixunssfsi.o)
____gtdf2_change_to_arm                           /usr/lib/gcc/arm-elf/3.4.4/thumb/interwork/libgcc.a(_fixunssfsi.o)
____gtdf2_from_thumb                              /usr/lib/gcc/arm-elf/3.4.4/thumb/interwork/libgcc.a(_fixunssfsi.o)
____ltdf2_change_to_arm                           /usr/lib/gcc/arm-elf/3.4.4/thumb/interwork/libgcc.a(_fixunssfsi.o)
____ltdf2_from_thumb                              /usr/lib/gcc/arm-elf/3.4.4/thumb/interwork/libgcc.a(_fixunssfsi.o)
____muldf3_change_to_arm                          /usr/lib/gcc/arm-elf/3.4.4/thumb/interwork/libgcc.a(_fixunssfsi.o)
____muldf3_from_thumb                             /usr/lib/gcc/arm-elf/3.4.4/thumb/interwork/libgcc.a(_fixunssfsi.o)
____subdf3_change_to_arm                          /usr/lib/gcc/arm-elf/3.4.4/thumb/interwork/libgcc.a(_fixunssfsi.o)
____subdf3_from_thumb                             /usr/lib/gcc/arm-elf/3.4.4/thumb/interwork/libgcc.a(_fixunssfsi.o)
__adddf3                                          /usr/lib/gcc/arm-elf/3.4.4/thumb/interwork/libgcc.a(_addsubdf3.o)
                                                  /usr/lib/gcc/arm-elf/3.4.4/../../../../arm-elf/lib/thumb/interwork/libm.a(s_scalbn.o)
                                                  /usr/lib/gcc/arm-elf/3.4.4/../../../../arm-elf/lib/thumb/interwork/libm.a(s_floor.o)
                                                  /usr/lib/gcc/arm-elf/3.4.4/../../../../arm-elf/lib/thumb/interwork/libm.a(k_sin.o)
                                                  /usr/lib/gcc/arm-elf/3.4.4/../../../../arm-elf/lib/thumb/interwork/libm.a(k_rem_pio2.o)
                                                  /usr/lib/gcc/arm-elf/3.4.4/../../../../arm-elf/lib/thumb/interwork/libm.a(k_cos.o)
                                                  /usr/lib/gcc/arm-elf/3.4.4/../../../../arm-elf/lib/thumb/interwork/libm.a(e_sqrt.o)
                                                  /usr/lib/gcc/arm-elf/3.4.4/../../../../arm-elf/lib/thumb/interwork/libm.a(e_rem_pio2.o)
                                                  /usr/lib/gcc/arm-elf/3.4.4/../../../../arm-elf/lib/thumb/interwork/libm.a(e_atan2.o)
                                                  /usr/lib/gcc/arm-elf/3.4.4/../../../../arm-elf/lib/thumb/interwork/libm.a(s_atan.o)
                                                  /home/dragonfly/paparazzi_new/test/paparazzi3/var/MJ7/ap/fw_v_ctl.o
                                                  /home/dragonfly/paparazzi_new/test/paparazzi3/var/MJ7/ap/fw_h_ctl.o
                                                  /home/dragonfly/paparazzi_new/test/paparazzi3/var/MJ7/ap/nav.o
                                                  /home/dragonfly/paparazzi_new/test/paparazzi3/var/MJ7/ap/estimator.o
                                                  /home/dragonfly/paparazzi_new/test/paparazzi3/var/MJ7/ap/infrared.o
                                                  /home/dragonfly/paparazzi_new/test/paparazzi3/var/MJ7/ap/main_ap.o
                                                  /home/dragonfly/paparazzi_new/test/paparazzi3/var/MJ7/ap/main_fbw.o
__addsf3                                          /usr/lib/gcc/arm-elf/3.4.4/thumb/interwork/libgcc.a(_addsubsf3.o)
                                                  /home/dragonfly/paparazzi_new/test/paparazzi3/var/MJ7/ap/fw_v_ctl.o
                                                  /home/dragonfly/paparazzi_new/test/paparazzi3/var/MJ7/ap/fw_h_ctl.o
                                                  /home/dragonfly/paparazzi_new/test/paparazzi3/var/MJ7/ap/nav.o
                                                  /home/dragonfly/paparazzi_new/test/paparazzi3/var/MJ7/ap/estimator.o
                                                  /home/dragonfly/paparazzi_new/test/paparazzi3/var/MJ7/ap/infrared.o
                                                  /home/dragonfly/paparazzi_new/test/paparazzi3/var/MJ7/ap/datalink.o
                                                  /home/dragonfly/paparazzi_new/test/paparazzi3/var/MJ7/ap/main_ap.o
__atan2_from_arm                                  /usr/lib/gcc/arm-elf/3.4.4/thumb/interwork/libgcc.a(_fixunssfsi.o)
__atan_from_arm                                   /usr/lib/gcc/arm-elf/3.4.4/thumb/interwork/libgcc.a(_fixunssfsi.o)
__bss_end__                                       /home/dragonfly/paparazzi_new/test/paparazzi3/var/MJ7/ap/crt0.o
__bss_start                                       /home/dragonfly/paparazzi_new/test/paparazzi3/var/MJ7/ap/crt0.o
__cmpdf2                                          /usr/lib/gcc/arm-elf/3.4.4/thumb/interwork/libgcc.a(_cmpdf2.o)
__cmpsf2                                          /usr/lib/gcc/arm-elf/3.4.4/thumb/interwork/libgcc.a(_cmpsf2.o)
__cos_from_arm                                    /usr/lib/gcc/arm-elf/3.4.4/thumb/interwork/libgcc.a(_fixunssfsi.o)
__ctors_end__                                     /home/dragonfly/paparazzi_new/test/paparazzi3/var/MJ7/ap/crt0.o
__ctors_start__                                   /home/dragonfly/paparazzi_new/test/paparazzi3/var/MJ7/ap/crt0.o
__div0                                            /usr/lib/gcc/arm-elf/3.4.4/thumb/interwork/libgcc.a(_dvmd_tls.o)
                                                  /usr/lib/gcc/arm-elf/3.4.4/thumb/interwork/libgcc.a(_divsi3.o)
__divdf3                                          /usr/lib/gcc/arm-elf/3.4.4/thumb/interwork/libgcc.a(_muldivdf3.o)
                                                  /usr/lib/gcc/arm-elf/3.4.4/../../../../arm-elf/lib/thumb/interwork/libm.a(e_sqrt.o)
                                                  /usr/lib/gcc/arm-elf/3.4.4/../../../../arm-elf/lib/thumb/interwork/libm.a(e_atan2.o)
                                                  /usr/lib/gcc/arm-elf/3.4.4/../../../../arm-elf/lib/thumb/interwork/libm.a(w_sqrt.o)
                                                  /usr/lib/gcc/arm-elf/3.4.4/../../../../arm-elf/lib/thumb/interwork/libm.a(s_atan.o)
                                                  /home/dragonfly/paparazzi_new/test/paparazzi3/var/MJ7/ap/fw_v_ctl.o
                                                  /home/dragonfly/paparazzi_new/test/paparazzi3/var/MJ7/ap/nav.o
                                                  /home/dragonfly/paparazzi_new/test/paparazzi3/var/MJ7/ap/infrared.o
                                                  /home/dragonfly/paparazzi_new/test/paparazzi3/var/MJ7/ap/gps.o
                                                  /home/dragonfly/paparazzi_new/test/paparazzi3/var/MJ7/ap/datalink.o
                                                  /home/dragonfly/paparazzi_new/test/paparazzi3/var/MJ7/ap/main_ap.o
__divsf3                                          /usr/lib/gcc/arm-elf/3.4.4/thumb/interwork/libgcc.a(_muldivsf3.o)
                                                  /home/dragonfly/paparazzi_new/test/paparazzi3/var/MJ7/ap/fw_h_ctl.o
                                                  /home/dragonfly/paparazzi_new/test/paparazzi3/var/MJ7/ap/nav.o
                                                  /home/dragonfly/paparazzi_new/test/paparazzi3/var/MJ7/ap/estimator.o
                                                  /home/dragonfly/paparazzi_new/test/paparazzi3/var/MJ7/ap/infrared.o
                                                  /home/dragonfly/paparazzi_new/test/paparazzi3/var/MJ7/ap/datalink.o
                                                  /home/dragonfly/paparazzi_new/test/paparazzi3/var/MJ7/ap/main_ap.o
__divsi3                                          /usr/lib/gcc/arm-elf/3.4.4/thumb/interwork/libgcc.a(_divsi3.o)
                                                  /usr/lib/gcc/arm-elf/3.4.4/../../../../arm-elf/lib/thumb/interwork/libm.a(k_rem_pio2.o)
                                                  /home/dragonfly/paparazzi_new/test/paparazzi3/var/MJ7/ap/infrared.o
                                                  /home/dragonfly/paparazzi_new/test/paparazzi3/var/MJ7/ap/gps_ubx.o
                                                  /home/dragonfly/paparazzi_new/test/paparazzi3/var/MJ7/ap/main_fbw.o
__eqdf2                                           /usr/lib/gcc/arm-elf/3.4.4/thumb/interwork/libgcc.a(_cmpdf2.o)
                                                  /usr/lib/gcc/arm-elf/3.4.4/../../../../arm-elf/lib/thumb/interwork/libm.a(k_rem_pio2.o)
                                                  /usr/lib/gcc/arm-elf/3.4.4/../../../../arm-elf/lib/thumb/interwork/libm.a(e_rem_pio2.o)
                                                  /usr/lib/gcc/arm-elf/3.4.4/../../../../arm-elf/lib/thumb/interwork/libm.a(w_atan2.o)
__eqsf2                                           /usr/lib/gcc/arm-elf/3.4.4/thumb/interwork/libgcc.a(_cmpsf2.o)
__errno                                           /usr/lib/gcc/arm-elf/3.4.4/../../../../arm-elf/lib/thumb/interwork/libc.a(errno.o)
                                                  /usr/lib/gcc/arm-elf/3.4.4/../../../../arm-elf/lib/thumb/interwork/libm.a(w_sqrt.o)
                                                  /usr/lib/gcc/arm-elf/3.4.4/../../../../arm-elf/lib/thumb/interwork/libm.a(w_atan2.o)
__extendsfdf2                                     /usr/lib/gcc/arm-elf/3.4.4/thumb/interwork/libgcc.a(_addsubdf3.o)
                                                  /home/dragonfly/paparazzi_new/test/paparazzi3/var/MJ7/ap/fw_v_ctl.o
                                                  /home/dragonfly/paparazzi_new/test/paparazzi3/var/MJ7/ap/fw_h_ctl.o
                                                  /home/dragonfly/paparazzi_new/test/paparazzi3/var/MJ7/ap/nav.o
                                                  /home/dragonfly/paparazzi_new/test/paparazzi3/var/MJ7/ap/estimator.o
                                                  /home/dragonfly/paparazzi_new/test/paparazzi3/var/MJ7/ap/infrared.o
                                                  /home/dragonfly/paparazzi_new/test/paparazzi3/var/MJ7/ap/datalink.o
                                                  /home/dragonfly/paparazzi_new/test/paparazzi3/var/MJ7/ap/main_ap.o
                                                  /home/dragonfly/paparazzi_new/test/paparazzi3/var/MJ7/ap/main_fbw.o
__fdlib_version                                   /usr/lib/gcc/arm-elf/3.4.4/../../../../arm-elf/lib/thumb/interwork/libm.a(s_lib_ver.o)
                                                  /usr/lib/gcc/arm-elf/3.4.4/../../../../arm-elf/lib/thumb/interwork/libm.a(w_sqrt.o)
                                                  /usr/lib/gcc/arm-elf/3.4.4/../../../../arm-elf/lib/thumb/interwork/libm.a(w_atan2.o)
__fixdfsi                                         /usr/lib/gcc/arm-elf/3.4.4/thumb/interwork/libgcc.a(_fixdfsi.o)
                                                  /usr/lib/gcc/arm-elf/3.4.4/../../../../arm-elf/lib/thumb/interwork/libm.a(k_sin.o)
                                                  /usr/lib/gcc/arm-elf/3.4.4/../../../../arm-elf/lib/thumb/interwork/libm.a(k_rem_pio2.o)
                                                  /usr/lib/gcc/arm-elf/3.4.4/../../../../arm-elf/lib/thumb/interwork/libm.a(k_cos.o)
                                                  /usr/lib/gcc/arm-elf/3.4.4/../../../../arm-elf/lib/thumb/interwork/libm.a(e_rem_pio2.o)
                                                  /home/dragonfly/paparazzi_new/test/paparazzi3/var/MJ7/ap/infrared.o
                                                  /home/dragonfly/paparazzi_new/test/paparazzi3/var/MJ7/ap/main_ap.o
                                                  /home/dragonfly/paparazzi_new/test/paparazzi3/var/MJ7/ap/main_fbw.o
__fixsfsi                                         /usr/lib/gcc/arm-elf/3.4.4/thumb/interwork/libgcc.a(_fixsfsi.o)
                                                  /home/dragonfly/paparazzi_new/test/paparazzi3/var/MJ7/ap/fw_v_ctl.o
                                                  /home/dragonfly/paparazzi_new/test/paparazzi3/var/MJ7/ap/fw_h_ctl.o
                                                  /home/dragonfly/paparazzi_new/test/paparazzi3/var/MJ7/ap/nav.o
                                                  /home/dragonfly/paparazzi_new/test/paparazzi3/var/MJ7/ap/main_ap.o
                                                  /home/dragonfly/paparazzi_new/test/paparazzi3/var/MJ7/ap/main_fbw.o
__fixunsdfsi                                      /usr/lib/gcc/arm-elf/3.4.4/thumb/interwork/libgcc.a(_fixunsdfsi.o)
                                                  /home/dragonfly/paparazzi_new/test/paparazzi3/var/MJ7/ap/main_fbw.o
__fixunssfsi                                      /usr/lib/gcc/arm-elf/3.4.4/thumb/interwork/libgcc.a(_fixunssfsi.o)
                                                  /home/dragonfly/paparazzi_new/test/paparazzi3/var/MJ7/ap/datalink.o
__floatsidf                                       /usr/lib/gcc/arm-elf/3.4.4/thumb/interwork/libgcc.a(_addsubdf3.o)
                                                  /usr/lib/gcc/arm-elf/3.4.4/../../../../arm-elf/lib/thumb/interwork/libm.a(k_rem_pio2.o)
                                                  /usr/lib/gcc/arm-elf/3.4.4/../../../../arm-elf/lib/thumb/interwork/libm.a(e_rem_pio2.o)
                                                  /home/dragonfly/paparazzi_new/test/paparazzi3/var/MJ7/ap/fw_v_ctl.o
                                                  /home/dragonfly/paparazzi_new/test/paparazzi3/var/MJ7/ap/infrared.o
                                                  /home/dragonfly/paparazzi_new/test/paparazzi3/var/MJ7/ap/gps.o
                                                  /home/dragonfly/paparazzi_new/test/paparazzi3/var/MJ7/ap/main_ap.o
                                                  /home/dragonfly/paparazzi_new/test/paparazzi3/var/MJ7/ap/main_fbw.o
__floatsisf                                       /usr/lib/gcc/arm-elf/3.4.4/thumb/interwork/libgcc.a(_addsubsf3.o)
                                                  /home/dragonfly/paparazzi_new/test/paparazzi3/var/MJ7/ap/fw_h_ctl.o
                                                  /home/dragonfly/paparazzi_new/test/paparazzi3/var/MJ7/ap/infrared.o
                                                  /home/dragonfly/paparazzi_new/test/paparazzi3/var/MJ7/ap/datalink.o
                                                  /home/dragonfly/paparazzi_new/test/paparazzi3/var/MJ7/ap/main_ap.o
                                                  /home/dragonfly/paparazzi_new/test/paparazzi3/var/MJ7/ap/main_fbw.o
__floatunsidf                                     /usr/lib/gcc/arm-elf/3.4.4/thumb/interwork/libgcc.a(_addsubdf3.o)
__floatunsisf                                     /usr/lib/gcc/arm-elf/3.4.4/thumb/interwork/libgcc.a(_addsubsf3.o)
__gedf2                                           /usr/lib/gcc/arm-elf/3.4.4/thumb/interwork/libgcc.a(_cmpdf2.o)
                                                  /usr/lib/gcc/arm-elf/3.4.4/../../../../arm-elf/lib/thumb/interwork/libm.a(k_rem_pio2.o)
                                                  /usr/lib/gcc/arm-elf/3.4.4/../../../../arm-elf/lib/thumb/interwork/libm.a(e_sqrt.o)
__gesf2                                           /usr/lib/gcc/arm-elf/3.4.4/thumb/interwork/libgcc.a(_cmpsf2.o)
                                                  /home/dragonfly/paparazzi_new/test/paparazzi3/var/MJ7/ap/nav.o
                                                  /home/dragonfly/paparazzi_new/test/paparazzi3/var/MJ7/ap/infrared.o
__gtdf2                                           /usr/lib/gcc/arm-elf/3.4.4/thumb/interwork/libgcc.a(_cmpdf2.o)
                                                  /usr/lib/gcc/arm-elf/3.4.4/../../../../arm-elf/lib/thumb/interwork/libm.a(s_floor.o)
                                                  /usr/lib/gcc/arm-elf/3.4.4/../../../../arm-elf/lib/thumb/interwork/libm.a(e_sqrt.o)
                                                  /usr/lib/gcc/arm-elf/3.4.4/../../../../arm-elf/lib/thumb/interwork/libm.a(s_atan.o)
                                                  /home/dragonfly/paparazzi_new/test/paparazzi3/var/MJ7/ap/fw_v_ctl.o
                                                  /home/dragonfly/paparazzi_new/test/paparazzi3/var/MJ7/ap/fw_h_ctl.o
                                                  /home/dragonfly/paparazzi_new/test/paparazzi3/var/MJ7/ap/nav.o
                                                  /home/dragonfly/paparazzi_new/test/paparazzi3/var/MJ7/ap/estimator.o
                                                  /home/dragonfly/paparazzi_new/test/paparazzi3/var/MJ7/ap/infrared.o
__gtsf2                                           /usr/lib/gcc/arm-elf/3.4.4/thumb/interwork/libgcc.a(_cmpsf2.o)
                                                  /home/dragonfly/paparazzi_new/test/paparazzi3/var/MJ7/ap/fw_v_ctl.o
                                                  /home/dragonfly/paparazzi_new/test/paparazzi3/var/MJ7/ap/fw_h_ctl.o
                                                  /home/dragonfly/paparazzi_new/test/paparazzi3/var/MJ7/ap/nav.o
                                                  /home/dragonfly/paparazzi_new/test/paparazzi3/var/MJ7/ap/infrared.o
                                                  /home/dragonfly/paparazzi_new/test/paparazzi3/var/MJ7/ap/main_ap.o
                                                  /home/dragonfly/paparazzi_new/test/paparazzi3/var/MJ7/ap/main_fbw.o
__ieee754_atan2                                   /usr/lib/gcc/arm-elf/3.4.4/../../../../arm-elf/lib/thumb/interwork/libm.a(e_atan2.o)
                                                  /usr/lib/gcc/arm-elf/3.4.4/../../../../arm-elf/lib/thumb/interwork/libm.a(w_atan2.o)
__ieee754_rem_pio2                                /usr/lib/gcc/arm-elf/3.4.4/../../../../arm-elf/lib/thumb/interwork/libm.a(e_rem_pio2.o)
                                                  /usr/lib/gcc/arm-elf/3.4.4/../../../../arm-elf/lib/thumb/interwork/libm.a(s_sin.o)
                                                  /usr/lib/gcc/arm-elf/3.4.4/../../../../arm-elf/lib/thumb/interwork/libm.a(s_cos.o)
__ieee754_sqrt                                    /usr/lib/gcc/arm-elf/3.4.4/../../../../arm-elf/lib/thumb/interwork/libm.a(e_sqrt.o)
                                                  /usr/lib/gcc/arm-elf/3.4.4/../../../../arm-elf/lib/thumb/interwork/libm.a(w_sqrt.o)
__kernel_cos                                      /usr/lib/gcc/arm-elf/3.4.4/../../../../arm-elf/lib/thumb/interwork/libm.a(k_cos.o)
                                                  /usr/lib/gcc/arm-elf/3.4.4/../../../../arm-elf/lib/thumb/interwork/libm.a(s_sin.o)
                                                  /usr/lib/gcc/arm-elf/3.4.4/../../../../arm-elf/lib/thumb/interwork/libm.a(s_cos.o)
__kernel_rem_pio2                                 /usr/lib/gcc/arm-elf/3.4.4/../../../../arm-elf/lib/thumb/interwork/libm.a(k_rem_pio2.o)
                                                  /usr/lib/gcc/arm-elf/3.4.4/../../../../arm-elf/lib/thumb/interwork/libm.a(e_rem_pio2.o)
__kernel_sin                                      /usr/lib/gcc/arm-elf/3.4.4/../../../../arm-elf/lib/thumb/interwork/libm.a(k_sin.o)
                                                  /usr/lib/gcc/arm-elf/3.4.4/../../../../arm-elf/lib/thumb/interwork/libm.a(s_sin.o)
                                                  /usr/lib/gcc/arm-elf/3.4.4/../../../../arm-elf/lib/thumb/interwork/libm.a(s_cos.o)
__ledf2                                           /usr/lib/gcc/arm-elf/3.4.4/thumb/interwork/libgcc.a(_cmpdf2.o)
__lesf2                                           /usr/lib/gcc/arm-elf/3.4.4/thumb/interwork/libgcc.a(_cmpsf2.o)
                                                  /home/dragonfly/paparazzi_new/test/paparazzi3/var/MJ7/ap/infrared.o
__ltdf2                                           /usr/lib/gcc/arm-elf/3.4.4/thumb/interwork/libgcc.a(_cmpdf2.o)
                                                  /usr/lib/gcc/arm-elf/3.4.4/../../../../arm-elf/lib/thumb/interwork/libm.a(w_sqrt.o)
                                                  /home/dragonfly/paparazzi_new/test/paparazzi3/var/MJ7/ap/fw_v_ctl.o
                                                  /home/dragonfly/paparazzi_new/test/paparazzi3/var/MJ7/ap/fw_h_ctl.o
                                                  /home/dragonfly/paparazzi_new/test/paparazzi3/var/MJ7/ap/nav.o
                                                  /home/dragonfly/paparazzi_new/test/paparazzi3/var/MJ7/ap/infrared.o
                                                  /home/dragonfly/paparazzi_new/test/paparazzi3/var/MJ7/ap/main_ap.o
__ltsf2                                           /usr/lib/gcc/arm-elf/3.4.4/thumb/interwork/libgcc.a(_cmpsf2.o)
                                                  /home/dragonfly/paparazzi_new/test/paparazzi3/var/MJ7/ap/fw_v_ctl.o
                                                  /home/dragonfly/paparazzi_new/test/paparazzi3/var/MJ7/ap/fw_h_ctl.o
                                                  /home/dragonfly/paparazzi_new/test/paparazzi3/var/MJ7/ap/nav.o
                                                  /home/dragonfly/paparazzi_new/test/paparazzi3/var/MJ7/ap/infrared.o
                                                  /home/dragonfly/paparazzi_new/test/paparazzi3/var/MJ7/ap/main_ap.o
__muldf3                                          /usr/lib/gcc/arm-elf/3.4.4/thumb/interwork/libgcc.a(_muldivdf3.o)
                                                  /usr/lib/gcc/arm-elf/3.4.4/../../../../arm-elf/lib/thumb/interwork/libm.a(s_scalbn.o)
                                                  /usr/lib/gcc/arm-elf/3.4.4/../../../../arm-elf/lib/thumb/interwork/libm.a(k_sin.o)
                                                  /usr/lib/gcc/arm-elf/3.4.4/../../../../arm-elf/lib/thumb/interwork/libm.a(k_rem_pio2.o)
                                                  /usr/lib/gcc/arm-elf/3.4.4/../../../../arm-elf/lib/thumb/interwork/libm.a(k_cos.o)
                                                  /usr/lib/gcc/arm-elf/3.4.4/../../../../arm-elf/lib/thumb/interwork/libm.a(e_sqrt.o)
                                                  /usr/lib/gcc/arm-elf/3.4.4/../../../../arm-elf/lib/thumb/interwork/libm.a(e_rem_pio2.o)
                                                  /usr/lib/gcc/arm-elf/3.4.4/../../../../arm-elf/lib/thumb/interwork/libm.a(s_atan.o)
                                                  /home/dragonfly/paparazzi_new/test/paparazzi3/var/MJ7/ap/fw_v_ctl.o
                                                  /home/dragonfly/paparazzi_new/test/paparazzi3/var/MJ7/ap/fw_h_ctl.o
                                                  /home/dragonfly/paparazzi_new/test/paparazzi3/var/MJ7/ap/nav.o
                                                  /home/dragonfly/paparazzi_new/test/paparazzi3/var/MJ7/ap/estimator.o
                                                  /home/dragonfly/paparazzi_new/test/paparazzi3/var/MJ7/ap/infrared.o
                                                  /home/dragonfly/paparazzi_new/test/paparazzi3/var/MJ7/ap/gps.o
                                                  /home/dragonfly/paparazzi_new/test/paparazzi3/var/MJ7/ap/datalink.o
                                                  /home/dragonfly/paparazzi_new/test/paparazzi3/var/MJ7/ap/main_ap.o
                                                  /home/dragonfly/paparazzi_new/test/paparazzi3/var/MJ7/ap/main_fbw.o
__mulsf3                                          /usr/lib/gcc/arm-elf/3.4.4/thumb/interwork/libgcc.a(_muldivsf3.o)
                                                  /home/dragonfly/paparazzi_new/test/paparazzi3/var/MJ7/ap/fw_v_ctl.o
                                                  /home/dragonfly/paparazzi_new/test/paparazzi3/var/MJ7/ap/fw_h_ctl.o
                                                  /home/dragonfly/paparazzi_new/test/paparazzi3/var/MJ7/ap/nav.o
                                                  /home/dragonfly/paparazzi_new/test/paparazzi3/var/MJ7/ap/estimator.o
                                                  /home/dragonfly/paparazzi_new/test/paparazzi3/var/MJ7/ap/infrared.o
                                                  /home/dragonfly/paparazzi_new/test/paparazzi3/var/MJ7/ap/main_fbw.o
__nedf2                                           /usr/lib/gcc/arm-elf/3.4.4/thumb/interwork/libgcc.a(_cmpdf2.o)
                                                  /usr/lib/gcc/arm-elf/3.4.4/../../../../arm-elf/lib/thumb/interwork/libm.a(s_matherr.o)
__nesf2                                           /usr/lib/gcc/arm-elf/3.4.4/thumb/interwork/libgcc.a(_cmpsf2.o)
__sin_from_arm                                    /usr/lib/gcc/arm-elf/3.4.4/thumb/interwork/libgcc.a(_fixunssfsi.o)
__sqrt_from_arm                                   /usr/lib/gcc/arm-elf/3.4.4/thumb/interwork/libgcc.a(_fixunssfsi.o)
__subdf3                                          /usr/lib/gcc/arm-elf/3.4.4/thumb/interwork/libgcc.a(_addsubdf3.o)
                                                  /usr/lib/gcc/arm-elf/3.4.4/../../../../arm-elf/lib/thumb/interwork/libm.a(k_sin.o)
                                                  /usr/lib/gcc/arm-elf/3.4.4/../../../../arm-elf/lib/thumb/interwork/libm.a(k_rem_pio2.o)
                                                  /usr/lib/gcc/arm-elf/3.4.4/../../../../arm-elf/lib/thumb/interwork/libm.a(k_cos.o)
                                                  /usr/lib/gcc/arm-elf/3.4.4/../../../../arm-elf/lib/thumb/interwork/libm.a(e_sqrt.o)
                                                  /usr/lib/gcc/arm-elf/3.4.4/../../../../arm-elf/lib/thumb/interwork/libm.a(e_rem_pio2.o)
                                                  /usr/lib/gcc/arm-elf/3.4.4/../../../../arm-elf/lib/thumb/interwork/libm.a(e_atan2.o)
                                                  /usr/lib/gcc/arm-elf/3.4.4/../../../../arm-elf/lib/thumb/interwork/libm.a(s_sin.o)
                                                  /usr/lib/gcc/arm-elf/3.4.4/../../../../arm-elf/lib/thumb/interwork/libm.a(s_cos.o)
                                                  /usr/lib/gcc/arm-elf/3.4.4/../../../../arm-elf/lib/thumb/interwork/libm.a(s_atan.o)
                                                  /home/dragonfly/paparazzi_new/test/paparazzi3/var/MJ7/ap/fw_v_ctl.o
                                                  /home/dragonfly/paparazzi_new/test/paparazzi3/var/MJ7/ap/fw_h_ctl.o
                                                  /home/dragonfly/paparazzi_new/test/paparazzi3/var/MJ7/ap/nav.o
                                                  /home/dragonfly/paparazzi_new/test/paparazzi3/var/MJ7/ap/infrared.o
                                                  /home/dragonfly/paparazzi_new/test/paparazzi3/var/MJ7/ap/gps.o
__subsf3                                          /usr/lib/gcc/arm-elf/3.4.4/thumb/interwork/libgcc.a(_addsubsf3.o)
                                                  /home/dragonfly/paparazzi_new/test/paparazzi3/var/MJ7/ap/fw_v_ctl.o
                                                  /home/dragonfly/paparazzi_new/test/paparazzi3/var/MJ7/ap/fw_h_ctl.o
                                                  /home/dragonfly/paparazzi_new/test/paparazzi3/var/MJ7/ap/nav.o
                                                  /home/dragonfly/paparazzi_new/test/paparazzi3/var/MJ7/ap/estimator.o