Archive member included because of file (symbol)

/usr/lib/gcc/arm-elf/3.4.4/../../../../arm-elf/lib/thumb/interwork/libm.a(s_atan.o)
                              /home/paparazzi/paparazzi3new/var/v2/ap/nav.o (atan)
/usr/lib/gcc/arm-elf/3.4.4/../../../../arm-elf/lib/thumb/interwork/libm.a(s_cos.o)
                              /home/paparazzi/paparazzi3new/var/v2/ap/nav.o (cos)
/usr/lib/gcc/arm-elf/3.4.4/../../../../arm-elf/lib/thumb/interwork/libm.a(s_fabs.o)
                              /usr/lib/gcc/arm-elf/3.4.4/../../../../arm-elf/lib/thumb/interwork/libm.a(s_atan.o) (fabs)
/usr/lib/gcc/arm-elf/3.4.4/../../../../arm-elf/lib/thumb/interwork/libm.a(s_sin.o)
                              /home/paparazzi/paparazzi3new/var/v2/ap/nav.o (sin)
/usr/lib/gcc/arm-elf/3.4.4/../../../../arm-elf/lib/thumb/interwork/libm.a(w_atan2.o)
                              /home/paparazzi/paparazzi3new/var/v2/ap/nav.o (atan2)
/usr/lib/gcc/arm-elf/3.4.4/../../../../arm-elf/lib/thumb/interwork/libm.a(w_sqrt.o)
                              /home/paparazzi/paparazzi3new/var/v2/ap/nav.o (sqrt)
/usr/lib/gcc/arm-elf/3.4.4/../../../../arm-elf/lib/thumb/interwork/libm.a(e_atan2.o)
                              /usr/lib/gcc/arm-elf/3.4.4/../../../../arm-elf/lib/thumb/interwork/libm.a(w_atan2.o) (__ieee754_atan2)
/usr/lib/gcc/arm-elf/3.4.4/../../../../arm-elf/lib/thumb/interwork/libm.a(e_rem_pio2.o)
                              /usr/lib/gcc/arm-elf/3.4.4/../../../../arm-elf/lib/thumb/interwork/libm.a(s_cos.o) (__ieee754_rem_pio2)
/usr/lib/gcc/arm-elf/3.4.4/../../../../arm-elf/lib/thumb/interwork/libm.a(e_sqrt.o)
                              /usr/lib/gcc/arm-elf/3.4.4/../../../../arm-elf/lib/thumb/interwork/libm.a(w_sqrt.o) (__ieee754_sqrt)
/usr/lib/gcc/arm-elf/3.4.4/../../../../arm-elf/lib/thumb/interwork/libm.a(k_cos.o)
                              /usr/lib/gcc/arm-elf/3.4.4/../../../../arm-elf/lib/thumb/interwork/libm.a(s_cos.o) (__kernel_cos)
/usr/lib/gcc/arm-elf/3.4.4/../../../../arm-elf/lib/thumb/interwork/libm.a(k_rem_pio2.o)
                              /usr/lib/gcc/arm-elf/3.4.4/../../../../arm-elf/lib/thumb/interwork/libm.a(e_rem_pio2.o) (__kernel_rem_pio2)
/usr/lib/gcc/arm-elf/3.4.4/../../../../arm-elf/lib/thumb/interwork/libm.a(k_sin.o)
                              /usr/lib/gcc/arm-elf/3.4.4/../../../../arm-elf/lib/thumb/interwork/libm.a(s_cos.o) (__kernel_sin)
/usr/lib/gcc/arm-elf/3.4.4/../../../../arm-elf/lib/thumb/interwork/libm.a(s_floor.o)
                              /usr/lib/gcc/arm-elf/3.4.4/../../../../arm-elf/lib/thumb/interwork/libm.a(k_rem_pio2.o) (floor)
/usr/lib/gcc/arm-elf/3.4.4/../../../../arm-elf/lib/thumb/interwork/libm.a(s_isnan.o)
                              /usr/lib/gcc/arm-elf/3.4.4/../../../../arm-elf/lib/thumb/interwork/libm.a(w_atan2.o) (isnan)
/usr/lib/gcc/arm-elf/3.4.4/../../../../arm-elf/lib/thumb/interwork/libm.a(s_lib_ver.o)
                              /usr/lib/gcc/arm-elf/3.4.4/../../../../arm-elf/lib/thumb/interwork/libm.a(w_atan2.o) (__fdlib_version)
/usr/lib/gcc/arm-elf/3.4.4/../../../../arm-elf/lib/thumb/interwork/libm.a(s_matherr.o)
                              /usr/lib/gcc/arm-elf/3.4.4/../../../../arm-elf/lib/thumb/interwork/libm.a(w_atan2.o) (matherr)
/usr/lib/gcc/arm-elf/3.4.4/../../../../arm-elf/lib/thumb/interwork/libm.a(s_scalbn.o)
                              /usr/lib/gcc/arm-elf/3.4.4/../../../../arm-elf/lib/thumb/interwork/libm.a(k_rem_pio2.o) (scalbn)
/usr/lib/gcc/arm-elf/3.4.4/../../../../arm-elf/lib/thumb/interwork/libm.a(s_copysign.o)
                              /usr/lib/gcc/arm-elf/3.4.4/../../../../arm-elf/lib/thumb/interwork/libm.a(s_scalbn.o) (copysign)
/usr/lib/gcc/arm-elf/3.4.4/../../../../arm-elf/lib/thumb/interwork/libc.a(errno.o)
                              /usr/lib/gcc/arm-elf/3.4.4/../../../../arm-elf/lib/thumb/interwork/libm.a(w_atan2.o) (__errno)
/usr/lib/gcc/arm-elf/3.4.4/../../../../arm-elf/lib/thumb/interwork/libc.a(impure.o)
                              /usr/lib/gcc/arm-elf/3.4.4/../../../../arm-elf/lib/thumb/interwork/libc.a(errno.o) (_impure_ptr)
/usr/lib/gcc/arm-elf/3.4.4/thumb/interwork/libgcc.a(_divsi3.o)
                              /home/paparazzi/paparazzi3new/var/v2/ap/main_fbw.o (__divsi3)
/usr/lib/gcc/arm-elf/3.4.4/thumb/interwork/libgcc.a(_dvmd_tls.o)
                              /usr/lib/gcc/arm-elf/3.4.4/thumb/interwork/libgcc.a(_divsi3.o) (__div0)
/usr/lib/gcc/arm-elf/3.4.4/thumb/interwork/libgcc.a(_addsubdf3.o)
                              /home/paparazzi/paparazzi3new/var/v2/ap/gps.o (__subdf3)
/usr/lib/gcc/arm-elf/3.4.4/thumb/interwork/libgcc.a(_muldivdf3.o)
                              /home/paparazzi/paparazzi3new/var/v2/ap/main_fbw.o (__muldf3)
/usr/lib/gcc/arm-elf/3.4.4/thumb/interwork/libgcc.a(_cmpdf2.o)
                              /home/paparazzi/paparazzi3new/var/v2/ap/main_ap.o (__gtdf2)
/usr/lib/gcc/arm-elf/3.4.4/thumb/interwork/libgcc.a(_fixdfsi.o)
[...]
Memory Configuration

Name             Origin             Length             Attributes
ROM              0x00000000         0x0007d000         xr
RAM              0x40000000         0x00008000         rw
*default*        0x00000000         0xffffffff

Linker script and memory map

LOAD /home/paparazzi/paparazzi3new/var/v2/ap/crt0.o
LOAD /home/paparazzi/paparazzi3new/var/v2/ap/sys_time.o
LOAD /home/paparazzi/paparazzi3new/var/v2/ap/sys_time_hw.o
LOAD /home/paparazzi/paparazzi3new/var/v2/ap/armVIC.o
LOAD /home/paparazzi/paparazzi3new/var/v2/ap/main_fbw.o
LOAD /home/paparazzi/paparazzi3new/var/v2/ap/main_ap.o
LOAD /home/paparazzi/paparazzi3new/var/v2/ap/main.o
LOAD /home/paparazzi/paparazzi3new/var/v2/ap/commands.o
LOAD /home/paparazzi/paparazzi3new/var/v2/ap/servos_4015_MAT_hw.o
LOAD /home/paparazzi/paparazzi3new/var/v2/ap/actuators.o
LOAD /home/paparazzi/paparazzi3new/var/v2/ap/radio_control.o
LOAD /home/paparazzi/paparazzi3new/var/v2/ap/ppm_hw.o
LOAD /home/paparazzi/paparazzi3new/var/v2/ap/downlink.o
LOAD /home/paparazzi/paparazzi3new/var/v2/ap/uart_hw.o
LOAD /home/paparazzi/paparazzi3new/var/v2/ap/datalink.o
LOAD /home/paparazzi/paparazzi3new/var/v2/ap/aerocomm_new.o
LOAD /home/paparazzi/paparazzi3new/var/v2/ap/traffic_info.o
LOAD /home/paparazzi/paparazzi3new/var/v2/ap/inter_mcu.o
LOAD /home/paparazzi/paparazzi3new/var/v2/ap/adc_hw.o
LOAD /home/paparazzi/paparazzi3new/var/v2/ap/gps_ubx.o
LOAD /home/paparazzi/paparazzi3new/var/v2/ap/gps.o
LOAD /home/paparazzi/paparazzi3new/var/v2/ap/infrared.o
LOAD /home/paparazzi/paparazzi3new/var/v2/ap/estimator.o
LOAD /home/paparazzi/paparazzi3new/var/v2/ap/nav.o
LOAD /home/paparazzi/paparazzi3new/var/v2/ap/fw_h_ctl.o
LOAD /home/paparazzi/paparazzi3new/var/v2/ap/fw_v_ctl.o
LOAD /home/paparazzi/paparazzi3new/var/v2/ap/gyro.o
LOAD /home/paparazzi/paparazzi3new/var/v2/ap/gpio.o
LOAD /usr/lib/gcc/arm-elf/3.4.4/../../../../arm-elf/lib/thumb/interwork/libc.a
LOAD /usr/lib/gcc/arm-elf/3.4.4/../../../../arm-elf/lib/thumb/interwork/libm.a
LOAD /usr/lib/gcc/arm-elf/3.4.4/../../../../arm-elf/lib/thumb/interwork/libc.a
LOAD /usr/lib/gcc/arm-elf/3.4.4/thumb/interwork/libgcc.a
LOAD /usr/lib/gcc/arm-elf/3.4.4/thumb/interwork/libgcc.a
LOAD /usr/lib/gcc/arm-elf/3.4.4/../../../../arm-elf/lib/thumb/interwork/libc.a
LOAD /usr/lib/gcc/arm-elf/3.4.4/thumb/interwork/libgcc.a
                0x00001000                STACK_SIZE = 0x1000

.text           0x00000000     0xfb5a
 *(.init)
 .init          0x00000000      0x13c /home/paparazzi/paparazzi3new/var/v2/ap/crt0.o
                0x00000114                reset
                0x00000000                _boot
                0x00000050                _mainCRTStartup
                0x00000114                abort
                0x00000050                _start
                0x00000114                _reset
                0x00000114                exit
                0x00000050                start
 *(.text .text.*)
 .text          0x0000013c      0x20c /home/paparazzi/paparazzi3new/var/v2/ap/sys_time_hw.o
                0x0000013c                TIMER0_ISR
 .text          0x00000348       0x78 /home/paparazzi/paparazzi3new/var/v2/ap/armVIC.o
                0x00000358                restoreIRQ
                0x000003b0                enableFIQ
                0x00000384                disableFIQ
                0x00000374                enableIRQ
                0x00000394                restoreFIQ
                0x00000348                disableIRQ
 .text          0x000003c0     0x135c /home/paparazzi/paparazzi3new/var/v2/ap/main_fbw.o
                0x000003c0                init_fbw
                0x00000590                event_task_fbw
                0x00000b68                periodic_task_fbw
 .text          0x0000171c     0x38f4 /home/paparazzi/paparazzi3new/var/v2/ap/main_ap.o
                0x000023e4                periodic_task_ap
                0x000046b8                init_ap
                0x00004800                event_task_ap
                0x0000171c                telecommand_task
 .text          0x00005010       0xdc /home/paparazzi/paparazzi3new/var/v2/ap/main.o
                0x00005010                main
 .text          0x000050ec       0xc8 /home/paparazzi/paparazzi3new/var/v2/ap/servos_4015_MAT_hw.o
                0x000050ec                actuators_init
 .text          0x000051b4      0x680 /home/paparazzi/paparazzi3new/var/v2/ap/uart_hw.o
                0x000052e0                uart0_transmit
                0x00005384                uart0_ISR
                0x000054ec                uart1_init_tx
                0x000055c4                uart1_check_free_space
                0x000056bc                uart1_ISR
                0x00005614                uart1_init_rx
                0x00005290                uart0_check_free_space
                0x000051b4                uart0_init_tx
                0x00005618                uart1_transmit
                0x0000528c                uart0_init_rx
 .text          0x00005834      0x84c /home/paparazzi/paparazzi3new/var/v2/ap/datalink.o
                0x00005834                dl_parse_msg
 .text          0x00006080       0xe0 /home/paparazzi/paparazzi3new/var/v2/ap/aerocomm_new.o
                0x00006080                aerocomm_init
 .text          0x00006160       0x20 /home/paparazzi/paparazzi3new/var/v2/ap/traffic_info.o
                0x00006160                get_ac_info
 .text          0x00006180      0x21c /home/paparazzi/paparazzi3new/var/v2/ap/adc_hw.o
                0x000062ec                adcISR1
                0x00006180                adc_buf_channel
                0x00006198                adc_init
                0x00006240                adcISR0
 .text          0x0000639c     0x17b0 /home/paparazzi/paparazzi3new/var/v2/ap/gps_ubx.o
                0x000077b8                parse_gps_msg
                0x0000639c                gps_init
                0x00007980                parse_ubx
                0x000063b0                gps_reset
                0x00006530                gps_configure
 .text          0x00007b4c      0x6ac /home/paparazzi/paparazzi3new/var/v2/ap/gps.o
                0x00007d1c                use_gps_pos
                0x00007b4c                estimator_update_state_gps
 .text          0x000081f8      0xb60 /home/paparazzi/paparazzi3new/var/v2/ap/infrared.o
                0x00008644                estimator_update_ir_estim
                0x00008488                ground_calibrate
                0x00008338                ir_update
                0x00008adc                estimator_update_state_infrared
                0x000081f8                ir_init
 .text          0x00008d58       0xe8 /home/paparazzi/paparazzi3new/var/v2/ap/estimator.o
                0x00008d58                estimator_init
                0x00008e3c                estimator_propagate_state
 .text          0x00008e40     0x22bc /home/paparazzi/paparazzi3new/var/v2/ap/nav.o
                0x0000a334                nav_init
                0x0000a3e8                nav_eight
                0x00009850                nav_home
                0x0000a378                nav_without_gps
                0x0000956c                nav_route_xy
                0x00008ec0                nav_circle_XY
                0x0000945c                nav_approaching_xy
                0x0000aa84                nav_oval_init
                0x000093f8                nav_goto_block
                0x0000aa98                nav_oval
                0x0000a3d4                nav_eight_init
                0x00009958                nav_update
                0x00008e40                nav_init_stage
 .text          0x0000b0fc      0xe84 /home/paparazzi/paparazzi3new/var/v2/ap/fw_h_ctl.o
                0x0000b0fc                h_ctl_init
                0x0000b660                h_ctl_attitude_loop
                0x0000b438                h_ctl_course_loop
 .text          0x0000bf80      0x6c8 /home/paparazzi/paparazzi3new/var/v2/ap/fw_v_ctl.o
                0x0000c0c4                v_ctl_altitude_loop
                0x0000bf80                v_ctl_init
                0x0000c208                v_ctl_climb_loop
                0x0000c47c                v_ctl_throttle_slew
 .text          0x0000c648      0x26c /home/paparazzi/paparazzi3new/var/v2/ap/gyro.o
                0x0000c648                gyro_init
                0x0000c6fc                gyro_update
 .text          0x0000c8b4      0x358 /usr/lib/gcc/arm-elf/3.4.4/../../../../arm-elf/lib/thumb/interwork/libm.a(s_atan.o)
                0x0000c8b4                atan
 .text          0x0000cc0c       0xb4 /usr/lib/gcc/arm-elf/3.4.4/../../../../arm-elf/lib/thumb/interwork/libm.a(s_cos.o)
                0x0000cc0c                cos
 .text          0x0000ccc0       0x20 /usr/lib/gcc/arm-elf/3.4.4/../../../../arm-elf/lib/thumb/interwork/libm.a(s_fabs.o)
                0x0000ccc0                fabs
 .text          0x0000cce0       0xbc /usr/lib/gcc/arm-elf/3.4.4/../../../../arm-elf/lib/thumb/interwork/libm.a(s_sin.o)
                0x0000cce0                sin
 .text          0x0000cd9c       0xcc /usr/lib/gcc/arm-elf/3.4.4/../../../../arm-elf/lib/thumb/interwork/libm.a(w_atan2.o)
                0x0000cd9c                atan2
 .text          0x0000ce68       0xc8 /usr/lib/gcc/arm-elf/3.4.4/../../../../arm-elf/lib/thumb/interwork/libm.a(w_sqrt.o)
                0x0000ce68                sqrt
 .text          0x0000cf30      0x21c /usr/lib/gcc/arm-elf/3.4.4/../../../../arm-elf/lib/thumb/interwork/libm.a(e_atan2.o)
                0x0000cf30                __ieee754_atan2
 .text          0x0000d14c      0x4a0 /usr/lib/gcc/arm-elf/3.4.4/../../../../arm-elf/lib/thumb/interwork/libm.a(e_rem_pio2.o)
                0x0000d14c                __ieee754_rem_pio2
 .text          0x0000d5ec      0x1e4 /usr/lib/gcc/arm-elf/3.4.4/../../../../arm-elf/lib/thumb/interwork/libm.a(e_sqrt.o)
                0x0000d5ec                __ieee754_sqrt
 .text          0x0000d7d0      0x1e8 /usr/lib/gcc/arm-elf/3.4.4/../../../../arm-elf/lib/thumb/interwork/libm.a(k_cos.o)
                0x0000d7d0                __kernel_cos
 .text          0x0000d9b8      0x7ec /usr/lib/gcc/arm-elf/3.4.4/../../../../arm-elf/lib/thumb/interwork/libm.a(k_rem_pio2.o)
                0x0000d9b8                __kernel_rem_pio2
 .text          0x0000e1a4      0x15c /usr/lib/gcc/arm-elf/3.4.4/../../../../arm-elf/lib/thumb/interwork/libm.a(k_sin.o)
                0x0000e1a4                __kernel_sin
 .text          0x0000e300      0x144 /usr/lib/gcc/arm-elf/3.4.4/../../../../arm-elf/lib/thumb/interwork/libm.a(s_floor.o)
                0x0000e300                floor
 .text          0x0000e444       0x28 /usr/lib/gcc/arm-elf/3.4.4/../../../../arm-elf/lib/thumb/interwork/libm.a(s_isnan.o)
                0x0000e444                isnan
 .text          0x0000e46c        0x4 /usr/lib/gcc/arm-elf/3.4.4/../../../../arm-elf/lib/thumb/interwork/libm.a(s_matherr.o)
                0x0000e46c                matherr
 .text          0x0000e470      0x120 /usr/lib/gcc/arm-elf/3.4.4/../../../../arm-elf/lib/thumb/interwork/libm.a(s_scalbn.o)
                0x0000e470                scalbn
 .text          0x0000e590       0x1c /usr/lib/gcc/arm-elf/3.4.4/../../../../arm-elf/lib/thumb/interwork/libm.a(s_copysign.o)
                0x0000e590                copysign
 .text          0x0000e5ac        0xc /usr/lib/gcc/arm-elf/3.4.4/../../../../arm-elf/lib/thumb/interwork/libc.a(errno.o)
                0x0000e5ac                __errno
 .text          0x0000e5b8       0x94 /usr/lib/gcc/arm-elf/3.4.4/thumb/interwork/libgcc.a(_divsi3.o)
                0x0000e5b8                __divsi3
 .text          0x0000e64c        0x4 /usr/lib/gcc/arm-elf/3.4.4/thumb/interwork/libgcc.a(_dvmd_tls.o)
                0x0000e64c                __div0
 .text          0x0000e650      0x3a8 /usr/lib/gcc/arm-elf/3.4.4/thumb/interwork/libgcc.a(_addsubdf3.o)
                0x0000e980                __floatsidf
                0x0000e9ac                __extendsfdf2
                0x0000e654                __adddf3
                0x0000e958                __floatunsidf
                0x0000e650                __subdf3
 .text          0x0000e9f8      0x4ec /usr/lib/gcc/arm-elf/3.4.4/thumb/interwork/libgcc.a(_muldivdf3.o)
                0x0000ec70                __divdf3
                0x0000e9f8                __muldf3
 .text          0x0000eee4       0xb4 /usr/lib/gcc/arm-elf/3.4.4/thumb/interwork/libgcc.a(_cmpdf2.o)
                0x0000eef4                __cmpdf2
                0x0000eef4                __eqdf2
                0x0000eee4                __gtdf2
                0x0000eeec                __ltdf2
                0x0000eeec                __ledf2
                0x0000eef4                __nedf2
                0x0000eee4                __gedf2
 .text          0x0000ef98       0x80 /usr/lib/gcc/arm-elf/3.4.4/thumb/interwork/libgcc.a(_fixdfsi.o)
                0x0000ef98                __fixdfsi
 .text          0x0000f018       0x74 /usr/lib/gcc/arm-elf/3.4.4/thumb/interwork/libgcc.a(_fixunsdfsi.o)
                0x0000f018                __fixunsdfsi
 .text          0x0000f08c       0xf8 /usr/lib/gcc/arm-elf/3.4.4/thumb/interwork/libgcc.a(_truncdfsf2.o)
                0x0000f08c                __truncdfsf2
 .text          0x0000f184      0x218 /usr/lib/gcc/arm-elf/3.4.4/thumb/interwork/libgcc.a(_addsubsf3.o)
                0x0000f184                __subsf3
                0x0000f350                __floatsisf
                0x0000f348                __floatunsisf
                0x0000f188                __addsf3
 .text          0x0000f39c      0x330 /usr/lib/gcc/arm-elf/3.4.4/thumb/interwork/libgcc.a(_muldivsf3.o)
                0x0000f52c                __divsf3
                0x0000f39c                __mulsf3
 .text          0x0000f6cc       0x9c /usr/lib/gcc/arm-elf/3.4.4/thumb/interwork/libgcc.a(_cmpsf2.o)
                0x0000f6d4                __lesf2
                0x0000f6dc                __nesf2
                0x0000f6cc                __gtsf2
                0x0000f6dc                __eqsf2
                0x0000f6dc                __cmpsf2
                0x0000f6d4                __ltsf2
                0x0000f6cc                __gesf2
 .text          0x0000f768       0x68 /usr/lib/gcc/arm-elf/3.4.4/thumb/interwork/libgcc.a(_fixsfsi.o)
                0x0000f768                __fixsfsi
 .text          0x0000f7d0       0x5c /usr/lib/gcc/arm-elf/3.4.4/thumb/interwork/libgcc.a(_fixunssfsi.o)
                0x0000f7d0                __fixunssfsi
 *(.gnu.linkonce.t.*)
 *(.glue_7)
 .glue_7        0x0000f82c       0x48 /usr/lib/gcc/arm-elf/3.4.4/thumb/interwork/libgcc.a(_fixunssfsi.o)
                0x0000f838                __atan2_from_arm
                0x0000f850                __cos_from_arm
                0x0000f844                __atan_from_arm
                0x0000f82c                ____divsi3_from_arm
                0x0000f85c                __sin_from_arm
                0x0000f868                __sqrt_from_arm
 *(.glue_7t)
 .glue_7t       0x0000f874       0x50 /usr/lib/gcc/arm-elf/3.4.4/thumb/interwork/libgcc.a(_fixunssfsi.o)
                0x0000f88c                ____gtdf2_from_thumb
                0x0000f884                ____subdf3_from_thumb
                0x0000f8a8                ____ltdf2_change_to_arm
                0x0000f888                ____subdf3_change_to_arm
                0x0000f8c0                ____gedf2_change_to_arm
                0x0000f89c                ____eqdf2_from_thumb
                0x0000f8ac                ____fixdfsi_from_thumb
                0x0000f898                ____divdf3_change_to_arm
                0x0000f8bc                ____gedf2_from_thumb
                0x0000f880                ____muldf3_change_to_arm
                0x0000f8b0                ____fixdfsi_change_to_arm
                0x0000f894                ____divdf3_from_thumb
                0x0000f878                ____adddf3_change_to_arm
                0x0000f890                ____gtdf2_change_to_arm
                0x0000f8b4                ____floatsidf_from_thumb
                0x0000f8a4                ____ltdf2_from_thumb
                0x0000f874                ____adddf3_from_thumb
                0x0000f8a0                ____eqdf2_change_to_arm
                0x0000f87c                ____muldf3_from_thumb
                0x0000f8b8                ____floatsidf_change_to_arm
 *(.gcc_except_table)
 *(.rodata)
 .rodata        0x0000f8c4        0x2 /home/paparazzi/paparazzi3new/var/v2/ap/main_ap.o
 .rodata        0x0000f8c6        0x8 /home/paparazzi/paparazzi3new/var/v2/ap/commands.o
                0x0000f8c6                commands_failsafe
 .rodata        0x0000f8ce        0x1 /home/paparazzi/paparazzi3new/var/v2/ap/nav.o
                0x0000f8ce                nb_waypoint
 *fill*         0x0000f8cf        0x1 00
 .rodata        0x0000f8d0       0x98 /usr/lib/gcc/arm-elf/3.4.4/../../../../arm-elf/lib/thumb/interwork/libm.a(s_atan.o)
 .rodata        0x0000f968      0x188 /usr/lib/gcc/arm-elf/3.4.4/../../../../arm-elf/lib/thumb/interwork/libm.a(e_rem_pio2.o)
 .rodata        0x0000faf0       0x50 /usr/lib/gcc/arm-elf/3.4.4/../../../../arm-elf/lib/thumb/interwork/libm.a(k_rem_pio2.o)
 .rodata        0x0000fb40        0x4 /usr/lib/gcc/arm-elf/3.4.4/../../../../arm-elf/lib/thumb/interwork/libm.a(s_lib_ver.o)
                0x0000fb40                __fdlib_version
 .rodata        0x0000fb44        0x4 /usr/lib/gcc/arm-elf/3.4.4/../../../../arm-elf/lib/thumb/interwork/libc.a(impure.o)
                0x0000fb44                _global_impure_ptr
 *(.rodata*)
 .rodata.str1.4
                0x0000fb48        0x6 /usr/lib/gcc/arm-elf/3.4.4/../../../../arm-elf/lib/thumb/interwork/libm.a(w_atan2.o)
                                  0x8 (size before relaxing)
 *fill*         0x0000fb4e        0x2 00
 .rodata.str1.4
                0x0000fb50        0x5 /usr/lib/gcc/arm-elf/3.4.4/../../../../arm-elf/lib/thumb/interwork/libm.a(w_sqrt.o)
                                  0x8 (size before relaxing)
 *fill*         0x0000fb55        0x3 00
 .rodata.str1.4
                0x0000fb58        0x2 /usr/lib/gcc/arm-elf/3.4.4/../../../../arm-elf/lib/thumb/interwork/libc.a(impure.o)
                                  0x4 (size before relaxing)
 *(.gnu.linkonce.r.*)
                0x0000fb5c                . = ALIGN (0x4)

.ctors          0x0000fb5a        0x0
                0x0000fb5a                PROVIDE (__ctors_start__, .)
 *(SORT(.ctors.*))
 *(.ctors)
                0x0000fb5a                PROVIDE (__ctors_end__, .)

.dtors          0x0000fb5a        0x0
                0x0000fb5a                PROVIDE (__dtors_start__, .)
 *(SORT(.dtors.*))
 *(.dtors)
                0x0000fb5a                PROVIDE (__dtors_end__, .)
                0x0000fb5c                . = ALIGN (0x4)
                0x0000fb5c                _etext = .
                0x0000fb5c                PROVIDE (etext, .)

.data           0x40000000      0x584 load address 0x0000fb5c
                0x40000000                _data = .
 *(.data)
 .data          0x40000000        0x1 /home/paparazzi/paparazzi3new/var/v2/ap/sys_time_hw.o
 .data          0x40000001        0x4 /home/paparazzi/paparazzi3new/var/v2/ap/main_ap.o
                0x40000001                ac_ident
                0x40000002                light_mode
                0x40000003                pprz_mode
 *fill*         0x40000005        0x3 00
 .data          0x40000008        0x4 /home/paparazzi/paparazzi3new/var/v2/ap/servos_4015_MAT_hw.o
                0x40000008                servos_delay
 .data          0x4000000c        0x2 /home/paparazzi/paparazzi3new/var/v2/ap/aerocomm_new.o
                0x4000000c                aerocomm_confirmation_status
                0x4000000d                aerocomm_confirmation_received
 *fill*         0x4000000e        0x2 00
 .data          0x40000010        0x8 /home/paparazzi/paparazzi3new/var/v2/ap/inter_mcu.o
                0x40000010                ap_state
                0x40000014                fbw_state
 .data          0x40000018       0x20 /home/paparazzi/paparazzi3new/var/v2/ap/adc_hw.o
                0x40000018                adc1_val
                0x40000028                adc0_val
 .data          0x40000038      0x148 /home/paparazzi/paparazzi3new/var/v2/ap/nav.o
                0x40000174                nav_utm_zone0
                0x4000017c                nav_utm_east0
                0x40000178                nav_utm_north0
                0x40000038                waypoints
                0x40000170                nav_altitude
 .data          0x40000180      0x404 /usr/lib/gcc/arm-elf/3.4.4/../../../../arm-elf/lib/thumb/interwork/libc.a(impure.o)
                0x40000580                _impure_ptr
 *(.data.*)
 *(.gnu.linkonce.d*)
                0x40000584                . = ALIGN (0x4)
 *(.fastrun)
                0x40000584                . = ALIGN (0x4)
                0x40000584                _edata = .
                0x40000584                PROVIDE (edata, .)

.bss            0x40000584      0xe18
                0x40000584                __bss_start = .
                0x40000584                __bss_start__ = .
 *(.bss)
 .bss           0x40000584        0x4 /home/paparazzi/paparazzi3new/var/v2/ap/sys_time.o
 .bss           0x40000588        0x8 /home/paparazzi/paparazzi3new/var/v2/ap/sys_time_hw.o
 .bss           0x40000590       0x10 /home/paparazzi/paparazzi3new/var/v2/ap/main_fbw.o
 .bss           0x400005a0       0x2c /home/paparazzi/paparazzi3new/var/v2/ap/main_ap.o
                0x400005a9                lateral_mode
                0x400005a5                launch
                0x400005a0                empty_bay
                0x400005a4                gps_lost
                0x400005a7                ir_estim_mode
                0x400005a6                kill_throttle
                0x400005aa                fatal_error_nb
                0x400005a8                transition_mode
                0x400005ab                rc_settings_mode
 .bss           0x400005cc        0x4 /home/paparazzi/paparazzi3new/var/v2/ap/main.o
 .bss           0x400005d0        0x4 /home/paparazzi/paparazzi3new/var/v2/ap/servos_4015_MAT_hw.o
 .bss           0x400005d4        0x4 /home/paparazzi/paparazzi3new/var/v2/ap/actuators.o
 .bss           0x400005d8        0x8 /home/paparazzi/paparazzi3new/var/v2/ap/radio_control.o
                0x400005d8                rc_values_contains_avg_channels
 .bss           0x400005e0        0x4 /home/paparazzi/paparazzi3new/var/v2/ap/ppm_hw.o
 .bss           0x400005e4        0x2 /home/paparazzi/paparazzi3new/var/v2/ap/downlink.o
                0x400005e5                telemetry_mode_Fbw
                0x400005e4                telemetry_mode_Ap
 *fill*         0x400005e6        0x2 00
 .bss           0x400005e8        0x4 /home/paparazzi/paparazzi3new/var/v2/ap/datalink.o
 .bss           0x400005ec        0x8 /home/paparazzi/paparazzi3new/var/v2/ap/aerocomm_new.o
                0x400005ec                aerocomm_payload_len
 .bss           0x400005f4       0x24 /home/paparazzi/paparazzi3new/var/v2/ap/inter_mcu.o
                0x400005f4                inter_mcu_received_ap
                0x400005f5                inter_mcu_received_fbw
 .bss           0x40000618       0x40 /home/paparazzi/paparazzi3new/var/v2/ap/adc_hw.o
 .bss           0x40000658        0x8 /home/paparazzi/paparazzi3new/var/v2/ap/gps_ubx.o
 .bss           0x40000660        0x8 /home/paparazzi/paparazzi3new/var/v2/ap/gps.o
 .bss           0x40000668       0xa4 /home/paparazzi/paparazzi3new/var/v2/ap/infrared.o
                0x40000668                calib_status
 .bss           0x4000070c       0x60 /home/paparazzi/paparazzi3new/var/v2/ap/nav.o
                0x40000719                nav_in_circle
                0x40000714                circle_bank
                0x4000070c                nav_pitch
                0x40000718                nav_in_segment
                0x40000710                altitude_shift
 .bss           0x4000076c       0x58 /home/paparazzi/paparazzi3new/var/v2/ap/fw_h_ctl.o
                0x4000076c                h_ctl_attitude_enabled
 .bss           0x400007c4       0x58 /home/paparazzi/paparazzi3new/var/v2/ap/fw_v_ctl.o
 .bss           0x4000081c       0x88 /home/paparazzi/paparazzi3new/var/v2/ap/gyro.o
 *(.gnu.linkonce.b*)
 *(COMMON)
 COMMON         0x400008a4        0x2 /home/paparazzi/paparazzi3new/var/v2/ap/sys_time.o
                0x400008a4                cpu_time_sec
 *fill*         0x400008a6        0x2 00
 COMMON         0x400008a8        0x4 /home/paparazzi/paparazzi3new/var/v2/ap/sys_time_hw.o
                0x400008a8                cpu_time_ticks
 COMMON         0x400008ac       0x46 /home/paparazzi/paparazzi3new/var/v2/ap/main_fbw.o
                0x400008ac                vsupply_adc_buf
                0x400008f0                fbw_vsupply_decivolt
                0x400008f1                fbw_mode
 *fill*         0x400008f2        0x2 00
 COMMON         0x400008f4      0x229 /home/paparazzi/paparazzi3new/var/v2/ap/main_ap.o
                0x400008f4                accel_az_neutral
                0x400008f8                rc_event_1
                0x400008fc                estimator_kalman_r_angle
                0x40000900                vdrop2throt_coeff
                0x40000904                accel_ay_scale
                0x40000908                estimator_kalman_phi
                0x4000090c                the_acs
                0x40000aec                estimator_kalman_q_gyro
                0x40000af0                last_pprz_mode
                0x40000af4                slider_2_val
                0x40000af8                estimator_kalman_theta
                0x40000afc                slider_1_val
                0x40000b00                estimator_kalman_q_angle
                0x40000b04                accel_az_scale
                0x40000b08                rc_event_2
                0x40000b0c                energy
                0x40000b10                accel_ay_neutral
                0x40000b14                accel_ax_scale
                0x40000b18                accel_ax_neutral
                0x40000b1c                vsupply
 *fill*         0x40000b1d        0x1 00
 COMMON         0x40000b1e        0x8 /home/paparazzi/paparazzi3new/var/v2/ap/commands.o
                0x40000b1e                commands
 COMMON         0x40000b26       0x12 /home/paparazzi/paparazzi3new/var/v2/ap/servos_4015_MAT_hw.o
                0x40000b26                servos_4015_idx
                0x40000b28                servos_values
 COMMON         0x40000b38        0xa /home/paparazzi/paparazzi3new/var/v2/ap/actuators.o
                0x40000b38                actuators
 *fill*         0x40000b42        0x2 00
 COMMON         0x40000b44       0x35 /home/paparazzi/paparazzi3new/var/v2/ap/radio_control.o
                0x40000b44                rc_status
                0x40000b45                time_since_last_ppm
                0x40000b46                ppm_cpt
                0x40000b48                rc_values
                0x40000b58                avg_rc_values
                0x40000b78                last_ppm_cpt
 *fill*         0x40000b79        0x1 00
 COMMON         0x40000b7a       0x11 /home/paparazzi/paparazzi3new/var/v2/ap/ppm_hw.o
                0x40000b7a                ppm_pulses
                0x40000b8a                ppm_valid
 COMMON         0x40000b8b        0x1 /home/paparazzi/paparazzi3new/var/v2/ap/downlink.o
                0x40000b8b                downlink_nb_ovrn
 COMMON         0x40000b8c      0x214 /home/paparazzi/paparazzi3new/var/v2/ap/uart_hw.o
                0x40000b8c                uart0_tx_buffer
                0x40000c0c                uart1_rx_insert_idx
                0x40000c0e                uart0_tx_insert_idx
                0x40000c10                uart1_tx_buffer
                0x40000c90                uart1_rx_buffer
                0x40000d10                uart0_rx_insert_idx
                0x40000d12                uart1_tx_running
                0x40000d14                uart0_tx_extract_idx
                0x40000d16                uart1_tx_insert_idx
                0x40000d18                uart1_rx_extract_idx
                0x40000d1a                uart0_tx_running
                0x40000d1b                uart0_rx_buffer
                0x40000d9c                uart1_tx_extract_idx
                0x40000d9e                uart0_rx_extract_idx
 COMMON         0x40000da0       0x84 /home/paparazzi/paparazzi3new/var/v2/ap/datalink.o
                0x40000da0                dl_msg_available
                0x40000da4                dl_buffer
 COMMON         0x40000e24      0x105 /home/paparazzi/paparazzi3new/var/v2/ap/aerocomm_new.o
                0x40000e24                aerocomm_rssi
                0x40000e25                aerocomm_cs
                0x40000e26                aerocomm_error
                0x40000e27                aerocomm_ovrn
                0x40000e28                aerocomm_payload
                0x40000f28                aerocomm_msg_received
 COMMON         0x40000f29        0x2 /home/paparazzi/paparazzi3new/var/v2/ap/inter_mcu.o
                0x40000f29                ap_ok
                0x40000f2a                time_since_last_ap
 *fill*         0x40000f2b        0x1 00
 COMMON         0x40000f2c      0x1a8 /home/paparazzi/paparazzi3new/var/v2/ap/gps_ubx.o
                0x40000f2c                ubx_msg_buf
                0x4000102c                gps_alt
                0x40001030                gps_climb
                0x40001032                gps_msg_received
                0x40001033                gps_nb_channels
                0x40001034                ubx_class
                0x40001035                ubx_id
                0x40001038                gps_utm_north
                0x4000103c                gps_utm_east
                0x40001040                gps_nb_ovrn
                0x40001042                gps_course
                0x40001044                send_ck_b
                0x40001046                gps_gspeed
                0x40001048                send_ck_a
                0x4000104c                gps_itow
                0x40001050                gps_pos_available
                0x40001051                gps_mode
                0x40001052                gps_utm_zone
                0x40001054                gps_svinfos
 COMMON         0x400010d4        0x2 /home/paparazzi/paparazzi3new/var/v2/ap/gps.o
                0x400010d4                last_gps_msg_t
 *fill*         0x400010d6        0x2 00
 COMMON         0x400010d8       0x54 /home/paparazzi/paparazzi3new/var/v2/ap/infrared.o
                0x400010d8                ir_correction_left
                0x400010dc                x2_dbg
                0x400010de                ir_top
                0x400010e0                ir_estimated_theta_pi_4
                0x400010e4                ir_pitch
                0x400010e8                estimator_rad_of_ir
                0x400010ec                ir_contrast
                0x400010f0                ir_rad_of_ir
                0x400010f4                ir_correction_down
                0x400010f8                estimator_ir
                0x400010fc                ir_pitch_neutral
                0x40001100                ir_estimated_phi_pi_4
                0x40001104                adc_pitch_neutral
                0x40001106                x1_dbg
                0x40001108                z_contrast_mode
                0x4000110c                ir_correction_right
                0x40001110                ir_estimated_theta_minus_pi_4
                0x40001114                estimator_rad
                0x40001118                ir_correction_up
                0x4000111c                ir_estimated_phi_minus_pi_4
                0x40001120                ir_roll
                0x40001124                ir_roll_neutral
                0x40001128                ir_360
                0x4000112a                adc_roll_neutral
 COMMON         0x4000112c       0x58 /home/paparazzi/paparazzi3new/var/v2/ap/estimator.o
                0x4000112c                estimator_z_dot
                0x40001130                estimator_flight_time
                0x40001134                estimator_psi
                0x40001138                estimator_z
                0x4000113c                estimator_az
                0x40001140                estimator_t
                0x40001144                wind_east
                0x40001148                estimator_ay
                0x4000114c                estimator_p
                0x40001150                estimator_theta
                0x40001154                estimator_hspeed_mod
                0x40001158                estimator_phi
                0x4000115c                estimator_r
                0x40001160                estimator_x
                0x40001164                estimator_range
                0x40001168                estimator_q
                0x4000116c                estimator_hspeed_dir
                0x40001170                wind_north
                0x40001174                estimator_ax
                0x40001178                alt_kalman_enabled
                0x4000117c                estimator_y
                0x40001180                estimator_range_dot
 COMMON         0x40001184       0x64 /home/paparazzi/paparazzi3new/var/v2/ap/nav.o
                0x40001184                nav_glide_pitch_trim
                0x40001188                dist2_to_wp
                0x4000118c                nav_segment_x_1
                0x40001190                desired_x
                0x40001194                nav_segment_x_2
                0x40001196                nav_circle_radius
                0x40001198                stage_time_ds
                0x4000119c                nav_throttle_setpoint
                0x400011a0                survey_south
                0x400011a4                desired_y
                0x400011a8                carrot_x
                0x400011ac                horizontal_mode
                0x400011ad                nav_block
                0x400011ae                nav_circle_y
                0x400011b0                too_far_from_home
                0x400011b4                rc_pitch
                0x400011b8                survey_north
                0x400011bc                dist2_to_home
                0x400011c0                survey_west
                0x400011c4                nav_stage
                0x400011c8                survey_east
                0x400011cc                nav_circle_x
                0x400011ce                nav_segment_y_2
                0x400011d0                nav_segment_y_1
                0x400011d4                ground_alt
                0x400011d8                carrot_y
                0x400011dc                stage_time
                0x400011de                block_time
                0x400011e0                nav_circle_trigo_qdr
                0x400011e4                flight_altitude
 COMMON         0x400011e8       0xec /home/paparazzi/paparazzi3new/var/v2/ap/fw_h_ctl.o
                0x400011e8                h_ctl_yaw_rate_mode
                0x400011ec                h_ctl_auto1_rate
                0x400011f0                h_ctl_course_setpoint
                0x400011f4                h_ctl_hi_aoa_pitch_rate_pgain
                0x400011f8                h_ctl_roll_rate_dgain
                0x400011fc                desired_pitch
                0x40001200                h_ctl_roll_rate_setpoint
                0x40001204                h_ctl_mid_aoa_pitch_rate_pgain
                0x40001208                desired_roll
                0x4000120c                h_ctl_rudder_setpoint
                0x40001210                h_ctl_roll_max_setpoint
                0x40001214                h_ctl_lo_throttle_yaw_rate_pgain
                0x40001218                h_ctl_lo_aoa_elevator_of_roll
                0x4000121c                h_ctl_course_pre_bank_correction
                0x40001220                h_ctl_lo_throttle_pitch_rate_pgain
                0x40001224                h_ctl_mid_aoa_yaw_rate_pgain
                0x40001228                h_ctl_pitch_rate_dgain
                0x4000122c                h_ctl_mid_aoa_roll_rate_pgain
                0x40001230                h_ctl_hi_throttle_pitch_rate_pgain
                0x40001234                h_ctl_elevator_setpoint
                0x40001238                h_ctl_roll_rate_igain
                0x4000123c                h_ctl_hi_aoa_yaw_rate_pgain
                0x40001240                h_ctl_hi_throttle_yaw_rate_pgain
                0x40001244                h_ctl_hi_aoa_roll_rate_pgain
                0x40001248                h_ctl_roll_rate_setpoint_pgain
                0x4000124c                h_ctl_hi_throttle_roll_rate_pgain
                0x40001250                h_ctl_aileron_of_throttle
                0x40001254                h_ctl_yaw_pgain
                0x40001258                h_ctl_aileron_setpoint
                0x4000125c                h_ctl_pitch_setpoint
                0x40001260                h_ctl_roll_rate_mode
                0x40001264                h_ctl_pitch_min_setpoint
                0x40001268                h_ctl_course_pgain
                0x4000126c                h_ctl_pitch_pgain
                0x40001270                h_ctl_course_pre_bank
                0x40001274                h_ctl_pitch_state_setpoint
                0x40001278                h_ctl_yaw_rate_dgain
                0x4000127c                h_ctl_pitch_max_setpoint
                0x40001280                h_ctl_pitch_rate_setpoint
                0x40001284                h_ctl_hi_aoa_elevator_of_roll
                0x40001288                h_ctl_lo_aoa_pitch_rate_pgain
                0x4000128c                h_ctl_yaw_dgain
                0x40001290                h_ctl_pitch_dgain
                0x40001294                h_ctl_lo_throttle_roll_rate_pgain
                0x40001298                h_ctl_yaw_rate_igain
                0x4000129c                h_ctl_pitch_rate_igain
                0x400012a0                h_ctl_pitch_rate_setpoint_pgain
                0x400012a4                h_ctl_yaw_setpoint
                0x400012a8                h_ctl_lo_aoa_roll_rate_pgain
                0x400012ac                h_ctl_yaw_rate_setpoint
                0x400012b0                h_ctl_lo_aoa_yaw_rate_pgain
                0x400012b4                h_ctl_mid_aoa_elevator_of_roll
                0x400012b8                h_ctl_disabled
                0x400012bc                h_ctl_roll_pgain
                0x400012c0                h_ctl_yaw_rate_setpoint_pgain
                0x400012c4                h_ctl_roll_setpoint
                0x400012c8                h_ctl_pitch_rate_mode
                0x400012cc                h_ctl_yaw_max_setpoint
                0x400012d0                h_ctl_elevator_of_roll
 COMMON         0x400012d4       0x60 /home/paparazzi/paparazzi3new/var/v2/ap/fw_v_ctl.o
                0x400012d4                v_ctl_auto_throttle_nominal_cruise_throttle
                0x400012d8                v_ctl_altitude_error
                0x400012dc                v_ctl_climb_mode
                0x400012e0                v_ctl_alt_sum_err
                0x400012e4                v_ctl_auto_throttle_submode
                0x400012e8                v_ctl_auto_throttle_pitch_of_vz_pgain
                0x400012ec                v_ctl_throttle_slew_
                0x400012f0                desc_throttle
                0x400012f4                v_ctl_auto_throttle_cruise_throttle_pgain
                0x400012f8                v_ctl_altitude_setpoint
                0x400012fc                v_ctl_mode
                0x40001300                v_ctl_auto_throttle_cruise_throttle
                0x40001304                v_ctl_altitude_pgain
                0x40001308                v_ctl_auto_pitch_pgain
                0x4000130c                v_ctl_auto_throttle_climb_throttle_increment
                0x40001310                v_ctl_auto_throttle_igain
                0x40001314                v_ctl_throttle_setpoint
                0x40001318                v_ctl_climb_setpoint
                0x4000131c                v_ctl_auto_pitch_igain
                0x40001320                v_ctl_altitude_pre_climb
                0x40001324                v_ctl_throttle_slewed
                0x40001328                climb_throttle
                0x4000132c                v_ctl_auto_throttle_pgain
                0x40001330                v_ctl_auto_pitch_sum_err
 COMMON         0x40001334       0x64 /home/paparazzi/paparazzi3new/var/v2/ap/gyro.o
                0x40001334                gyro_yaw_scale
                0x40001338                gyro_roll_scale
                0x4000133c                buf_roll
                0x40001380                gyro_pitch_adc
                0x40001384                gyro_roll_adc
                0x40001388                roll_rate_adc
                0x4000138c                gyro_yaw_adc
                0x40001390                gyro_pitch_scale
                0x40001394                yaw_rate_adc
                0x40001396                pitch_rate_adc
 COMMON         0x40001398        0x1 /home/paparazzi/paparazzi3new/var/v2/ap/gpio.o
                0x40001398                gpio1_status
                0x4000139c                . = ALIGN (0x4)
 *fill*         0x40001399        0x3 00
                0x4000139c                . = ALIGN (0x4)
                0x4000139c                __bss_end__ = .
                0x4000139c                PROVIDE (__bss_end, .)

.stack          0x40001400     0x1000
                0x40002400                . = (. + STACK_SIZE)
 *fill*         0x40001400     0x1000 00
                0x40002400                PROVIDE (_stack, .)
                0x40002400                _end = .
                0x40002400                PROVIDE (end, .)

.stab
 *(.stab)

.stabstr
 *(.stabstr)

.stab.excl
 *(.stab.excl)

.stab.exclstr
 *(.stab.exclstr)

.stab.index
 *(.stab.index)

.stab.indexstr
 *(.stab.indexstr)

.comment        0x00000000      0x34e
 *(.comment)
 .comment       0x00000000       0x12 /home/paparazzi/paparazzi3new/var/v2/ap/sys_time.o
 .comment       0x00000012       0x12 /home/paparazzi/paparazzi3new/var/v2/ap/sys_time_hw.o
 .comment       0x00000024       0x12 /home/paparazzi/paparazzi3new/var/v2/ap/armVIC.o
 .comment       0x00000036       0x12 /home/paparazzi/paparazzi3new/var/v2/ap/main_fbw.o
 .comment       0x00000048       0x12 /home/paparazzi/paparazzi3new/var/v2/ap/main_ap.o
 .comment       0x0000005a       0x12 /home/paparazzi/paparazzi3new/var/v2/ap/main.o
 .comment       0x0000006c       0x12 /home/paparazzi/paparazzi3new/var/v2/ap/commands.o
 .comment       0x0000007e       0x12 /home/paparazzi/paparazzi3new/var/v2/ap/servos_4015_MAT_hw.o
 .comment       0x00000090       0x12 /home/paparazzi/paparazzi3new/var/v2/ap/actuators.o
 .comment       0x000000a2       0x12 /home/paparazzi/paparazzi3new/var/v2/ap/radio_control.o
 .comment       0x000000b4       0x12 /home/paparazzi/paparazzi3new/var/v2/ap/ppm_hw.o
 .comment       0x000000c6       0x12 /home/paparazzi/paparazzi3new/var/v2/ap/downlink.o
 .comment       0x000000d8       0x12 /home/paparazzi/paparazzi3new/var/v2/ap/uart_hw.o
 .comment       0x000000ea       0x12 /home/paparazzi/paparazzi3new/var/v2/ap/datalink.o
 .comment       0x000000fc       0x12 /home/paparazzi/paparazzi3new/var/v2/ap/aerocomm_new.o
 .comment       0x0000010e       0x12 /home/paparazzi/paparazzi3new/var/v2/ap/traffic_info.o
 .comment       0x00000120       0x12 /home/paparazzi/paparazzi3new/var/v2/ap/inter_mcu.o
 .comment       0x00000132       0x12 /home/paparazzi/paparazzi3new/var/v2/ap/adc_hw.o
 .comment       0x00000144       0x12 /home/paparazzi/paparazzi3new/var/v2/ap/gps_ubx.o
 .comment       0x00000156       0x12 /home/paparazzi/paparazzi3new/var/v2/ap/gps.o
 .comment       0x00000168       0x12 /home/paparazzi/paparazzi3new/var/v2/ap/infrared.o
 .comment       0x0000017a       0x12 /home/paparazzi/paparazzi3new/var/v2/ap/estimator.o
 .comment       0x0000018c       0x12 /home/paparazzi/paparazzi3new/var/v2/ap/nav.o
 .comment       0x0000019e       0x12 /home/paparazzi/paparazzi3new/var/v2/ap/fw_h_ctl.o
 .comment       0x000001b0       0x12 /home/paparazzi/paparazzi3new/var/v2/ap/fw_v_ctl.o
 .comment       0x000001c2       0x12 /home/paparazzi/paparazzi3new/var/v2/ap/gyro.o
 .comment       0x000001d4       0x12 /home/paparazzi/paparazzi3new/var/v2/ap/gpio.o
 .comment       0x000001e6       0x12 /usr/lib/gcc/arm-elf/3.4.4/../../../../arm-elf/lib/thumb/interwork/libm.a(s_atan.o)
 .comment       0x000001f8       0x12 /usr/lib/gcc/arm-elf/3.4.4/../../../../arm-elf/lib/thumb/interwork/libm.a(s_cos.o)
 .comment       0x0000020a       0x12 /usr/lib/gcc/arm-elf/3.4.4/../../../../arm-elf/lib/thumb/interwork/libm.a(s_fabs.o)
 .comment       0x0000021c       0x12 /usr/lib/gcc/arm-elf/3.4.4/../../../../arm-elf/lib/thumb/interwork/libm.a(s_sin.o)
 .comment       0x0000022e       0x12 /usr/lib/gcc/arm-elf/3.4.4/../../../../arm-elf/lib/thumb/interwork/libm.a(w_atan2.o)
 .comment       0x00000240       0x12 /usr/lib/gcc/arm-elf/3.4.4/../../../../arm-elf/lib/thumb/interwork/libm.a(w_sqrt.o)
 .comment       0x00000252       0x12 /usr/lib/gcc/arm-elf/3.4.4/../../../../arm-elf/lib/thumb/interwork/libm.a(e_atan2.o)
 .comment       0x00000264       0x12 /usr/lib/gcc/arm-elf/3.4.4/../../../../arm-elf/lib/thumb/interwork/libm.a(e_rem_pio2.o)
 .comment       0x00000276       0x12 /usr/lib/gcc/arm-elf/3.4.4/../../../../arm-elf/lib/thumb/interwork/libm.a(e_sqrt.o)
 .comment       0x00000288       0x12 /usr/lib/gcc/arm-elf/3.4.4/../../../../arm-elf/lib/thumb/interwork/libm.a(k_cos.o)
 .comment       0x0000029a       0x12 /usr/lib/gcc/arm-elf/3.4.4/../../../../arm-elf/lib/thumb/interwork/libm.a(k_rem_pio2.o)
 .comment       0x000002ac       0x12 /usr/lib/gcc/arm-elf/3.4.4/../../../../arm-elf/lib/thumb/interwork/libm.a(k_sin.o)
 .comment       0x000002be       0x12 /usr/lib/gcc/arm-elf/3.4.4/../../../../arm-elf/lib/thumb/interwork/libm.a(s_floor.o)
 .comment       0x000002d0       0x12 /usr/lib/gcc/arm-elf/3.4.4/../../../../arm-elf/lib/thumb/interwork/libm.a(s_isnan.o)
 .comment       0x000002e2       0x12 /usr/lib/gcc/arm-elf/3.4.4/../../../../arm-elf/lib/thumb/interwork/libm.a(s_lib_ver.o)
 .comment       0x000002f4       0x12 /usr/lib/gcc/arm-elf/3.4.4/../../../../arm-elf/lib/thumb/interwork/libm.a(s_matherr.o)
 .comment       0x00000306       0x12 /usr/lib/gcc/arm-elf/3.4.4/../../../../arm-elf/lib/thumb/interwork/libm.a(s_scalbn.o)
 .comment       0x00000318       0x12 /usr/lib/gcc/arm-elf/3.4.4/../../../../arm-elf/lib/thumb/interwork/libm.a(s_copysign.o)
 .comment       0x0000032a       0x12 /usr/lib/gcc/arm-elf/3.4.4/../../../../arm-elf/lib/thumb/interwork/libc.a(errno.o)
 .comment       0x0000033c       0x12 /usr/lib/gcc/arm-elf/3.4.4/../../../../arm-elf/lib/thumb/interwork/libc.a(impure.o)

.debug
 *(.debug)

.line
 *(.line)

.debug_srcinfo
 *(.debug_srcinfo)

.debug_sfnames
 *(.debug_sfnames)

.debug_aranges  0x00000000      0x240
 *(.debug_aranges)
 .debug_aranges
                0x00000000       0x20 /usr/lib/gcc/arm-elf/3.4.4/../../../../arm-elf/lib/thumb/interwork/libm.a(s_atan.o)
 .debug_aranges
                0x00000020       0x20 /usr/lib/gcc/arm-elf/3.4.4/../../../../arm-elf/lib/thumb/interwork/libm.a(s_cos.o)
 .debug_aranges
                0x00000040       0x20 /usr/lib/gcc/arm-elf/3.4.4/../../../../arm-elf/lib/thumb/interwork/libm.a(s_fabs.o)
 .debug_aranges
                0x00000060       0x20 /usr/lib/gcc/arm-elf/3.4.4/../../../../arm-elf/lib/thumb/interwork/libm.a(s_sin.o)
 .debug_aranges
                0x00000080       0x20 /usr/lib/gcc/arm-elf/3.4.4/../../../../arm-elf/lib/thumb/interwork/libm.a(w_atan2.o)
 .debug_aranges
                0x000000a0       0x20 /usr/lib/gcc/arm-elf/3.4.4/../../../../arm-elf/lib/thumb/interwork/libm.a(w_sqrt.o)
 .debug_aranges
                0x000000c0       0x20 /usr/lib/gcc/arm-elf/3.4.4/../../../../arm-elf/lib/thumb/interwork/libm.a(e_atan2.o)
 .debug_aranges
                0x000000e0       0x20 /usr/lib/gcc/arm-elf/3.4.4/../../../../arm-elf/lib/thumb/interwork/libm.a(e_rem_pio2.o)
 .debug_aranges
                0x00000100       0x20 /usr/lib/gcc/arm-elf/3.4.4/../../../../arm-elf/lib/thumb/interwork/libm.a(e_sqrt.o)
 .debug_aranges
                0x00000120       0x20 /usr/lib/gcc/arm-elf/3.4.4/../../../../arm-elf/lib/thumb/interwork/libm.a(k_cos.o)
 .debug_aranges
                0x00000140       0x20 /usr/lib/gcc/arm-elf/3.4.4/../../../../arm-elf/lib/thumb/interwork/libm.a(k_rem_pio2.o)
 .debug_aranges
                0x00000160       0x20 /usr/lib/gcc/arm-elf/3.4.4/../../../../arm-elf/lib/thumb/interwork/libm.a(k_sin.o)
 .debug_aranges
                0x00000180       0x20 /usr/lib/gcc/arm-elf/3.4.4/../../../../arm-elf/lib/thumb/interwork/libm.a(s_floor.o)
 .debug_aranges
                0x000001a0       0x20 /usr/lib/gcc/arm-elf/3.4.4/../../../../arm-elf/lib/thumb/interwork/libm.a(s_isnan.o)
 .debug_aranges
                0x000001c0       0x20 /usr/lib/gcc/arm-elf/3.4.4/../../../../arm-elf/lib/thumb/interwork/libm.a(s_matherr.o)
 .debug_aranges
                0x000001e0       0x20 /usr/lib/gcc/arm-elf/3.4.4/../../../../arm-elf/lib/thumb/interwork/libm.a(s_scalbn.o)
 .debug_aranges
                0x00000200       0x20 /usr/lib/gcc/arm-elf/3.4.4/../../../../arm-elf/lib/thumb/interwork/libm.a(s_copysign.o)
 .debug_aranges
                0x00000220       0x20 /usr/lib/gcc/arm-elf/3.4.4/../../../../arm-elf/lib/thumb/interwork/libc.a(errno.o)

.debug_pubnames
                0x00000000      0x292
 *(.debug_pubnames)
 .debug_pubnames
                0x00000000       0x1b /usr/lib/gcc/arm-elf/3.4.4/../../../../arm-elf/lib/thumb/interwork/libm.a(s_atan.o)
 .debug_pubnames
                0x0000001b       0x1a /usr/lib/gcc/arm-elf/3.4.4/../../../../arm-elf/lib/thumb/interwork/libm.a(s_cos.o)
 .debug_pubnames
                0x00000035       0x1b /usr/lib/gcc/arm-elf/3.4.4/../../../../arm-elf/lib/thumb/interwork/libm.a(s_fabs.o)
 .debug_pubnames
                0x00000050       0x1a /usr/lib/gcc/arm-elf/3.4.4/../../../../arm-elf/lib/thumb/interwork/libm.a(s_sin.o)
 .debug_pubnames
                0x0000006a       0x1c /usr/lib/gcc/arm-elf/3.4.4/../../../../arm-elf/lib/thumb/interwork/libm.a(w_atan2.o)
 .debug_pubnames
                0x00000086       0x1b /usr/lib/gcc/arm-elf/3.4.4/../../../../arm-elf/lib/thumb/interwork/libm.a(w_sqrt.o)
 .debug_pubnames
                0x000000a1       0x26 /usr/lib/gcc/arm-elf/3.4.4/../../../../arm-elf/lib/thumb/interwork/libm.a(e_atan2.o)
 .debug_pubnames
                0x000000c7       0x29 /usr/lib/gcc/arm-elf/3.4.4/../../../../arm-elf/lib/thumb/interwork/libm.a(e_rem_pio2.o)
 .debug_pubnames
                0x000000f0       0x25 /usr/lib/gcc/arm-elf/3.4.4/../../../../arm-elf/lib/thumb/interwork/libm.a(e_sqrt.o)
 .debug_pubnames
                0x00000115       0x23 /usr/lib/gcc/arm-elf/3.4.4/../../../../arm-elf/lib/thumb/interwork/libm.a(k_cos.o)
 .debug_pubnames
                0x00000138       0x28 /usr/lib/gcc/arm-elf/3.4.4/../../../../arm-elf/lib/thumb/interwork/libm.a(k_rem_pio2.o)
 .debug_pubnames
                0x00000160       0x23 /usr/lib/gcc/arm-elf/3.4.4/../../../../arm-elf/lib/thumb/interwork/libm.a(k_sin.o)
 .debug_pubnames
                0x00000183       0x1c /usr/lib/gcc/arm-elf/3.4.4/../../../../arm-elf/lib/thumb/interwork/libm.a(s_floor.o)
 .debug_pubnames
                0x0000019f       0x1c /usr/lib/gcc/arm-elf/3.4.4/../../../../arm-elf/lib/thumb/interwork/libm.a(s_isnan.o)
 .debug_pubnames
                0x000001bb       0x26 /usr/lib/gcc/arm-elf/3.4.4/../../../../arm-elf/lib/thumb/interwork/libm.a(s_lib_ver.o)
 .debug_pubnames
                0x000001e1       0x1e /usr/lib/gcc/arm-elf/3.4.4/../../../../arm-elf/lib/thumb/interwork/libm.a(s_matherr.o)
 .debug_pubnames
                0x000001ff       0x1d /usr/lib/gcc/arm-elf/3.4.4/../../../../arm-elf/lib/thumb/interwork/libm.a(s_scalbn.o)
 .debug_pubnames
                0x0000021c       0x1f /usr/lib/gcc/arm-elf/3.4.4/../../../../arm-elf/lib/thumb/interwork/libm.a(s_copysign.o)
 .debug_pubnames
                0x0000023b       0x1e /usr/lib/gcc/arm-elf/3.4.4/../../../../arm-elf/lib/thumb/interwork/libc.a(errno.o)
 .debug_pubnames
                0x00000259       0x39 /usr/lib/gcc/arm-elf/3.4.4/../../../../arm-elf/lib/thumb/interwork/libc.a(impure.o)

.debug_info     0x00000000     0x314a
 *(.debug_info .gnu.linkonce.wi.*)
 .debug_info    0x00000000      0x25d /usr/lib/gcc/arm-elf/3.4.4/../../../../arm-elf/lib/thumb/interwork/libm.a(s_atan.o)
 .debug_info    0x0000025d       0xee /usr/lib/gcc/arm-elf/3.4.4/../../../../arm-elf/lib/thumb/interwork/libm.a(s_cos.o)
 .debug_info    0x0000034b      0x151 /usr/lib/gcc/arm-elf/3.4.4/../../../../arm-elf/lib/thumb/interwork/libm.a(s_fabs.o)
 .debug_info    0x0000049c       0xee /usr/lib/gcc/arm-elf/3.4.4/../../../../arm-elf/lib/thumb/interwork/libm.a(s_sin.o)
 .debug_info    0x0000058a      0x17e /usr/lib/gcc/arm-elf/3.4.4/../../../../arm-elf/lib/thumb/interwork/libm.a(w_atan2.o)
 .debug_info    0x00000708      0x172 /usr/lib/gcc/arm-elf/3.4.4/../../../../arm-elf/lib/thumb/interwork/libm.a(w_sqrt.o)
 .debug_info    0x0000087a      0x29b /usr/lib/gcc/arm-elf/3.4.4/../../../../arm-elf/lib/thumb/interwork/libm.a(e_atan2.o)
 .debug_info    0x00000b15      0x390 /usr/lib/gcc/arm-elf/3.4.4/../../../../arm-elf/lib/thumb/interwork/libm.a(e_rem_pio2.o)
 .debug_info    0x00000ea5      0x211 /usr/lib/gcc/arm-elf/3.4.4/../../../../arm-elf/lib/thumb/interwork/libm.a(e_sqrt.o)
 .debug_info    0x000010b6      0x20c /usr/lib/gcc/arm-elf/3.4.4/../../../../arm-elf/lib/thumb/interwork/libm.a(k_cos.o)
 .debug_info    0x000012c2      0x2c0 /usr/lib/gcc/arm-elf/3.4.4/../../../../arm-elf/lib/thumb/interwork/libm.a(k_rem_pio2.o)
 .debug_info    0x00001582      0x18b /usr/lib/gcc/arm-elf/3.4.4/../../../../arm-elf/lib/thumb/interwork/libm.a(k_sin.o)
 .debug_info    0x0000170d      0x1a0 /usr/lib/gcc/arm-elf/3.4.4/../../../../arm-elf/lib/thumb/interwork/libm.a(s_floor.o)
 .debug_info    0x000018ad      0x147 /usr/lib/gcc/arm-elf/3.4.4/../../../../arm-elf/lib/thumb/interwork/libm.a(s_isnan.o)
 .debug_info    0x000019f4       0xbe /usr/lib/gcc/arm-elf/3.4.4/../../../../arm-elf/lib/thumb/interwork/libm.a(s_lib_ver.o)
 .debug_info    0x00001ab2      0x125 /usr/lib/gcc/arm-elf/3.4.4/../../../../arm-elf/lib/thumb/interwork/libm.a(s_matherr.o)
 .debug_info    0x00001bd7      0x1f4 /usr/lib/gcc/arm-elf/3.4.4/../../../../arm-elf/lib/thumb/interwork/libm.a(s_scalbn.o)
 .debug_info    0x00001dcb      0x14a /usr/lib/gcc/arm-elf/3.4.4/../../../../arm-elf/lib/thumb/interwork/libm.a(s_copysign.o)
 .debug_info    0x00001f15      0x913 /usr/lib/gcc/arm-elf/3.4.4/../../../../arm-elf/lib/thumb/interwork/libc.a(errno.o)
 .debug_info    0x00002828      0x922 /usr/lib/gcc/arm-elf/3.4.4/../../../../arm-elf/lib/thumb/interwork/libc.a(impure.o)

.debug_abbrev   0x00000000     0x113f
 *(.debug_abbrev)
 .debug_abbrev  0x00000000      0x11f /usr/lib/gcc/arm-elf/3.4.4/../../../../arm-elf/lib/thumb/interwork/libm.a(s_atan.o)
 .debug_abbrev  0x0000011f       0x8b /usr/lib/gcc/arm-elf/3.4.4/../../../../arm-elf/lib/thumb/interwork/libm.a(s_cos.o)
 .debug_abbrev  0x000001aa       0xd0 /usr/lib/gcc/arm-elf/3.4.4/../../../../arm-elf/lib/thumb/interwork/libm.a(s_fabs.o)
 .debug_abbrev  0x0000027a       0x8b /usr/lib/gcc/arm-elf/3.4.4/../../../../arm-elf/lib/thumb/interwork/libm.a(s_sin.o)
 .debug_abbrev  0x00000305       0xc7 /usr/lib/gcc/arm-elf/3.4.4/../../../../arm-elf/lib/thumb/interwork/libm.a(w_atan2.o)
 .debug_abbrev  0x000003cc       0xc7 /usr/lib/gcc/arm-elf/3.4.4/../../../../arm-elf/lib/thumb/interwork/libm.a(w_sqrt.o)
 .debug_abbrev  0x00000493      0x10f /usr/lib/gcc/arm-elf/3.4.4/../../../../arm-elf/lib/thumb/interwork/libm.a(e_atan2.o)
 .debug_abbrev  0x000005a2      0x128 /usr/lib/gcc/arm-elf/3.4.4/../../../../arm-elf/lib/thumb/interwork/libm.a(e_rem_pio2.o)
 .debug_abbrev  0x000006ca      0x104 /usr/lib/gcc/arm-elf/3.4.4/../../../../arm-elf/lib/thumb/interwork/libm.a(e_sqrt.o)
 .debug_abbrev  0x000007ce       0xea /usr/lib/gcc/arm-elf/3.4.4/../../../../arm-elf/lib/thumb/interwork/libm.a(k_cos.o)
 .debug_abbrev  0x000008b8       0xe6 /usr/lib/gcc/arm-elf/3.4.4/../../../../arm-elf/lib/thumb/interwork/libm.a(k_rem_pio2.o)
 .debug_abbrev  0x0000099e       0x93 /usr/lib/gcc/arm-elf/3.4.4/../../../../arm-elf/lib/thumb/interwork/libm.a(k_sin.o)
 .debug_abbrev  0x00000a31       0xe8 /usr/lib/gcc/arm-elf/3.4.4/../../../../arm-elf/lib/thumb/interwork/libm.a(s_floor.o)
 .debug_abbrev  0x00000b19       0xd4 /usr/lib/gcc/arm-elf/3.4.4/../../../../arm-elf/lib/thumb/interwork/libm.a(s_isnan.o)
 .debug_abbrev  0x00000bed       0x5a /usr/lib/gcc/arm-elf/3.4.4/../../../../arm-elf/lib/thumb/interwork/libm.a(s_lib_ver.o)
 .debug_abbrev  0x00000c47       0x95 /usr/lib/gcc/arm-elf/3.4.4/../../../../arm-elf/lib/thumb/interwork/libm.a(s_matherr.o)
 .debug_abbrev  0x00000cdc       0xe8 /usr/lib/gcc/arm-elf/3.4.4/../../../../arm-elf/lib/thumb/interwork/libm.a(s_scalbn.o)
 .debug_abbrev  0x00000dc4       0xc5 /usr/lib/gcc/arm-elf/3.4.4/../../../../arm-elf/lib/thumb/interwork/libm.a(s_copysign.o)
 .debug_abbrev  0x00000e89      0x15f /usr/lib/gcc/arm-elf/3.4.4/../../../../arm-elf/lib/thumb/interwork/libc.a(errno.o)
 .debug_abbrev  0x00000fe8      0x157 /usr/lib/gcc/arm-elf/3.4.4/../../../../arm-elf/lib/thumb/interwork/libc.a(impure.o)

.debug_line     0x00000000     0x13e0
 *(.debug_line)
 .debug_line    0x00000000      0x137 /usr/lib/gcc/arm-elf/3.4.4/../../../../arm-elf/lib/thumb/interwork/libm.a(s_atan.o)
 .debug_line    0x00000137       0xcc /usr/lib/gcc/arm-elf/3.4.4/../../../../arm-elf/lib/thumb/interwork/libm.a(s_cos.o)
 .debug_line    0x00000203       0xf3 /usr/lib/gcc/arm-elf/3.4.4/../../../../arm-elf/lib/thumb/interwork/libm.a(s_fabs.o)
 .debug_line    0x000002f6       0xcc /usr/lib/gcc/arm-elf/3.4.4/../../../../arm-elf/lib/thumb/interwork/libm.a(s_sin.o)
 .debug_line    0x000003c2       0xca /usr/lib/gcc/arm-elf/3.4.4/../../../../arm-elf/lib/thumb/interwork/libm.a(w_atan2.o)
 .debug_line    0x0000048c       0xc9 /usr/lib/gcc/arm-elf/3.4.4/../../../../arm-elf/lib/thumb/interwork/libm.a(w_sqrt.o)
 .debug_line    0x00000555      0x14c /usr/lib/gcc/arm-elf/3.4.4/../../../../arm-elf/lib/thumb/interwork/libm.a(e_atan2.o)
 .debug_line    0x000006a1      0x17c /usr/lib/gcc/arm-elf/3.4.4/../../../../arm-elf/lib/thumb/interwork/libm.a(e_rem_pio2.o)
 .debug_line    0x0000081d      0x163 /usr/lib/gcc/arm-elf/3.4.4/../../../../arm-elf/lib/thumb/interwork/libm.a(e_sqrt.o)
 .debug_line    0x00000980      0x115 /usr/lib/gcc/arm-elf/3.4.4/../../../../arm-elf/lib/thumb/interwork/libm.a(k_cos.o)
 .debug_line    0x00000a95      0x187 /usr/lib/gcc/arm-elf/3.4.4/../../../../arm-elf/lib/thumb/interwork/libm.a(k_rem_pio2.o)
 .debug_line    0x00000c1c       0xc6 /usr/lib/gcc/arm-elf/3.4.4/../../../../arm-elf/lib/thumb/interwork/libm.a(k_sin.o)
 .debug_line    0x00000ce2      0x12a /usr/lib/gcc/arm-elf/3.4.4/../../../../arm-elf/lib/thumb/interwork/libm.a(s_floor.o)
 .debug_line    0x00000e0c       0xfb /usr/lib/gcc/arm-elf/3.4.4/../../../../arm-elf/lib/thumb/interwork/libm.a(s_isnan.o)
 .debug_line    0x00000f07       0xa0 /usr/lib/gcc/arm-elf/3.4.4/../../../../arm-elf/lib/thumb/interwork/libm.a(s_lib_ver.o)
 .debug_line    0x00000fa7       0xb0 /usr/lib/gcc/arm-elf/3.4.4/../../../../arm-elf/lib/thumb/interwork/libm.a(s_matherr.o)
 .debug_line    0x00001057       0xeb /usr/lib/gcc/arm-elf/3.4.4/../../../../arm-elf/lib/thumb/interwork/libm.a(s_scalbn.o)
 .debug_line    0x00001142       0xc4 /usr/lib/gcc/arm-elf/3.4.4/../../../../arm-elf/lib/thumb/interwork/libm.a(s_copysign.o)
 .debug_line    0x00001206       0xf4 /usr/lib/gcc/arm-elf/3.4.4/../../../../arm-elf/lib/thumb/interwork/libc.a(errno.o)
 .debug_line    0x000012fa       0xe6 /usr/lib/gcc/arm-elf/3.4.4/../../../../arm-elf/lib/thumb/interwork/libc.a(impure.o)

.debug_frame    0x00000000      0x388
 *(.debug_frame)
 .debug_frame   0x00000000       0x38 /usr/lib/gcc/arm-elf/3.4.4/../../../../arm-elf/lib/thumb/interwork/libm.a(s_atan.o)
 .debug_frame   0x00000038       0x30 /usr/lib/gcc/arm-elf/3.4.4/../../../../arm-elf/lib/thumb/interwork/libm.a(s_cos.o)
 .debug_frame   0x00000068       0x28 /usr/lib/gcc/arm-elf/3.4.4/../../../../arm-elf/lib/thumb/interwork/libm.a(s_fabs.o)
 .debug_frame   0x00000090       0x30 /usr/lib/gcc/arm-elf/3.4.4/../../../../arm-elf/lib/thumb/interwork/libm.a(s_sin.o)
 .debug_frame   0x000000c0       0x38 /usr/lib/gcc/arm-elf/3.4.4/../../../../arm-elf/lib/thumb/interwork/libm.a(w_atan2.o)
 .debug_frame   0x000000f8       0x38 /usr/lib/gcc/arm-elf/3.4.4/../../../../arm-elf/lib/thumb/interwork/libm.a(w_sqrt.o)
 .debug_frame   0x00000130       0x38 /usr/lib/gcc/arm-elf/3.4.4/../../../../arm-elf/lib/thumb/interwork/libm.a(e_atan2.o)
 .debug_frame   0x00000168       0x3c /usr/lib/gcc/arm-elf/3.4.4/../../../../arm-elf/lib/thumb/interwork/libm.a(e_rem_pio2.o)
 .debug_frame   0x000001a4       0x3c /usr/lib/gcc/arm-elf/3.4.4/../../../../arm-elf/lib/thumb/interwork/libm.a(e_sqrt.o)
 .debug_frame   0x000001e0       0x38 /usr/lib/gcc/arm-elf/3.4.4/../../../../arm-elf/lib/thumb/interwork/libm.a(k_cos.o)
 .debug_frame   0x00000218       0x40 /usr/lib/gcc/arm-elf/3.4.4/../../../../arm-elf/lib/thumb/interwork/libm.a(k_rem_pio2.o)
 .debug_frame   0x00000258       0x30 /usr/lib/gcc/arm-elf/3.4.4/../../../../arm-elf/lib/thumb/interwork/libm.a(k_sin.o)
 .debug_frame   0x00000288       0x38 /usr/lib/gcc/arm-elf/3.4.4/../../../../arm-elf/lib/thumb/interwork/libm.a(s_floor.o)
 .debug_frame   0x000002c0       0x28 /usr/lib/gcc/arm-elf/3.4.4/../../../../arm-elf/lib/thumb/interwork/libm.a(s_isnan.o)
 .debug_frame   0x000002e8       0x20 /usr/lib/gcc/arm-elf/3.4.4/../../../../arm-elf/lib/thumb/interwork/libm.a(s_matherr.o)
 .debug_frame   0x00000308       0x34 /usr/lib/gcc/arm-elf/3.4.4/../../../../arm-elf/lib/thumb/interwork/libm.a(s_scalbn.o)
 .debug_frame   0x0000033c       0x2c /usr/lib/gcc/arm-elf/3.4.4/../../../../arm-elf/lib/thumb/interwork/libm.a(s_copysign.o)
 .debug_frame   0x00000368       0x20 /usr/lib/gcc/arm-elf/3.4.4/../../../../arm-elf/lib/thumb/interwork/libc.a(errno.o)

.debug_str      0x00000000      0xbad
 *(.debug_str)
 .debug_str     0x00000000      0x148 /usr/lib/gcc/arm-elf/3.4.4/../../../../arm-elf/lib/thumb/interwork/libm.a(s_atan.o)
                                0x17b (size before relaxing)
 .debug_str     0x00000148       0x32 /usr/lib/gcc/arm-elf/3.4.4/../../../../arm-elf/lib/thumb/interwork/libm.a(s_cos.o)
                                0x12a (size before relaxing)
 .debug_str     0x0000017a       0x42 /usr/lib/gcc/arm-elf/3.4.4/../../../../arm-elf/lib/thumb/interwork/libm.a(s_fabs.o)
                                0x163 (size before relaxing)
 .debug_str     0x000001bc       0x32 /usr/lib/gcc/arm-elf/3.4.4/../../../../arm-elf/lib/thumb/interwork/libm.a(s_sin.o)
                                0x12a (size before relaxing)
 .debug_str     0x000001ee       0xaf /usr/lib/gcc/arm-elf/3.4.4/../../../../arm-elf/lib/thumb/interwork/libm.a(w_atan2.o)
                                0x1a8 (size before relaxing)
 .debug_str     0x0000029d       0x33 /usr/lib/gcc/arm-elf/3.4.4/../../../../arm-elf/lib/thumb/interwork/libm.a(w_sqrt.o)
                                0x1a6 (size before relaxing)
 .debug_str     0x000002d0       0x67 /usr/lib/gcc/arm-elf/3.4.4/../../../../arm-elf/lib/thumb/interwork/libm.a(e_atan2.o)
                                0x197 (size before relaxing)
 .debug_str     0x00000337       0xa4 /usr/lib/gcc/arm-elf/3.4.4/../../../../arm-elf/lib/thumb/interwork/libm.a(e_rem_pio2.o)
                                0x1e3 (size before relaxing)
 .debug_str     0x000003db       0x47 /usr/lib/gcc/arm-elf/3.4.4/../../../../arm-elf/lib/thumb/interwork/libm.a(e_sqrt.o)
                                0x17c (size before relaxing)
 .debug_str     0x00000422       0x3f /usr/lib/gcc/arm-elf/3.4.4/../../../../arm-elf/lib/thumb/interwork/libm.a(k_cos.o)
                                0x16a (size before relaxing)
 .debug_str     0x00000461       0x78 /usr/lib/gcc/arm-elf/3.4.4/../../../../arm-elf/lib/thumb/interwork/libm.a(k_rem_pio2.o)
                                0x17b (size before relaxing)
 .debug_str     0x000004d9       0x3f /usr/lib/gcc/arm-elf/3.4.4/../../../../arm-elf/lib/thumb/interwork/libm.a(k_sin.o)
                                0x13c (size before relaxing)
 .debug_str     0x00000518       0x3a /usr/lib/gcc/arm-elf/3.4.4/../../../../arm-elf/lib/thumb/interwork/libm.a(s_floor.o)
                                0x16f (size before relaxing)
 .debug_str     0x00000552       0x3a /usr/lib/gcc/arm-elf/3.4.4/../../../../arm-elf/lib/thumb/interwork/libm.a(s_isnan.o)
                                0x165 (size before relaxing)
 .debug_str     0x0000058c       0x92 /usr/lib/gcc/arm-elf/3.4.4/../../../../arm-elf/lib/thumb/interwork/libm.a(s_lib_ver.o)
                                0x183 (size before relaxing)
 .debug_str     0x0000061e       0x40 /usr/lib/gcc/arm-elf/3.4.4/../../../../arm-elf/lib/thumb/interwork/libm.a(s_matherr.o)
                                0x155 (size before relaxing)
 .debug_str     0x0000065e       0x4b /usr/lib/gcc/arm-elf/3.4.4/../../../../arm-elf/lib/thumb/interwork/libm.a(s_scalbn.o)
                                0x187 (size before relaxing)
 .debug_str     0x000006a9       0x42 /usr/lib/gcc/arm-elf/3.4.4/../../../../arm-elf/lib/thumb/interwork/libm.a(s_copysign.o)
                                0x165 (size before relaxing)
 .debug_str     0x000006eb      0x416 /usr/lib/gcc/arm-elf/3.4.4/../../../../arm-elf/lib/thumb/interwork/libc.a(errno.o)
                                0x4be (size before relaxing)
 .debug_str     0x00000b01       0xac /usr/lib/gcc/arm-elf/3.4.4/../../../../arm-elf/lib/thumb/interwork/libc.a(impure.o)
                                0x4d6 (size before relaxing)

.debug_loc
 *(.debug_loc)

.debug_macinfo
 *(.debug_macinfo)

.debug_weaknames
 *(.debug_weaknames)

.debug_funcnames
 *(.debug_funcnames)

.debug_typenames
 *(.debug_typenames)

.debug_varnames
 *(.debug_varnames)
OUTPUT(/home/paparazzi/paparazzi3new/var/v2/ap/ap.elf elf32-littlearm)

.debug_ranges   0x00000000       0xc8
 .debug_ranges  0x00000000       0x28 /usr/lib/gcc/arm-elf/3.4.4/../../../../arm-elf/lib/thumb/interwork/libm.a(s_atan.o)
 .debug_ranges  0x00000028       0x20 /usr/lib/gcc/arm-elf/3.4.4/../../../../arm-elf/lib/thumb/interwork/libm.a(e_atan2.o)
 .debug_ranges  0x00000048       0x18 /usr/lib/gcc/arm-elf/3.4.4/../../../../arm-elf/lib/thumb/interwork/libm.a(e_rem_pio2.o)
 .debug_ranges  0x00000060       0x18 /usr/lib/gcc/arm-elf/3.4.4/../../../../arm-elf/lib/thumb/interwork/libm.a(e_sqrt.o)
 .debug_ranges  0x00000078       0x18 /usr/lib/gcc/arm-elf/3.4.4/../../../../arm-elf/lib/thumb/interwork/libm.a(k_cos.o)
 .debug_ranges  0x00000090       0x20 /usr/lib/gcc/arm-elf/3.4.4/../../../../arm-elf/lib/thumb/interwork/libm.a(s_floor.o)
 .debug_ranges  0x000000b0       0x18 /usr/lib/gcc/arm-elf/3.4.4/../../../../arm-elf/lib/thumb/interwork/libm.a(s_scalbn.o)

Cross Reference Table

Symbol                                            File
TIMER0_ISR                                        /home/paparazzi/paparazzi3new/var/v2/ap/sys_time_hw.o
                                                  /home/paparazzi/paparazzi3new/var/v2/ap/main_fbw.o
____adddf3_change_to_arm                          /usr/lib/gcc/arm-elf/3.4.4/thumb/interwork/libgcc.a(_fixunssfsi.o)
____adddf3_from_thumb                             /usr/lib/gcc/arm-elf/3.4.4/thumb/interwork/libgcc.a(_fixunssfsi.o)
____divdf3_change_to_arm                          /usr/lib/gcc/arm-elf/3.4.4/thumb/interwork/libgcc.a(_fixunssfsi.o)
____divdf3_from_thumb                             /usr/lib/gcc/arm-elf/3.4.4/thumb/interwork/libgcc.a(_fixunssfsi.o)
____divsi3_from_arm                               /usr/lib/gcc/arm-elf/3.4.4/thumb/interwork/libgcc.a(_fixunssfsi.o)
____eqdf2_change_to_arm                           /usr/lib/gcc/arm-elf/3.4.4/thumb/interwork/libgcc.a(_fixunssfsi.o)
____eqdf2_from_thumb                              /usr/lib/gcc/arm-elf/3.4.4/thumb/interwork/libgcc.a(_fixunssfsi.o)
____fixdfsi_change_to_arm                         /usr/lib/gcc/arm-elf/3.4.4/thumb/interwork/libgcc.a(_fixunssfsi.o)
____fixdfsi_from_thumb                            /usr/lib/gcc/arm-elf/3.4.4/thumb/interwork/libgcc.a(_fixunssfsi.o)
____floatsidf_change_to_arm                       /usr/lib/gcc/arm-elf/3.4.4/thumb/interwork/libgcc.a(_fixunssfsi.o)
____floatsidf_from_thumb                          /usr/lib/gcc/arm-elf/3.4.4/thumb/interwork/libgcc.a(_fixunssfsi.o)
____gedf2_change_to_arm                           /usr/lib/gcc/arm-elf/3.4.4/thumb/interwork/libgcc.a(_fixunssfsi.o)
____gedf2_from_thumb                              /usr/lib/gcc/arm-elf/3.4.4/thumb/interwork/libgcc.a(_fixunssfsi.o)
____gtdf2_change_to_arm                           /usr/lib/gcc/arm-elf/3.4.4/thumb/interwork/libgcc.a(_fixunssfsi.o)
____gtdf2_from_thumb                              /usr/lib/gcc/arm-elf/3.4.4/thumb/interwork/libgcc.a(_fixunssfsi.o)
____ltdf2_change_to_arm                           /usr/lib/gcc/arm-elf/3.4.4/thumb/interwork/libgcc.a(_fixunssfsi.o)
____ltdf2_from_thumb                              /usr/lib/gcc/arm-elf/3.4.4/thumb/interwork/libgcc.a(_fixunssfsi.o)
____muldf3_change_to_arm                          /usr/lib/gcc/arm-elf/3.4.4/thumb/interwork/libgcc.a(_fixunssfsi.o)
____muldf3_from_thumb                             /usr/lib/gcc/arm-elf/3.4.4/thumb/interwork/libgcc.a(_fixunssfsi.o)
____subdf3_change_to_arm                          /usr/lib/gcc/arm-elf/3.4.4/thumb/interwork/libgcc.a(_fixunssfsi.o)
____subdf3_from_thumb                             /usr/lib/gcc/arm-elf/3.4.4/thumb/interwork/libgcc.a(_fixunssfsi.o)
__adddf3                                          /usr/lib/gcc/arm-elf/3.4.4/thumb/interwork/libgcc.a(_addsubdf3.o)
                                                  /usr/lib/gcc/arm-elf/3.4.4/../../../../arm-elf/lib/thumb/interwork/libm.a(s_scalbn.o)
                                                  /usr/lib/gcc/arm-elf/3.4.4/../../../../arm-elf/lib/thumb/interwork/libm.a(s_floor.o)
                                                  /usr/lib/gcc/arm-elf/3.4.4/../../../../arm-elf/lib/thumb/interwork/libm.a(k_sin.o)
                                                  /usr/lib/gcc/arm-elf/3.4.4/../../../../arm-elf/lib/thumb/interwork/libm.a(k_rem_pio2.o)
                                                  /usr/lib/gcc/arm-elf/3.4.4/../../../../arm-elf/lib/thumb/interwork/libm.a(k_cos.o)
                                                  /usr/lib/gcc/arm-elf/3.4.4/../../../../arm-elf/lib/thumb/interwork/libm.a(e_sqrt.o)
                                                  /usr/lib/gcc/arm-elf/3.4.4/../../../../arm-elf/lib/thumb/interwork/libm.a(e_rem_pio2.o)
                                                  /usr/lib/gcc/arm-elf/3.4.4/../../../../arm-elf/lib/thumb/interwork/libm.a(e_atan2.o)
                                                  /usr/lib/gcc/arm-elf/3.4.4/../../../../arm-elf/lib/thumb/interwork/libm.a(s_atan.o)
                                                  /home/paparazzi/paparazzi3new/var/v2/ap/fw_h_ctl.o
                                                  /home/paparazzi/paparazzi3new/var/v2/ap/nav.o
                                                  /home/paparazzi/paparazzi3new/var/v2/ap/infrared.o
                                                  /home/paparazzi/paparazzi3new/var/v2/ap/main_ap.o
                                                  /home/paparazzi/paparazzi3new/var/v2/ap/main_fbw.o
__addsf3                                          /usr/lib/gcc/arm-elf/3.4.4/thumb/interwork/libgcc.a(_addsubsf3.o)
                                                  /home/paparazzi/paparazzi3new/var/v2/ap/fw_v_ctl.o
                                                  /home/paparazzi/paparazzi3new/var/v2/ap/fw_h_ctl.o
                                                  /home/paparazzi/paparazzi3new/var/v2/ap/nav.o
                                                  /home/paparazzi/paparazzi3new/var/v2/ap/infrared.o
                                                  /home/paparazzi/paparazzi3new/var/v2/ap/datalink.o
                                                  /home/paparazzi/paparazzi3new/var/v2/ap/main_ap.o
__atan2_from_arm                                  /usr/lib/gcc/arm-elf/3.4.4/thumb/interwork/libgcc.a(_fixunssfsi.o)
__atan_from_arm                                   /usr/lib/gcc/arm-elf/3.4.4/thumb/interwork/libgcc.a(_fixunssfsi.o)
__bss_end__                                       /home/paparazzi/paparazzi3new/var/v2/ap/crt0.o
__bss_start                                       /home/paparazzi/paparazzi3new/var/v2/ap/crt0.o
__cmpdf2                                          /usr/lib/gcc/arm-elf/3.4.4/thumb/interwork/libgcc.a(_cmpdf2.o)
__cmpsf2                                          /usr/lib/gcc/arm-elf/3.4.4/thumb/interwork/libgcc.a(_cmpsf2.o)
__cos_from_arm                                    /usr/lib/gcc/arm-elf/3.4.4/thumb/interwork/libgcc.a(_fixunssfsi.o)
__ctors_end__                                     /home/paparazzi/paparazzi3new/var/v2/ap/crt0.o
__ctors_start__                                   /home/paparazzi/paparazzi3new/var/v2/ap/crt0.o
__div0                                            /usr/lib/gcc/arm-elf/3.4.4/thumb/interwork/libgcc.a(_dvmd_tls.o)
                                                  /usr/lib/gcc/arm-elf/3.4.4/thumb/interwork/libgcc.a(_divsi3.o)
__divdf3                                          /usr/lib/gcc/arm-elf/3.4.4/thumb/interwork/libgcc.a(_muldivdf3.o)
                                                  /usr/lib/gcc/arm-elf/3.4.4/../../../../arm-elf/lib/thumb/interwork/libm.a(e_sqrt.o)
                                                  /usr/lib/gcc/arm-elf/3.4.4/../../../../arm-elf/lib/thumb/interwork/libm.a(e_atan2.o)
                                                  /usr/lib/gcc/arm-elf/3.4.4/../../../../arm-elf/lib/thumb/interwork/libm.a(w_sqrt.o)
                                                  /usr/lib/gcc/arm-elf/3.4.4/../../../../arm-elf/lib/thumb/interwork/libm.a(s_atan.o)
                                                  /home/paparazzi/paparazzi3new/var/v2/ap/gyro.o
                                                  /home/paparazzi/paparazzi3new/var/v2/ap/fw_h_ctl.o
                                                  /home/paparazzi/paparazzi3new/var/v2/ap/nav.o
                                                  /home/paparazzi/paparazzi3new/var/v2/ap/infrared.o
                                                  /home/paparazzi/paparazzi3new/var/v2/ap/gps.o
                                                  /home/paparazzi/paparazzi3new/var/v2/ap/datalink.o
                                                  /home/paparazzi/paparazzi3new/var/v2/ap/main_ap.o
__divsf3                                          /usr/lib/gcc/arm-elf/3.4.4/thumb/interwork/libgcc.a(_muldivsf3.o)
                                                  /home/paparazzi/paparazzi3new/var/v2/ap/fw_v_ctl.o
                                                  /home/paparazzi/paparazzi3new/var/v2/ap/fw_h_ctl.o
                                                  /home/paparazzi/paparazzi3new/var/v2/ap/nav.o
                                                  /home/paparazzi/paparazzi3new/var/v2/ap/infrared.o
                                                  /home/paparazzi/paparazzi3new/var/v2/ap/datalink.o
                                                  /home/paparazzi/paparazzi3new/var/v2/ap/main_ap.o
__divsi3                                          /usr/lib/gcc/arm-elf/3.4.4/thumb/interwork/libgcc.a(_divsi3.o)
                                                  /usr/lib/gcc/arm-elf/3.4.4/../../../../arm-elf/lib/thumb/interwork/libm.a(k_rem_pio2.o)
                                                  /home/paparazzi/paparazzi3new/var/v2/ap/gyro.o
                                                  /home/paparazzi/paparazzi3new/var/v2/ap/infrared.o
                                                  /home/paparazzi/paparazzi3new/var/v2/ap/gps_ubx.o
                                                  /home/paparazzi/paparazzi3new/var/v2/ap/main_fbw.o
__eqdf2                                           /usr/lib/gcc/arm-elf/3.4.4/thumb/interwork/libgcc.a(_cmpdf2.o)
                                                  /usr/lib/gcc/arm-elf/3.4.4/../../../../arm-elf/lib/thumb/interwork/libm.a(k_rem_pio2.o)
                                                  /usr/lib/gcc/arm-elf/3.4.4/../../../../arm-elf/lib/thumb/interwork/libm.a(e_rem_pio2.o)
                                                  /usr/lib/gcc/arm-elf/3.4.4/../../../../arm-elf/lib/thumb/interwork/libm.a(w_atan2.o)
__eqsf2                                           /usr/lib/gcc/arm-elf/3.4.4/thumb/interwork/libgcc.a(_cmpsf2.o)
__errno                                           /usr/lib/gcc/arm-elf/3.4.4/../../../../arm-elf/lib/thumb/interwork/libc.a(errno.o)
                                                  /usr/lib/gcc/arm-elf/3.4.4/../../../../arm-elf/lib/thumb/interwork/libm.a(w_sqrt.o)
                                                  /usr/lib/gcc/arm-elf/3.4.4/../../../../arm-elf/lib/thumb/interwork/libm.a(w_atan2.o)
__extendsfdf2                                     /usr/lib/gcc/arm-elf/3.4.4/thumb/interwork/libgcc.a(_addsubdf3.o)
                                                  /home/paparazzi/paparazzi3new/var/v2/ap/gyro.o
                                                  /home/paparazzi/paparazzi3new/var/v2/ap/fw_v_ctl.o
                                                  /home/paparazzi/paparazzi3new/var/v2/ap/fw_h_ctl.o
                                                  /home/paparazzi/paparazzi3new/var/v2/ap/nav.o
                                                  /home/paparazzi/paparazzi3new/var/v2/ap/infrared.o
                                                  /home/paparazzi/paparazzi3new/var/v2/ap/datalink.o
                                                  /home/paparazzi/paparazzi3new/var/v2/ap/main_ap.o
                                                  /home/paparazzi/paparazzi3new/var/v2/ap/main_fbw.o
__fdlib_version                                   /usr/lib/gcc/arm-elf/3.4.4/../../../../arm-elf/lib/thumb/interwork/libm.a(s_lib_ver.o)
                                                  /usr/lib/gcc/arm-elf/3.4.4/../../../../arm-elf/lib/thumb/interwork/libm.a(w_sqrt.o)
                                                  /usr/lib/gcc/arm-elf/3.4.4/../../../../arm-elf/lib/thumb/interwork/libm.a(w_atan2.o)
__fixdfsi                                         /usr/lib/gcc/arm-elf/3.4.4/thumb/interwork/libgcc.a(_fixdfsi.o)
                                                  /usr/lib/gcc/arm-elf/3.4.4/../../../../arm-elf/lib/thumb/interwork/libm.a(k_sin.o)
                                                  /usr/lib/gcc/arm-elf/3.4.4/../../../../arm-elf/lib/thumb/interwork/libm.a(k_rem_pio2.o)
                                                  /usr/lib/gcc/arm-elf/3.4.4/../../../../arm-elf/lib/thumb/interwork/libm.a(k_cos.o)
                                                  /usr/lib/gcc/arm-elf/3.4.4/../../../../arm-elf/lib/thumb/interwork/libm.a(e_rem_pio2.o)
                                                  /home/paparazzi/paparazzi3new/var/v2/ap/infrared.o
                                                  /home/paparazzi/paparazzi3new/var/v2/ap/main_ap.o
                                                  /home/paparazzi/paparazzi3new/var/v2/ap/main_fbw.o
__fixsfsi                                         /usr/lib/gcc/arm-elf/3.4.4/thumb/interwork/libgcc.a(_fixsfsi.o)
                                                  /home/paparazzi/paparazzi3new/var/v2/ap/gyro.o
                                                  /home/paparazzi/paparazzi3new/var/v2/ap/fw_v_ctl.o
                                                  /home/paparazzi/paparazzi3new/var/v2/ap/fw_h_ctl.o
                                                  /home/paparazzi/paparazzi3new/var/v2/ap/nav.o
                                                  /home/paparazzi/paparazzi3new/var/v2/ap/main_ap.o
                                                  /home/paparazzi/paparazzi3new/var/v2/ap/main_fbw.o
__fixunsdfsi                                      /usr/lib/gcc/arm-elf/3.4.4/thumb/interwork/libgcc.a(_fixunsdfsi.o)
                                                  /home/paparazzi/paparazzi3new/var/v2/ap/main_fbw.o
__fixunssfsi                                      /usr/lib/gcc/arm-elf/3.4.4/thumb/interwork/libgcc.a(_fixunssfsi.o)
                                                  /home/paparazzi/paparazzi3new/var/v2/ap/datalink.o
__floatsidf                                       /usr/lib/gcc/arm-elf/3.4.4/thumb/interwork/libgcc.a(_addsubdf3.o)
                                                  /usr/lib/gcc/arm-elf/3.4.4/../../../../arm-elf/lib/thumb/interwork/libm.a(k_rem_pio2.o)
                                                  /usr/lib/gcc/arm-elf/3.4.4/../../../../arm-elf/lib/thumb/interwork/libm.a(e_rem_pio2.o)
                                                  /home/paparazzi/paparazzi3new/var/v2/ap/infrared.o
                                                  /home/paparazzi/paparazzi3new/var/v2/ap/gps.o
                                                  /home/paparazzi/paparazzi3new/var/v2/ap/main_ap.o
                                                  /home/paparazzi/paparazzi3new/var/v2/ap/main_fbw.o
__floatsisf                                       /usr/lib/gcc/arm-elf/3.4.4/thumb/interwork/libgcc.a(_addsubsf3.o)
                                                  /home/paparazzi/paparazzi3new/var/v2/ap/gyro.o
                                                  /home/paparazzi/paparazzi3new/var/v2/ap/fw_v_ctl.o
                                                  /home/paparazzi/paparazzi3new/var/v2/ap/fw_h_ctl.o
                                                  /home/paparazzi/paparazzi3new/var/v2/ap/infrared.o
                                                  /home/paparazzi/paparazzi3new/var/v2/ap/datalink.o
                                                  /home/paparazzi/paparazzi3new/var/v2/ap/main_ap.o
                                                  /home/paparazzi/paparazzi3new/var/v2/ap/main_fbw.o
__floatunsidf                                     /usr/lib/gcc/arm-elf/3.4.4/thumb/interwork/libgcc.a(_addsubdf3.o)
__floatunsisf                                     /usr/lib/gcc/arm-elf/3.4.4/thumb/interwork/libgcc.a(_addsubsf3.o)
__gedf2                                           /usr/lib/gcc/arm-elf/3.4.4/thumb/interwork/libgcc.a(_cmpdf2.o)
                                                  /usr/lib/gcc/arm-elf/3.4.4/../../../../arm-elf/lib/thumb/interwork/libm.a(k_rem_pio2.o)
                                                  /usr/lib/gcc/arm-elf/3.4.4/../../../../arm-elf/lib/thumb/interwork/libm.a(e_sqrt.o)
__gesf2                                           /usr/lib/gcc/arm-elf/3.4.4/thumb/interwork/libgcc.a(_cmpsf2.o)
                                                  /home/paparazzi/paparazzi3new/var/v2/ap/nav.o
                                                  /home/paparazzi/paparazzi3new/var/v2/ap/infrared.o
__gtdf2                                           /usr/lib/gcc/arm-elf/3.4.4/thumb/interwork/libgcc.a(_cmpdf2.o)
                                                  /usr/lib/gcc/arm-elf/3.4.4/../../../../arm-elf/lib/thumb/interwork/libm.a(s_floor.o)
                                                  /usr/lib/gcc/arm-elf/3.4.4/../../../../arm-elf/lib/thumb/interwork/libm.a(e_sqrt.o)
                                                  /usr/lib/gcc/arm-elf/3.4.4/../../../../arm-elf/lib/thumb/interwork/libm.a(s_atan.o)
                                                  /home/paparazzi/paparazzi3new/var/v2/ap/fw_v_ctl.o
                                                  /home/paparazzi/paparazzi3new/var/v2/ap/fw_h_ctl.o
                                                  /home/paparazzi/paparazzi3new/var/v2/ap/nav.o
                                                  /home/paparazzi/paparazzi3new/var/v2/ap/infrared.o
                                                  /home/paparazzi/paparazzi3new/var/v2/ap/main_ap.o
__gtsf2                                           /usr/lib/gcc/arm-elf/3.4.4/thumb/interwork/libgcc.a(_cmpsf2.o)
                                                  /home/paparazzi/paparazzi3new/var/v2/ap/fw_v_ctl.o
                                                  /home/paparazzi/paparazzi3new/var/v2/ap/fw_h_ctl.o
                                                  /home/paparazzi/paparazzi3new/var/v2/ap/nav.o
                                                  /home/paparazzi/paparazzi3new/var/v2/ap/main_ap.o
                                                  /home/paparazzi/paparazzi3new/var/v2/ap/main_fbw.o
__ieee754_atan2                                   /usr/lib/gcc/arm-elf/3.4.4/../../../../arm-elf/lib/thumb/interwork/libm.a(e_atan2.o)
                                                  /usr/lib/gcc/arm-elf/3.4.4/../../../../arm-elf/lib/thumb/interwork/libm.a(w_atan2.o)
__ieee754_rem_pio2                                /usr/lib/gcc/arm-elf/3.4.4/../../../../arm-elf/lib/thumb/interwork/libm.a(e_rem_pio2.o)
                                                  /usr/lib/gcc/arm-elf/3.4.4/../../../../arm-elf/lib/thumb/interwork/libm.a(s_sin.o)
                                                  /usr/lib/gcc/arm-elf/3.4.4/../../../../arm-elf/lib/thumb/interwork/libm.a(s_cos.o)
__ieee754_sqrt                                    /usr/lib/gcc/arm-elf/3.4.4/../../../../arm-elf/lib/thumb/interwork/libm.a(e_sqrt.o)
                                                  /usr/lib/gcc/arm-elf/3.4.4/../../../../arm-elf/lib/thumb/interwork/libm.a(w_sqrt.o)
__kernel_cos                                      /usr/lib/gcc/arm-elf/3.4.4/../../../../arm-elf/lib/thumb/interwork/libm.a(k_cos.o)
                                                  /usr/lib/gcc/arm-elf/3.4.4/../../../../arm-elf/lib/thumb/interwork/libm.a(s_sin.o)
                                                  /usr/lib/gcc/arm-elf/3.4.4/../../../../arm-elf/lib/thumb/interwork/libm.a(s_cos.o)
__kernel_rem_pio2                                 /usr/lib/gcc/arm-elf/3.4.4/../../../../arm-elf/lib/thumb/interwork/libm.a(k_rem_pio2.o)
                                                  /usr/lib/gcc/arm-elf/3.4.4/../../../../arm-elf/lib/thumb/interwork/libm.a(e_rem_pio2.o)
__kernel_sin                                      /usr/lib/gcc/arm-elf/3.4.4/../../../../arm-elf/lib/thumb/interwork/libm.a(k_sin.o)
                                                  /usr/lib/gcc/arm-elf/3.4.4/../../../../arm-elf/lib/thumb/interwork/libm.a(s_sin.o)
                                                  /usr/lib/gcc/arm-elf/3.4.4/../../../../arm-elf/lib/thumb/interwork/libm.a(s_cos.o)
__ledf2                                           /usr/lib/gcc/arm-elf/3.4.4/thumb/interwork/libgcc.a(_cmpdf2.o)
__lesf2                                           /usr/lib/gcc/arm-elf/3.4.4/thumb/interwork/libgcc.a(_cmpsf2.o)
__ltdf2                                           /usr/lib/gcc/arm-elf/3.4.4/thumb/interwork/libgcc.a(_cmpdf2.o)
                                                  /usr/lib/gcc/arm-elf/3.4.4/../../../../arm-elf/lib/thumb/interwork/libm.a(w_sqrt.o)
                                                  /home/paparazzi/paparazzi3new/var/v2/ap/fw_v_ctl.o
                                                  /home/paparazzi/paparazzi3new/var/v2/ap/fw_h_ctl.o
                                                  /home/paparazzi/paparazzi3new/var/v2/ap/nav.o
                                                  /home/paparazzi/paparazzi3new/var/v2/ap/infrared.o
                                                  /home/paparazzi/paparazzi3new/var/v2/ap/main_ap.o
__ltsf2                                           /usr/lib/gcc/arm-elf/3.4.4/thumb/interwork/libgcc.a(_cmpsf2.o)
                                                  /home/paparazzi/paparazzi3new/var/v2/ap/fw_v_ctl.o
                                                  /home/paparazzi/paparazzi3new/var/v2/ap/fw_h_ctl.o
                                                  /home/paparazzi/paparazzi3new/var/v2/ap/nav.o
                                                  /home/paparazzi/paparazzi3new/var/v2/ap/infrared.o
__muldf3                                          /usr/lib/gcc/arm-elf/3.4.4/thumb/interwork/libgcc.a(_muldivdf3.o)
                                                  /usr/lib/gcc/arm-elf/3.4.4/../../../../arm-elf/lib/thumb/interwork/libm.a(s_scalbn.o)
                                                  /usr/lib/gcc/arm-elf/3.4.4/../../../../arm-elf/lib/thumb/interwork/libm.a(k_sin.o)
                                                  /usr/lib/gcc/arm-elf/3.4.4/../../../../arm-elf/lib/thumb/interwork/libm.a(k_rem_pio2.o)
                                                  /usr/lib/gcc/arm-elf/3.4.4/../../../../arm-elf/lib/thumb/interwork/libm.a(k_cos.o)
                                                  /usr/lib/gcc/arm-elf/3.4.4/../../../../arm-elf/lib/thumb/interwork/libm.a(e_sqrt.o)
                                                  /usr/lib/gcc/arm-elf/3.4.4/../../../../arm-elf/lib/thumb/interwork/libm.a(e_rem_pio2.o)
                                                  /usr/lib/gcc/arm-elf/3.4.4/../../../../arm-elf/lib/thumb/interwork/libm.a(s_atan.o)
                                                  /home/paparazzi/paparazzi3new/var/v2/ap/gyro.o
                                                  /home/paparazzi/paparazzi3new/var/v2/ap/fw_h_ctl.o
                                                  /home/paparazzi/paparazzi3new/var/v2/ap/nav.o
                                                  /home/paparazzi/paparazzi3new/var/v2/ap/infrared.o
                                                  /home/paparazzi/paparazzi3new/var/v2/ap/gps.o
                                                  /home/paparazzi/paparazzi3new/var/v2/ap/datalink.o
                                                  /home/paparazzi/paparazzi3new/var/v2/ap/main_ap.o
                                                  /home/paparazzi/paparazzi3new/var/v2/ap/main_fbw.o
__mulsf3                                          /usr/lib/gcc/arm-elf/3.4.4/thumb/interwork/libgcc.a(_muldivsf3.o)
                                                  /home/paparazzi/paparazzi3new/var/v2/ap/gyro.o
                                                  /home/paparazzi/paparazzi3new/var/v2/ap/fw_v_ctl.o
                                                  /home/paparazzi/paparazzi3new/var/v2/ap/fw_h_ctl.o
                                                  /home/paparazzi/paparazzi3new/var/v2/ap/nav.o
                                                  /home/paparazzi/paparazzi3new/var/v2/ap/infrared.o
                                                  /home/paparazzi/paparazzi3new/var/v2/ap/main_ap.o
                                                  /home/paparazzi/paparazzi3new/var/v2/ap/main_fbw.o
__nedf2                                           /usr/lib/gcc/arm-elf/3.4.4/thumb/interwork/libgcc.a(_cmpdf2.o)
                                                  /usr/lib/gcc/arm-elf/3.4.4/../../../../arm-elf/lib/thumb/interwork/libm.a(s_matherr.o)
__nesf2                                           /usr/lib/gcc/arm-elf/3.4.4/thumb/interwork/libgcc.a(_cmpsf2.o)
__sin_from_arm                                    /usr/lib/gcc/arm-elf/3.4.4/thumb/interwork/libgcc.a(_fixunssfsi.o)
__sqrt_from_arm                                   /usr/lib/gcc/arm-elf/3.4.4/thumb/interwork/libgcc.a(_fixunssfsi.o)
__subdf3                                          /usr/lib/gcc/arm-elf/3.4.4/thumb/interwork/libgcc.a(_addsubdf3.o)
                                                  /usr/lib/gcc/arm-elf/3.4.4/../../../../arm-elf/lib/thumb/interwork/libm.a(k_sin.o)
                                                  /usr/lib/gcc/arm-elf/3.4.4/../../../../arm-elf/lib/thumb/interwork/libm.a(k_rem_pio2.o)
                                                  /usr/lib/gcc/arm-elf/3.4.4/../../../../arm-elf/lib/thumb/interwork/libm.a(k_cos.o)
                                                  /usr/lib/gcc/arm-elf/3.4.4/../../../../arm-elf/lib/thumb/interwork/libm.a(e_sqrt.o)
                                                  /usr/lib/gcc/arm-elf/3.4.4/../../../../arm-elf/lib/thumb/interwork/libm.a(e_rem_pio2.o)
                                                  /usr/lib/gcc/arm-elf/3.4.4/../../../../arm-elf/lib/thumb/interwork/libm.a(e_atan2.o)
                                                  /usr/lib/gcc/arm-elf/3.4.4/../../../../arm-elf/lib/thumb/interwork/libm.a(s_sin.o)
                                                  /usr/lib/gcc/arm-elf/3.4.4/../../../../arm-elf/lib/thumb/interwork/libm.a(s_cos.o)
                                                  /usr/lib/gcc/arm-elf/3.4.4/../../../../arm-elf/lib/thumb/interwork/libm.a(s_atan.o)
                                                  /home/paparazzi/paparazzi3new/var/v2/ap/fw_h_ctl.o
                                                  /home/paparazzi/paparazzi3new/var/v2/ap/nav.o
                                                  /home/paparazzi/paparazzi3new/var/v2/ap/infrared.o
                                                  /home/paparazzi/paparazzi3new/var/v2/ap/gps.o
__subsf3                                          /usr/lib/gcc/arm-elf/3.4.4/thumb/interwork/libgcc.a(_addsubsf3.o)
                                                  /home/paparazzi/paparazzi3new/var/v2/ap/gyro.o
                                                  /home/paparazzi/paparazzi3new/var/v2/ap/fw_v_ctl.o
                                                  /home/paparazzi/paparazzi3new/var/v2/ap/fw_h_ctl.o
                                                  /home/paparazzi/paparazzi3new/var/v2/ap/nav.o