Archive member included because of file (symbol)

/usr/lib/gcc/arm-elf/3.4.4/../../../../arm-elf/lib/thumb/interwork/libm.a(s_atan.o)
                              /home/dragonfly/paparazzi_new/test/paparazzi3/var/d3/ap/nav.o (atan)
/usr/lib/gcc/arm-elf/3.4.4/../../../../arm-elf/lib/thumb/interwork/libm.a(s_cos.o)
                              /home/dragonfly/paparazzi_new/test/paparazzi3/var/d3/ap/nav.o (cos)
/usr/lib/gcc/arm-elf/3.4.4/../../../../arm-elf/lib/thumb/interwork/libm.a(s_fabs.o)
                              /usr/lib/gcc/arm-elf/3.4.4/../../../../arm-elf/lib/thumb/interwork/libm.a(s_atan.o) (fabs)
/usr/lib/gcc/arm-elf/3.4.4/../../../../arm-elf/lib/thumb/interwork/libm.a(s_sin.o)
                              /home/dragonfly/paparazzi_new/test/paparazzi3/var/d3/ap/nav.o (sin)
/usr/lib/gcc/arm-elf/3.4.4/../../../../arm-elf/lib/thumb/interwork/libm.a(w_atan2.o)
                              /home/dragonfly/paparazzi_new/test/paparazzi3/var/d3/ap/nav.o (atan2)
/usr/lib/gcc/arm-elf/3.4.4/../../../../arm-elf/lib/thumb/interwork/libm.a(w_sqrt.o)
                              /home/dragonfly/paparazzi_new/test/paparazzi3/var/d3/ap/nav.o (sqrt)
/usr/lib/gcc/arm-elf/3.4.4/../../../../arm-elf/lib/thumb/interwork/libm.a(e_atan2.o)
                              /usr/lib/gcc/arm-elf/3.4.4/../../../../arm-elf/lib/thumb/interwork/libm.a(w_atan2.o) (__ieee754_atan2)
/usr/lib/gcc/arm-elf/3.4.4/../../../../arm-elf/lib/thumb/interwork/libm.a(e_rem_pio2.o)
                              /usr/lib/gcc/arm-elf/3.4.4/../../../../arm-elf/lib/thumb/interwork/libm.a(s_cos.o) (__ieee754_rem_pio2)
/usr/lib/gcc/arm-elf/3.4.4/../../../../arm-elf/lib/thumb/interwork/libm.a(e_sqrt.o)
                              /usr/lib/gcc/arm-elf/3.4.4/../../../../arm-elf/lib/thumb/interwork/libm.a(w_sqrt.o) (__ieee754_sqrt)
/usr/lib/gcc/arm-elf/3.4.4/../../../../arm-elf/lib/thumb/interwork/libm.a(k_cos.o)
                              /usr/lib/gcc/arm-elf/3.4.4/../../../../arm-elf/lib/thumb/interwork/libm.a(s_cos.o) (__kernel_cos)
/usr/lib/gcc/arm-elf/3.4.4/../../../../arm-elf/lib/thumb/interwork/libm.a(k_rem_pio2.o)
                              /usr/lib/gcc/arm-elf/3.4.4/../../../../arm-elf/lib/thumb/interwork/libm.a(e_rem_pio2.o) (__kernel_rem_pio2)
/usr/lib/gcc/arm-elf/3.4.4/../../../../arm-elf/lib/thumb/interwork/libm.a(k_sin.o)
                              /usr/lib/gcc/arm-elf/3.4.4/../../../../arm-elf/lib/thumb/interwork/libm.a(s_cos.o) (__kernel_sin)
/usr/lib/gcc/arm-elf/3.4.4/../../../../arm-elf/lib/thumb/interwork/libm.a(s_floor.o)
                              /usr/lib/gcc/arm-elf/3.4.4/../../../../arm-elf/lib/thumb/interwork/libm.a(k_rem_pio2.o) (floor)
/usr/lib/gcc/arm-elf/3.4.4/../../../../arm-elf/lib/thumb/interwork/libm.a(s_isnan.o)
                              /usr/lib/gcc/arm-elf/3.4.4/../../../../arm-elf/lib/thumb/interwork/libm.a(w_atan2.o) (isnan)
/usr/lib/gcc/arm-elf/3.4.4/../../../../arm-elf/lib/thumb/interwork/libm.a(s_lib_ver.o)
                              /usr/lib/gcc/arm-elf/3.4.4/../../../../arm-elf/lib/thumb/interwork/libm.a(w_atan2.o) (__fdlib_version)
/usr/lib/gcc/arm-elf/3.4.4/../../../../arm-elf/lib/thumb/interwork/libm.a(s_matherr.o)
                              /usr/lib/gcc/arm-elf/3.4.4/../../../../arm-elf/lib/thumb/interwork/libm.a(w_atan2.o) (matherr)
/usr/lib/gcc/arm-elf/3.4.4/../../../../arm-elf/lib/thumb/interwork/libm.a(s_scalbn.o)
                              /usr/lib/gcc/arm-elf/3.4.4/../../../../arm-elf/lib/thumb/interwork/libm.a(k_rem_pio2.o) (scalbn)
/usr/lib/gcc/arm-elf/3.4.4/../../../../arm-elf/lib/thumb/interwork/libm.a(s_copysign.o)
                              /usr/lib/gcc/arm-elf/3.4.4/../../../../arm-elf/lib/thumb/interwork/libm.a(s_scalbn.o) (copysign)
/usr/lib/gcc/arm-elf/3.4.4/../../../../arm-elf/lib/thumb/interwork/libc.a(errno.o)
                              /usr/lib/gcc/arm-elf/3.4.4/../../../../arm-elf/lib/thumb/interwork/libm.a(w_atan2.o) (__errno)
/usr/lib/gcc/arm-elf/3.4.4/../../../../arm-elf/lib/thumb/interwork/libc.a(impure.o)
                              /usr/lib/gcc/arm-elf/3.4.4/../../../../arm-elf/lib/thumb/interwork/libc.a(errno.o) (_impure_ptr)
/usr/lib/gcc/arm-elf/3.4.4/thumb/interwork/libgcc.a(_divsi3.o)
                              /home/dragonfly/paparazzi_new/test/paparazzi3/var/d3/ap/main_fbw.o (__divsi3)
/usr/lib/gcc/arm-elf/3.4.4/thumb/interwork/libgcc.a(_dvmd_tls.o)
                              /usr/lib/gcc/arm-elf/3.4.4/thumb/interwork/libgcc.a(_divsi3.o) (__div0)
/usr/lib/gcc/arm-elf/3.4.4/thumb/interwork/libgcc.a(_addsubdf3.o)
                              /home/dragonfly/paparazzi_new/test/paparazzi3/var/d3/ap/gps.o (__subdf3)
/usr/lib/gcc/arm-elf/3.4.4/thumb/interwork/libgcc.a(_muldivdf3.o)
                              /home/dragonfly/paparazzi_new/test/paparazzi3/var/d3/ap/main_fbw.o (__muldf3)
/usr/lib/gcc/arm-elf/3.4.4/thumb/interwork/libgcc.a(_cmpdf2.o)
[...]
Memory Configuration

Name             Origin             Length             Attributes
ROM              0x00000000         0x0007d000         xr
RAM              0x40000000         0x00008000         rw
*default*        0x00000000         0xffffffff

Linker script and memory map

LOAD /home/dragonfly/paparazzi_new/test/paparazzi3/var/d3/ap/crt0.o
LOAD /home/dragonfly/paparazzi_new/test/paparazzi3/var/d3/ap/sys_time.o
LOAD /home/dragonfly/paparazzi_new/test/paparazzi3/var/d3/ap/sys_time_hw.o
LOAD /home/dragonfly/paparazzi_new/test/paparazzi3/var/d3/ap/armVIC.o
LOAD /home/dragonfly/paparazzi_new/test/paparazzi3/var/d3/ap/main_fbw.o
LOAD /home/dragonfly/paparazzi_new/test/paparazzi3/var/d3/ap/main_ap.o
LOAD /home/dragonfly/paparazzi_new/test/paparazzi3/var/d3/ap/main.o
LOAD /home/dragonfly/paparazzi_new/test/paparazzi3/var/d3/ap/commands.o
LOAD /home/dragonfly/paparazzi_new/test/paparazzi3/var/d3/ap/servos_4015_MAT_hw.o
LOAD /home/dragonfly/paparazzi_new/test/paparazzi3/var/d3/ap/actuators.o
LOAD /home/dragonfly/paparazzi_new/test/paparazzi3/var/d3/ap/radio_control.o
LOAD /home/dragonfly/paparazzi_new/test/paparazzi3/var/d3/ap/ppm_hw.o
LOAD /home/dragonfly/paparazzi_new/test/paparazzi3/var/d3/ap/downlink.o
LOAD /home/dragonfly/paparazzi_new/test/paparazzi3/var/d3/ap/uart_hw.o
LOAD /home/dragonfly/paparazzi_new/test/paparazzi3/var/d3/ap/datalink.o
LOAD /home/dragonfly/paparazzi_new/test/paparazzi3/var/d3/ap/pprz_transport.o
LOAD /home/dragonfly/paparazzi_new/test/paparazzi3/var/d3/ap/traffic_info.o
LOAD /home/dragonfly/paparazzi_new/test/paparazzi3/var/d3/ap/inter_mcu.o
LOAD /home/dragonfly/paparazzi_new/test/paparazzi3/var/d3/ap/adc_hw.o
LOAD /home/dragonfly/paparazzi_new/test/paparazzi3/var/d3/ap/gps_ubx.o
LOAD /home/dragonfly/paparazzi_new/test/paparazzi3/var/d3/ap/gps.o
LOAD /home/dragonfly/paparazzi_new/test/paparazzi3/var/d3/ap/infrared.o
LOAD /home/dragonfly/paparazzi_new/test/paparazzi3/var/d3/ap/estimator.o
LOAD /home/dragonfly/paparazzi_new/test/paparazzi3/var/d3/ap/nav.o
LOAD /home/dragonfly/paparazzi_new/test/paparazzi3/var/d3/ap/fw_h_ctl.o
LOAD /home/dragonfly/paparazzi_new/test/paparazzi3/var/d3/ap/fw_v_ctl.o
LOAD /usr/lib/gcc/arm-elf/3.4.4/../../../../arm-elf/lib/thumb/interwork/libc.a
LOAD /usr/lib/gcc/arm-elf/3.4.4/../../../../arm-elf/lib/thumb/interwork/libm.a
LOAD /usr/lib/gcc/arm-elf/3.4.4/../../../../arm-elf/lib/thumb/interwork/libc.a
LOAD /usr/lib/gcc/arm-elf/3.4.4/thumb/interwork/libgcc.a
LOAD /usr/lib/gcc/arm-elf/3.4.4/thumb/interwork/libgcc.a
LOAD /usr/lib/gcc/arm-elf/3.4.4/../../../../arm-elf/lib/thumb/interwork/libc.a
LOAD /usr/lib/gcc/arm-elf/3.4.4/thumb/interwork/libgcc.a
                0x00001000                STACK_SIZE = 0x1000

.text           0x00000000     0xf042
 *(.init)
 .init          0x00000000      0x13c /home/dragonfly/paparazzi_new/test/paparazzi3/var/d3/ap/crt0.o
                0x00000114                reset
                0x00000000                _boot
                0x00000050                _mainCRTStartup
                0x00000114                abort
                0x00000050                _start
                0x00000114                _reset
                0x00000114                exit
                0x00000050                start
 *(.text .text.*)
 .text          0x0000013c      0x20c /home/dragonfly/paparazzi_new/test/paparazzi3/var/d3/ap/sys_time_hw.o
                0x0000013c                TIMER0_ISR
 .text          0x00000348       0x78 /home/dragonfly/paparazzi_new/test/paparazzi3/var/d3/ap/armVIC.o
                0x00000358                restoreIRQ
                0x000003b0                enableFIQ
                0x00000384                disableFIQ
                0x00000374                enableIRQ
                0x00000394                restoreFIQ
                0x00000348                disableIRQ
 .text          0x000003c0     0x15c4 /home/dragonfly/paparazzi_new/test/paparazzi3/var/d3/ap/main_fbw.o
                0x000003c0                init_fbw
                0x000005a4                event_task_fbw
                0x00000b9c                periodic_task_fbw
 .text          0x00001984     0x3bc0 /home/dragonfly/paparazzi_new/test/paparazzi3/var/d3/ap/main_ap.o
                0x000027b4                periodic_task_ap
                0x00004c64                init_ap
                0x00004d68                event_task_ap
                0x00001984                telecommand_task
 .text          0x00005544       0xdc /home/dragonfly/paparazzi_new/test/paparazzi3/var/d3/ap/main.o
                0x00005544                main
 .text          0x00005620       0xc8 /home/dragonfly/paparazzi_new/test/paparazzi3/var/d3/ap/servos_4015_MAT_hw.o
                0x00005620                actuators_init
 .text          0x000056e8      0x680 /home/dragonfly/paparazzi_new/test/paparazzi3/var/d3/ap/uart_hw.o
                0x00005814                uart0_transmit
                0x000058b8                uart0_ISR
                0x00005a20                uart1_init_tx
                0x00005af8                uart1_check_free_space
                0x00005bf0                uart1_ISR
                0x00005b48                uart1_init_rx
                0x000057c4                uart0_check_free_space
                0x000056e8                uart0_init_tx
                0x00005b4c                uart1_transmit
                0x000057c0                uart0_init_rx
 .text          0x00005d68      0x5dc /home/dragonfly/paparazzi_new/test/paparazzi3/var/d3/ap/datalink.o
                0x00005d68                dl_parse_msg
 .text          0x00006344       0x20 /home/dragonfly/paparazzi_new/test/paparazzi3/var/d3/ap/traffic_info.o
                0x00006344                get_ac_info
 .text          0x00006364      0x21c /home/dragonfly/paparazzi_new/test/paparazzi3/var/d3/ap/adc_hw.o
                0x000064d0                adcISR1
                0x00006364                adc_buf_channel
                0x0000637c                adc_init
                0x00006424                adcISR0
 .text          0x00006580     0x17b0 /home/dragonfly/paparazzi_new/test/paparazzi3/var/d3/ap/gps_ubx.o
                0x0000799c                parse_gps_msg
                0x00006580                gps_init
                0x00007b64                parse_ubx
                0x00006594                gps_reset
                0x00006714                gps_configure
 .text          0x00007d30      0x898 /home/dragonfly/paparazzi_new/test/paparazzi3/var/d3/ap/gps.o
                0x00007f00                use_gps_pos
                0x00007d30                estimator_update_state_gps
 .text          0x000085c8      0xabc /home/dragonfly/paparazzi_new/test/paparazzi3/var/d3/ap/infrared.o
                0x000089c8                estimator_update_ir_estim
                0x000087b4                ground_calibrate
                0x000086b4                ir_update
                0x00008e60                estimator_update_state_infrared
                0x000085c8                ir_init
 .text          0x00009084       0xc4 /home/dragonfly/paparazzi_new/test/paparazzi3/var/d3/ap/estimator.o
                0x00009084                estimator_init
                0x00009144                estimator_propagate_state
 .text          0x00009148     0x1b68 /home/dragonfly/paparazzi_new/test/paparazzi3/var/d3/ap/nav.o
                0x00009eec                nav_init
                0x00009f9c                nav_eight
                0x00009b58                nav_home
                0x00009f30                nav_without_gps
                0x00009874                nav_route_xy
                0x000091c8                nav_circle_XY
                0x00009764                nav_approaching_xy
                0x0000a638                nav_oval_init
                0x00009700                nav_goto_block
                0x0000a64c                nav_oval
                0x00009f88                nav_eight_init
                0x00009c64                nav_update
                0x00009148                nav_init_stage
 .text          0x0000acb0      0x96c /home/dragonfly/paparazzi_new/test/paparazzi3/var/d3/ap/fw_h_ctl.o
                0x0000acb0                h_ctl_init
                0x0000b03c                h_ctl_attitude_loop
                0x0000adf8                h_ctl_course_loop
 .text          0x0000b61c      0x7d8 /home/dragonfly/paparazzi_new/test/paparazzi3/var/d3/ap/fw_v_ctl.o
                0x0000b744                v_ctl_altitude_loop
                0x0000b61c                v_ctl_init
                0x0000b84c                v_ctl_climb_loop
                0x0000bd54                v_ctl_throttle_slew
 .text          0x0000bdf4      0x358 /usr/lib/gcc/arm-elf/3.4.4/../../../../arm-elf/lib/thumb/interwork/libm.a(s_atan.o)
                0x0000bdf4                atan
 .text          0x0000c14c       0xb4 /usr/lib/gcc/arm-elf/3.4.4/../../../../arm-elf/lib/thumb/interwork/libm.a(s_cos.o)
                0x0000c14c                cos
 .text          0x0000c200       0x20 /usr/lib/gcc/arm-elf/3.4.4/../../../../arm-elf/lib/thumb/interwork/libm.a(s_fabs.o)
                0x0000c200                fabs
 .text          0x0000c220       0xbc /usr/lib/gcc/arm-elf/3.4.4/../../../../arm-elf/lib/thumb/interwork/libm.a(s_sin.o)
                0x0000c220                sin
 .text          0x0000c2dc       0xcc /usr/lib/gcc/arm-elf/3.4.4/../../../../arm-elf/lib/thumb/interwork/libm.a(w_atan2.o)
                0x0000c2dc                atan2
 .text          0x0000c3a8       0xc8 /usr/lib/gcc/arm-elf/3.4.4/../../../../arm-elf/lib/thumb/interwork/libm.a(w_sqrt.o)
                0x0000c3a8                sqrt
 .text          0x0000c470      0x21c /usr/lib/gcc/arm-elf/3.4.4/../../../../arm-elf/lib/thumb/interwork/libm.a(e_atan2.o)
                0x0000c470                __ieee754_atan2
 .text          0x0000c68c      0x4a0 /usr/lib/gcc/arm-elf/3.4.4/../../../../arm-elf/lib/thumb/interwork/libm.a(e_rem_pio2.o)
                0x0000c68c                __ieee754_rem_pio2
 .text          0x0000cb2c      0x1e4 /usr/lib/gcc/arm-elf/3.4.4/../../../../arm-elf/lib/thumb/interwork/libm.a(e_sqrt.o)
                0x0000cb2c                __ieee754_sqrt
 .text          0x0000cd10      0x1e8 /usr/lib/gcc/arm-elf/3.4.4/../../../../arm-elf/lib/thumb/interwork/libm.a(k_cos.o)
                0x0000cd10                __kernel_cos
 .text          0x0000cef8      0x7ec /usr/lib/gcc/arm-elf/3.4.4/../../../../arm-elf/lib/thumb/interwork/libm.a(k_rem_pio2.o)
                0x0000cef8                __kernel_rem_pio2
 .text          0x0000d6e4      0x15c /usr/lib/gcc/arm-elf/3.4.4/../../../../arm-elf/lib/thumb/interwork/libm.a(k_sin.o)
                0x0000d6e4                __kernel_sin
 .text          0x0000d840      0x144 /usr/lib/gcc/arm-elf/3.4.4/../../../../arm-elf/lib/thumb/interwork/libm.a(s_floor.o)
                0x0000d840                floor
 .text          0x0000d984       0x28 /usr/lib/gcc/arm-elf/3.4.4/../../../../arm-elf/lib/thumb/interwork/libm.a(s_isnan.o)
                0x0000d984                isnan
 .text          0x0000d9ac        0x4 /usr/lib/gcc/arm-elf/3.4.4/../../../../arm-elf/lib/thumb/interwork/libm.a(s_matherr.o)
                0x0000d9ac                matherr
 .text          0x0000d9b0      0x120 /usr/lib/gcc/arm-elf/3.4.4/../../../../arm-elf/lib/thumb/interwork/libm.a(s_scalbn.o)
                0x0000d9b0                scalbn
 .text          0x0000dad0       0x1c /usr/lib/gcc/arm-elf/3.4.4/../../../../arm-elf/lib/thumb/interwork/libm.a(s_copysign.o)
                0x0000dad0                copysign
 .text          0x0000daec        0xc /usr/lib/gcc/arm-elf/3.4.4/../../../../arm-elf/lib/thumb/interwork/libc.a(errno.o)
                0x0000daec                __errno
 .text          0x0000daf8       0x94 /usr/lib/gcc/arm-elf/3.4.4/thumb/interwork/libgcc.a(_divsi3.o)
                0x0000daf8                __divsi3
 .text          0x0000db8c        0x4 /usr/lib/gcc/arm-elf/3.4.4/thumb/interwork/libgcc.a(_dvmd_tls.o)
                0x0000db8c                __div0
 .text          0x0000db90      0x3a8 /usr/lib/gcc/arm-elf/3.4.4/thumb/interwork/libgcc.a(_addsubdf3.o)
                0x0000dec0                __floatsidf
                0x0000deec                __extendsfdf2
                0x0000db94                __adddf3
                0x0000de98                __floatunsidf
                0x0000db90                __subdf3
 .text          0x0000df38      0x4ec /usr/lib/gcc/arm-elf/3.4.4/thumb/interwork/libgcc.a(_muldivdf3.o)
                0x0000e1b0                __divdf3
                0x0000df38                __muldf3
 .text          0x0000e424       0xb4 /usr/lib/gcc/arm-elf/3.4.4/thumb/interwork/libgcc.a(_cmpdf2.o)
                0x0000e434                __cmpdf2
                0x0000e434                __eqdf2
                0x0000e424                __gtdf2
                0x0000e42c                __ltdf2
                0x0000e42c                __ledf2
                0x0000e434                __nedf2
                0x0000e424                __gedf2
 .text          0x0000e4d8       0x80 /usr/lib/gcc/arm-elf/3.4.4/thumb/interwork/libgcc.a(_fixdfsi.o)
                0x0000e4d8                __fixdfsi
 .text          0x0000e558       0x74 /usr/lib/gcc/arm-elf/3.4.4/thumb/interwork/libgcc.a(_fixunsdfsi.o)
                0x0000e558                __fixunsdfsi
 .text          0x0000e5cc       0xf8 /usr/lib/gcc/arm-elf/3.4.4/thumb/interwork/libgcc.a(_truncdfsf2.o)
                0x0000e5cc                __truncdfsf2
 .text          0x0000e6c4      0x218 /usr/lib/gcc/arm-elf/3.4.4/thumb/interwork/libgcc.a(_addsubsf3.o)
                0x0000e6c4                __subsf3
                0x0000e890                __floatsisf
                0x0000e888                __floatunsisf
                0x0000e6c8                __addsf3
 .text          0x0000e8dc      0x330 /usr/lib/gcc/arm-elf/3.4.4/thumb/interwork/libgcc.a(_muldivsf3.o)
                0x0000ea6c                __divsf3
                0x0000e8dc                __mulsf3
 .text          0x0000ec0c       0x9c /usr/lib/gcc/arm-elf/3.4.4/thumb/interwork/libgcc.a(_cmpsf2.o)
                0x0000ec14                __lesf2
                0x0000ec1c                __nesf2
                0x0000ec0c                __gtsf2
                0x0000ec1c                __eqsf2
                0x0000ec1c                __cmpsf2
                0x0000ec14                __ltsf2
                0x0000ec0c                __gesf2
 .text          0x0000eca8       0x68 /usr/lib/gcc/arm-elf/3.4.4/thumb/interwork/libgcc.a(_fixsfsi.o)
                0x0000eca8                __fixsfsi
 *(.gnu.linkonce.t.*)
 *(.glue_7)
 .glue_7        0x0000ed10       0x48 /usr/lib/gcc/arm-elf/3.4.4/thumb/interwork/libgcc.a(_fixsfsi.o)
                0x0000ed1c                __atan2_from_arm
                0x0000ed34                __cos_from_arm
                0x0000ed28                __atan_from_arm
                0x0000ed10                ____divsi3_from_arm
                0x0000ed40                __sin_from_arm
                0x0000ed4c                __sqrt_from_arm
 *(.glue_7t)
 .glue_7t       0x0000ed58       0x50 /usr/lib/gcc/arm-elf/3.4.4/thumb/interwork/libgcc.a(_fixsfsi.o)
                0x0000ed70                ____gtdf2_from_thumb
                0x0000ed68                ____subdf3_from_thumb
                0x0000ed8c                ____ltdf2_change_to_arm
                0x0000ed6c                ____subdf3_change_to_arm
                0x0000eda4                ____gedf2_change_to_arm
                0x0000ed80                ____eqdf2_from_thumb
                0x0000ed90                ____fixdfsi_from_thumb
                0x0000ed7c                ____divdf3_change_to_arm
                0x0000eda0                ____gedf2_from_thumb
                0x0000ed64                ____muldf3_change_to_arm
                0x0000ed94                ____fixdfsi_change_to_arm
                0x0000ed78                ____divdf3_from_thumb
                0x0000ed5c                ____adddf3_change_to_arm
                0x0000ed74                ____gtdf2_change_to_arm
                0x0000ed98                ____floatsidf_from_thumb
                0x0000ed88                ____ltdf2_from_thumb
                0x0000ed58                ____adddf3_from_thumb
                0x0000ed84                ____eqdf2_change_to_arm
                0x0000ed60                ____muldf3_from_thumb
                0x0000ed9c                ____floatsidf_change_to_arm
 *(.gcc_except_table)
 *(.rodata)
 .rodata        0x0000eda8        0x2 /home/dragonfly/paparazzi_new/test/paparazzi3/var/d3/ap/main_ap.o
 .rodata        0x0000edaa        0xc /home/dragonfly/paparazzi_new/test/paparazzi3/var/d3/ap/commands.o
                0x0000edaa                commands_failsafe
 .rodata        0x0000edb6        0x1 /home/dragonfly/paparazzi_new/test/paparazzi3/var/d3/ap/nav.o
                0x0000edb6                nb_waypoint
 *fill*         0x0000edb7        0x1 00
 .rodata        0x0000edb8       0x98 /usr/lib/gcc/arm-elf/3.4.4/../../../../arm-elf/lib/thumb/interwork/libm.a(s_atan.o)
 .rodata        0x0000ee50      0x188 /usr/lib/gcc/arm-elf/3.4.4/../../../../arm-elf/lib/thumb/interwork/libm.a(e_rem_pio2.o)
 .rodata        0x0000efd8       0x50 /usr/lib/gcc/arm-elf/3.4.4/../../../../arm-elf/lib/thumb/interwork/libm.a(k_rem_pio2.o)
 .rodata        0x0000f028        0x4 /usr/lib/gcc/arm-elf/3.4.4/../../../../arm-elf/lib/thumb/interwork/libm.a(s_lib_ver.o)
                0x0000f028                __fdlib_version
 .rodata        0x0000f02c        0x4 /usr/lib/gcc/arm-elf/3.4.4/../../../../arm-elf/lib/thumb/interwork/libc.a(impure.o)
                0x0000f02c                _global_impure_ptr
 *(.rodata*)
 .rodata.str1.4
                0x0000f030        0x6 /usr/lib/gcc/arm-elf/3.4.4/../../../../arm-elf/lib/thumb/interwork/libm.a(w_atan2.o)
                                  0x8 (size before relaxing)
 *fill*         0x0000f036        0x2 00
 .rodata.str1.4
                0x0000f038        0x5 /usr/lib/gcc/arm-elf/3.4.4/../../../../arm-elf/lib/thumb/interwork/libm.a(w_sqrt.o)
                                  0x8 (size before relaxing)
 *fill*         0x0000f03d        0x3 00
 .rodata.str1.4
                0x0000f040        0x2 /usr/lib/gcc/arm-elf/3.4.4/../../../../arm-elf/lib/thumb/interwork/libc.a(impure.o)
                                  0x4 (size before relaxing)
 *(.gnu.linkonce.r.*)
                0x0000f044                . = ALIGN (0x4)

.ctors          0x0000f042        0x0
                0x0000f042                PROVIDE (__ctors_start__, .)
 *(SORT(.ctors.*))
 *(.ctors)
                0x0000f042                PROVIDE (__ctors_end__, .)

.dtors          0x0000f042        0x0
                0x0000f042                PROVIDE (__dtors_start__, .)
 *(SORT(.dtors.*))
 *(.dtors)
                0x0000f042                PROVIDE (__dtors_end__, .)
                0x0000f044                . = ALIGN (0x4)
                0x0000f044                _etext = .
                0x0000f044                PROVIDE (etext, .)

.data           0x40000000      0x46c load address 0x0000f044
                0x40000000                _data = .
 *(.data)
 .data          0x40000000        0x1 /home/dragonfly/paparazzi_new/test/paparazzi3/var/d3/ap/sys_time_hw.o
 .data          0x40000001        0x4 /home/dragonfly/paparazzi_new/test/paparazzi3/var/d3/ap/main_ap.o
                0x40000001                ac_ident
                0x40000002                light_mode
                0x40000003                pprz_mode
 *fill*         0x40000005        0x3 00
 .data          0x40000008        0x4 /home/dragonfly/paparazzi_new/test/paparazzi3/var/d3/ap/servos_4015_MAT_hw.o
                0x40000008                servos_delay
 .data          0x4000000c        0x8 /home/dragonfly/paparazzi_new/test/paparazzi3/var/d3/ap/inter_mcu.o
                0x4000000c                ap_state
                0x40000010                fbw_state
 .data          0x40000014       0x20 /home/dragonfly/paparazzi_new/test/paparazzi3/var/d3/ap/adc_hw.o
                0x40000014                adc1_val
                0x40000024                adc0_val
 .data          0x40000034       0x34 /home/dragonfly/paparazzi_new/test/paparazzi3/var/d3/ap/nav.o
                0x4000005c                nav_utm_zone0
                0x40000064                nav_utm_east0
                0x40000060                nav_utm_north0
                0x40000034                waypoints
                0x40000058                nav_altitude
 .data          0x40000068      0x404 /usr/lib/gcc/arm-elf/3.4.4/../../../../arm-elf/lib/thumb/interwork/libc.a(impure.o)
                0x40000468                _impure_ptr
 *(.data.*)
 *(.gnu.linkonce.d*)
                0x4000046c                . = ALIGN (0x4)
 *(.fastrun)
                0x4000046c                . = ALIGN (0x4)
                0x4000046c                _edata = .
                0x4000046c                PROVIDE (edata, .)

.bss            0x4000046c      0xc98
                0x4000046c                __bss_start = .
                0x4000046c                __bss_start__ = .
 *(.bss)
 .bss           0x4000046c        0x4 /home/dragonfly/paparazzi_new/test/paparazzi3/var/d3/ap/sys_time.o
 .bss           0x40000470        0x8 /home/dragonfly/paparazzi_new/test/paparazzi3/var/d3/ap/sys_time_hw.o
 .bss           0x40000478       0x10 /home/dragonfly/paparazzi_new/test/paparazzi3/var/d3/ap/main_fbw.o
 .bss           0x40000488       0x28 /home/dragonfly/paparazzi_new/test/paparazzi3/var/d3/ap/main_ap.o
                0x4000048c                lateral_mode
                0x40000489                launch
                0x40000488                gps_lost
                0x4000048b                ir_estim_mode
                0x4000048a                kill_throttle
                0x4000048d                fatal_error_nb
                0x4000048e                rc_settings_mode
 .bss           0x400004b0        0x4 /home/dragonfly/paparazzi_new/test/paparazzi3/var/d3/ap/main.o
 .bss           0x400004b4        0x4 /home/dragonfly/paparazzi_new/test/paparazzi3/var/d3/ap/servos_4015_MAT_hw.o
 .bss           0x400004b8        0x4 /home/dragonfly/paparazzi_new/test/paparazzi3/var/d3/ap/actuators.o
 .bss           0x400004bc        0x8 /home/dragonfly/paparazzi_new/test/paparazzi3/var/d3/ap/radio_control.o
                0x400004bc                rc_values_contains_avg_channels
 .bss           0x400004c4        0x4 /home/dragonfly/paparazzi_new/test/paparazzi3/var/d3/ap/ppm_hw.o
 .bss           0x400004c8        0x2 /home/dragonfly/paparazzi_new/test/paparazzi3/var/d3/ap/downlink.o
                0x400004c9                telemetry_mode_Fbw
                0x400004c8                telemetry_mode_Ap
 *fill*         0x400004ca        0x2 00
 .bss           0x400004cc        0x4 /home/dragonfly/paparazzi_new/test/paparazzi3/var/d3/ap/datalink.o
 .bss           0x400004d0        0x1 /home/dragonfly/paparazzi_new/test/paparazzi3/var/d3/ap/pprz_transport.o
                0x400004d0                pprz_msg_received
 *fill*         0x400004d1        0x3 00
 .bss           0x400004d4       0x28 /home/dragonfly/paparazzi_new/test/paparazzi3/var/d3/ap/inter_mcu.o
                0x400004d4                inter_mcu_received_ap
                0x400004d5                inter_mcu_received_fbw
 .bss           0x400004fc       0x40 /home/dragonfly/paparazzi_new/test/paparazzi3/var/d3/ap/adc_hw.o
 .bss           0x4000053c        0x8 /home/dragonfly/paparazzi_new/test/paparazzi3/var/d3/ap/gps_ubx.o
 .bss           0x40000544        0x8 /home/dragonfly/paparazzi_new/test/paparazzi3/var/d3/ap/gps.o
 .bss           0x4000054c       0xa4 /home/dragonfly/paparazzi_new/test/paparazzi3/var/d3/ap/infrared.o
                0x4000054c                calib_status
 .bss           0x400005f0       0x60 /home/dragonfly/paparazzi_new/test/paparazzi3/var/d3/ap/nav.o
                0x400005fd                nav_in_circle
                0x400005f8                circle_bank
                0x400005f0                nav_pitch
                0x400005fc                nav_in_segment
                0x400005f4                altitude_shift
 .bss           0x40000650      0x110 /home/dragonfly/paparazzi_new/test/paparazzi3/var/d3/ap/fw_h_ctl.o
 *(.gnu.linkonce.b*)
 *(COMMON)
 COMMON         0x40000760        0x2 /home/dragonfly/paparazzi_new/test/paparazzi3/var/d3/ap/sys_time.o
                0x40000760                cpu_time_sec
 *fill*         0x40000762        0x2 00
 COMMON         0x40000764        0x4 /home/dragonfly/paparazzi_new/test/paparazzi3/var/d3/ap/sys_time_hw.o
                0x40000764                cpu_time_ticks
 COMMON         0x40000768       0x46 /home/dragonfly/paparazzi_new/test/paparazzi3/var/d3/ap/main_fbw.o
                0x40000768                vsupply_adc_buf
                0x400007ac                fbw_vsupply_decivolt
                0x400007ad                fbw_mode
 *fill*         0x400007ae        0x2 00
 COMMON         0x400007b0      0x1f5 /home/dragonfly/paparazzi_new/test/paparazzi3/var/d3/ap/main_ap.o
                0x400007b0                rc_event_1
                0x400007b4                the_acs
                0x40000994                slider_2_val
                0x40000998                slider_1_val
                0x4000099c                rc_event_2
                0x400009a0                energy
                0x400009a4                vsupply
 *fill*         0x400009a5        0x1 00
 COMMON         0x400009a6        0xc /home/dragonfly/paparazzi_new/test/paparazzi3/var/d3/ap/commands.o
                0x400009a6                commands
 COMMON         0x400009b2       0x12 /home/dragonfly/paparazzi_new/test/paparazzi3/var/d3/ap/servos_4015_MAT_hw.o
                0x400009b2                servos_4015_idx
                0x400009b4                servos_values
 COMMON         0x400009c4        0xc /home/dragonfly/paparazzi_new/test/paparazzi3/var/d3/ap/actuators.o
                0x400009c4                actuators
 COMMON         0x400009d0       0x35 /home/dragonfly/paparazzi_new/test/paparazzi3/var/d3/ap/radio_control.o
                0x400009d0                rc_status
                0x400009d1                time_since_last_ppm
                0x400009d2                ppm_cpt
                0x400009d4                rc_values
                0x400009e4                avg_rc_values
                0x40000a04                last_ppm_cpt
 *fill*         0x40000a05        0x1 00
 COMMON         0x40000a06       0x11 /home/dragonfly/paparazzi_new/test/paparazzi3/var/d3/ap/ppm_hw.o
                0x40000a06                ppm_pulses
                0x40000a16                ppm_valid
 COMMON         0x40000a17        0x1 /home/dragonfly/paparazzi_new/test/paparazzi3/var/d3/ap/downlink.o
                0x40000a17                downlink_nb_ovrn
 COMMON         0x40000a18      0x214 /home/dragonfly/paparazzi_new/test/paparazzi3/var/d3/ap/uart_hw.o
                0x40000a18                uart0_tx_buffer
                0x40000a98                uart1_rx_insert_idx
                0x40000a9a                uart0_tx_insert_idx
                0x40000a9c                uart1_tx_buffer
                0x40000b1c                uart1_rx_buffer
                0x40000b9c                uart0_rx_insert_idx
                0x40000b9e                uart1_tx_running
                0x40000ba0                uart0_tx_extract_idx
                0x40000ba2                uart1_tx_insert_idx
                0x40000ba4                uart1_rx_extract_idx
                0x40000ba6                uart0_tx_running
                0x40000ba7                uart0_rx_buffer
                0x40000c28                uart1_tx_extract_idx
                0x40000c2a                uart0_rx_extract_idx
 COMMON         0x40000c2c       0x84 /home/dragonfly/paparazzi_new/test/paparazzi3/var/d3/ap/datalink.o
                0x40000c2c                dl_msg_available
                0x40000c30                dl_buffer
 COMMON         0x40000cb0      0x105 /home/dragonfly/paparazzi_new/test/paparazzi3/var/d3/ap/pprz_transport.o
                0x40000cb0                ck_b
                0x40000cb1                pprz_payload_len
                0x40000cb2                pprz_ovrn
                0x40000cb3                pprz_payload
                0x40000db3                ck_a
                0x40000db4                pprz_error
 COMMON         0x40000db5        0x2 /home/dragonfly/paparazzi_new/test/paparazzi3/var/d3/ap/inter_mcu.o
                0x40000db5                ap_ok
                0x40000db6                time_since_last_ap
 *fill*         0x40000db7        0x1 00
 COMMON         0x40000db8      0x1a8 /home/dragonfly/paparazzi_new/test/paparazzi3/var/d3/ap/gps_ubx.o
                0x40000db8                ubx_msg_buf
                0x40000eb8                gps_alt
                0x40000ebc                gps_climb
                0x40000ebe                gps_msg_received
                0x40000ebf                gps_nb_channels
                0x40000ec0                ubx_class
                0x40000ec1                ubx_id
                0x40000ec4                gps_utm_north
                0x40000ec8                gps_utm_east
                0x40000ecc                gps_nb_ovrn
                0x40000ece                gps_course
                0x40000ed0                send_ck_b
                0x40000ed2                gps_gspeed
                0x40000ed4                send_ck_a
                0x40000ed8                gps_itow
                0x40000edc                gps_pos_available
                0x40000edd                gps_mode
                0x40000ede                gps_utm_zone
                0x40000ee0                gps_svinfos
 COMMON         0x40000f60        0x2 /home/dragonfly/paparazzi_new/test/paparazzi3/var/d3/ap/gps.o
                0x40000f60                last_gps_msg_t
 *fill*         0x40000f62        0x2 00
 COMMON         0x40000f64       0x41 /home/dragonfly/paparazzi_new/test/paparazzi3/var/d3/ap/infrared.o
                0x40000f64                x2_dbg
                0x40000f66                ir_top
                0x40000f68                ir_estimated_theta_pi_4
                0x40000f6c                ir_pitch
                0x40000f70                estimator_rad_of_ir
                0x40000f74                ir_contrast
                0x40000f78                ir_rad_of_ir
                0x40000f7c                estimator_ir
                0x40000f80                ir_pitch_neutral
                0x40000f84                ir_estimated_phi_pi_4
                0x40000f88                x1_dbg
                0x40000f8c                z_contrast_mode
                0x40000f90                ir_estimated_theta_minus_pi_4
                0x40000f94                estimator_rad
                0x40000f98                ir_estimated_phi_minus_pi_4
                0x40000f9c                ir_roll
                0x40000fa0                ir_roll_neutral
                0x40000fa4                ir_360
 *fill*         0x40000fa5        0x3 00
 COMMON         0x40000fa8       0x4c /home/dragonfly/paparazzi_new/test/paparazzi3/var/d3/ap/estimator.o
                0x40000fa8                estimator_z_dot
                0x40000fac                estimator_flight_time
                0x40000fb0                estimator_psi
                0x40000fb4                estimator_z
                0x40000fb8                estimator_az
                0x40000fbc                estimator_t
                0x40000fc0                wind_east
                0x40000fc4                estimator_ay
                0x40000fc8                estimator_p
                0x40000fcc                estimator_theta
                0x40000fd0                estimator_hspeed_mod
                0x40000fd4                estimator_phi
                0x40000fd8                estimator_x
                0x40000fdc                estimator_q
                0x40000fe0                estimator_hspeed_dir
                0x40000fe4                wind_north
                0x40000fe8                estimator_ax
                0x40000fec                alt_kalman_enabled
                0x40000ff0                estimator_y
 COMMON         0x40000ff4       0x64 /home/dragonfly/paparazzi_new/test/paparazzi3/var/d3/ap/nav.o
                0x40000ff4                nav_glide_pitch_trim
                0x40000ff8                dist2_to_wp
                0x40000ffc                nav_segment_x_1
                0x40001000                desired_x
                0x40001004                nav_segment_x_2
                0x40001006                nav_circle_radius
                0x40001008                stage_time_ds
                0x4000100c                nav_throttle_setpoint
                0x40001010                survey_south
                0x40001014                desired_y
                0x40001018                carrot_x
                0x4000101c                horizontal_mode
                0x4000101d                nav_block
                0x4000101e                nav_circle_y
                0x40001020                too_far_from_home
                0x40001024                rc_pitch
                0x40001028                survey_north
                0x4000102c                dist2_to_home
                0x40001030                survey_west
                0x40001034                nav_stage
                0x40001038                survey_east
                0x4000103c                nav_circle_x
                0x4000103e                nav_segment_y_2
                0x40001040                nav_segment_y_1
                0x40001044                ground_alt
                0x40001048                carrot_y
                0x4000104c                stage_time
                0x4000104e                block_time
                0x40001050                nav_circle_trigo_qdr
                0x40001054                flight_altitude
 COMMON         0x40001058       0x5c /home/dragonfly/paparazzi_new/test/paparazzi3/var/d3/ap/fw_h_ctl.o
                0x40001058                h_ctl_auto1_rate
                0x4000105c                h_ctl_course_setpoint
                0x40001060                h_ctl_roll_rate_dgain
                0x40001064                h_ctl_roll_rate_setpoint
                0x40001068                h_ctl_roll_max_setpoint
                0x4000106c                h_ctl_course_pre_bank_correction
                0x40001070                h_ctl_elevator_setpoint
                0x40001074                h_ctl_roll_rate_igain
                0x40001078                h_ctl_roll_rate_setpoint_pgain
                0x4000107c                h_ctl_hi_throttle_roll_rate_pgain
                0x40001080                h_ctl_aileron_of_throttle
                0x40001084                h_ctl_aileron_setpoint
                0x40001088                h_ctl_pitch_setpoint
                0x4000108c                h_ctl_roll_rate_mode
                0x40001090                h_ctl_course_pgain
                0x40001094                h_ctl_pitch_pgain
                0x40001098                h_ctl_course_pre_bank
                0x4000109c                h_ctl_pitch_dgain
                0x400010a0                h_ctl_lo_throttle_roll_rate_pgain
                0x400010a4                h_ctl_disabled
                0x400010a8                h_ctl_roll_pgain
                0x400010ac                h_ctl_roll_setpoint
                0x400010b0                h_ctl_elevator_of_roll
 COMMON         0x400010b4       0x50 /home/dragonfly/paparazzi_new/test/paparazzi3/var/d3/ap/fw_v_ctl.o
                0x400010b4                v_ctl_auto_throttle_nominal_cruise_throttle
                0x400010b8                v_ctl_altitude_error
                0x400010bc                v_ctl_climb_mode
                0x400010c0                v_ctl_auto_throttle_sum_err
                0x400010c4                v_ctl_auto_throttle_submode
                0x400010c8                v_ctl_auto_throttle_pitch_of_vz_pgain
                0x400010cc                v_ctl_altitude_setpoint
                0x400010d0                v_ctl_mode
                0x400010d4                v_ctl_auto_throttle_cruise_throttle
                0x400010d8                v_ctl_altitude_pgain
                0x400010dc                v_ctl_auto_pitch_pgain
                0x400010e0                v_ctl_auto_throttle_climb_throttle_increment
                0x400010e4                v_ctl_auto_throttle_igain
                0x400010e8                v_ctl_throttle_setpoint
                0x400010ec                v_ctl_climb_setpoint
                0x400010f0                v_ctl_auto_pitch_igain
                0x400010f4                v_ctl_altitude_pre_climb
                0x400010f8                v_ctl_throttle_slewed
                0x400010fc                v_ctl_auto_throttle_pgain
                0x40001100                v_ctl_auto_pitch_sum_err
                0x40001104                . = ALIGN (0x4)
                0x40001104                . = ALIGN (0x4)
                0x40001104                __bss_end__ = .
                0x40001104                PROVIDE (__bss_end, .)

.stack          0x40001200     0x1000
                0x40002200                . = (. + STACK_SIZE)
 *fill*         0x40001200     0x1000 00
                0x40002200                PROVIDE (_stack, .)
                0x40002200                _end = .
                0x40002200                PROVIDE (end, .)

.stab
 *(.stab)

.stabstr
 *(.stabstr)

.stab.excl
 *(.stab.excl)

.stab.exclstr
 *(.stab.exclstr)

.stab.index
 *(.stab.index)

.stab.indexstr
 *(.stab.indexstr)

.comment        0x00000000      0x32a
 *(.comment)
 .comment       0x00000000       0x12 /home/dragonfly/paparazzi_new/test/paparazzi3/var/d3/ap/sys_time.o
 .comment       0x00000012       0x12 /home/dragonfly/paparazzi_new/test/paparazzi3/var/d3/ap/sys_time_hw.o
 .comment       0x00000024       0x12 /home/dragonfly/paparazzi_new/test/paparazzi3/var/d3/ap/armVIC.o
 .comment       0x00000036       0x12 /home/dragonfly/paparazzi_new/test/paparazzi3/var/d3/ap/main_fbw.o
 .comment       0x00000048       0x12 /home/dragonfly/paparazzi_new/test/paparazzi3/var/d3/ap/main_ap.o
 .comment       0x0000005a       0x12 /home/dragonfly/paparazzi_new/test/paparazzi3/var/d3/ap/main.o
 .comment       0x0000006c       0x12 /home/dragonfly/paparazzi_new/test/paparazzi3/var/d3/ap/commands.o
 .comment       0x0000007e       0x12 /home/dragonfly/paparazzi_new/test/paparazzi3/var/d3/ap/servos_4015_MAT_hw.o
 .comment       0x00000090       0x12 /home/dragonfly/paparazzi_new/test/paparazzi3/var/d3/ap/actuators.o
 .comment       0x000000a2       0x12 /home/dragonfly/paparazzi_new/test/paparazzi3/var/d3/ap/radio_control.o
 .comment       0x000000b4       0x12 /home/dragonfly/paparazzi_new/test/paparazzi3/var/d3/ap/ppm_hw.o
 .comment       0x000000c6       0x12 /home/dragonfly/paparazzi_new/test/paparazzi3/var/d3/ap/downlink.o
 .comment       0x000000d8       0x12 /home/dragonfly/paparazzi_new/test/paparazzi3/var/d3/ap/uart_hw.o
 .comment       0x000000ea       0x12 /home/dragonfly/paparazzi_new/test/paparazzi3/var/d3/ap/datalink.o
 .comment       0x000000fc       0x12 /home/dragonfly/paparazzi_new/test/paparazzi3/var/d3/ap/pprz_transport.o
 .comment       0x0000010e       0x12 /home/dragonfly/paparazzi_new/test/paparazzi3/var/d3/ap/traffic_info.o
 .comment       0x00000120       0x12 /home/dragonfly/paparazzi_new/test/paparazzi3/var/d3/ap/inter_mcu.o
 .comment       0x00000132       0x12 /home/dragonfly/paparazzi_new/test/paparazzi3/var/d3/ap/adc_hw.o
 .comment       0x00000144       0x12 /home/dragonfly/paparazzi_new/test/paparazzi3/var/d3/ap/gps_ubx.o
 .comment       0x00000156       0x12 /home/dragonfly/paparazzi_new/test/paparazzi3/var/d3/ap/gps.o
 .comment       0x00000168       0x12 /home/dragonfly/paparazzi_new/test/paparazzi3/var/d3/ap/infrared.o
 .comment       0x0000017a       0x12 /home/dragonfly/paparazzi_new/test/paparazzi3/var/d3/ap/estimator.o
 .comment       0x0000018c       0x12 /home/dragonfly/paparazzi_new/test/paparazzi3/var/d3/ap/nav.o
 .comment       0x0000019e       0x12 /home/dragonfly/paparazzi_new/test/paparazzi3/var/d3/ap/fw_h_ctl.o
 .comment       0x000001b0       0x12 /home/dragonfly/paparazzi_new/test/paparazzi3/var/d3/ap/fw_v_ctl.o
 .comment       0x000001c2       0x12 /usr/lib/gcc/arm-elf/3.4.4/../../../../arm-elf/lib/thumb/interwork/libm.a(s_atan.o)
 .comment       0x000001d4       0x12 /usr/lib/gcc/arm-elf/3.4.4/../../../../arm-elf/lib/thumb/interwork/libm.a(s_cos.o)
 .comment       0x000001e6       0x12 /usr/lib/gcc/arm-elf/3.4.4/../../../../arm-elf/lib/thumb/interwork/libm.a(s_fabs.o)
 .comment       0x000001f8       0x12 /usr/lib/gcc/arm-elf/3.4.4/../../../../arm-elf/lib/thumb/interwork/libm.a(s_sin.o)
 .comment       0x0000020a       0x12 /usr/lib/gcc/arm-elf/3.4.4/../../../../arm-elf/lib/thumb/interwork/libm.a(w_atan2.o)
 .comment       0x0000021c       0x12 /usr/lib/gcc/arm-elf/3.4.4/../../../../arm-elf/lib/thumb/interwork/libm.a(w_sqrt.o)
 .comment       0x0000022e       0x12 /usr/lib/gcc/arm-elf/3.4.4/../../../../arm-elf/lib/thumb/interwork/libm.a(e_atan2.o)
 .comment       0x00000240       0x12 /usr/lib/gcc/arm-elf/3.4.4/../../../../arm-elf/lib/thumb/interwork/libm.a(e_rem_pio2.o)
 .comment       0x00000252       0x12 /usr/lib/gcc/arm-elf/3.4.4/../../../../arm-elf/lib/thumb/interwork/libm.a(e_sqrt.o)
 .comment       0x00000264       0x12 /usr/lib/gcc/arm-elf/3.4.4/../../../../arm-elf/lib/thumb/interwork/libm.a(k_cos.o)
 .comment       0x00000276       0x12 /usr/lib/gcc/arm-elf/3.4.4/../../../../arm-elf/lib/thumb/interwork/libm.a(k_rem_pio2.o)
 .comment       0x00000288       0x12 /usr/lib/gcc/arm-elf/3.4.4/../../../../arm-elf/lib/thumb/interwork/libm.a(k_sin.o)
 .comment       0x0000029a       0x12 /usr/lib/gcc/arm-elf/3.4.4/../../../../arm-elf/lib/thumb/interwork/libm.a(s_floor.o)
 .comment       0x000002ac       0x12 /usr/lib/gcc/arm-elf/3.4.4/../../../../arm-elf/lib/thumb/interwork/libm.a(s_isnan.o)
 .comment       0x000002be       0x12 /usr/lib/gcc/arm-elf/3.4.4/../../../../arm-elf/lib/thumb/interwork/libm.a(s_lib_ver.o)
 .comment       0x000002d0       0x12 /usr/lib/gcc/arm-elf/3.4.4/../../../../arm-elf/lib/thumb/interwork/libm.a(s_matherr.o)
 .comment       0x000002e2       0x12 /usr/lib/gcc/arm-elf/3.4.4/../../../../arm-elf/lib/thumb/interwork/libm.a(s_scalbn.o)
 .comment       0x000002f4       0x12 /usr/lib/gcc/arm-elf/3.4.4/../../../../arm-elf/lib/thumb/interwork/libm.a(s_copysign.o)
 .comment       0x00000306       0x12 /usr/lib/gcc/arm-elf/3.4.4/../../../../arm-elf/lib/thumb/interwork/libc.a(errno.o)
 .comment       0x00000318       0x12 /usr/lib/gcc/arm-elf/3.4.4/../../../../arm-elf/lib/thumb/interwork/libc.a(impure.o)

.debug
 *(.debug)

.line
 *(.line)

.debug_srcinfo
 *(.debug_srcinfo)

.debug_sfnames
 *(.debug_sfnames)

.debug_aranges  0x00000000      0x240
 *(.debug_aranges)
 .debug_aranges
                0x00000000       0x20 /usr/lib/gcc/arm-elf/3.4.4/../../../../arm-elf/lib/thumb/interwork/libm.a(s_atan.o)
 .debug_aranges
                0x00000020       0x20 /usr/lib/gcc/arm-elf/3.4.4/../../../../arm-elf/lib/thumb/interwork/libm.a(s_cos.o)
 .debug_aranges
                0x00000040       0x20 /usr/lib/gcc/arm-elf/3.4.4/../../../../arm-elf/lib/thumb/interwork/libm.a(s_fabs.o)
 .debug_aranges
                0x00000060       0x20 /usr/lib/gcc/arm-elf/3.4.4/../../../../arm-elf/lib/thumb/interwork/libm.a(s_sin.o)
 .debug_aranges
                0x00000080       0x20 /usr/lib/gcc/arm-elf/3.4.4/../../../../arm-elf/lib/thumb/interwork/libm.a(w_atan2.o)
 .debug_aranges
                0x000000a0       0x20 /usr/lib/gcc/arm-elf/3.4.4/../../../../arm-elf/lib/thumb/interwork/libm.a(w_sqrt.o)
 .debug_aranges
                0x000000c0       0x20 /usr/lib/gcc/arm-elf/3.4.4/../../../../arm-elf/lib/thumb/interwork/libm.a(e_atan2.o)
 .debug_aranges
                0x000000e0       0x20 /usr/lib/gcc/arm-elf/3.4.4/../../../../arm-elf/lib/thumb/interwork/libm.a(e_rem_pio2.o)
 .debug_aranges
                0x00000100       0x20 /usr/lib/gcc/arm-elf/3.4.4/../../../../arm-elf/lib/thumb/interwork/libm.a(e_sqrt.o)
 .debug_aranges
                0x00000120       0x20 /usr/lib/gcc/arm-elf/3.4.4/../../../../arm-elf/lib/thumb/interwork/libm.a(k_cos.o)
 .debug_aranges
                0x00000140       0x20 /usr/lib/gcc/arm-elf/3.4.4/../../../../arm-elf/lib/thumb/interwork/libm.a(k_rem_pio2.o)
 .debug_aranges
                0x00000160       0x20 /usr/lib/gcc/arm-elf/3.4.4/../../../../arm-elf/lib/thumb/interwork/libm.a(k_sin.o)
 .debug_aranges
                0x00000180       0x20 /usr/lib/gcc/arm-elf/3.4.4/../../../../arm-elf/lib/thumb/interwork/libm.a(s_floor.o)
 .debug_aranges
                0x000001a0       0x20 /usr/lib/gcc/arm-elf/3.4.4/../../../../arm-elf/lib/thumb/interwork/libm.a(s_isnan.o)
 .debug_aranges
                0x000001c0       0x20 /usr/lib/gcc/arm-elf/3.4.4/../../../../arm-elf/lib/thumb/interwork/libm.a(s_matherr.o)
 .debug_aranges
                0x000001e0       0x20 /usr/lib/gcc/arm-elf/3.4.4/../../../../arm-elf/lib/thumb/interwork/libm.a(s_scalbn.o)
 .debug_aranges
                0x00000200       0x20 /usr/lib/gcc/arm-elf/3.4.4/../../../../arm-elf/lib/thumb/interwork/libm.a(s_copysign.o)
 .debug_aranges
                0x00000220       0x20 /usr/lib/gcc/arm-elf/3.4.4/../../../../arm-elf/lib/thumb/interwork/libc.a(errno.o)

.debug_pubnames
                0x00000000      0x292
 *(.debug_pubnames)
 .debug_pubnames
                0x00000000       0x1b /usr/lib/gcc/arm-elf/3.4.4/../../../../arm-elf/lib/thumb/interwork/libm.a(s_atan.o)
 .debug_pubnames
                0x0000001b       0x1a /usr/lib/gcc/arm-elf/3.4.4/../../../../arm-elf/lib/thumb/interwork/libm.a(s_cos.o)
 .debug_pubnames
                0x00000035       0x1b /usr/lib/gcc/arm-elf/3.4.4/../../../../arm-elf/lib/thumb/interwork/libm.a(s_fabs.o)
 .debug_pubnames
                0x00000050       0x1a /usr/lib/gcc/arm-elf/3.4.4/../../../../arm-elf/lib/thumb/interwork/libm.a(s_sin.o)
 .debug_pubnames
                0x0000006a       0x1c /usr/lib/gcc/arm-elf/3.4.4/../../../../arm-elf/lib/thumb/interwork/libm.a(w_atan2.o)
 .debug_pubnames
                0x00000086       0x1b /usr/lib/gcc/arm-elf/3.4.4/../../../../arm-elf/lib/thumb/interwork/libm.a(w_sqrt.o)
 .debug_pubnames
                0x000000a1       0x26 /usr/lib/gcc/arm-elf/3.4.4/../../../../arm-elf/lib/thumb/interwork/libm.a(e_atan2.o)
 .debug_pubnames
                0x000000c7       0x29 /usr/lib/gcc/arm-elf/3.4.4/../../../../arm-elf/lib/thumb/interwork/libm.a(e_rem_pio2.o)
 .debug_pubnames
                0x000000f0       0x25 /usr/lib/gcc/arm-elf/3.4.4/../../../../arm-elf/lib/thumb/interwork/libm.a(e_sqrt.o)
 .debug_pubnames
                0x00000115       0x23 /usr/lib/gcc/arm-elf/3.4.4/../../../../arm-elf/lib/thumb/interwork/libm.a(k_cos.o)
 .debug_pubnames
                0x00000138       0x28 /usr/lib/gcc/arm-elf/3.4.4/../../../../arm-elf/lib/thumb/interwork/libm.a(k_rem_pio2.o)
 .debug_pubnames
                0x00000160       0x23 /usr/lib/gcc/arm-elf/3.4.4/../../../../arm-elf/lib/thumb/interwork/libm.a(k_sin.o)
 .debug_pubnames
                0x00000183       0x1c /usr/lib/gcc/arm-elf/3.4.4/../../../../arm-elf/lib/thumb/interwork/libm.a(s_floor.o)
 .debug_pubnames
                0x0000019f       0x1c /usr/lib/gcc/arm-elf/3.4.4/../../../../arm-elf/lib/thumb/interwork/libm.a(s_isnan.o)
 .debug_pubnames
                0x000001bb       0x26 /usr/lib/gcc/arm-elf/3.4.4/../../../../arm-elf/lib/thumb/interwork/libm.a(s_lib_ver.o)
 .debug_pubnames
                0x000001e1       0x1e /usr/lib/gcc/arm-elf/3.4.4/../../../../arm-elf/lib/thumb/interwork/libm.a(s_matherr.o)
 .debug_pubnames
                0x000001ff       0x1d /usr/lib/gcc/arm-elf/3.4.4/../../../../arm-elf/lib/thumb/interwork/libm.a(s_scalbn.o)
 .debug_pubnames
                0x0000021c       0x1f /usr/lib/gcc/arm-elf/3.4.4/../../../../arm-elf/lib/thumb/interwork/libm.a(s_copysign.o)
 .debug_pubnames
                0x0000023b       0x1e /usr/lib/gcc/arm-elf/3.4.4/../../../../arm-elf/lib/thumb/interwork/libc.a(errno.o)
 .debug_pubnames
                0x00000259       0x39 /usr/lib/gcc/arm-elf/3.4.4/../../../../arm-elf/lib/thumb/interwork/libc.a(impure.o)

.debug_info     0x00000000     0x314a
 *(.debug_info .gnu.linkonce.wi.*)
 .debug_info    0x00000000      0x25d /usr/lib/gcc/arm-elf/3.4.4/../../../../arm-elf/lib/thumb/interwork/libm.a(s_atan.o)
 .debug_info    0x0000025d       0xee /usr/lib/gcc/arm-elf/3.4.4/../../../../arm-elf/lib/thumb/interwork/libm.a(s_cos.o)
 .debug_info    0x0000034b      0x151 /usr/lib/gcc/arm-elf/3.4.4/../../../../arm-elf/lib/thumb/interwork/libm.a(s_fabs.o)
 .debug_info    0x0000049c       0xee /usr/lib/gcc/arm-elf/3.4.4/../../../../arm-elf/lib/thumb/interwork/libm.a(s_sin.o)
 .debug_info    0x0000058a      0x17e /usr/lib/gcc/arm-elf/3.4.4/../../../../arm-elf/lib/thumb/interwork/libm.a(w_atan2.o)
 .debug_info    0x00000708      0x172 /usr/lib/gcc/arm-elf/3.4.4/../../../../arm-elf/lib/thumb/interwork/libm.a(w_sqrt.o)
 .debug_info    0x0000087a      0x29b /usr/lib/gcc/arm-elf/3.4.4/../../../../arm-elf/lib/thumb/interwork/libm.a(e_atan2.o)
 .debug_info    0x00000b15      0x390 /usr/lib/gcc/arm-elf/3.4.4/../../../../arm-elf/lib/thumb/interwork/libm.a(e_rem_pio2.o)
 .debug_info    0x00000ea5      0x211 /usr/lib/gcc/arm-elf/3.4.4/../../../../arm-elf/lib/thumb/interwork/libm.a(e_sqrt.o)
 .debug_info    0x000010b6      0x20c /usr/lib/gcc/arm-elf/3.4.4/../../../../arm-elf/lib/thumb/interwork/libm.a(k_cos.o)
 .debug_info    0x000012c2      0x2c0 /usr/lib/gcc/arm-elf/3.4.4/../../../../arm-elf/lib/thumb/interwork/libm.a(k_rem_pio2.o)
 .debug_info    0x00001582      0x18b /usr/lib/gcc/arm-elf/3.4.4/../../../../arm-elf/lib/thumb/interwork/libm.a(k_sin.o)
 .debug_info    0x0000170d      0x1a0 /usr/lib/gcc/arm-elf/3.4.4/../../../../arm-elf/lib/thumb/interwork/libm.a(s_floor.o)
 .debug_info    0x000018ad      0x147 /usr/lib/gcc/arm-elf/3.4.4/../../../../arm-elf/lib/thumb/interwork/libm.a(s_isnan.o)
 .debug_info    0x000019f4       0xbe /usr/lib/gcc/arm-elf/3.4.4/../../../../arm-elf/lib/thumb/interwork/libm.a(s_lib_ver.o)
 .debug_info    0x00001ab2      0x125 /usr/lib/gcc/arm-elf/3.4.4/../../../../arm-elf/lib/thumb/interwork/libm.a(s_matherr.o)
 .debug_info    0x00001bd7      0x1f4 /usr/lib/gcc/arm-elf/3.4.4/../../../../arm-elf/lib/thumb/interwork/libm.a(s_scalbn.o)
 .debug_info    0x00001dcb      0x14a /usr/lib/gcc/arm-elf/3.4.4/../../../../arm-elf/lib/thumb/interwork/libm.a(s_copysign.o)
 .debug_info    0x00001f15      0x913 /usr/lib/gcc/arm-elf/3.4.4/../../../../arm-elf/lib/thumb/interwork/libc.a(errno.o)
 .debug_info    0x00002828      0x922 /usr/lib/gcc/arm-elf/3.4.4/../../../../arm-elf/lib/thumb/interwork/libc.a(impure.o)

.debug_abbrev   0x00000000     0x113f
 *(.debug_abbrev)
 .debug_abbrev  0x00000000      0x11f /usr/lib/gcc/arm-elf/3.4.4/../../../../arm-elf/lib/thumb/interwork/libm.a(s_atan.o)
 .debug_abbrev  0x0000011f       0x8b /usr/lib/gcc/arm-elf/3.4.4/../../../../arm-elf/lib/thumb/interwork/libm.a(s_cos.o)
 .debug_abbrev  0x000001aa       0xd0 /usr/lib/gcc/arm-elf/3.4.4/../../../../arm-elf/lib/thumb/interwork/libm.a(s_fabs.o)
 .debug_abbrev  0x0000027a       0x8b /usr/lib/gcc/arm-elf/3.4.4/../../../../arm-elf/lib/thumb/interwork/libm.a(s_sin.o)
 .debug_abbrev  0x00000305       0xc7 /usr/lib/gcc/arm-elf/3.4.4/../../../../arm-elf/lib/thumb/interwork/libm.a(w_atan2.o)
 .debug_abbrev  0x000003cc       0xc7 /usr/lib/gcc/arm-elf/3.4.4/../../../../arm-elf/lib/thumb/interwork/libm.a(w_sqrt.o)
 .debug_abbrev  0x00000493      0x10f /usr/lib/gcc/arm-elf/3.4.4/../../../../arm-elf/lib/thumb/interwork/libm.a(e_atan2.o)
 .debug_abbrev  0x000005a2      0x128 /usr/lib/gcc/arm-elf/3.4.4/../../../../arm-elf/lib/thumb/interwork/libm.a(e_rem_pio2.o)
 .debug_abbrev  0x000006ca      0x104 /usr/lib/gcc/arm-elf/3.4.4/../../../../arm-elf/lib/thumb/interwork/libm.a(e_sqrt.o)
 .debug_abbrev  0x000007ce       0xea /usr/lib/gcc/arm-elf/3.4.4/../../../../arm-elf/lib/thumb/interwork/libm.a(k_cos.o)
 .debug_abbrev  0x000008b8       0xe6 /usr/lib/gcc/arm-elf/3.4.4/../../../../arm-elf/lib/thumb/interwork/libm.a(k_rem_pio2.o)
 .debug_abbrev  0x0000099e       0x93 /usr/lib/gcc/arm-elf/3.4.4/../../../../arm-elf/lib/thumb/interwork/libm.a(k_sin.o)
 .debug_abbrev  0x00000a31       0xe8 /usr/lib/gcc/arm-elf/3.4.4/../../../../arm-elf/lib/thumb/interwork/libm.a(s_floor.o)
 .debug_abbrev  0x00000b19       0xd4 /usr/lib/gcc/arm-elf/3.4.4/../../../../arm-elf/lib/thumb/interwork/libm.a(s_isnan.o)
 .debug_abbrev  0x00000bed       0x5a /usr/lib/gcc/arm-elf/3.4.4/../../../../arm-elf/lib/thumb/interwork/libm.a(s_lib_ver.o)
 .debug_abbrev  0x00000c47       0x95 /usr/lib/gcc/arm-elf/3.4.4/../../../../arm-elf/lib/thumb/interwork/libm.a(s_matherr.o)
 .debug_abbrev  0x00000cdc       0xe8 /usr/lib/gcc/arm-elf/3.4.4/../../../../arm-elf/lib/thumb/interwork/libm.a(s_scalbn.o)
 .debug_abbrev  0x00000dc4       0xc5 /usr/lib/gcc/arm-elf/3.4.4/../../../../arm-elf/lib/thumb/interwork/libm.a(s_copysign.o)
 .debug_abbrev  0x00000e89      0x15f /usr/lib/gcc/arm-elf/3.4.4/../../../../arm-elf/lib/thumb/interwork/libc.a(errno.o)
 .debug_abbrev  0x00000fe8      0x157 /usr/lib/gcc/arm-elf/3.4.4/../../../../arm-elf/lib/thumb/interwork/libc.a(impure.o)

.debug_line     0x00000000     0x13e0
 *(.debug_line)
 .debug_line    0x00000000      0x137 /usr/lib/gcc/arm-elf/3.4.4/../../../../arm-elf/lib/thumb/interwork/libm.a(s_atan.o)
 .debug_line    0x00000137       0xcc /usr/lib/gcc/arm-elf/3.4.4/../../../../arm-elf/lib/thumb/interwork/libm.a(s_cos.o)
 .debug_line    0x00000203       0xf3 /usr/lib/gcc/arm-elf/3.4.4/../../../../arm-elf/lib/thumb/interwork/libm.a(s_fabs.o)
 .debug_line    0x000002f6       0xcc /usr/lib/gcc/arm-elf/3.4.4/../../../../arm-elf/lib/thumb/interwork/libm.a(s_sin.o)
 .debug_line    0x000003c2       0xca /usr/lib/gcc/arm-elf/3.4.4/../../../../arm-elf/lib/thumb/interwork/libm.a(w_atan2.o)
 .debug_line    0x0000048c       0xc9 /usr/lib/gcc/arm-elf/3.4.4/../../../../arm-elf/lib/thumb/interwork/libm.a(w_sqrt.o)
 .debug_line    0x00000555      0x14c /usr/lib/gcc/arm-elf/3.4.4/../../../../arm-elf/lib/thumb/interwork/libm.a(e_atan2.o)
 .debug_line    0x000006a1      0x17c /usr/lib/gcc/arm-elf/3.4.4/../../../../arm-elf/lib/thumb/interwork/libm.a(e_rem_pio2.o)
 .debug_line    0x0000081d      0x163 /usr/lib/gcc/arm-elf/3.4.4/../../../../arm-elf/lib/thumb/interwork/libm.a(e_sqrt.o)
 .debug_line    0x00000980      0x115 /usr/lib/gcc/arm-elf/3.4.4/../../../../arm-elf/lib/thumb/interwork/libm.a(k_cos.o)
 .debug_line    0x00000a95      0x187 /usr/lib/gcc/arm-elf/3.4.4/../../../../arm-elf/lib/thumb/interwork/libm.a(k_rem_pio2.o)
 .debug_line    0x00000c1c       0xc6 /usr/lib/gcc/arm-elf/3.4.4/../../../../arm-elf/lib/thumb/interwork/libm.a(k_sin.o)
 .debug_line    0x00000ce2      0x12a /usr/lib/gcc/arm-elf/3.4.4/../../../../arm-elf/lib/thumb/interwork/libm.a(s_floor.o)
 .debug_line    0x00000e0c       0xfb /usr/lib/gcc/arm-elf/3.4.4/../../../../arm-elf/lib/thumb/interwork/libm.a(s_isnan.o)
 .debug_line    0x00000f07       0xa0 /usr/lib/gcc/arm-elf/3.4.4/../../../../arm-elf/lib/thumb/interwork/libm.a(s_lib_ver.o)
 .debug_line    0x00000fa7       0xb0 /usr/lib/gcc/arm-elf/3.4.4/../../../../arm-elf/lib/thumb/interwork/libm.a(s_matherr.o)
 .debug_line    0x00001057       0xeb /usr/lib/gcc/arm-elf/3.4.4/../../../../arm-elf/lib/thumb/interwork/libm.a(s_scalbn.o)
 .debug_line    0x00001142       0xc4 /usr/lib/gcc/arm-elf/3.4.4/../../../../arm-elf/lib/thumb/interwork/libm.a(s_copysign.o)
 .debug_line    0x00001206       0xf4 /usr/lib/gcc/arm-elf/3.4.4/../../../../arm-elf/lib/thumb/interwork/libc.a(errno.o)
 .debug_line    0x000012fa       0xe6 /usr/lib/gcc/arm-elf/3.4.4/../../../../arm-elf/lib/thumb/interwork/libc.a(impure.o)

.debug_frame    0x00000000      0x388
 *(.debug_frame)
 .debug_frame   0x00000000       0x38 /usr/lib/gcc/arm-elf/3.4.4/../../../../arm-elf/lib/thumb/interwork/libm.a(s_atan.o)
 .debug_frame   0x00000038       0x30 /usr/lib/gcc/arm-elf/3.4.4/../../../../arm-elf/lib/thumb/interwork/libm.a(s_cos.o)
 .debug_frame   0x00000068       0x28 /usr/lib/gcc/arm-elf/3.4.4/../../../../arm-elf/lib/thumb/interwork/libm.a(s_fabs.o)
 .debug_frame   0x00000090       0x30 /usr/lib/gcc/arm-elf/3.4.4/../../../../arm-elf/lib/thumb/interwork/libm.a(s_sin.o)
 .debug_frame   0x000000c0       0x38 /usr/lib/gcc/arm-elf/3.4.4/../../../../arm-elf/lib/thumb/interwork/libm.a(w_atan2.o)
 .debug_frame   0x000000f8       0x38 /usr/lib/gcc/arm-elf/3.4.4/../../../../arm-elf/lib/thumb/interwork/libm.a(w_sqrt.o)
 .debug_frame   0x00000130       0x38 /usr/lib/gcc/arm-elf/3.4.4/../../../../arm-elf/lib/thumb/interwork/libm.a(e_atan2.o)
 .debug_frame   0x00000168       0x3c /usr/lib/gcc/arm-elf/3.4.4/../../../../arm-elf/lib/thumb/interwork/libm.a(e_rem_pio2.o)
 .debug_frame   0x000001a4       0x3c /usr/lib/gcc/arm-elf/3.4.4/../../../../arm-elf/lib/thumb/interwork/libm.a(e_sqrt.o)
 .debug_frame   0x000001e0       0x38 /usr/lib/gcc/arm-elf/3.4.4/../../../../arm-elf/lib/thumb/interwork/libm.a(k_cos.o)
 .debug_frame   0x00000218       0x40 /usr/lib/gcc/arm-elf/3.4.4/../../../../arm-elf/lib/thumb/interwork/libm.a(k_rem_pio2.o)
 .debug_frame   0x00000258       0x30 /usr/lib/gcc/arm-elf/3.4.4/../../../../arm-elf/lib/thumb/interwork/libm.a(k_sin.o)
 .debug_frame   0x00000288       0x38 /usr/lib/gcc/arm-elf/3.4.4/../../../../arm-elf/lib/thumb/interwork/libm.a(s_floor.o)
 .debug_frame   0x000002c0       0x28 /usr/lib/gcc/arm-elf/3.4.4/../../../../arm-elf/lib/thumb/interwork/libm.a(s_isnan.o)
 .debug_frame   0x000002e8       0x20 /usr/lib/gcc/arm-elf/3.4.4/../../../../arm-elf/lib/thumb/interwork/libm.a(s_matherr.o)
 .debug_frame   0x00000308       0x34 /usr/lib/gcc/arm-elf/3.4.4/../../../../arm-elf/lib/thumb/interwork/libm.a(s_scalbn.o)
 .debug_frame   0x0000033c       0x2c /usr/lib/gcc/arm-elf/3.4.4/../../../../arm-elf/lib/thumb/interwork/libm.a(s_copysign.o)
 .debug_frame   0x00000368       0x20 /usr/lib/gcc/arm-elf/3.4.4/../../../../arm-elf/lib/thumb/interwork/libc.a(errno.o)

.debug_str      0x00000000      0xbad
 *(.debug_str)
 .debug_str     0x00000000      0x148 /usr/lib/gcc/arm-elf/3.4.4/../../../../arm-elf/lib/thumb/interwork/libm.a(s_atan.o)
                                0x17b (size before relaxing)
 .debug_str     0x00000148       0x32 /usr/lib/gcc/arm-elf/3.4.4/../../../../arm-elf/lib/thumb/interwork/libm.a(s_cos.o)
                                0x12a (size before relaxing)
 .debug_str     0x0000017a       0x42 /usr/lib/gcc/arm-elf/3.4.4/../../../../arm-elf/lib/thumb/interwork/libm.a(s_fabs.o)
                                0x163 (size before relaxing)
 .debug_str     0x000001bc       0x32 /usr/lib/gcc/arm-elf/3.4.4/../../../../arm-elf/lib/thumb/interwork/libm.a(s_sin.o)
                                0x12a (size before relaxing)
 .debug_str     0x000001ee       0xaf /usr/lib/gcc/arm-elf/3.4.4/../../../../arm-elf/lib/thumb/interwork/libm.a(w_atan2.o)
                                0x1a8 (size before relaxing)
 .debug_str     0x0000029d       0x33 /usr/lib/gcc/arm-elf/3.4.4/../../../../arm-elf/lib/thumb/interwork/libm.a(w_sqrt.o)
                                0x1a6 (size before relaxing)
 .debug_str     0x000002d0       0x67 /usr/lib/gcc/arm-elf/3.4.4/../../../../arm-elf/lib/thumb/interwork/libm.a(e_atan2.o)
                                0x197 (size before relaxing)
 .debug_str     0x00000337       0xa4 /usr/lib/gcc/arm-elf/3.4.4/../../../../arm-elf/lib/thumb/interwork/libm.a(e_rem_pio2.o)
                                0x1e3 (size before relaxing)
 .debug_str     0x000003db       0x47 /usr/lib/gcc/arm-elf/3.4.4/../../../../arm-elf/lib/thumb/interwork/libm.a(e_sqrt.o)
                                0x17c (size before relaxing)
 .debug_str     0x00000422       0x3f /usr/lib/gcc/arm-elf/3.4.4/../../../../arm-elf/lib/thumb/interwork/libm.a(k_cos.o)
                                0x16a (size before relaxing)
 .debug_str     0x00000461       0x78 /usr/lib/gcc/arm-elf/3.4.4/../../../../arm-elf/lib/thumb/interwork/libm.a(k_rem_pio2.o)
                                0x17b (size before relaxing)
 .debug_str     0x000004d9       0x3f /usr/lib/gcc/arm-elf/3.4.4/../../../../arm-elf/lib/thumb/interwork/libm.a(k_sin.o)
                                0x13c (size before relaxing)
 .debug_str     0x00000518       0x3a /usr/lib/gcc/arm-elf/3.4.4/../../../../arm-elf/lib/thumb/interwork/libm.a(s_floor.o)
                                0x16f (size before relaxing)
 .debug_str     0x00000552       0x3a /usr/lib/gcc/arm-elf/3.4.4/../../../../arm-elf/lib/thumb/interwork/libm.a(s_isnan.o)
                                0x165 (size before relaxing)
 .debug_str     0x0000058c       0x92 /usr/lib/gcc/arm-elf/3.4.4/../../../../arm-elf/lib/thumb/interwork/libm.a(s_lib_ver.o)
                                0x183 (size before relaxing)
 .debug_str     0x0000061e       0x40 /usr/lib/gcc/arm-elf/3.4.4/../../../../arm-elf/lib/thumb/interwork/libm.a(s_matherr.o)
                                0x155 (size before relaxing)
 .debug_str     0x0000065e       0x4b /usr/lib/gcc/arm-elf/3.4.4/../../../../arm-elf/lib/thumb/interwork/libm.a(s_scalbn.o)
                                0x187 (size before relaxing)
 .debug_str     0x000006a9       0x42 /usr/lib/gcc/arm-elf/3.4.4/../../../../arm-elf/lib/thumb/interwork/libm.a(s_copysign.o)
                                0x165 (size before relaxing)
 .debug_str     0x000006eb      0x416 /usr/lib/gcc/arm-elf/3.4.4/../../../../arm-elf/lib/thumb/interwork/libc.a(errno.o)
                                0x4be (size before relaxing)
 .debug_str     0x00000b01       0xac /usr/lib/gcc/arm-elf/3.4.4/../../../../arm-elf/lib/thumb/interwork/libc.a(impure.o)
                                0x4d6 (size before relaxing)

.debug_loc
 *(.debug_loc)

.debug_macinfo
 *(.debug_macinfo)

.debug_weaknames
 *(.debug_weaknames)

.debug_funcnames
 *(.debug_funcnames)

.debug_typenames
 *(.debug_typenames)

.debug_varnames
 *(.debug_varnames)
OUTPUT(/home/dragonfly/paparazzi_new/test/paparazzi3/var/d3/ap/ap.elf elf32-littlearm)

.debug_ranges   0x00000000       0xc8
 .debug_ranges  0x00000000       0x28 /usr/lib/gcc/arm-elf/3.4.4/../../../../arm-elf/lib/thumb/interwork/libm.a(s_atan.o)
 .debug_ranges  0x00000028       0x20 /usr/lib/gcc/arm-elf/3.4.4/../../../../arm-elf/lib/thumb/interwork/libm.a(e_atan2.o)
 .debug_ranges  0x00000048       0x18 /usr/lib/gcc/arm-elf/3.4.4/../../../../arm-elf/lib/thumb/interwork/libm.a(e_rem_pio2.o)
 .debug_ranges  0x00000060       0x18 /usr/lib/gcc/arm-elf/3.4.4/../../../../arm-elf/lib/thumb/interwork/libm.a(e_sqrt.o)
 .debug_ranges  0x00000078       0x18 /usr/lib/gcc/arm-elf/3.4.4/../../../../arm-elf/lib/thumb/interwork/libm.a(k_cos.o)
 .debug_ranges  0x00000090       0x20 /usr/lib/gcc/arm-elf/3.4.4/../../../../arm-elf/lib/thumb/interwork/libm.a(s_floor.o)
 .debug_ranges  0x000000b0       0x18 /usr/lib/gcc/arm-elf/3.4.4/../../../../arm-elf/lib/thumb/interwork/libm.a(s_scalbn.o)

Cross Reference Table

Symbol                                            File
TIMER0_ISR                                        /home/dragonfly/paparazzi_new/test/paparazzi3/var/d3/ap/sys_time_hw.o
                                                  /home/dragonfly/paparazzi_new/test/paparazzi3/var/d3/ap/main_fbw.o
____adddf3_change_to_arm                          /usr/lib/gcc/arm-elf/3.4.4/thumb/interwork/libgcc.a(_fixsfsi.o)
____adddf3_from_thumb                             /usr/lib/gcc/arm-elf/3.4.4/thumb/interwork/libgcc.a(_fixsfsi.o)
____divdf3_change_to_arm                          /usr/lib/gcc/arm-elf/3.4.4/thumb/interwork/libgcc.a(_fixsfsi.o)
____divdf3_from_thumb                             /usr/lib/gcc/arm-elf/3.4.4/thumb/interwork/libgcc.a(_fixsfsi.o)
____divsi3_from_arm                               /usr/lib/gcc/arm-elf/3.4.4/thumb/interwork/libgcc.a(_fixsfsi.o)
____eqdf2_change_to_arm                           /usr/lib/gcc/arm-elf/3.4.4/thumb/interwork/libgcc.a(_fixsfsi.o)
____eqdf2_from_thumb                              /usr/lib/gcc/arm-elf/3.4.4/thumb/interwork/libgcc.a(_fixsfsi.o)
____fixdfsi_change_to_arm                         /usr/lib/gcc/arm-elf/3.4.4/thumb/interwork/libgcc.a(_fixsfsi.o)
____fixdfsi_from_thumb                            /usr/lib/gcc/arm-elf/3.4.4/thumb/interwork/libgcc.a(_fixsfsi.o)
____floatsidf_change_to_arm                       /usr/lib/gcc/arm-elf/3.4.4/thumb/interwork/libgcc.a(_fixsfsi.o)
____floatsidf_from_thumb                          /usr/lib/gcc/arm-elf/3.4.4/thumb/interwork/libgcc.a(_fixsfsi.o)
____gedf2_change_to_arm                           /usr/lib/gcc/arm-elf/3.4.4/thumb/interwork/libgcc.a(_fixsfsi.o)
____gedf2_from_thumb                              /usr/lib/gcc/arm-elf/3.4.4/thumb/interwork/libgcc.a(_fixsfsi.o)
____gtdf2_change_to_arm                           /usr/lib/gcc/arm-elf/3.4.4/thumb/interwork/libgcc.a(_fixsfsi.o)
____gtdf2_from_thumb                              /usr/lib/gcc/arm-elf/3.4.4/thumb/interwork/libgcc.a(_fixsfsi.o)
____ltdf2_change_to_arm                           /usr/lib/gcc/arm-elf/3.4.4/thumb/interwork/libgcc.a(_fixsfsi.o)
____ltdf2_from_thumb                              /usr/lib/gcc/arm-elf/3.4.4/thumb/interwork/libgcc.a(_fixsfsi.o)
____muldf3_change_to_arm                          /usr/lib/gcc/arm-elf/3.4.4/thumb/interwork/libgcc.a(_fixsfsi.o)
____muldf3_from_thumb                             /usr/lib/gcc/arm-elf/3.4.4/thumb/interwork/libgcc.a(_fixsfsi.o)
____subdf3_change_to_arm                          /usr/lib/gcc/arm-elf/3.4.4/thumb/interwork/libgcc.a(_fixsfsi.o)
____subdf3_from_thumb                             /usr/lib/gcc/arm-elf/3.4.4/thumb/interwork/libgcc.a(_fixsfsi.o)
__adddf3                                          /usr/lib/gcc/arm-elf/3.4.4/thumb/interwork/libgcc.a(_addsubdf3.o)
                                                  /usr/lib/gcc/arm-elf/3.4.4/../../../../arm-elf/lib/thumb/interwork/libm.a(s_scalbn.o)
                                                  /usr/lib/gcc/arm-elf/3.4.4/../../../../arm-elf/lib/thumb/interwork/libm.a(s_floor.o)
                                                  /usr/lib/gcc/arm-elf/3.4.4/../../../../arm-elf/lib/thumb/interwork/libm.a(k_sin.o)
                                                  /usr/lib/gcc/arm-elf/3.4.4/../../../../arm-elf/lib/thumb/interwork/libm.a(k_rem_pio2.o)
                                                  /usr/lib/gcc/arm-elf/3.4.4/../../../../arm-elf/lib/thumb/interwork/libm.a(k_cos.o)
                                                  /usr/lib/gcc/arm-elf/3.4.4/../../../../arm-elf/lib/thumb/interwork/libm.a(e_sqrt.o)
                                                  /usr/lib/gcc/arm-elf/3.4.4/../../../../arm-elf/lib/thumb/interwork/libm.a(e_rem_pio2.o)
                                                  /usr/lib/gcc/arm-elf/3.4.4/../../../../arm-elf/lib/thumb/interwork/libm.a(e_atan2.o)
                                                  /usr/lib/gcc/arm-elf/3.4.4/../../../../arm-elf/lib/thumb/interwork/libm.a(s_atan.o)
                                                  /home/dragonfly/paparazzi_new/test/paparazzi3/var/d3/ap/fw_v_ctl.o
                                                  /home/dragonfly/paparazzi_new/test/paparazzi3/var/d3/ap/fw_h_ctl.o
                                                  /home/dragonfly/paparazzi_new/test/paparazzi3/var/d3/ap/nav.o
                                                  /home/dragonfly/paparazzi_new/test/paparazzi3/var/d3/ap/infrared.o
                                                  /home/dragonfly/paparazzi_new/test/paparazzi3/var/d3/ap/main_ap.o
                                                  /home/dragonfly/paparazzi_new/test/paparazzi3/var/d3/ap/main_fbw.o
__addsf3                                          /usr/lib/gcc/arm-elf/3.4.4/thumb/interwork/libgcc.a(_addsubsf3.o)
                                                  /home/dragonfly/paparazzi_new/test/paparazzi3/var/d3/ap/fw_v_ctl.o
                                                  /home/dragonfly/paparazzi_new/test/paparazzi3/var/d3/ap/fw_h_ctl.o
                                                  /home/dragonfly/paparazzi_new/test/paparazzi3/var/d3/ap/nav.o
                                                  /home/dragonfly/paparazzi_new/test/paparazzi3/var/d3/ap/infrared.o
                                                  /home/dragonfly/paparazzi_new/test/paparazzi3/var/d3/ap/datalink.o
                                                  /home/dragonfly/paparazzi_new/test/paparazzi3/var/d3/ap/main_ap.o
__atan2_from_arm                                  /usr/lib/gcc/arm-elf/3.4.4/thumb/interwork/libgcc.a(_fixsfsi.o)
__atan_from_arm                                   /usr/lib/gcc/arm-elf/3.4.4/thumb/interwork/libgcc.a(_fixsfsi.o)
__bss_end__                                       /home/dragonfly/paparazzi_new/test/paparazzi3/var/d3/ap/crt0.o
__bss_start                                       /home/dragonfly/paparazzi_new/test/paparazzi3/var/d3/ap/crt0.o
__cmpdf2                                          /usr/lib/gcc/arm-elf/3.4.4/thumb/interwork/libgcc.a(_cmpdf2.o)
__cmpsf2                                          /usr/lib/gcc/arm-elf/3.4.4/thumb/interwork/libgcc.a(_cmpsf2.o)
__cos_from_arm                                    /usr/lib/gcc/arm-elf/3.4.4/thumb/interwork/libgcc.a(_fixsfsi.o)
__ctors_end__                                     /home/dragonfly/paparazzi_new/test/paparazzi3/var/d3/ap/crt0.o
__ctors_start__                                   /home/dragonfly/paparazzi_new/test/paparazzi3/var/d3/ap/crt0.o
__div0                                            /usr/lib/gcc/arm-elf/3.4.4/thumb/interwork/libgcc.a(_dvmd_tls.o)
                                                  /usr/lib/gcc/arm-elf/3.4.4/thumb/interwork/libgcc.a(_divsi3.o)
__divdf3                                          /usr/lib/gcc/arm-elf/3.4.4/thumb/interwork/libgcc.a(_muldivdf3.o)
                                                  /usr/lib/gcc/arm-elf/3.4.4/../../../../arm-elf/lib/thumb/interwork/libm.a(e_sqrt.o)
                                                  /usr/lib/gcc/arm-elf/3.4.4/../../../../arm-elf/lib/thumb/interwork/libm.a(e_atan2.o)
                                                  /usr/lib/gcc/arm-elf/3.4.4/../../../../arm-elf/lib/thumb/interwork/libm.a(w_sqrt.o)
                                                  /usr/lib/gcc/arm-elf/3.4.4/../../../../arm-elf/lib/thumb/interwork/libm.a(s_atan.o)
                                                  /home/dragonfly/paparazzi_new/test/paparazzi3/var/d3/ap/fw_v_ctl.o
                                                  /home/dragonfly/paparazzi_new/test/paparazzi3/var/d3/ap/nav.o
                                                  /home/dragonfly/paparazzi_new/test/paparazzi3/var/d3/ap/infrared.o
                                                  /home/dragonfly/paparazzi_new/test/paparazzi3/var/d3/ap/gps.o
                                                  /home/dragonfly/paparazzi_new/test/paparazzi3/var/d3/ap/datalink.o
                                                  /home/dragonfly/paparazzi_new/test/paparazzi3/var/d3/ap/main_ap.o
__divsf3                                          /usr/lib/gcc/arm-elf/3.4.4/thumb/interwork/libgcc.a(_muldivsf3.o)
                                                  /home/dragonfly/paparazzi_new/test/paparazzi3/var/d3/ap/fw_h_ctl.o
                                                  /home/dragonfly/paparazzi_new/test/paparazzi3/var/d3/ap/nav.o
                                                  /home/dragonfly/paparazzi_new/test/paparazzi3/var/d3/ap/infrared.o
                                                  /home/dragonfly/paparazzi_new/test/paparazzi3/var/d3/ap/datalink.o
                                                  /home/dragonfly/paparazzi_new/test/paparazzi3/var/d3/ap/main_ap.o
__divsi3                                          /usr/lib/gcc/arm-elf/3.4.4/thumb/interwork/libgcc.a(_divsi3.o)
                                                  /usr/lib/gcc/arm-elf/3.4.4/../../../../arm-elf/lib/thumb/interwork/libm.a(k_rem_pio2.o)
                                                  /home/dragonfly/paparazzi_new/test/paparazzi3/var/d3/ap/infrared.o
                                                  /home/dragonfly/paparazzi_new/test/paparazzi3/var/d3/ap/gps_ubx.o
                                                  /home/dragonfly/paparazzi_new/test/paparazzi3/var/d3/ap/main_fbw.o
__eqdf2                                           /usr/lib/gcc/arm-elf/3.4.4/thumb/interwork/libgcc.a(_cmpdf2.o)
                                                  /usr/lib/gcc/arm-elf/3.4.4/../../../../arm-elf/lib/thumb/interwork/libm.a(k_rem_pio2.o)
                                                  /usr/lib/gcc/arm-elf/3.4.4/../../../../arm-elf/lib/thumb/interwork/libm.a(e_rem_pio2.o)
                                                  /usr/lib/gcc/arm-elf/3.4.4/../../../../arm-elf/lib/thumb/interwork/libm.a(w_atan2.o)
__eqsf2                                           /usr/lib/gcc/arm-elf/3.4.4/thumb/interwork/libgcc.a(_cmpsf2.o)
__errno                                           /usr/lib/gcc/arm-elf/3.4.4/../../../../arm-elf/lib/thumb/interwork/libc.a(errno.o)
                                                  /usr/lib/gcc/arm-elf/3.4.4/../../../../arm-elf/lib/thumb/interwork/libm.a(w_sqrt.o)
                                                  /usr/lib/gcc/arm-elf/3.4.4/../../../../arm-elf/lib/thumb/interwork/libm.a(w_atan2.o)
__extendsfdf2                                     /usr/lib/gcc/arm-elf/3.4.4/thumb/interwork/libgcc.a(_addsubdf3.o)
                                                  /home/dragonfly/paparazzi_new/test/paparazzi3/var/d3/ap/fw_v_ctl.o
                                                  /home/dragonfly/paparazzi_new/test/paparazzi3/var/d3/ap/fw_h_ctl.o
                                                  /home/dragonfly/paparazzi_new/test/paparazzi3/var/d3/ap/nav.o
                                                  /home/dragonfly/paparazzi_new/test/paparazzi3/var/d3/ap/infrared.o
                                                  /home/dragonfly/paparazzi_new/test/paparazzi3/var/d3/ap/datalink.o
                                                  /home/dragonfly/paparazzi_new/test/paparazzi3/var/d3/ap/main_ap.o
                                                  /home/dragonfly/paparazzi_new/test/paparazzi3/var/d3/ap/main_fbw.o
__fdlib_version                                   /usr/lib/gcc/arm-elf/3.4.4/../../../../arm-elf/lib/thumb/interwork/libm.a(s_lib_ver.o)
                                                  /usr/lib/gcc/arm-elf/3.4.4/../../../../arm-elf/lib/thumb/interwork/libm.a(w_sqrt.o)
                                                  /usr/lib/gcc/arm-elf/3.4.4/../../../../arm-elf/lib/thumb/interwork/libm.a(w_atan2.o)
__fixdfsi                                         /usr/lib/gcc/arm-elf/3.4.4/thumb/interwork/libgcc.a(_fixdfsi.o)
                                                  /usr/lib/gcc/arm-elf/3.4.4/../../../../arm-elf/lib/thumb/interwork/libm.a(k_sin.o)
                                                  /usr/lib/gcc/arm-elf/3.4.4/../../../../arm-elf/lib/thumb/interwork/libm.a(k_rem_pio2.o)
                                                  /usr/lib/gcc/arm-elf/3.4.4/../../../../arm-elf/lib/thumb/interwork/libm.a(k_cos.o)
                                                  /usr/lib/gcc/arm-elf/3.4.4/../../../../arm-elf/lib/thumb/interwork/libm.a(e_rem_pio2.o)
                                                  /home/dragonfly/paparazzi_new/test/paparazzi3/var/d3/ap/infrared.o
                                                  /home/dragonfly/paparazzi_new/test/paparazzi3/var/d3/ap/main_ap.o
                                                  /home/dragonfly/paparazzi_new/test/paparazzi3/var/d3/ap/main_fbw.o
__fixsfsi                                         /usr/lib/gcc/arm-elf/3.4.4/thumb/interwork/libgcc.a(_fixsfsi.o)
                                                  /home/dragonfly/paparazzi_new/test/paparazzi3/var/d3/ap/fw_v_ctl.o
                                                  /home/dragonfly/paparazzi_new/test/paparazzi3/var/d3/ap/fw_h_ctl.o
                                                  /home/dragonfly/paparazzi_new/test/paparazzi3/var/d3/ap/nav.o
                                                  /home/dragonfly/paparazzi_new/test/paparazzi3/var/d3/ap/main_ap.o
                                                  /home/dragonfly/paparazzi_new/test/paparazzi3/var/d3/ap/main_fbw.o
__fixunsdfsi                                      /usr/lib/gcc/arm-elf/3.4.4/thumb/interwork/libgcc.a(_fixunsdfsi.o)
                                                  /home/dragonfly/paparazzi_new/test/paparazzi3/var/d3/ap/main_fbw.o
__floatsidf                                       /usr/lib/gcc/arm-elf/3.4.4/thumb/interwork/libgcc.a(_addsubdf3.o)
                                                  /usr/lib/gcc/arm-elf/3.4.4/../../../../arm-elf/lib/thumb/interwork/libm.a(k_rem_pio2.o)
                                                  /usr/lib/gcc/arm-elf/3.4.4/../../../../arm-elf/lib/thumb/interwork/libm.a(e_rem_pio2.o)
                                                  /home/dragonfly/paparazzi_new/test/paparazzi3/var/d3/ap/fw_v_ctl.o
                                                  /home/dragonfly/paparazzi_new/test/paparazzi3/var/d3/ap/infrared.o
                                                  /home/dragonfly/paparazzi_new/test/paparazzi3/var/d3/ap/gps.o
                                                  /home/dragonfly/paparazzi_new/test/paparazzi3/var/d3/ap/main_ap.o
                                                  /home/dragonfly/paparazzi_new/test/paparazzi3/var/d3/ap/main_fbw.o
__floatsisf                                       /usr/lib/gcc/arm-elf/3.4.4/thumb/interwork/libgcc.a(_addsubsf3.o)
                                                  /home/dragonfly/paparazzi_new/test/paparazzi3/var/d3/ap/fw_h_ctl.o
                                                  /home/dragonfly/paparazzi_new/test/paparazzi3/var/d3/ap/infrared.o
                                                  /home/dragonfly/paparazzi_new/test/paparazzi3/var/d3/ap/datalink.o
                                                  /home/dragonfly/paparazzi_new/test/paparazzi3/var/d3/ap/main_ap.o
                                                  /home/dragonfly/paparazzi_new/test/paparazzi3/var/d3/ap/main_fbw.o
__floatunsidf                                     /usr/lib/gcc/arm-elf/3.4.4/thumb/interwork/libgcc.a(_addsubdf3.o)
__floatunsisf                                     /usr/lib/gcc/arm-elf/3.4.4/thumb/interwork/libgcc.a(_addsubsf3.o)
__gedf2                                           /usr/lib/gcc/arm-elf/3.4.4/thumb/interwork/libgcc.a(_cmpdf2.o)
                                                  /usr/lib/gcc/arm-elf/3.4.4/../../../../arm-elf/lib/thumb/interwork/libm.a(k_rem_pio2.o)
                                                  /usr/lib/gcc/arm-elf/3.4.4/../../../../arm-elf/lib/thumb/interwork/libm.a(e_sqrt.o)
__gesf2                                           /usr/lib/gcc/arm-elf/3.4.4/thumb/interwork/libgcc.a(_cmpsf2.o)
                                                  /home/dragonfly/paparazzi_new/test/paparazzi3/var/d3/ap/nav.o
__gtdf2                                           /usr/lib/gcc/arm-elf/3.4.4/thumb/interwork/libgcc.a(_cmpdf2.o)
                                                  /usr/lib/gcc/arm-elf/3.4.4/../../../../arm-elf/lib/thumb/interwork/libm.a(s_floor.o)
                                                  /usr/lib/gcc/arm-elf/3.4.4/../../../../arm-elf/lib/thumb/interwork/libm.a(e_sqrt.o)
                                                  /usr/lib/gcc/arm-elf/3.4.4/../../../../arm-elf/lib/thumb/interwork/libm.a(s_atan.o)
                                                  /home/dragonfly/paparazzi_new/test/paparazzi3/var/d3/ap/fw_v_ctl.o
                                                  /home/dragonfly/paparazzi_new/test/paparazzi3/var/d3/ap/fw_h_ctl.o
                                                  /home/dragonfly/paparazzi_new/test/paparazzi3/var/d3/ap/nav.o
                                                  /home/dragonfly/paparazzi_new/test/paparazzi3/var/d3/ap/infrared.o
__gtsf2                                           /usr/lib/gcc/arm-elf/3.4.4/thumb/interwork/libgcc.a(_cmpsf2.o)
                                                  /home/dragonfly/paparazzi_new/test/paparazzi3/var/d3/ap/fw_v_ctl.o
                                                  /home/dragonfly/paparazzi_new/test/paparazzi3/var/d3/ap/fw_h_ctl.o
                                                  /home/dragonfly/paparazzi_new/test/paparazzi3/var/d3/ap/nav.o
                                                  /home/dragonfly/paparazzi_new/test/paparazzi3/var/d3/ap/main_ap.o
                                                  /home/dragonfly/paparazzi_new/test/paparazzi3/var/d3/ap/main_fbw.o
__ieee754_atan2                                   /usr/lib/gcc/arm-elf/3.4.4/../../../../arm-elf/lib/thumb/interwork/libm.a(e_atan2.o)
                                                  /usr/lib/gcc/arm-elf/3.4.4/../../../../arm-elf/lib/thumb/interwork/libm.a(w_atan2.o)
__ieee754_rem_pio2                                /usr/lib/gcc/arm-elf/3.4.4/../../../../arm-elf/lib/thumb/interwork/libm.a(e_rem_pio2.o)
                                                  /usr/lib/gcc/arm-elf/3.4.4/../../../../arm-elf/lib/thumb/interwork/libm.a(s_sin.o)
                                                  /usr/lib/gcc/arm-elf/3.4.4/../../../../arm-elf/lib/thumb/interwork/libm.a(s_cos.o)
__ieee754_sqrt                                    /usr/lib/gcc/arm-elf/3.4.4/../../../../arm-elf/lib/thumb/interwork/libm.a(e_sqrt.o)
                                                  /usr/lib/gcc/arm-elf/3.4.4/../../../../arm-elf/lib/thumb/interwork/libm.a(w_sqrt.o)
__kernel_cos                                      /usr/lib/gcc/arm-elf/3.4.4/../../../../arm-elf/lib/thumb/interwork/libm.a(k_cos.o)
                                                  /usr/lib/gcc/arm-elf/3.4.4/../../../../arm-elf/lib/thumb/interwork/libm.a(s_sin.o)
                                                  /usr/lib/gcc/arm-elf/3.4.4/../../../../arm-elf/lib/thumb/interwork/libm.a(s_cos.o)
__kernel_rem_pio2                                 /usr/lib/gcc/arm-elf/3.4.4/../../../../arm-elf/lib/thumb/interwork/libm.a(k_rem_pio2.o)
                                                  /usr/lib/gcc/arm-elf/3.4.4/../../../../arm-elf/lib/thumb/interwork/libm.a(e_rem_pio2.o)
__kernel_sin                                      /usr/lib/gcc/arm-elf/3.4.4/../../../../arm-elf/lib/thumb/interwork/libm.a(k_sin.o)
                                                  /usr/lib/gcc/arm-elf/3.4.4/../../../../arm-elf/lib/thumb/interwork/libm.a(s_sin.o)
                                                  /usr/lib/gcc/arm-elf/3.4.4/../../../../arm-elf/lib/thumb/interwork/libm.a(s_cos.o)
__ledf2                                           /usr/lib/gcc/arm-elf/3.4.4/thumb/interwork/libgcc.a(_cmpdf2.o)
__lesf2                                           /usr/lib/gcc/arm-elf/3.4.4/thumb/interwork/libgcc.a(_cmpsf2.o)
__ltdf2                                           /usr/lib/gcc/arm-elf/3.4.4/thumb/interwork/libgcc.a(_cmpdf2.o)
                                                  /usr/lib/gcc/arm-elf/3.4.4/../../../../arm-elf/lib/thumb/interwork/libm.a(w_sqrt.o)
                                                  /home/dragonfly/paparazzi_new/test/paparazzi3/var/d3/ap/fw_v_ctl.o
                                                  /home/dragonfly/paparazzi_new/test/paparazzi3/var/d3/ap/fw_h_ctl.o
                                                  /home/dragonfly/paparazzi_new/test/paparazzi3/var/d3/ap/nav.o
                                                  /home/dragonfly/paparazzi_new/test/paparazzi3/var/d3/ap/infrared.o
                                                  /home/dragonfly/paparazzi_new/test/paparazzi3/var/d3/ap/main_ap.o
__ltsf2                                           /usr/lib/gcc/arm-elf/3.4.4/thumb/interwork/libgcc.a(_cmpsf2.o)
                                                  /home/dragonfly/paparazzi_new/test/paparazzi3/var/d3/ap/fw_v_ctl.o
                                                  /home/dragonfly/paparazzi_new/test/paparazzi3/var/d3/ap/fw_h_ctl.o
                                                  /home/dragonfly/paparazzi_new/test/paparazzi3/var/d3/ap/nav.o
                                                  /home/dragonfly/paparazzi_new/test/paparazzi3/var/d3/ap/infrared.o
                                                  /home/dragonfly/paparazzi_new/test/paparazzi3/var/d3/ap/main_ap.o
__muldf3                                          /usr/lib/gcc/arm-elf/3.4.4/thumb/interwork/libgcc.a(_muldivdf3.o)
                                                  /usr/lib/gcc/arm-elf/3.4.4/../../../../arm-elf/lib/thumb/interwork/libm.a(s_scalbn.o)
                                                  /usr/lib/gcc/arm-elf/3.4.4/../../../../arm-elf/lib/thumb/interwork/libm.a(k_sin.o)
                                                  /usr/lib/gcc/arm-elf/3.4.4/../../../../arm-elf/lib/thumb/interwork/libm.a(k_rem_pio2.o)
                                                  /usr/lib/gcc/arm-elf/3.4.4/../../../../arm-elf/lib/thumb/interwork/libm.a(k_cos.o)
                                                  /usr/lib/gcc/arm-elf/3.4.4/../../../../arm-elf/lib/thumb/interwork/libm.a(e_sqrt.o)
                                                  /usr/lib/gcc/arm-elf/3.4.4/../../../../arm-elf/lib/thumb/interwork/libm.a(e_rem_pio2.o)
                                                  /usr/lib/gcc/arm-elf/3.4.4/../../../../arm-elf/lib/thumb/interwork/libm.a(s_atan.o)
                                                  /home/dragonfly/paparazzi_new/test/paparazzi3/var/d3/ap/fw_v_ctl.o
                                                  /home/dragonfly/paparazzi_new/test/paparazzi3/var/d3/ap/fw_h_ctl.o
                                                  /home/dragonfly/paparazzi_new/test/paparazzi3/var/d3/ap/nav.o
                                                  /home/dragonfly/paparazzi_new/test/paparazzi3/var/d3/ap/infrared.o
                                                  /home/dragonfly/paparazzi_new/test/paparazzi3/var/d3/ap/gps.o
                                                  /home/dragonfly/paparazzi_new/test/paparazzi3/var/d3/ap/datalink.o
                                                  /home/dragonfly/paparazzi_new/test/paparazzi3/var/d3/ap/main_ap.o
                                                  /home/dragonfly/paparazzi_new/test/paparazzi3/var/d3/ap/main_fbw.o
__mulsf3                                          /usr/lib/gcc/arm-elf/3.4.4/thumb/interwork/libgcc.a(_muldivsf3.o)
                                                  /home/dragonfly/paparazzi_new/test/paparazzi3/var/d3/ap/fw_v_ctl.o
                                                  /home/dragonfly/paparazzi_new/test/paparazzi3/var/d3/ap/fw_h_ctl.o
                                                  /home/dragonfly/paparazzi_new/test/paparazzi3/var/d3/ap/nav.o
                                                  /home/dragonfly/paparazzi_new/test/paparazzi3/var/d3/ap/infrared.o
                                                  /home/dragonfly/paparazzi_new/test/paparazzi3/var/d3/ap/main_fbw.o
__nedf2                                           /usr/lib/gcc/arm-elf/3.4.4/thumb/interwork/libgcc.a(_cmpdf2.o)
                                                  /usr/lib/gcc/arm-elf/3.4.4/../../../../arm-elf/lib/thumb/interwork/libm.a(s_matherr.o)
__nesf2                                           /usr/lib/gcc/arm-elf/3.4.4/thumb/interwork/libgcc.a(_cmpsf2.o)
__sin_from_arm                                    /usr/lib/gcc/arm-elf/3.4.4/thumb/interwork/libgcc.a(_fixsfsi.o)
__sqrt_from_arm                                   /usr/lib/gcc/arm-elf/3.4.4/thumb/interwork/libgcc.a(_fixsfsi.o)
__subdf3                                          /usr/lib/gcc/arm-elf/3.4.4/thumb/interwork/libgcc.a(_addsubdf3.o)
                                                  /usr/lib/gcc/arm-elf/3.4.4/../../../../arm-elf/lib/thumb/interwork/libm.a(k_sin.o)
                                                  /usr/lib/gcc/arm-elf/3.4.4/../../../../arm-elf/lib/thumb/interwork/libm.a(k_rem_pio2.o)
                                                  /usr/lib/gcc/arm-elf/3.4.4/../../../../arm-elf/lib/thumb/interwork/libm.a(k_cos.o)
                                                  /usr/lib/gcc/arm-elf/3.4.4/../../../../arm-elf/lib/thumb/interwork/libm.a(e_sqrt.o)
                                                  /usr/lib/gcc/arm-elf/3.4.4/../../../../arm-elf/lib/thumb/interwork/libm.a(e_rem_pio2.o)
                                                  /usr/lib/gcc/arm-elf/3.4.4/../../../../arm-elf/lib/thumb/interwork/libm.a(e_atan2.o)
                                                  /usr/lib/gcc/arm-elf/3.4.4/../../../../arm-elf/lib/thumb/interwork/libm.a(s_sin.o)
                                                  /usr/lib/gcc/arm-elf/3.4.4/../../../../arm-elf/lib/thumb/interwork/libm.a(s_cos.o)
                                                  /usr/lib/gcc/arm-elf/3.4.4/../../../../arm-elf/lib/thumb/interwork/libm.a(s_atan.o)
                                                  /home/dragonfly/paparazzi_new/test/paparazzi3/var/d3/ap/fw_v_ctl.o
                                                  /home/dragonfly/paparazzi_new/test/paparazzi3/var/d3/ap/fw_h_ctl.o
                                                  /home/dragonfly/paparazzi_new/test/paparazzi3/var/d3/ap/nav.o
                                                  /home/dragonfly/paparazzi_new/test/paparazzi3/var/d3/ap/infrared.o
                                                  /home/dragonfly/paparazzi_new/test/paparazzi3/var/d3/ap/gps.o
__subsf3                                          /usr/lib/gcc/arm-elf/3.4.4/thumb/interwork/libgcc.a(_addsubsf3.o)
                                                  /home/dragonfly/paparazzi_new/test/paparazzi3/var/d3/ap/fw_v_ctl.o
                                                  /home/dragonfly/paparazzi_new/test/paparazzi3/var/d3/ap/fw_h_ctl.o
                                                  /home/dragonfly/paparazzi_new/test/paparazzi3/var/d3/ap/nav.o
                                                  /home/dragonfly/paparazzi_new/test/paparazzi3/var/d3/ap/infrared.o
                                                  /home/dragonfly/paparazzi_new/test/paparazzi3/var/d3/ap/datalink.o
__truncdfsf2                                      /usr/lib/gcc/arm-elf/3.4.4/thumb/interwork/libgcc.a(_truncdfsf2.o)
                                                  /home/dragonfly/paparazzi_new/test/paparazzi3/var/d3/ap/fw_v_ctl.o
                                                  /home/dragonfly/paparazzi_new/test/paparazzi3/var/d3/ap/fw_h_ctl.o
                                                  /home/dragonfly/paparazzi_new/test/paparazzi3/var/d3/ap/nav.o
                                                  /home/dragonfly/paparazzi_new/test/paparazzi3/var/d3/ap/infrared.o
                                                  /home/dragonfly/paparazzi_new/test/paparazzi3/var/d3/ap/gps.o
                                                  /home/dragonfly/paparazzi_new/test/paparazzi3/var/d3/ap/datalink.o
                                                  /home/dragonfly/paparazzi_new/test/paparazzi3/var/d3/ap/main_ap.o
                                                  /home/dragonfly/paparazzi_new/test/paparazzi3/var/d3/ap/main_fbw.o
_boot                                             /home/dragonfly/paparazzi_new/test/paparazzi3/var/d3/ap/crt0.o
_data                                             /home/dragonfly/paparazzi_new/test/paparazzi3/var/d3/ap/crt0.o
_edata                                            /home/dragonfly/paparazzi_new/test/paparazzi3/var/d3/ap/crt0.o
_etext                                            /home/dragonfly/paparazzi_new/test/paparazzi3/var/d3/ap/crt0.o
_global_impure_ptr                                /usr/lib/gcc/arm-elf/3.4.4/../../../../arm-elf/lib/thumb/interwork/libc.a(impure.o)
_impure_ptr                                       /usr/lib/gcc/arm-elf/3.4.4/../../../../arm-elf/lib/thumb/interwork/libc.a(impure.o)
                                                  /usr/lib/gcc/arm-elf/3.4.4/../../../../arm-elf/lib/thumb/interwork/libc.a(errno.o)
_mainCRTStartup                                   /home/dragonfly/paparazzi_new/test/paparazzi3/var/d3/ap/crt0.o
_reset                                            /home/dragonfly/paparazzi_new/test/paparazzi3/var/d3/ap/crt0.o
_stack                                            /home/dragonfly/paparazzi_new/test/paparazzi3/var/d3/ap/crt0.o
_start                                            /home/dragonfly/paparazzi_new/test/paparazzi3/var/d3/ap/crt0.o
abort                                             /home/dragonfly/paparazzi_new/test/paparazzi3/var/d3/ap/crt0.o
ac_ident                                          /home/dragonfly/paparazzi_new/test/paparazzi3/var/d3/ap/main_ap.o
actuators                                         /home/dragonfly/paparazzi_new/test/paparazzi3/var/d3/ap/actuators.o
                                                  /home/dragonfly/paparazzi_new/test/paparazzi3/var/d3/ap/main_fbw.o
actuators_init                                    /home/dragonfly/paparazzi_new/test/paparazzi3/var/d3/ap/servos_4015_MAT_hw.o
                                                  /home/dragonfly/paparazzi_new/test/paparazzi3/var/d3/ap/main_fbw.o
adc0_val                                          /home/dragonfly/paparazzi_new/test/paparazzi3/var/d3/ap/adc_hw.o
adc1_val                                          /home/dragonfly/paparazzi_new/test/paparazzi3/var/d3/ap/adc_hw.o
adcISR0                                           /home/dragonfly/paparazzi_new/test/paparazzi3/var/d3/ap/adc_hw.o
adcISR1                                           /home/dragonfly/paparazzi_new/test/paparazzi3/var/d3/ap/adc_hw.o
adc_buf_channel                                   /home/dragonfly/paparazzi_new/test/paparazzi3/var/d3/ap/adc_hw.o