Archive member included because of file (symbol)

/usr/lib/gcc/arm-elf/3.4.4/../../../../arm-elf/lib/thumb/interwork/libc.a(memcpy.o)
                              /home/paparazzi/paparazzi3new/var/vSpin/ap/xbee.o (memcpy)
/usr/lib/gcc/arm-elf/3.4.4/../../../../arm-elf/lib/thumb/interwork/libm.a(s_atan.o)
                              /home/paparazzi/paparazzi3new/var/vSpin/ap/nav.o (atan)
/usr/lib/gcc/arm-elf/3.4.4/../../../../arm-elf/lib/thumb/interwork/libm.a(s_cos.o)
                              /home/paparazzi/paparazzi3new/var/vSpin/ap/nav.o (cos)
/usr/lib/gcc/arm-elf/3.4.4/../../../../arm-elf/lib/thumb/interwork/libm.a(s_fabs.o)
                              /usr/lib/gcc/arm-elf/3.4.4/../../../../arm-elf/lib/thumb/interwork/libm.a(s_atan.o) (fabs)
/usr/lib/gcc/arm-elf/3.4.4/../../../../arm-elf/lib/thumb/interwork/libm.a(s_sin.o)
                              /home/paparazzi/paparazzi3new/var/vSpin/ap/nav.o (sin)
/usr/lib/gcc/arm-elf/3.4.4/../../../../arm-elf/lib/thumb/interwork/libm.a(w_atan2.o)
                              /home/paparazzi/paparazzi3new/var/vSpin/ap/nav.o (atan2)
/usr/lib/gcc/arm-elf/3.4.4/../../../../arm-elf/lib/thumb/interwork/libm.a(w_sqrt.o)
                              /home/paparazzi/paparazzi3new/var/vSpin/ap/nav.o (sqrt)
/usr/lib/gcc/arm-elf/3.4.4/../../../../arm-elf/lib/thumb/interwork/libm.a(e_atan2.o)
                              /usr/lib/gcc/arm-elf/3.4.4/../../../../arm-elf/lib/thumb/interwork/libm.a(w_atan2.o) (__ieee754_atan2)
/usr/lib/gcc/arm-elf/3.4.4/../../../../arm-elf/lib/thumb/interwork/libm.a(e_rem_pio2.o)
                              /usr/lib/gcc/arm-elf/3.4.4/../../../../arm-elf/lib/thumb/interwork/libm.a(s_cos.o) (__ieee754_rem_pio2)
/usr/lib/gcc/arm-elf/3.4.4/../../../../arm-elf/lib/thumb/interwork/libm.a(e_sqrt.o)
                              /usr/lib/gcc/arm-elf/3.4.4/../../../../arm-elf/lib/thumb/interwork/libm.a(w_sqrt.o) (__ieee754_sqrt)
/usr/lib/gcc/arm-elf/3.4.4/../../../../arm-elf/lib/thumb/interwork/libm.a(k_cos.o)
                              /usr/lib/gcc/arm-elf/3.4.4/../../../../arm-elf/lib/thumb/interwork/libm.a(s_cos.o) (__kernel_cos)
/usr/lib/gcc/arm-elf/3.4.4/../../../../arm-elf/lib/thumb/interwork/libm.a(k_rem_pio2.o)
                              /usr/lib/gcc/arm-elf/3.4.4/../../../../arm-elf/lib/thumb/interwork/libm.a(e_rem_pio2.o) (__kernel_rem_pio2)
/usr/lib/gcc/arm-elf/3.4.4/../../../../arm-elf/lib/thumb/interwork/libm.a(k_sin.o)
                              /usr/lib/gcc/arm-elf/3.4.4/../../../../arm-elf/lib/thumb/interwork/libm.a(s_cos.o) (__kernel_sin)
/usr/lib/gcc/arm-elf/3.4.4/../../../../arm-elf/lib/thumb/interwork/libm.a(s_floor.o)
                              /usr/lib/gcc/arm-elf/3.4.4/../../../../arm-elf/lib/thumb/interwork/libm.a(k_rem_pio2.o) (floor)
/usr/lib/gcc/arm-elf/3.4.4/../../../../arm-elf/lib/thumb/interwork/libm.a(s_isnan.o)
                              /usr/lib/gcc/arm-elf/3.4.4/../../../../arm-elf/lib/thumb/interwork/libm.a(w_atan2.o) (isnan)
/usr/lib/gcc/arm-elf/3.4.4/../../../../arm-elf/lib/thumb/interwork/libm.a(s_lib_ver.o)
                              /usr/lib/gcc/arm-elf/3.4.4/../../../../arm-elf/lib/thumb/interwork/libm.a(w_atan2.o) (__fdlib_version)
/usr/lib/gcc/arm-elf/3.4.4/../../../../arm-elf/lib/thumb/interwork/libm.a(s_matherr.o)
                              /usr/lib/gcc/arm-elf/3.4.4/../../../../arm-elf/lib/thumb/interwork/libm.a(w_atan2.o) (matherr)
/usr/lib/gcc/arm-elf/3.4.4/../../../../arm-elf/lib/thumb/interwork/libm.a(s_scalbn.o)
                              /usr/lib/gcc/arm-elf/3.4.4/../../../../arm-elf/lib/thumb/interwork/libm.a(k_rem_pio2.o) (scalbn)
/usr/lib/gcc/arm-elf/3.4.4/../../../../arm-elf/lib/thumb/interwork/libm.a(s_copysign.o)
                              /usr/lib/gcc/arm-elf/3.4.4/../../../../arm-elf/lib/thumb/interwork/libm.a(s_scalbn.o) (copysign)
/usr/lib/gcc/arm-elf/3.4.4/../../../../arm-elf/lib/thumb/interwork/libc.a(errno.o)
                              /usr/lib/gcc/arm-elf/3.4.4/../../../../arm-elf/lib/thumb/interwork/libm.a(w_atan2.o) (__errno)
/usr/lib/gcc/arm-elf/3.4.4/../../../../arm-elf/lib/thumb/interwork/libc.a(impure.o)
                              /usr/lib/gcc/arm-elf/3.4.4/../../../../arm-elf/lib/thumb/interwork/libc.a(errno.o) (_impure_ptr)
/usr/lib/gcc/arm-elf/3.4.4/thumb/interwork/libgcc.a(_divsi3.o)
                              /home/paparazzi/paparazzi3new/var/vSpin/ap/main_fbw.o (__divsi3)
/usr/lib/gcc/arm-elf/3.4.4/thumb/interwork/libgcc.a(_dvmd_tls.o)
                              /usr/lib/gcc/arm-elf/3.4.4/thumb/interwork/libgcc.a(_divsi3.o) (__div0)
/usr/lib/gcc/arm-elf/3.4.4/thumb/interwork/libgcc.a(_addsubdf3.o)
                              /home/paparazzi/paparazzi3new/var/vSpin/ap/main_fbw.o (__subdf3)
/usr/lib/gcc/arm-elf/3.4.4/thumb/interwork/libgcc.a(_muldivdf3.o)
                              /home/paparazzi/paparazzi3new/var/vSpin/ap/main_fbw.o (__muldf3)
/usr/lib/gcc/arm-elf/3.4.4/thumb/interwork/libgcc.a(_cmpdf2.o)
[...]
Memory Configuration

Name             Origin             Length             Attributes
ROM              0x00000000         0x0007d000         xr
RAM              0x40000000         0x00008000         rw
*default*        0x00000000         0xffffffff

Linker script and memory map

LOAD /home/paparazzi/paparazzi3new/var/vSpin/ap/crt0.o
LOAD /home/paparazzi/paparazzi3new/var/vSpin/ap/sys_time.o
LOAD /home/paparazzi/paparazzi3new/var/vSpin/ap/sys_time_hw.o
LOAD /home/paparazzi/paparazzi3new/var/vSpin/ap/armVIC.o
LOAD /home/paparazzi/paparazzi3new/var/vSpin/ap/main_fbw.o
LOAD /home/paparazzi/paparazzi3new/var/vSpin/ap/main_ap.o
LOAD /home/paparazzi/paparazzi3new/var/vSpin/ap/main.o
LOAD /home/paparazzi/paparazzi3new/var/vSpin/ap/commands.o
LOAD /home/paparazzi/paparazzi3new/var/vSpin/ap/servos_4015_MAT_hw.o
LOAD /home/paparazzi/paparazzi3new/var/vSpin/ap/actuators.o
LOAD /home/paparazzi/paparazzi3new/var/vSpin/ap/radio_control.o
LOAD /home/paparazzi/paparazzi3new/var/vSpin/ap/ppm_hw.o
LOAD /home/paparazzi/paparazzi3new/var/vSpin/ap/downlink.o
LOAD /home/paparazzi/paparazzi3new/var/vSpin/ap/uart_hw.o
LOAD /home/paparazzi/paparazzi3new/var/vSpin/ap/datalink.o
LOAD /home/paparazzi/paparazzi3new/var/vSpin/ap/xbee.o
LOAD /home/paparazzi/paparazzi3new/var/vSpin/ap/traffic_info.o
LOAD /home/paparazzi/paparazzi3new/var/vSpin/ap/inter_mcu.o
LOAD /home/paparazzi/paparazzi3new/var/vSpin/ap/adc_hw.o
LOAD /home/paparazzi/paparazzi3new/var/vSpin/ap/gps_ubx.o
LOAD /home/paparazzi/paparazzi3new/var/vSpin/ap/gps.o
LOAD /home/paparazzi/paparazzi3new/var/vSpin/ap/infrared.o
LOAD /home/paparazzi/paparazzi3new/var/vSpin/ap/estimator.o
LOAD /home/paparazzi/paparazzi3new/var/vSpin/ap/nav.o
LOAD /home/paparazzi/paparazzi3new/var/vSpin/ap/fw_h_ctl.o
LOAD /home/paparazzi/paparazzi3new/var/vSpin/ap/fw_v_ctl.o
LOAD /home/paparazzi/paparazzi3new/var/vSpin/ap/gyro.o
LOAD /home/paparazzi/paparazzi3new/var/vSpin/ap/gpio.o
LOAD /usr/lib/gcc/arm-elf/3.4.4/../../../../arm-elf/lib/thumb/interwork/libc.a
LOAD /usr/lib/gcc/arm-elf/3.4.4/../../../../arm-elf/lib/thumb/interwork/libm.a
LOAD /usr/lib/gcc/arm-elf/3.4.4/../../../../arm-elf/lib/thumb/interwork/libc.a
LOAD /usr/lib/gcc/arm-elf/3.4.4/thumb/interwork/libgcc.a
LOAD /usr/lib/gcc/arm-elf/3.4.4/thumb/interwork/libgcc.a
LOAD /usr/lib/gcc/arm-elf/3.4.4/../../../../arm-elf/lib/thumb/interwork/libc.a
LOAD /usr/lib/gcc/arm-elf/3.4.4/thumb/interwork/libgcc.a
                0x00001000                STACK_SIZE = 0x1000

.text           0x00000000    0x10a06
 *(.init)
 .init          0x00000000      0x13c /home/paparazzi/paparazzi3new/var/vSpin/ap/crt0.o
                0x00000114                reset
                0x00000000                _boot
                0x00000050                _mainCRTStartup
                0x00000114                abort
                0x00000050                _start
                0x00000114                _reset
                0x00000114                exit
                0x00000050                start
 *(.text .text.*)
 .text          0x0000013c      0x20c /home/paparazzi/paparazzi3new/var/vSpin/ap/sys_time_hw.o
                0x0000013c                TIMER0_ISR
 .text          0x00000348       0x78 /home/paparazzi/paparazzi3new/var/vSpin/ap/armVIC.o
                0x00000358                restoreIRQ
                0x000003b0                enableFIQ
                0x00000384                disableFIQ
                0x00000374                enableIRQ
                0x00000394                restoreFIQ
                0x00000348                disableIRQ
 .text          0x000003c0     0x16e0 /home/paparazzi/paparazzi3new/var/vSpin/ap/main_fbw.o
                0x000003c0                init_fbw
                0x00000590                event_task_fbw
                0x00000b90                periodic_task_fbw
 .text          0x00001aa0     0x4078 /home/paparazzi/paparazzi3new/var/vSpin/ap/main_ap.o
                0x0000281c                periodic_task_ap
                0x000051dc                init_ap
                0x00005324                event_task_ap
                0x00001aa0                telecommand_task
 .text          0x00005b18       0xdc /home/paparazzi/paparazzi3new/var/vSpin/ap/main.o
                0x00005b18                main
 .text          0x00005bf4       0xc8 /home/paparazzi/paparazzi3new/var/vSpin/ap/servos_4015_MAT_hw.o
                0x00005bf4                actuators_init
 .text          0x00005cbc      0x680 /home/paparazzi/paparazzi3new/var/vSpin/ap/uart_hw.o
                0x00005de8                uart0_transmit
                0x00005e8c                uart0_ISR
                0x00005ff4                uart1_init_tx
                0x000060cc                uart1_check_free_space
                0x000061c4                uart1_ISR
                0x0000611c                uart1_init_rx
                0x00005d98                uart0_check_free_space
                0x00005cbc                uart0_init_tx
                0x00006120                uart1_transmit
                0x00005d94                uart0_init_rx
 .text          0x0000633c      0x8f8 /home/paparazzi/paparazzi3new/var/vSpin/ap/datalink.o
                0x0000633c                dl_parse_msg
 .text          0x00006c34      0x240 /home/paparazzi/paparazzi3new/var/vSpin/ap/xbee.o
                0x00006c34                xbee_init
 .text          0x00006e74       0x20 /home/paparazzi/paparazzi3new/var/vSpin/ap/traffic_info.o
                0x00006e74                get_ac_info
 .text          0x00006e94      0x21c /home/paparazzi/paparazzi3new/var/vSpin/ap/adc_hw.o
                0x00007000                adcISR1
                0x00006e94                adc_buf_channel
                0x00006eac                adc_init
                0x00006f54                adcISR0
 .text          0x000070b0     0x17b0 /home/paparazzi/paparazzi3new/var/vSpin/ap/gps_ubx.o
                0x000084cc                parse_gps_msg
                0x000070b0                gps_init
                0x00008694                parse_ubx
                0x000070c4                gps_reset
                0x00007244                gps_configure
 .text          0x00008860      0x754 /home/paparazzi/paparazzi3new/var/vSpin/ap/gps.o
                0x00008a30                use_gps_pos
                0x00008860                estimator_update_state_gps
 .text          0x00008fb4      0xb68 /home/paparazzi/paparazzi3new/var/vSpin/ap/infrared.o
                0x00009490                estimator_update_ir_estim
                0x00009240                ground_calibrate
                0x000090f0                ir_update
                0x00009928                estimator_update_state_infrared
                0x00008fb4                ir_init
 .text          0x00009b1c       0xe8 /home/paparazzi/paparazzi3new/var/vSpin/ap/estimator.o
                0x00009b1c                estimator_init
                0x00009c00                estimator_propagate_state
 .text          0x00009c04     0x2190 /home/paparazzi/paparazzi3new/var/vSpin/ap/nav.o
                0x0000afcc                nav_init
                0x0000b080                nav_eight
                0x0000a614                nav_home
                0x0000b010                nav_without_gps
                0x0000a330                nav_route_xy
                0x00009c84                nav_circle_XY
                0x0000a220                nav_approaching_xy
                0x0000b71c                nav_oval_init
                0x0000a1bc                nav_goto_block
                0x0000b730                nav_oval
                0x0000b06c                nav_eight_init
                0x0000a720                nav_update
                0x00009c04                nav_init_stage
 .text          0x0000bd94      0xdc0 /home/paparazzi/paparazzi3new/var/vSpin/ap/fw_h_ctl.o
                0x0000bd94                h_ctl_init
                0x0000c28c                h_ctl_attitude_loop
                0x0000bfd8                h_ctl_course_loop
 .text          0x0000cb54      0x910 /home/paparazzi/paparazzi3new/var/vSpin/ap/fw_v_ctl.o
                0x0000ccbc                v_ctl_altitude_loop
                0x0000cb54                v_ctl_init
                0x0000ce64                v_ctl_climb_loop
                0x0000d298                v_ctl_throttle_slew
 .text          0x0000d464      0x26c /home/paparazzi/paparazzi3new/var/vSpin/ap/gyro.o
                0x0000d464                gyro_init
                0x0000d518                gyro_update
 .text          0x0000d6d0       0x58 /usr/lib/gcc/arm-elf/3.4.4/../../../../arm-elf/lib/thumb/interwork/libc.a(memcpy.o)
                0x0000d6d0                memcpy
 .text          0x0000d728      0x358 /usr/lib/gcc/arm-elf/3.4.4/../../../../arm-elf/lib/thumb/interwork/libm.a(s_atan.o)
                0x0000d728                atan
 .text          0x0000da80       0xb4 /usr/lib/gcc/arm-elf/3.4.4/../../../../arm-elf/lib/thumb/interwork/libm.a(s_cos.o)
                0x0000da80                cos
 .text          0x0000db34       0x20 /usr/lib/gcc/arm-elf/3.4.4/../../../../arm-elf/lib/thumb/interwork/libm.a(s_fabs.o)
                0x0000db34                fabs
 .text          0x0000db54       0xbc /usr/lib/gcc/arm-elf/3.4.4/../../../../arm-elf/lib/thumb/interwork/libm.a(s_sin.o)
                0x0000db54                sin
 .text          0x0000dc10       0xcc /usr/lib/gcc/arm-elf/3.4.4/../../../../arm-elf/lib/thumb/interwork/libm.a(w_atan2.o)
                0x0000dc10                atan2
 .text          0x0000dcdc       0xc8 /usr/lib/gcc/arm-elf/3.4.4/../../../../arm-elf/lib/thumb/interwork/libm.a(w_sqrt.o)
                0x0000dcdc                sqrt
 .text          0x0000dda4      0x21c /usr/lib/gcc/arm-elf/3.4.4/../../../../arm-elf/lib/thumb/interwork/libm.a(e_atan2.o)
                0x0000dda4                __ieee754_atan2
 .text          0x0000dfc0      0x4a0 /usr/lib/gcc/arm-elf/3.4.4/../../../../arm-elf/lib/thumb/interwork/libm.a(e_rem_pio2.o)
                0x0000dfc0                __ieee754_rem_pio2
 .text          0x0000e460      0x1e4 /usr/lib/gcc/arm-elf/3.4.4/../../../../arm-elf/lib/thumb/interwork/libm.a(e_sqrt.o)
                0x0000e460                __ieee754_sqrt
 .text          0x0000e644      0x1e8 /usr/lib/gcc/arm-elf/3.4.4/../../../../arm-elf/lib/thumb/interwork/libm.a(k_cos.o)
                0x0000e644                __kernel_cos
 .text          0x0000e82c      0x7ec /usr/lib/gcc/arm-elf/3.4.4/../../../../arm-elf/lib/thumb/interwork/libm.a(k_rem_pio2.o)
                0x0000e82c                __kernel_rem_pio2
 .text          0x0000f018      0x15c /usr/lib/gcc/arm-elf/3.4.4/../../../../arm-elf/lib/thumb/interwork/libm.a(k_sin.o)
                0x0000f018                __kernel_sin
 .text          0x0000f174      0x144 /usr/lib/gcc/arm-elf/3.4.4/../../../../arm-elf/lib/thumb/interwork/libm.a(s_floor.o)
                0x0000f174                floor
 .text          0x0000f2b8       0x28 /usr/lib/gcc/arm-elf/3.4.4/../../../../arm-elf/lib/thumb/interwork/libm.a(s_isnan.o)
                0x0000f2b8                isnan
 .text          0x0000f2e0        0x4 /usr/lib/gcc/arm-elf/3.4.4/../../../../arm-elf/lib/thumb/interwork/libm.a(s_matherr.o)
                0x0000f2e0                matherr
 .text          0x0000f2e4      0x120 /usr/lib/gcc/arm-elf/3.4.4/../../../../arm-elf/lib/thumb/interwork/libm.a(s_scalbn.o)
                0x0000f2e4                scalbn
 .text          0x0000f404       0x1c /usr/lib/gcc/arm-elf/3.4.4/../../../../arm-elf/lib/thumb/interwork/libm.a(s_copysign.o)
                0x0000f404                copysign
 .text          0x0000f420        0xc /usr/lib/gcc/arm-elf/3.4.4/../../../../arm-elf/lib/thumb/interwork/libc.a(errno.o)
                0x0000f420                __errno
 .text          0x0000f42c       0x94 /usr/lib/gcc/arm-elf/3.4.4/thumb/interwork/libgcc.a(_divsi3.o)
                0x0000f42c                __divsi3
 .text          0x0000f4c0        0x4 /usr/lib/gcc/arm-elf/3.4.4/thumb/interwork/libgcc.a(_dvmd_tls.o)
                0x0000f4c0                __div0
 .text          0x0000f4c4      0x3a8 /usr/lib/gcc/arm-elf/3.4.4/thumb/interwork/libgcc.a(_addsubdf3.o)
                0x0000f7f4                __floatsidf
                0x0000f820                __extendsfdf2
                0x0000f4c8                __adddf3
                0x0000f7cc                __floatunsidf
                0x0000f4c4                __subdf3
 .text          0x0000f86c      0x4ec /usr/lib/gcc/arm-elf/3.4.4/thumb/interwork/libgcc.a(_muldivdf3.o)
                0x0000fae4                __divdf3
                0x0000f86c                __muldf3
 .text          0x0000fd58       0xb4 /usr/lib/gcc/arm-elf/3.4.4/thumb/interwork/libgcc.a(_cmpdf2.o)
                0x0000fd68                __cmpdf2
                0x0000fd68                __eqdf2
                0x0000fd58                __gtdf2
                0x0000fd60                __ltdf2
                0x0000fd60                __ledf2
                0x0000fd68                __nedf2
                0x0000fd58                __gedf2
 .text          0x0000fe0c       0x80 /usr/lib/gcc/arm-elf/3.4.4/thumb/interwork/libgcc.a(_fixdfsi.o)
                0x0000fe0c                __fixdfsi
 .text          0x0000fe8c       0x74 /usr/lib/gcc/arm-elf/3.4.4/thumb/interwork/libgcc.a(_fixunsdfsi.o)
                0x0000fe8c                __fixunsdfsi
 .text          0x0000ff00       0xf8 /usr/lib/gcc/arm-elf/3.4.4/thumb/interwork/libgcc.a(_truncdfsf2.o)
                0x0000ff00                __truncdfsf2
 .text          0x0000fff8      0x218 /usr/lib/gcc/arm-elf/3.4.4/thumb/interwork/libgcc.a(_addsubsf3.o)
                0x0000fff8                __subsf3
                0x000101c4                __floatsisf
                0x000101bc                __floatunsisf
                0x0000fffc                __addsf3
 .text          0x00010210      0x330 /usr/lib/gcc/arm-elf/3.4.4/thumb/interwork/libgcc.a(_muldivsf3.o)
                0x000103a0                __divsf3
                0x00010210                __mulsf3
 .text          0x00010540       0x9c /usr/lib/gcc/arm-elf/3.4.4/thumb/interwork/libgcc.a(_cmpsf2.o)
                0x00010548                __lesf2
                0x00010550                __nesf2
                0x00010540                __gtsf2
                0x00010550                __eqsf2
                0x00010550                __cmpsf2
                0x00010548                __ltsf2
                0x00010540                __gesf2
 .text          0x000105dc       0x68 /usr/lib/gcc/arm-elf/3.4.4/thumb/interwork/libgcc.a(_fixsfsi.o)
                0x000105dc                __fixsfsi
 .text          0x00010644       0x5c /usr/lib/gcc/arm-elf/3.4.4/thumb/interwork/libgcc.a(_fixunssfsi.o)
                0x00010644                __fixunssfsi
 *(.gnu.linkonce.t.*)
 *(.glue_7)
 .glue_7        0x000106a0       0x54 /usr/lib/gcc/arm-elf/3.4.4/thumb/interwork/libgcc.a(_fixunssfsi.o)
                0x000106b8                __atan2_from_arm
                0x000106d0                __cos_from_arm
                0x000106c4                __atan_from_arm
                0x000106a0                ____divsi3_from_arm
                0x000106ac                __memcpy_from_arm
                0x000106dc                __sin_from_arm
                0x000106e8                __sqrt_from_arm
 *(.glue_7t)
 .glue_7t       0x000106f4       0x50 /usr/lib/gcc/arm-elf/3.4.4/thumb/interwork/libgcc.a(_fixunssfsi.o)
                0x0001070c                ____gtdf2_from_thumb
                0x00010704                ____subdf3_from_thumb
                0x00010728                ____ltdf2_change_to_arm
                0x00010708                ____subdf3_change_to_arm
                0x00010740                ____gedf2_change_to_arm
                0x0001071c                ____eqdf2_from_thumb
                0x0001072c                ____fixdfsi_from_thumb
                0x00010718                ____divdf3_change_to_arm
                0x0001073c                ____gedf2_from_thumb
                0x00010700                ____muldf3_change_to_arm
                0x00010730                ____fixdfsi_change_to_arm
                0x00010714                ____divdf3_from_thumb
                0x000106f8                ____adddf3_change_to_arm
                0x00010710                ____gtdf2_change_to_arm
                0x00010734                ____floatsidf_from_thumb
                0x00010724                ____ltdf2_from_thumb
                0x000106f4                ____adddf3_from_thumb
                0x00010720                ____eqdf2_change_to_arm
                0x000106fc                ____muldf3_from_thumb
                0x00010738                ____floatsidf_change_to_arm
 *(.gcc_except_table)
 *(.rodata)
 .rodata        0x00010744        0x2 /home/paparazzi/paparazzi3new/var/vSpin/ap/main_ap.o
 .rodata        0x00010746        0x8 /home/paparazzi/paparazzi3new/var/vSpin/ap/commands.o
                0x00010746                commands_failsafe
 .rodata        0x0001074e       0x10 /home/paparazzi/paparazzi3new/var/vSpin/ap/xbee.o
 .rodata        0x0001075e        0x1 /home/paparazzi/paparazzi3new/var/vSpin/ap/nav.o
                0x0001075e                nb_waypoint
 *fill*         0x0001075f        0x1 00
 .rodata        0x00010760       0x98 /usr/lib/gcc/arm-elf/3.4.4/../../../../arm-elf/lib/thumb/interwork/libm.a(s_atan.o)
 .rodata        0x000107f8      0x188 /usr/lib/gcc/arm-elf/3.4.4/../../../../arm-elf/lib/thumb/interwork/libm.a(e_rem_pio2.o)
 .rodata        0x00010980       0x50 /usr/lib/gcc/arm-elf/3.4.4/../../../../arm-elf/lib/thumb/interwork/libm.a(k_rem_pio2.o)
 .rodata        0x000109d0        0x4 /usr/lib/gcc/arm-elf/3.4.4/../../../../arm-elf/lib/thumb/interwork/libm.a(s_lib_ver.o)
                0x000109d0                __fdlib_version
 .rodata        0x000109d4        0x4 /usr/lib/gcc/arm-elf/3.4.4/../../../../arm-elf/lib/thumb/interwork/libc.a(impure.o)
                0x000109d4                _global_impure_ptr
 *(.rodata*)
 .rodata.str1.4
                0x000109d8       0x1a /home/paparazzi/paparazzi3new/var/vSpin/ap/xbee.o
                                 0x20 (size before relaxing)
 *fill*         0x000109f2        0x2 00
 .rodata.str1.4
                0x000109f4        0x6 /usr/lib/gcc/arm-elf/3.4.4/../../../../arm-elf/lib/thumb/interwork/libm.a(w_atan2.o)
                                  0x8 (size before relaxing)
 *fill*         0x000109fa        0x2 00
 .rodata.str1.4
                0x000109fc        0x5 /usr/lib/gcc/arm-elf/3.4.4/../../../../arm-elf/lib/thumb/interwork/libm.a(w_sqrt.o)
                                  0x8 (size before relaxing)
 *fill*         0x00010a01        0x3 00
 .rodata.str1.4
                0x00010a04        0x2 /usr/lib/gcc/arm-elf/3.4.4/../../../../arm-elf/lib/thumb/interwork/libc.a(impure.o)
                                  0x4 (size before relaxing)
 *(.gnu.linkonce.r.*)
                0x00010a08                . = ALIGN (0x4)

.ctors          0x00010a06        0x0
                0x00010a06                PROVIDE (__ctors_start__, .)
 *(SORT(.ctors.*))
 *(.ctors)
                0x00010a06                PROVIDE (__ctors_end__, .)

.dtors          0x00010a06        0x0
                0x00010a06                PROVIDE (__dtors_start__, .)
 *(SORT(.dtors.*))
 *(.dtors)
                0x00010a06                PROVIDE (__dtors_end__, .)
                0x00010a08                . = ALIGN (0x4)
                0x00010a08                _etext = .
                0x00010a08                PROVIDE (etext, .)

.data           0x40000000      0x484 load address 0x00010a08
                0x40000000                _data = .
 *(.data)
 .data          0x40000000        0x1 /home/paparazzi/paparazzi3new/var/vSpin/ap/sys_time_hw.o
 .data          0x40000001        0x4 /home/paparazzi/paparazzi3new/var/vSpin/ap/main_ap.o
                0x40000001                ac_ident
                0x40000002                light_mode
                0x40000003                pprz_mode
 *fill*         0x40000005        0x3 00
 .data          0x40000008        0x4 /home/paparazzi/paparazzi3new/var/vSpin/ap/servos_4015_MAT_hw.o
                0x40000008                servos_delay
 .data          0x4000000c        0x8 /home/paparazzi/paparazzi3new/var/vSpin/ap/inter_mcu.o
                0x4000000c                ap_state
                0x40000010                fbw_state
 .data          0x40000014       0x20 /home/paparazzi/paparazzi3new/var/vSpin/ap/adc_hw.o
                0x40000014                adc1_val
                0x40000024                adc0_val
 .data          0x40000034       0x4c /home/paparazzi/paparazzi3new/var/vSpin/ap/nav.o
                0x40000074                nav_utm_zone0
                0x4000007c                nav_utm_east0
                0x40000078                nav_utm_north0
                0x40000034                waypoints
                0x40000070                nav_altitude
 .data          0x40000080      0x404 /usr/lib/gcc/arm-elf/3.4.4/../../../../arm-elf/lib/thumb/interwork/libc.a(impure.o)
                0x40000480                _impure_ptr
 *(.data.*)
 *(.gnu.linkonce.d*)
                0x40000484                . = ALIGN (0x4)
 *(.fastrun)
                0x40000484                . = ALIGN (0x4)
                0x40000484                _edata = .
                0x40000484                PROVIDE (edata, .)

.bss            0x40000484      0xdd8
                0x40000484                __bss_start = .
                0x40000484                __bss_start__ = .
 *(.bss)
 .bss           0x40000484        0x4 /home/paparazzi/paparazzi3new/var/vSpin/ap/sys_time.o
 .bss           0x40000488        0x8 /home/paparazzi/paparazzi3new/var/vSpin/ap/sys_time_hw.o
 .bss           0x40000490       0x10 /home/paparazzi/paparazzi3new/var/vSpin/ap/main_fbw.o
 .bss           0x400004a0       0x2c /home/paparazzi/paparazzi3new/var/vSpin/ap/main_ap.o
                0x400004a8                lateral_mode
                0x400004a5                launch
                0x400004a0                empty_bay
                0x400004a4                gps_lost
                0x400004a7                ir_estim_mode
                0x400004a6                kill_throttle
                0x400004a9                fatal_error_nb
                0x400004aa                rc_settings_mode
 .bss           0x400004cc        0x4 /home/paparazzi/paparazzi3new/var/vSpin/ap/main.o
 .bss           0x400004d0        0x4 /home/paparazzi/paparazzi3new/var/vSpin/ap/servos_4015_MAT_hw.o
 .bss           0x400004d4        0x4 /home/paparazzi/paparazzi3new/var/vSpin/ap/actuators.o
 .bss           0x400004d8        0x8 /home/paparazzi/paparazzi3new/var/vSpin/ap/radio_control.o
                0x400004d8                rc_values_contains_avg_channels
 .bss           0x400004e0        0x4 /home/paparazzi/paparazzi3new/var/vSpin/ap/ppm_hw.o
 .bss           0x400004e4        0x2 /home/paparazzi/paparazzi3new/var/vSpin/ap/downlink.o
                0x400004e5                telemetry_mode_Fbw
                0x400004e4                telemetry_mode_Ap
 *fill*         0x400004e6        0x2 00
 .bss           0x400004e8        0x4 /home/paparazzi/paparazzi3new/var/vSpin/ap/datalink.o
 .bss           0x400004ec        0x4 /home/paparazzi/paparazzi3new/var/vSpin/ap/xbee.o
 .bss           0x400004f0       0x24 /home/paparazzi/paparazzi3new/var/vSpin/ap/inter_mcu.o
                0x400004f0                inter_mcu_received_ap
                0x400004f1                inter_mcu_received_fbw
 .bss           0x40000514       0x40 /home/paparazzi/paparazzi3new/var/vSpin/ap/adc_hw.o
 .bss           0x40000554        0x8 /home/paparazzi/paparazzi3new/var/vSpin/ap/gps_ubx.o
 .bss           0x4000055c        0x8 /home/paparazzi/paparazzi3new/var/vSpin/ap/gps.o
 .bss           0x40000564       0xa4 /home/paparazzi/paparazzi3new/var/vSpin/ap/infrared.o
                0x40000564                calib_status
 .bss           0x40000608       0x60 /home/paparazzi/paparazzi3new/var/vSpin/ap/nav.o
                0x40000615                nav_in_circle
                0x40000610                circle_bank
                0x40000608                nav_pitch
                0x40000614                nav_in_segment
                0x4000060c                altitude_shift
 .bss           0x40000668       0x58 /home/paparazzi/paparazzi3new/var/vSpin/ap/fw_h_ctl.o
                0x40000668                h_ctl_attitude_enabled
 .bss           0x400006c0       0x58 /home/paparazzi/paparazzi3new/var/vSpin/ap/fw_v_ctl.o
 .bss           0x40000718       0x88 /home/paparazzi/paparazzi3new/var/vSpin/ap/gyro.o
 *(.gnu.linkonce.b*)
 *(COMMON)
 COMMON         0x400007a0        0x2 /home/paparazzi/paparazzi3new/var/vSpin/ap/sys_time.o
                0x400007a0                cpu_time_sec
 *fill*         0x400007a2        0x2 00
 COMMON         0x400007a4        0x4 /home/paparazzi/paparazzi3new/var/vSpin/ap/sys_time_hw.o
                0x400007a4                cpu_time_ticks
 COMMON         0x400007a8       0x46 /home/paparazzi/paparazzi3new/var/vSpin/ap/main_fbw.o
                0x400007a8                vsupply_adc_buf
                0x400007ec                fbw_vsupply_decivolt
                0x400007ed                fbw_mode
 *fill*         0x400007ee        0x2 00
 COMMON         0x400007f0      0x229 /home/paparazzi/paparazzi3new/var/vSpin/ap/main_ap.o
                0x400007f0                accel_az_neutral
                0x400007f4                rc_event_1
                0x400007f8                estimator_kalman_r_angle
                0x400007fc                vdrop2throt_coeff
                0x40000800                accel_ay_scale
                0x40000804                estimator_kalman_phi
                0x40000808                the_acs
                0x400009e8                estimator_kalman_q_gyro
                0x400009ec                last_pprz_mode
                0x400009f0                slider_2_val
                0x400009f4                estimator_kalman_theta
                0x400009f8                slider_1_val
                0x400009fc                estimator_kalman_q_angle
                0x40000a00                accel_az_scale
                0x40000a04                rc_event_2
                0x40000a08                energy
                0x40000a0c                accel_ay_neutral
                0x40000a10                accel_ax_scale
                0x40000a14                accel_ax_neutral
                0x40000a18                vsupply
 *fill*         0x40000a19        0x1 00
 COMMON         0x40000a1a        0x8 /home/paparazzi/paparazzi3new/var/vSpin/ap/commands.o
                0x40000a1a                commands
 COMMON         0x40000a22       0x12 /home/paparazzi/paparazzi3new/var/vSpin/ap/servos_4015_MAT_hw.o
                0x40000a22                servos_4015_idx
                0x40000a24                servos_values
 COMMON         0x40000a34        0xc /home/paparazzi/paparazzi3new/var/vSpin/ap/actuators.o
                0x40000a34                actuators
 COMMON         0x40000a40       0x35 /home/paparazzi/paparazzi3new/var/vSpin/ap/radio_control.o
                0x40000a40                rc_status
                0x40000a41                time_since_last_ppm
                0x40000a42                ppm_cpt
                0x40000a44                rc_values
                0x40000a54                avg_rc_values
                0x40000a74                last_ppm_cpt
 *fill*         0x40000a75        0x1 00
 COMMON         0x40000a76       0x11 /home/paparazzi/paparazzi3new/var/vSpin/ap/ppm_hw.o
                0x40000a76                ppm_pulses
                0x40000a86                ppm_valid
 COMMON         0x40000a87        0x1 /home/paparazzi/paparazzi3new/var/vSpin/ap/downlink.o
                0x40000a87                downlink_nb_ovrn
 COMMON         0x40000a88      0x214 /home/paparazzi/paparazzi3new/var/vSpin/ap/uart_hw.o
                0x40000a88                uart0_tx_buffer
                0x40000b08                uart1_rx_insert_idx
                0x40000b0a                uart0_tx_insert_idx
                0x40000b0c                uart1_tx_buffer
                0x40000b8c                uart1_rx_buffer
                0x40000c0c                uart0_rx_insert_idx
                0x40000c0e                uart1_tx_running
                0x40000c10                uart0_tx_extract_idx
                0x40000c12                uart1_tx_insert_idx
                0x40000c14                uart1_rx_extract_idx
                0x40000c16                uart0_tx_running
                0x40000c17                uart0_rx_buffer
                0x40000c98                uart1_tx_extract_idx
                0x40000c9a                uart0_rx_extract_idx
 COMMON         0x40000c9c       0x84 /home/paparazzi/paparazzi3new/var/vSpin/ap/datalink.o
                0x40000c9c                dl_msg_available
                0x40000ca0                dl_buffer
 COMMON         0x40000d20      0x106 /home/paparazzi/paparazzi3new/var/vSpin/ap/xbee.o
                0x40000d20                xbee_rssi
                0x40000d21                xbee_ovrn
                0x40000d22                xbee_msg_received
                0x40000d23                xbee_payload_len
                0x40000d24                xbee_error
                0x40000d25                xbee_payload
                0x40000e25                xbee_cs
 COMMON         0x40000e26        0x2 /home/paparazzi/paparazzi3new/var/vSpin/ap/inter_mcu.o
                0x40000e26                ap_ok
                0x40000e27                time_since_last_ap
 COMMON         0x40000e28      0x1a8 /home/paparazzi/paparazzi3new/var/vSpin/ap/gps_ubx.o
                0x40000e28                ubx_msg_buf
                0x40000f28                gps_alt
                0x40000f2c                gps_climb
                0x40000f2e                gps_msg_received
                0x40000f2f                gps_nb_channels
                0x40000f30                ubx_class
                0x40000f31                ubx_id
                0x40000f34                gps_utm_north
                0x40000f38                gps_utm_east
                0x40000f3c                gps_nb_ovrn
                0x40000f3e                gps_course
                0x40000f40                send_ck_b
                0x40000f42                gps_gspeed
                0x40000f44                send_ck_a
                0x40000f48                gps_itow
                0x40000f4c                gps_pos_available
                0x40000f4d                gps_mode
                0x40000f4e                gps_utm_zone
                0x40000f50                gps_svinfos
 COMMON         0x40000fd0        0x2 /home/paparazzi/paparazzi3new/var/vSpin/ap/gps.o
                0x40000fd0                last_gps_msg_t
 *fill*         0x40000fd2        0x2 00
 COMMON         0x40000fd4       0x54 /home/paparazzi/paparazzi3new/var/vSpin/ap/infrared.o
                0x40000fd4                ir_correction_left
                0x40000fd8                x2_dbg
                0x40000fda                ir_top
                0x40000fdc                ir_estimated_theta_pi_4
                0x40000fe0                ir_pitch
                0x40000fe4                estimator_rad_of_ir
                0x40000fe8                ir_contrast
                0x40000fec                ir_rad_of_ir
                0x40000ff0                ir_correction_down
                0x40000ff4                estimator_ir
                0x40000ff8                ir_pitch_neutral
                0x40000ffc                ir_estimated_phi_pi_4
                0x40001000                adc_pitch_neutral
                0x40001002                x1_dbg
                0x40001004                z_contrast_mode
                0x40001008                ir_correction_right
                0x4000100c                ir_estimated_theta_minus_pi_4
                0x40001010                estimator_rad
                0x40001014                ir_correction_up
                0x40001018                ir_estimated_phi_minus_pi_4
                0x4000101c                ir_roll
                0x40001020                ir_roll_neutral
                0x40001024                ir_360
                0x40001026                adc_roll_neutral
 COMMON         0x40001028       0x58 /home/paparazzi/paparazzi3new/var/vSpin/ap/estimator.o
                0x40001028                estimator_z_dot
                0x4000102c                estimator_flight_time
                0x40001030                estimator_psi
                0x40001034                estimator_z
                0x40001038                estimator_az
                0x4000103c                estimator_t
                0x40001040                wind_east
                0x40001044                estimator_ay
                0x40001048                estimator_p
                0x4000104c                estimator_theta
                0x40001050                estimator_hspeed_mod
                0x40001054                estimator_phi
                0x40001058                estimator_r
                0x4000105c                estimator_x
                0x40001060                estimator_range
                0x40001064                estimator_q
                0x40001068                estimator_hspeed_dir
                0x4000106c                wind_north
                0x40001070                estimator_ax
                0x40001074                alt_kalman_enabled
                0x40001078                estimator_y
                0x4000107c                estimator_range_dot
 COMMON         0x40001080       0x64 /home/paparazzi/paparazzi3new/var/vSpin/ap/nav.o
                0x40001080                nav_glide_pitch_trim
                0x40001084                dist2_to_wp
                0x40001088                nav_segment_x_1
                0x4000108c                desired_x
                0x40001090                nav_segment_x_2
                0x40001092                nav_circle_radius
                0x40001094                stage_time_ds
                0x40001098                nav_throttle_setpoint
                0x4000109c                survey_south
                0x400010a0                desired_y
                0x400010a4                carrot_x
                0x400010a8                horizontal_mode
                0x400010a9                nav_block
                0x400010aa                nav_circle_y
                0x400010ac                too_far_from_home
                0x400010b0                rc_pitch
                0x400010b4                survey_north
                0x400010b8                dist2_to_home
                0x400010bc                survey_west
                0x400010c0                nav_stage
                0x400010c4                survey_east
                0x400010c8                nav_circle_x
                0x400010ca                nav_segment_y_2
                0x400010cc                nav_segment_y_1
                0x400010d0                ground_alt
                0x400010d4                carrot_y
                0x400010d8                stage_time
                0x400010da                block_time
                0x400010dc                nav_circle_trigo_qdr
                0x400010e0                flight_altitude
 COMMON         0x400010e4       0xb0 /home/paparazzi/paparazzi3new/var/vSpin/ap/fw_h_ctl.o
                0x400010e4                h_ctl_yaw_rate_mode
                0x400010e8                h_ctl_auto1_rate
                0x400010ec                h_ctl_course_setpoint
                0x400010f0                h_ctl_roll_rate_dgain
                0x400010f4                h_ctl_roll_rate_setpoint
                0x400010f8                h_ctl_rudder_setpoint
                0x400010fc                h_ctl_roll_max_setpoint
                0x40001100                h_ctl_lo_throttle_yaw_rate_pgain
                0x40001104                h_ctl_course_pre_bank_correction
                0x40001108                h_ctl_lo_throttle_pitch_rate_pgain
                0x4000110c                h_ctl_pitch_rate_dgain
                0x40001110                h_ctl_hi_throttle_pitch_rate_pgain
                0x40001114                h_ctl_elevator_setpoint
                0x40001118                h_ctl_roll_rate_igain
                0x4000111c                h_ctl_hi_throttle_yaw_rate_pgain
                0x40001120                h_ctl_roll_rate_setpoint_pgain
                0x40001124                h_ctl_hi_throttle_roll_rate_pgain
                0x40001128                h_ctl_aileron_of_throttle
                0x4000112c                h_ctl_yaw_pgain
                0x40001130                h_ctl_aileron_setpoint
                0x40001134                h_ctl_pitch_setpoint
                0x40001138                h_ctl_roll_rate_mode
                0x4000113c                h_ctl_pitch_min_setpoint
                0x40001140                h_ctl_course_pgain
                0x40001144                h_ctl_pitch_pgain
                0x40001148                h_ctl_course_pre_bank
                0x4000114c                h_ctl_yaw_rate_dgain
                0x40001150                h_ctl_pitch_max_setpoint
                0x40001154                h_ctl_pitch_rate_setpoint
                0x40001158                h_ctl_yaw_dgain
                0x4000115c                h_ctl_pitch_dgain
                0x40001160                h_ctl_lo_throttle_roll_rate_pgain
                0x40001164                h_ctl_yaw_rate_igain
                0x40001168                h_ctl_pitch_rate_igain
                0x4000116c                h_ctl_pitch_rate_setpoint_pgain
                0x40001170                h_ctl_yaw_setpoint
                0x40001174                h_ctl_yaw_rate_setpoint
                0x40001178                h_ctl_disabled
                0x4000117c                h_ctl_roll_pgain
                0x40001180                h_ctl_yaw_rate_setpoint_pgain
                0x40001184                h_ctl_roll_setpoint
                0x40001188                h_ctl_pitch_rate_mode
                0x4000118c                h_ctl_yaw_max_setpoint
                0x40001190                h_ctl_elevator_of_roll
 COMMON         0x40001194       0x60 /home/paparazzi/paparazzi3new/var/vSpin/ap/fw_v_ctl.o
                0x40001194                v_ctl_auto_throttle_nominal_cruise_throttle
                0x40001198                v_ctl_altitude_error
                0x4000119c                v_ctl_climb_mode
                0x400011a0                v_ctl_alt_sum_err
                0x400011a4                v_ctl_auto_throttle_submode
                0x400011a8                v_ctl_auto_throttle_pitch_of_vz_pgain
                0x400011ac                v_ctl_throttle_slew_
                0x400011b0                desc_throttle
                0x400011b4                v_ctl_auto_throttle_cruise_throttle_pgain
                0x400011b8                v_ctl_altitude_setpoint
                0x400011bc                v_ctl_mode
                0x400011c0                v_ctl_auto_throttle_cruise_throttle
                0x400011c4                v_ctl_altitude_pgain
                0x400011c8                v_ctl_auto_pitch_pgain
                0x400011cc                v_ctl_auto_throttle_climb_throttle_increment
                0x400011d0                v_ctl_auto_throttle_igain
                0x400011d4                v_ctl_throttle_setpoint
                0x400011d8                v_ctl_climb_setpoint
                0x400011dc                v_ctl_auto_pitch_igain
                0x400011e0                v_ctl_altitude_pre_climb
                0x400011e4                v_ctl_throttle_slewed
                0x400011e8                climb_throttle
                0x400011ec                v_ctl_auto_throttle_pgain
                0x400011f0                v_ctl_auto_pitch_sum_err
 COMMON         0x400011f4       0x64 /home/paparazzi/paparazzi3new/var/vSpin/ap/gyro.o
                0x400011f4                gyro_yaw_scale
                0x400011f8                gyro_roll_scale
                0x400011fc                buf_roll
                0x40001240                gyro_pitch_adc
                0x40001244                gyro_roll_adc
                0x40001248                roll_rate_adc
                0x4000124c                gyro_yaw_adc
                0x40001250                gyro_pitch_scale
                0x40001254                yaw_rate_adc
                0x40001256                pitch_rate_adc
 COMMON         0x40001258        0x1 /home/paparazzi/paparazzi3new/var/vSpin/ap/gpio.o
                0x40001258                gpio1_status
                0x4000125c                . = ALIGN (0x4)
 *fill*         0x40001259        0x3 00
                0x4000125c                . = ALIGN (0x4)
                0x4000125c                __bss_end__ = .
                0x4000125c                PROVIDE (__bss_end, .)

.stack          0x40001300     0x1000
                0x40002300                . = (. + STACK_SIZE)
 *fill*         0x40001300     0x1000 00
                0x40002300                PROVIDE (_stack, .)
                0x40002300                _end = .
                0x40002300                PROVIDE (end, .)

.stab
 *(.stab)

.stabstr
 *(.stabstr)

.stab.excl
 *(.stab.excl)

.stab.exclstr
 *(.stab.exclstr)

.stab.index
 *(.stab.index)

.stab.indexstr
 *(.stab.indexstr)

.comment        0x00000000      0x360
 *(.comment)
 .comment       0x00000000       0x12 /home/paparazzi/paparazzi3new/var/vSpin/ap/sys_time.o
 .comment       0x00000012       0x12 /home/paparazzi/paparazzi3new/var/vSpin/ap/sys_time_hw.o
 .comment       0x00000024       0x12 /home/paparazzi/paparazzi3new/var/vSpin/ap/armVIC.o
 .comment       0x00000036       0x12 /home/paparazzi/paparazzi3new/var/vSpin/ap/main_fbw.o
 .comment       0x00000048       0x12 /home/paparazzi/paparazzi3new/var/vSpin/ap/main_ap.o
 .comment       0x0000005a       0x12 /home/paparazzi/paparazzi3new/var/vSpin/ap/main.o
 .comment       0x0000006c       0x12 /home/paparazzi/paparazzi3new/var/vSpin/ap/commands.o
 .comment       0x0000007e       0x12 /home/paparazzi/paparazzi3new/var/vSpin/ap/servos_4015_MAT_hw.o
 .comment       0x00000090       0x12 /home/paparazzi/paparazzi3new/var/vSpin/ap/actuators.o
 .comment       0x000000a2       0x12 /home/paparazzi/paparazzi3new/var/vSpin/ap/radio_control.o
 .comment       0x000000b4       0x12 /home/paparazzi/paparazzi3new/var/vSpin/ap/ppm_hw.o
 .comment       0x000000c6       0x12 /home/paparazzi/paparazzi3new/var/vSpin/ap/downlink.o
 .comment       0x000000d8       0x12 /home/paparazzi/paparazzi3new/var/vSpin/ap/uart_hw.o
 .comment       0x000000ea       0x12 /home/paparazzi/paparazzi3new/var/vSpin/ap/datalink.o
 .comment       0x000000fc       0x12 /home/paparazzi/paparazzi3new/var/vSpin/ap/xbee.o
 .comment       0x0000010e       0x12 /home/paparazzi/paparazzi3new/var/vSpin/ap/traffic_info.o
 .comment       0x00000120       0x12 /home/paparazzi/paparazzi3new/var/vSpin/ap/inter_mcu.o
 .comment       0x00000132       0x12 /home/paparazzi/paparazzi3new/var/vSpin/ap/adc_hw.o
 .comment       0x00000144       0x12 /home/paparazzi/paparazzi3new/var/vSpin/ap/gps_ubx.o
 .comment       0x00000156       0x12 /home/paparazzi/paparazzi3new/var/vSpin/ap/gps.o
 .comment       0x00000168       0x12 /home/paparazzi/paparazzi3new/var/vSpin/ap/infrared.o
 .comment       0x0000017a       0x12 /home/paparazzi/paparazzi3new/var/vSpin/ap/estimator.o
 .comment       0x0000018c       0x12 /home/paparazzi/paparazzi3new/var/vSpin/ap/nav.o
 .comment       0x0000019e       0x12 /home/paparazzi/paparazzi3new/var/vSpin/ap/fw_h_ctl.o
 .comment       0x000001b0       0x12 /home/paparazzi/paparazzi3new/var/vSpin/ap/fw_v_ctl.o
 .comment       0x000001c2       0x12 /home/paparazzi/paparazzi3new/var/vSpin/ap/gyro.o
 .comment       0x000001d4       0x12 /home/paparazzi/paparazzi3new/var/vSpin/ap/gpio.o
 .comment       0x000001e6       0x12 /usr/lib/gcc/arm-elf/3.4.4/../../../../arm-elf/lib/thumb/interwork/libc.a(memcpy.o)
 .comment       0x000001f8       0x12 /usr/lib/gcc/arm-elf/3.4.4/../../../../arm-elf/lib/thumb/interwork/libm.a(s_atan.o)
 .comment       0x0000020a       0x12 /usr/lib/gcc/arm-elf/3.4.4/../../../../arm-elf/lib/thumb/interwork/libm.a(s_cos.o)
 .comment       0x0000021c       0x12 /usr/lib/gcc/arm-elf/3.4.4/../../../../arm-elf/lib/thumb/interwork/libm.a(s_fabs.o)
 .comment       0x0000022e       0x12 /usr/lib/gcc/arm-elf/3.4.4/../../../../arm-elf/lib/thumb/interwork/libm.a(s_sin.o)
 .comment       0x00000240       0x12 /usr/lib/gcc/arm-elf/3.4.4/../../../../arm-elf/lib/thumb/interwork/libm.a(w_atan2.o)
 .comment       0x00000252       0x12 /usr/lib/gcc/arm-elf/3.4.4/../../../../arm-elf/lib/thumb/interwork/libm.a(w_sqrt.o)
 .comment       0x00000264       0x12 /usr/lib/gcc/arm-elf/3.4.4/../../../../arm-elf/lib/thumb/interwork/libm.a(e_atan2.o)
 .comment       0x00000276       0x12 /usr/lib/gcc/arm-elf/3.4.4/../../../../arm-elf/lib/thumb/interwork/libm.a(e_rem_pio2.o)
 .comment       0x00000288       0x12 /usr/lib/gcc/arm-elf/3.4.4/../../../../arm-elf/lib/thumb/interwork/libm.a(e_sqrt.o)
 .comment       0x0000029a       0x12 /usr/lib/gcc/arm-elf/3.4.4/../../../../arm-elf/lib/thumb/interwork/libm.a(k_cos.o)
 .comment       0x000002ac       0x12 /usr/lib/gcc/arm-elf/3.4.4/../../../../arm-elf/lib/thumb/interwork/libm.a(k_rem_pio2.o)
 .comment       0x000002be       0x12 /usr/lib/gcc/arm-elf/3.4.4/../../../../arm-elf/lib/thumb/interwork/libm.a(k_sin.o)
 .comment       0x000002d0       0x12 /usr/lib/gcc/arm-elf/3.4.4/../../../../arm-elf/lib/thumb/interwork/libm.a(s_floor.o)
 .comment       0x000002e2       0x12 /usr/lib/gcc/arm-elf/3.4.4/../../../../arm-elf/lib/thumb/interwork/libm.a(s_isnan.o)
 .comment       0x000002f4       0x12 /usr/lib/gcc/arm-elf/3.4.4/../../../../arm-elf/lib/thumb/interwork/libm.a(s_lib_ver.o)
 .comment       0x00000306       0x12 /usr/lib/gcc/arm-elf/3.4.4/../../../../arm-elf/lib/thumb/interwork/libm.a(s_matherr.o)
 .comment       0x00000318       0x12 /usr/lib/gcc/arm-elf/3.4.4/../../../../arm-elf/lib/thumb/interwork/libm.a(s_scalbn.o)
 .comment       0x0000032a       0x12 /usr/lib/gcc/arm-elf/3.4.4/../../../../arm-elf/lib/thumb/interwork/libm.a(s_copysign.o)
 .comment       0x0000033c       0x12 /usr/lib/gcc/arm-elf/3.4.4/../../../../arm-elf/lib/thumb/interwork/libc.a(errno.o)
 .comment       0x0000034e       0x12 /usr/lib/gcc/arm-elf/3.4.4/../../../../arm-elf/lib/thumb/interwork/libc.a(impure.o)

.debug
 *(.debug)

.line
 *(.line)

.debug_srcinfo
 *(.debug_srcinfo)

.debug_sfnames
 *(.debug_sfnames)

.debug_aranges  0x00000000      0x260
 *(.debug_aranges)
 .debug_aranges
                0x00000000       0x20 /usr/lib/gcc/arm-elf/3.4.4/../../../../arm-elf/lib/thumb/interwork/libc.a(memcpy.o)
 .debug_aranges
                0x00000020       0x20 /usr/lib/gcc/arm-elf/3.4.4/../../../../arm-elf/lib/thumb/interwork/libm.a(s_atan.o)
 .debug_aranges
                0x00000040       0x20 /usr/lib/gcc/arm-elf/3.4.4/../../../../arm-elf/lib/thumb/interwork/libm.a(s_cos.o)
 .debug_aranges
                0x00000060       0x20 /usr/lib/gcc/arm-elf/3.4.4/../../../../arm-elf/lib/thumb/interwork/libm.a(s_fabs.o)
 .debug_aranges
                0x00000080       0x20 /usr/lib/gcc/arm-elf/3.4.4/../../../../arm-elf/lib/thumb/interwork/libm.a(s_sin.o)
 .debug_aranges
                0x000000a0       0x20 /usr/lib/gcc/arm-elf/3.4.4/../../../../arm-elf/lib/thumb/interwork/libm.a(w_atan2.o)
 .debug_aranges
                0x000000c0       0x20 /usr/lib/gcc/arm-elf/3.4.4/../../../../arm-elf/lib/thumb/interwork/libm.a(w_sqrt.o)
 .debug_aranges
                0x000000e0       0x20 /usr/lib/gcc/arm-elf/3.4.4/../../../../arm-elf/lib/thumb/interwork/libm.a(e_atan2.o)
 .debug_aranges
                0x00000100       0x20 /usr/lib/gcc/arm-elf/3.4.4/../../../../arm-elf/lib/thumb/interwork/libm.a(e_rem_pio2.o)
 .debug_aranges
                0x00000120       0x20 /usr/lib/gcc/arm-elf/3.4.4/../../../../arm-elf/lib/thumb/interwork/libm.a(e_sqrt.o)
 .debug_aranges
                0x00000140       0x20 /usr/lib/gcc/arm-elf/3.4.4/../../../../arm-elf/lib/thumb/interwork/libm.a(k_cos.o)
 .debug_aranges
                0x00000160       0x20 /usr/lib/gcc/arm-elf/3.4.4/../../../../arm-elf/lib/thumb/interwork/libm.a(k_rem_pio2.o)
 .debug_aranges
                0x00000180       0x20 /usr/lib/gcc/arm-elf/3.4.4/../../../../arm-elf/lib/thumb/interwork/libm.a(k_sin.o)
 .debug_aranges
                0x000001a0       0x20 /usr/lib/gcc/arm-elf/3.4.4/../../../../arm-elf/lib/thumb/interwork/libm.a(s_floor.o)
 .debug_aranges
                0x000001c0       0x20 /usr/lib/gcc/arm-elf/3.4.4/../../../../arm-elf/lib/thumb/interwork/libm.a(s_isnan.o)
 .debug_aranges
                0x000001e0       0x20 /usr/lib/gcc/arm-elf/3.4.4/../../../../arm-elf/lib/thumb/interwork/libm.a(s_matherr.o)
 .debug_aranges
                0x00000200       0x20 /usr/lib/gcc/arm-elf/3.4.4/../../../../arm-elf/lib/thumb/interwork/libm.a(s_scalbn.o)
 .debug_aranges
                0x00000220       0x20 /usr/lib/gcc/arm-elf/3.4.4/../../../../arm-elf/lib/thumb/interwork/libm.a(s_copysign.o)
 .debug_aranges
                0x00000240       0x20 /usr/lib/gcc/arm-elf/3.4.4/../../../../arm-elf/lib/thumb/interwork/libc.a(errno.o)

.debug_pubnames
                0x00000000      0x2af
 *(.debug_pubnames)
 .debug_pubnames
                0x00000000       0x1d /usr/lib/gcc/arm-elf/3.4.4/../../../../arm-elf/lib/thumb/interwork/libc.a(memcpy.o)
 .debug_pubnames
                0x0000001d       0x1b /usr/lib/gcc/arm-elf/3.4.4/../../../../arm-elf/lib/thumb/interwork/libm.a(s_atan.o)
 .debug_pubnames
                0x00000038       0x1a /usr/lib/gcc/arm-elf/3.4.4/../../../../arm-elf/lib/thumb/interwork/libm.a(s_cos.o)
 .debug_pubnames
                0x00000052       0x1b /usr/lib/gcc/arm-elf/3.4.4/../../../../arm-elf/lib/thumb/interwork/libm.a(s_fabs.o)
 .debug_pubnames
                0x0000006d       0x1a /usr/lib/gcc/arm-elf/3.4.4/../../../../arm-elf/lib/thumb/interwork/libm.a(s_sin.o)
 .debug_pubnames
                0x00000087       0x1c /usr/lib/gcc/arm-elf/3.4.4/../../../../arm-elf/lib/thumb/interwork/libm.a(w_atan2.o)
 .debug_pubnames
                0x000000a3       0x1b /usr/lib/gcc/arm-elf/3.4.4/../../../../arm-elf/lib/thumb/interwork/libm.a(w_sqrt.o)
 .debug_pubnames
                0x000000be       0x26 /usr/lib/gcc/arm-elf/3.4.4/../../../../arm-elf/lib/thumb/interwork/libm.a(e_atan2.o)
 .debug_pubnames
                0x000000e4       0x29 /usr/lib/gcc/arm-elf/3.4.4/../../../../arm-elf/lib/thumb/interwork/libm.a(e_rem_pio2.o)
 .debug_pubnames
                0x0000010d       0x25 /usr/lib/gcc/arm-elf/3.4.4/../../../../arm-elf/lib/thumb/interwork/libm.a(e_sqrt.o)
 .debug_pubnames
                0x00000132       0x23 /usr/lib/gcc/arm-elf/3.4.4/../../../../arm-elf/lib/thumb/interwork/libm.a(k_cos.o)
 .debug_pubnames
                0x00000155       0x28 /usr/lib/gcc/arm-elf/3.4.4/../../../../arm-elf/lib/thumb/interwork/libm.a(k_rem_pio2.o)
 .debug_pubnames
                0x0000017d       0x23 /usr/lib/gcc/arm-elf/3.4.4/../../../../arm-elf/lib/thumb/interwork/libm.a(k_sin.o)
 .debug_pubnames
                0x000001a0       0x1c /usr/lib/gcc/arm-elf/3.4.4/../../../../arm-elf/lib/thumb/interwork/libm.a(s_floor.o)
 .debug_pubnames
                0x000001bc       0x1c /usr/lib/gcc/arm-elf/3.4.4/../../../../arm-elf/lib/thumb/interwork/libm.a(s_isnan.o)
 .debug_pubnames
                0x000001d8       0x26 /usr/lib/gcc/arm-elf/3.4.4/../../../../arm-elf/lib/thumb/interwork/libm.a(s_lib_ver.o)
 .debug_pubnames
                0x000001fe       0x1e /usr/lib/gcc/arm-elf/3.4.4/../../../../arm-elf/lib/thumb/interwork/libm.a(s_matherr.o)
 .debug_pubnames
                0x0000021c       0x1d /usr/lib/gcc/arm-elf/3.4.4/../../../../arm-elf/lib/thumb/interwork/libm.a(s_scalbn.o)
 .debug_pubnames
                0x00000239       0x1f /usr/lib/gcc/arm-elf/3.4.4/../../../../arm-elf/lib/thumb/interwork/libm.a(s_copysign.o)
 .debug_pubnames
                0x00000258       0x1e /usr/lib/gcc/arm-elf/3.4.4/../../../../arm-elf/lib/thumb/interwork/libc.a(errno.o)
 .debug_pubnames
                0x00000276       0x39 /usr/lib/gcc/arm-elf/3.4.4/../../../../arm-elf/lib/thumb/interwork/libc.a(impure.o)

.debug_info     0x00000000     0x3246
 *(.debug_info .gnu.linkonce.wi.*)
 .debug_info    0x00000000       0xfc /usr/lib/gcc/arm-elf/3.4.4/../../../../arm-elf/lib/thumb/interwork/libc.a(memcpy.o)
 .debug_info    0x000000fc      0x25d /usr/lib/gcc/arm-elf/3.4.4/../../../../arm-elf/lib/thumb/interwork/libm.a(s_atan.o)
 .debug_info    0x00000359       0xee /usr/lib/gcc/arm-elf/3.4.4/../../../../arm-elf/lib/thumb/interwork/libm.a(s_cos.o)
 .debug_info    0x00000447      0x151 /usr/lib/gcc/arm-elf/3.4.4/../../../../arm-elf/lib/thumb/interwork/libm.a(s_fabs.o)
 .debug_info    0x00000598       0xee /usr/lib/gcc/arm-elf/3.4.4/../../../../arm-elf/lib/thumb/interwork/libm.a(s_sin.o)
 .debug_info    0x00000686      0x17e /usr/lib/gcc/arm-elf/3.4.4/../../../../arm-elf/lib/thumb/interwork/libm.a(w_atan2.o)
 .debug_info    0x00000804      0x172 /usr/lib/gcc/arm-elf/3.4.4/../../../../arm-elf/lib/thumb/interwork/libm.a(w_sqrt.o)
 .debug_info    0x00000976      0x29b /usr/lib/gcc/arm-elf/3.4.4/../../../../arm-elf/lib/thumb/interwork/libm.a(e_atan2.o)
 .debug_info    0x00000c11      0x390 /usr/lib/gcc/arm-elf/3.4.4/../../../../arm-elf/lib/thumb/interwork/libm.a(e_rem_pio2.o)
 .debug_info    0x00000fa1      0x211 /usr/lib/gcc/arm-elf/3.4.4/../../../../arm-elf/lib/thumb/interwork/libm.a(e_sqrt.o)
 .debug_info    0x000011b2      0x20c /usr/lib/gcc/arm-elf/3.4.4/../../../../arm-elf/lib/thumb/interwork/libm.a(k_cos.o)
 .debug_info    0x000013be      0x2c0 /usr/lib/gcc/arm-elf/3.4.4/../../../../arm-elf/lib/thumb/interwork/libm.a(k_rem_pio2.o)
 .debug_info    0x0000167e      0x18b /usr/lib/gcc/arm-elf/3.4.4/../../../../arm-elf/lib/thumb/interwork/libm.a(k_sin.o)
 .debug_info    0x00001809      0x1a0 /usr/lib/gcc/arm-elf/3.4.4/../../../../arm-elf/lib/thumb/interwork/libm.a(s_floor.o)
 .debug_info    0x000019a9      0x147 /usr/lib/gcc/arm-elf/3.4.4/../../../../arm-elf/lib/thumb/interwork/libm.a(s_isnan.o)
 .debug_info    0x00001af0       0xbe /usr/lib/gcc/arm-elf/3.4.4/../../../../arm-elf/lib/thumb/interwork/libm.a(s_lib_ver.o)
 .debug_info    0x00001bae      0x125 /usr/lib/gcc/arm-elf/3.4.4/../../../../arm-elf/lib/thumb/interwork/libm.a(s_matherr.o)
 .debug_info    0x00001cd3      0x1f4 /usr/lib/gcc/arm-elf/3.4.4/../../../../arm-elf/lib/thumb/interwork/libm.a(s_scalbn.o)
 .debug_info    0x00001ec7      0x14a /usr/lib/gcc/arm-elf/3.4.4/../../../../arm-elf/lib/thumb/interwork/libm.a(s_copysign.o)
 .debug_info    0x00002011      0x913 /usr/lib/gcc/arm-elf/3.4.4/../../../../arm-elf/lib/thumb/interwork/libc.a(errno.o)
 .debug_info    0x00002924      0x922 /usr/lib/gcc/arm-elf/3.4.4/../../../../arm-elf/lib/thumb/interwork/libc.a(impure.o)

.debug_abbrev   0x00000000     0x11d8
 *(.debug_abbrev)
 .debug_abbrev  0x00000000       0x99 /usr/lib/gcc/arm-elf/3.4.4/../../../../arm-elf/lib/thumb/interwork/libc.a(memcpy.o)
 .debug_abbrev  0x00000099      0x11f /usr/lib/gcc/arm-elf/3.4.4/../../../../arm-elf/lib/thumb/interwork/libm.a(s_atan.o)
 .debug_abbrev  0x000001b8       0x8b /usr/lib/gcc/arm-elf/3.4.4/../../../../arm-elf/lib/thumb/interwork/libm.a(s_cos.o)
 .debug_abbrev  0x00000243       0xd0 /usr/lib/gcc/arm-elf/3.4.4/../../../../arm-elf/lib/thumb/interwork/libm.a(s_fabs.o)
 .debug_abbrev  0x00000313       0x8b /usr/lib/gcc/arm-elf/3.4.4/../../../../arm-elf/lib/thumb/interwork/libm.a(s_sin.o)
 .debug_abbrev  0x0000039e       0xc7 /usr/lib/gcc/arm-elf/3.4.4/../../../../arm-elf/lib/thumb/interwork/libm.a(w_atan2.o)
 .debug_abbrev  0x00000465       0xc7 /usr/lib/gcc/arm-elf/3.4.4/../../../../arm-elf/lib/thumb/interwork/libm.a(w_sqrt.o)
 .debug_abbrev  0x0000052c      0x10f /usr/lib/gcc/arm-elf/3.4.4/../../../../arm-elf/lib/thumb/interwork/libm.a(e_atan2.o)
 .debug_abbrev  0x0000063b      0x128 /usr/lib/gcc/arm-elf/3.4.4/../../../../arm-elf/lib/thumb/interwork/libm.a(e_rem_pio2.o)
 .debug_abbrev  0x00000763      0x104 /usr/lib/gcc/arm-elf/3.4.4/../../../../arm-elf/lib/thumb/interwork/libm.a(e_sqrt.o)
 .debug_abbrev  0x00000867       0xea /usr/lib/gcc/arm-elf/3.4.4/../../../../arm-elf/lib/thumb/interwork/libm.a(k_cos.o)
 .debug_abbrev  0x00000951       0xe6 /usr/lib/gcc/arm-elf/3.4.4/../../../../arm-elf/lib/thumb/interwork/libm.a(k_rem_pio2.o)
 .debug_abbrev  0x00000a37       0x93 /usr/lib/gcc/arm-elf/3.4.4/../../../../arm-elf/lib/thumb/interwork/libm.a(k_sin.o)
 .debug_abbrev  0x00000aca       0xe8 /usr/lib/gcc/arm-elf/3.4.4/../../../../arm-elf/lib/thumb/interwork/libm.a(s_floor.o)
 .debug_abbrev  0x00000bb2       0xd4 /usr/lib/gcc/arm-elf/3.4.4/../../../../arm-elf/lib/thumb/interwork/libm.a(s_isnan.o)
 .debug_abbrev  0x00000c86       0x5a /usr/lib/gcc/arm-elf/3.4.4/../../../../arm-elf/lib/thumb/interwork/libm.a(s_lib_ver.o)
 .debug_abbrev  0x00000ce0       0x95 /usr/lib/gcc/arm-elf/3.4.4/../../../../arm-elf/lib/thumb/interwork/libm.a(s_matherr.o)
 .debug_abbrev  0x00000d75       0xe8 /usr/lib/gcc/arm-elf/3.4.4/../../../../arm-elf/lib/thumb/interwork/libm.a(s_scalbn.o)
 .debug_abbrev  0x00000e5d       0xc5 /usr/lib/gcc/arm-elf/3.4.4/../../../../arm-elf/lib/thumb/interwork/libm.a(s_copysign.o)
 .debug_abbrev  0x00000f22      0x15f /usr/lib/gcc/arm-elf/3.4.4/../../../../arm-elf/lib/thumb/interwork/libc.a(errno.o)
 .debug_abbrev  0x00001081      0x157 /usr/lib/gcc/arm-elf/3.4.4/../../../../arm-elf/lib/thumb/interwork/libc.a(impure.o)

.debug_line     0x00000000     0x1487
 *(.debug_line)
 .debug_line    0x00000000       0xa7 /usr/lib/gcc/arm-elf/3.4.4/../../../../arm-elf/lib/thumb/interwork/libc.a(memcpy.o)
 .debug_line    0x000000a7      0x137 /usr/lib/gcc/arm-elf/3.4.4/../../../../arm-elf/lib/thumb/interwork/libm.a(s_atan.o)
 .debug_line    0x000001de       0xcc /usr/lib/gcc/arm-elf/3.4.4/../../../../arm-elf/lib/thumb/interwork/libm.a(s_cos.o)
 .debug_line    0x000002aa       0xf3 /usr/lib/gcc/arm-elf/3.4.4/../../../../arm-elf/lib/thumb/interwork/libm.a(s_fabs.o)
 .debug_line    0x0000039d       0xcc /usr/lib/gcc/arm-elf/3.4.4/../../../../arm-elf/lib/thumb/interwork/libm.a(s_sin.o)
 .debug_line    0x00000469       0xca /usr/lib/gcc/arm-elf/3.4.4/../../../../arm-elf/lib/thumb/interwork/libm.a(w_atan2.o)
 .debug_line    0x00000533       0xc9 /usr/lib/gcc/arm-elf/3.4.4/../../../../arm-elf/lib/thumb/interwork/libm.a(w_sqrt.o)
 .debug_line    0x000005fc      0x14c /usr/lib/gcc/arm-elf/3.4.4/../../../../arm-elf/lib/thumb/interwork/libm.a(e_atan2.o)
 .debug_line    0x00000748      0x17c /usr/lib/gcc/arm-elf/3.4.4/../../../../arm-elf/lib/thumb/interwork/libm.a(e_rem_pio2.o)
 .debug_line    0x000008c4      0x163 /usr/lib/gcc/arm-elf/3.4.4/../../../../arm-elf/lib/thumb/interwork/libm.a(e_sqrt.o)
 .debug_line    0x00000a27      0x115 /usr/lib/gcc/arm-elf/3.4.4/../../../../arm-elf/lib/thumb/interwork/libm.a(k_cos.o)
 .debug_line    0x00000b3c      0x187 /usr/lib/gcc/arm-elf/3.4.4/../../../../arm-elf/lib/thumb/interwork/libm.a(k_rem_pio2.o)
 .debug_line    0x00000cc3       0xc6 /usr/lib/gcc/arm-elf/3.4.4/../../../../arm-elf/lib/thumb/interwork/libm.a(k_sin.o)
 .debug_line    0x00000d89      0x12a /usr/lib/gcc/arm-elf/3.4.4/../../../../arm-elf/lib/thumb/interwork/libm.a(s_floor.o)
 .debug_line    0x00000eb3       0xfb /usr/lib/gcc/arm-elf/3.4.4/../../../../arm-elf/lib/thumb/interwork/libm.a(s_isnan.o)
 .debug_line    0x00000fae       0xa0 /usr/lib/gcc/arm-elf/3.4.4/../../../../arm-elf/lib/thumb/interwork/libm.a(s_lib_ver.o)
 .debug_line    0x0000104e       0xb0 /usr/lib/gcc/arm-elf/3.4.4/../../../../arm-elf/lib/thumb/interwork/libm.a(s_matherr.o)
 .debug_line    0x000010fe       0xeb /usr/lib/gcc/arm-elf/3.4.4/../../../../arm-elf/lib/thumb/interwork/libm.a(s_scalbn.o)
 .debug_line    0x000011e9       0xc4 /usr/lib/gcc/arm-elf/3.4.4/../../../../arm-elf/lib/thumb/interwork/libm.a(s_copysign.o)
 .debug_line    0x000012ad       0xf4 /usr/lib/gcc/arm-elf/3.4.4/../../../../arm-elf/lib/thumb/interwork/libc.a(errno.o)
 .debug_line    0x000013a1       0xe6 /usr/lib/gcc/arm-elf/3.4.4/../../../../arm-elf/lib/thumb/interwork/libc.a(impure.o)

.debug_frame    0x00000000      0x3b4
 *(.debug_frame)
 .debug_frame   0x00000000       0x2c /usr/lib/gcc/arm-elf/3.4.4/../../../../arm-elf/lib/thumb/interwork/libc.a(memcpy.o)
 .debug_frame   0x0000002c       0x38 /usr/lib/gcc/arm-elf/3.4.4/../../../../arm-elf/lib/thumb/interwork/libm.a(s_atan.o)
 .debug_frame   0x00000064       0x30 /usr/lib/gcc/arm-elf/3.4.4/../../../../arm-elf/lib/thumb/interwork/libm.a(s_cos.o)
 .debug_frame   0x00000094       0x28 /usr/lib/gcc/arm-elf/3.4.4/../../../../arm-elf/lib/thumb/interwork/libm.a(s_fabs.o)
 .debug_frame   0x000000bc       0x30 /usr/lib/gcc/arm-elf/3.4.4/../../../../arm-elf/lib/thumb/interwork/libm.a(s_sin.o)
 .debug_frame   0x000000ec       0x38 /usr/lib/gcc/arm-elf/3.4.4/../../../../arm-elf/lib/thumb/interwork/libm.a(w_atan2.o)
 .debug_frame   0x00000124       0x38 /usr/lib/gcc/arm-elf/3.4.4/../../../../arm-elf/lib/thumb/interwork/libm.a(w_sqrt.o)
 .debug_frame   0x0000015c       0x38 /usr/lib/gcc/arm-elf/3.4.4/../../../../arm-elf/lib/thumb/interwork/libm.a(e_atan2.o)
 .debug_frame   0x00000194       0x3c /usr/lib/gcc/arm-elf/3.4.4/../../../../arm-elf/lib/thumb/interwork/libm.a(e_rem_pio2.o)
 .debug_frame   0x000001d0       0x3c /usr/lib/gcc/arm-elf/3.4.4/../../../../arm-elf/lib/thumb/interwork/libm.a(e_sqrt.o)
 .debug_frame   0x0000020c       0x38 /usr/lib/gcc/arm-elf/3.4.4/../../../../arm-elf/lib/thumb/interwork/libm.a(k_cos.o)
 .debug_frame   0x00000244       0x40 /usr/lib/gcc/arm-elf/3.4.4/../../../../arm-elf/lib/thumb/interwork/libm.a(k_rem_pio2.o)
 .debug_frame   0x00000284       0x30 /usr/lib/gcc/arm-elf/3.4.4/../../../../arm-elf/lib/thumb/interwork/libm.a(k_sin.o)
 .debug_frame   0x000002b4       0x38 /usr/lib/gcc/arm-elf/3.4.4/../../../../arm-elf/lib/thumb/interwork/libm.a(s_floor.o)
 .debug_frame   0x000002ec       0x28 /usr/lib/gcc/arm-elf/3.4.4/../../../../arm-elf/lib/thumb/interwork/libm.a(s_isnan.o)
 .debug_frame   0x00000314       0x20 /usr/lib/gcc/arm-elf/3.4.4/../../../../arm-elf/lib/thumb/interwork/libm.a(s_matherr.o)
 .debug_frame   0x00000334       0x34 /usr/lib/gcc/arm-elf/3.4.4/../../../../arm-elf/lib/thumb/interwork/libm.a(s_scalbn.o)
 .debug_frame   0x00000368       0x2c /usr/lib/gcc/arm-elf/3.4.4/../../../../arm-elf/lib/thumb/interwork/libm.a(s_copysign.o)
 .debug_frame   0x00000394       0x20 /usr/lib/gcc/arm-elf/3.4.4/../../../../arm-elf/lib/thumb/interwork/libc.a(errno.o)

.debug_str      0x00000000      0xc71
 *(.debug_str)
 .debug_str     0x00000000       0xd0 /usr/lib/gcc/arm-elf/3.4.4/../../../../arm-elf/lib/thumb/interwork/libc.a(memcpy.o)
                                 0xf0 (size before relaxing)
 .debug_str     0x000000d0      0x13c /usr/lib/gcc/arm-elf/3.4.4/../../../../arm-elf/lib/thumb/interwork/libm.a(s_atan.o)
                                0x17b (size before relaxing)
 .debug_str     0x0000020c       0x32 /usr/lib/gcc/arm-elf/3.4.4/../../../../arm-elf/lib/thumb/interwork/libm.a(s_cos.o)
                                0x12a (size before relaxing)
 .debug_str     0x0000023e       0x42 /usr/lib/gcc/arm-elf/3.4.4/../../../../arm-elf/lib/thumb/interwork/libm.a(s_fabs.o)
                                0x163 (size before relaxing)
 .debug_str     0x00000280       0x32 /usr/lib/gcc/arm-elf/3.4.4/../../../../arm-elf/lib/thumb/interwork/libm.a(s_sin.o)
                                0x12a (size before relaxing)
 .debug_str     0x000002b2       0xaf /usr/lib/gcc/arm-elf/3.4.4/../../../../arm-elf/lib/thumb/interwork/libm.a(w_atan2.o)
                                0x1a8 (size before relaxing)
 .debug_str     0x00000361       0x33 /usr/lib/gcc/arm-elf/3.4.4/../../../../arm-elf/lib/thumb/interwork/libm.a(w_sqrt.o)
                                0x1a6 (size before relaxing)
 .debug_str     0x00000394       0x67 /usr/lib/gcc/arm-elf/3.4.4/../../../../arm-elf/lib/thumb/interwork/libm.a(e_atan2.o)
                                0x197 (size before relaxing)
 .debug_str     0x000003fb       0xa4 /usr/lib/gcc/arm-elf/3.4.4/../../../../arm-elf/lib/thumb/interwork/libm.a(e_rem_pio2.o)
                                0x1e3 (size before relaxing)
 .debug_str     0x0000049f       0x47 /usr/lib/gcc/arm-elf/3.4.4/../../../../arm-elf/lib/thumb/interwork/libm.a(e_sqrt.o)
                                0x17c (size before relaxing)
 .debug_str     0x000004e6       0x3f /usr/lib/gcc/arm-elf/3.4.4/../../../../arm-elf/lib/thumb/interwork/libm.a(k_cos.o)
                                0x16a (size before relaxing)
 .debug_str     0x00000525       0x78 /usr/lib/gcc/arm-elf/3.4.4/../../../../arm-elf/lib/thumb/interwork/libm.a(k_rem_pio2.o)
                                0x17b (size before relaxing)
 .debug_str     0x0000059d       0x3f /usr/lib/gcc/arm-elf/3.4.4/../../../../arm-elf/lib/thumb/interwork/libm.a(k_sin.o)
                                0x13c (size before relaxing)
 .debug_str     0x000005dc       0x3a /usr/lib/gcc/arm-elf/3.4.4/../../../../arm-elf/lib/thumb/interwork/libm.a(s_floor.o)
                                0x16f (size before relaxing)
 .debug_str     0x00000616       0x3a /usr/lib/gcc/arm-elf/3.4.4/../../../../arm-elf/lib/thumb/interwork/libm.a(s_isnan.o)
                                0x165 (size before relaxing)
 .debug_str     0x00000650       0x92 /usr/lib/gcc/arm-elf/3.4.4/../../../../arm-elf/lib/thumb/interwork/libm.a(s_lib_ver.o)
                                0x183 (size before relaxing)
 .debug_str     0x000006e2       0x40 /usr/lib/gcc/arm-elf/3.4.4/../../../../arm-elf/lib/thumb/interwork/libm.a(s_matherr.o)
                                0x155 (size before relaxing)
 .debug_str     0x00000722       0x4b /usr/lib/gcc/arm-elf/3.4.4/../../../../arm-elf/lib/thumb/interwork/libm.a(s_scalbn.o)
                                0x187 (size before relaxing)
 .debug_str     0x0000076d       0x42 /usr/lib/gcc/arm-elf/3.4.4/../../../../arm-elf/lib/thumb/interwork/libm.a(s_copysign.o)
                                0x165 (size before relaxing)
 .debug_str     0x000007af      0x416 /usr/lib/gcc/arm-elf/3.4.4/../../../../arm-elf/lib/thumb/interwork/libc.a(errno.o)
                                0x4be (size before relaxing)
 .debug_str     0x00000bc5       0xac /usr/lib/gcc/arm-elf/3.4.4/../../../../arm-elf/lib/thumb/interwork/libc.a(impure.o)
                                0x4d6 (size before relaxing)

.debug_loc
 *(.debug_loc)

.debug_macinfo
 *(.debug_macinfo)

.debug_weaknames
 *(.debug_weaknames)

.debug_funcnames
 *(.debug_funcnames)

.debug_typenames
 *(.debug_typenames)

.debug_varnames
 *(.debug_varnames)
OUTPUT(/home/paparazzi/paparazzi3new/var/vSpin/ap/ap.elf elf32-littlearm)

.debug_ranges   0x00000000       0xc8
 .debug_ranges  0x00000000       0x28 /usr/lib/gcc/arm-elf/3.4.4/../../../../arm-elf/lib/thumb/interwork/libm.a(s_atan.o)
 .debug_ranges  0x00000028       0x20 /usr/lib/gcc/arm-elf/3.4.4/../../../../arm-elf/lib/thumb/interwork/libm.a(e_atan2.o)
 .debug_ranges  0x00000048       0x18 /usr/lib/gcc/arm-elf/3.4.4/../../../../arm-elf/lib/thumb/interwork/libm.a(e_rem_pio2.o)
 .debug_ranges  0x00000060       0x18 /usr/lib/gcc/arm-elf/3.4.4/../../../../arm-elf/lib/thumb/interwork/libm.a(e_sqrt.o)
 .debug_ranges  0x00000078       0x18 /usr/lib/gcc/arm-elf/3.4.4/../../../../arm-elf/lib/thumb/interwork/libm.a(k_cos.o)
 .debug_ranges  0x00000090       0x20 /usr/lib/gcc/arm-elf/3.4.4/../../../../arm-elf/lib/thumb/interwork/libm.a(s_floor.o)
 .debug_ranges  0x000000b0       0x18 /usr/lib/gcc/arm-elf/3.4.4/../../../../arm-elf/lib/thumb/interwork/libm.a(s_scalbn.o)

Cross Reference Table

Symbol                                            File
TIMER0_ISR                                        /home/paparazzi/paparazzi3new/var/vSpin/ap/sys_time_hw.o
                                                  /home/paparazzi/paparazzi3new/var/vSpin/ap/main_fbw.o
____adddf3_change_to_arm                          /usr/lib/gcc/arm-elf/3.4.4/thumb/interwork/libgcc.a(_fixunssfsi.o)
____adddf3_from_thumb                             /usr/lib/gcc/arm-elf/3.4.4/thumb/interwork/libgcc.a(_fixunssfsi.o)
____divdf3_change_to_arm                          /usr/lib/gcc/arm-elf/3.4.4/thumb/interwork/libgcc.a(_fixunssfsi.o)
____divdf3_from_thumb                             /usr/lib/gcc/arm-elf/3.4.4/thumb/interwork/libgcc.a(_fixunssfsi.o)
____divsi3_from_arm                               /usr/lib/gcc/arm-elf/3.4.4/thumb/interwork/libgcc.a(_fixunssfsi.o)
____eqdf2_change_to_arm                           /usr/lib/gcc/arm-elf/3.4.4/thumb/interwork/libgcc.a(_fixunssfsi.o)
____eqdf2_from_thumb                              /usr/lib/gcc/arm-elf/3.4.4/thumb/interwork/libgcc.a(_fixunssfsi.o)
____fixdfsi_change_to_arm                         /usr/lib/gcc/arm-elf/3.4.4/thumb/interwork/libgcc.a(_fixunssfsi.o)
____fixdfsi_from_thumb                            /usr/lib/gcc/arm-elf/3.4.4/thumb/interwork/libgcc.a(_fixunssfsi.o)
____floatsidf_change_to_arm                       /usr/lib/gcc/arm-elf/3.4.4/thumb/interwork/libgcc.a(_fixunssfsi.o)
____floatsidf_from_thumb                          /usr/lib/gcc/arm-elf/3.4.4/thumb/interwork/libgcc.a(_fixunssfsi.o)
____gedf2_change_to_arm                           /usr/lib/gcc/arm-elf/3.4.4/thumb/interwork/libgcc.a(_fixunssfsi.o)
____gedf2_from_thumb                              /usr/lib/gcc/arm-elf/3.4.4/thumb/interwork/libgcc.a(_fixunssfsi.o)
____gtdf2_change_to_arm                           /usr/lib/gcc/arm-elf/3.4.4/thumb/interwork/libgcc.a(_fixunssfsi.o)
____gtdf2_from_thumb                              /usr/lib/gcc/arm-elf/3.4.4/thumb/interwork/libgcc.a(_fixunssfsi.o)
____ltdf2_change_to_arm                           /usr/lib/gcc/arm-elf/3.4.4/thumb/interwork/libgcc.a(_fixunssfsi.o)
____ltdf2_from_thumb                              /usr/lib/gcc/arm-elf/3.4.4/thumb/interwork/libgcc.a(_fixunssfsi.o)
____muldf3_change_to_arm                          /usr/lib/gcc/arm-elf/3.4.4/thumb/interwork/libgcc.a(_fixunssfsi.o)
____muldf3_from_thumb                             /usr/lib/gcc/arm-elf/3.4.4/thumb/interwork/libgcc.a(_fixunssfsi.o)
____subdf3_change_to_arm                          /usr/lib/gcc/arm-elf/3.4.4/thumb/interwork/libgcc.a(_fixunssfsi.o)
____subdf3_from_thumb                             /usr/lib/gcc/arm-elf/3.4.4/thumb/interwork/libgcc.a(_fixunssfsi.o)
__adddf3                                          /usr/lib/gcc/arm-elf/3.4.4/thumb/interwork/libgcc.a(_addsubdf3.o)
                                                  /usr/lib/gcc/arm-elf/3.4.4/../../../../arm-elf/lib/thumb/interwork/libm.a(s_scalbn.o)
                                                  /usr/lib/gcc/arm-elf/3.4.4/../../../../arm-elf/lib/thumb/interwork/libm.a(s_floor.o)
                                                  /usr/lib/gcc/arm-elf/3.4.4/../../../../arm-elf/lib/thumb/interwork/libm.a(k_sin.o)
                                                  /usr/lib/gcc/arm-elf/3.4.4/../../../../arm-elf/lib/thumb/interwork/libm.a(k_rem_pio2.o)
                                                  /usr/lib/gcc/arm-elf/3.4.4/../../../../arm-elf/lib/thumb/interwork/libm.a(k_cos.o)
                                                  /usr/lib/gcc/arm-elf/3.4.4/../../../../arm-elf/lib/thumb/interwork/libm.a(e_sqrt.o)
                                                  /usr/lib/gcc/arm-elf/3.4.4/../../../../arm-elf/lib/thumb/interwork/libm.a(e_rem_pio2.o)
                                                  /usr/lib/gcc/arm-elf/3.4.4/../../../../arm-elf/lib/thumb/interwork/libm.a(e_atan2.o)
                                                  /usr/lib/gcc/arm-elf/3.4.4/../../../../arm-elf/lib/thumb/interwork/libm.a(s_atan.o)
                                                  /home/paparazzi/paparazzi3new/var/vSpin/ap/fw_v_ctl.o
                                                  /home/paparazzi/paparazzi3new/var/vSpin/ap/fw_h_ctl.o
                                                  /home/paparazzi/paparazzi3new/var/vSpin/ap/nav.o
                                                  /home/paparazzi/paparazzi3new/var/vSpin/ap/infrared.o
                                                  /home/paparazzi/paparazzi3new/var/vSpin/ap/main_ap.o
                                                  /home/paparazzi/paparazzi3new/var/vSpin/ap/main_fbw.o
__addsf3                                          /usr/lib/gcc/arm-elf/3.4.4/thumb/interwork/libgcc.a(_addsubsf3.o)
                                                  /home/paparazzi/paparazzi3new/var/vSpin/ap/fw_v_ctl.o
                                                  /home/paparazzi/paparazzi3new/var/vSpin/ap/fw_h_ctl.o
                                                  /home/paparazzi/paparazzi3new/var/vSpin/ap/nav.o
                                                  /home/paparazzi/paparazzi3new/var/vSpin/ap/infrared.o
                                                  /home/paparazzi/paparazzi3new/var/vSpin/ap/datalink.o
                                                  /home/paparazzi/paparazzi3new/var/vSpin/ap/main_ap.o
__atan2_from_arm                                  /usr/lib/gcc/arm-elf/3.4.4/thumb/interwork/libgcc.a(_fixunssfsi.o)
__atan_from_arm                                   /usr/lib/gcc/arm-elf/3.4.4/thumb/interwork/libgcc.a(_fixunssfsi.o)
__bss_end__                                       /home/paparazzi/paparazzi3new/var/vSpin/ap/crt0.o
__bss_start                                       /home/paparazzi/paparazzi3new/var/vSpin/ap/crt0.o
__cmpdf2                                          /usr/lib/gcc/arm-elf/3.4.4/thumb/interwork/libgcc.a(_cmpdf2.o)
__cmpsf2                                          /usr/lib/gcc/arm-elf/3.4.4/thumb/interwork/libgcc.a(_cmpsf2.o)
__cos_from_arm                                    /usr/lib/gcc/arm-elf/3.4.4/thumb/interwork/libgcc.a(_fixunssfsi.o)
__ctors_end__                                     /home/paparazzi/paparazzi3new/var/vSpin/ap/crt0.o
__ctors_start__                                   /home/paparazzi/paparazzi3new/var/vSpin/ap/crt0.o
__div0                                            /usr/lib/gcc/arm-elf/3.4.4/thumb/interwork/libgcc.a(_dvmd_tls.o)
                                                  /usr/lib/gcc/arm-elf/3.4.4/thumb/interwork/libgcc.a(_divsi3.o)
__divdf3                                          /usr/lib/gcc/arm-elf/3.4.4/thumb/interwork/libgcc.a(_muldivdf3.o)
                                                  /usr/lib/gcc/arm-elf/3.4.4/../../../../arm-elf/lib/thumb/interwork/libm.a(e_sqrt.o)
                                                  /usr/lib/gcc/arm-elf/3.4.4/../../../../arm-elf/lib/thumb/interwork/libm.a(e_atan2.o)
                                                  /usr/lib/gcc/arm-elf/3.4.4/../../../../arm-elf/lib/thumb/interwork/libm.a(w_sqrt.o)
                                                  /usr/lib/gcc/arm-elf/3.4.4/../../../../arm-elf/lib/thumb/interwork/libm.a(s_atan.o)
                                                  /home/paparazzi/paparazzi3new/var/vSpin/ap/gyro.o
                                                  /home/paparazzi/paparazzi3new/var/vSpin/ap/fw_v_ctl.o
                                                  /home/paparazzi/paparazzi3new/var/vSpin/ap/fw_h_ctl.o
                                                  /home/paparazzi/paparazzi3new/var/vSpin/ap/nav.o
                                                  /home/paparazzi/paparazzi3new/var/vSpin/ap/infrared.o
                                                  /home/paparazzi/paparazzi3new/var/vSpin/ap/gps.o
                                                  /home/paparazzi/paparazzi3new/var/vSpin/ap/datalink.o
                                                  /home/paparazzi/paparazzi3new/var/vSpin/ap/main_ap.o
__divsf3                                          /usr/lib/gcc/arm-elf/3.4.4/thumb/interwork/libgcc.a(_muldivsf3.o)
                                                  /home/paparazzi/paparazzi3new/var/vSpin/ap/fw_v_ctl.o
                                                  /home/paparazzi/paparazzi3new/var/vSpin/ap/fw_h_ctl.o
                                                  /home/paparazzi/paparazzi3new/var/vSpin/ap/nav.o
                                                  /home/paparazzi/paparazzi3new/var/vSpin/ap/infrared.o
                                                  /home/paparazzi/paparazzi3new/var/vSpin/ap/datalink.o
                                                  /home/paparazzi/paparazzi3new/var/vSpin/ap/main_ap.o
__divsi3                                          /usr/lib/gcc/arm-elf/3.4.4/thumb/interwork/libgcc.a(_divsi3.o)
                                                  /usr/lib/gcc/arm-elf/3.4.4/../../../../arm-elf/lib/thumb/interwork/libm.a(k_rem_pio2.o)
                                                  /home/paparazzi/paparazzi3new/var/vSpin/ap/gyro.o
                                                  /home/paparazzi/paparazzi3new/var/vSpin/ap/infrared.o
                                                  /home/paparazzi/paparazzi3new/var/vSpin/ap/gps_ubx.o
                                                  /home/paparazzi/paparazzi3new/var/vSpin/ap/main_fbw.o
__eqdf2                                           /usr/lib/gcc/arm-elf/3.4.4/thumb/interwork/libgcc.a(_cmpdf2.o)
                                                  /usr/lib/gcc/arm-elf/3.4.4/../../../../arm-elf/lib/thumb/interwork/libm.a(k_rem_pio2.o)
                                                  /usr/lib/gcc/arm-elf/3.4.4/../../../../arm-elf/lib/thumb/interwork/libm.a(e_rem_pio2.o)
                                                  /usr/lib/gcc/arm-elf/3.4.4/../../../../arm-elf/lib/thumb/interwork/libm.a(w_atan2.o)
__eqsf2                                           /usr/lib/gcc/arm-elf/3.4.4/thumb/interwork/libgcc.a(_cmpsf2.o)
__errno                                           /usr/lib/gcc/arm-elf/3.4.4/../../../../arm-elf/lib/thumb/interwork/libc.a(errno.o)
                                                  /usr/lib/gcc/arm-elf/3.4.4/../../../../arm-elf/lib/thumb/interwork/libm.a(w_sqrt.o)
                                                  /usr/lib/gcc/arm-elf/3.4.4/../../../../arm-elf/lib/thumb/interwork/libm.a(w_atan2.o)
__extendsfdf2                                     /usr/lib/gcc/arm-elf/3.4.4/thumb/interwork/libgcc.a(_addsubdf3.o)
                                                  /home/paparazzi/paparazzi3new/var/vSpin/ap/gyro.o
                                                  /home/paparazzi/paparazzi3new/var/vSpin/ap/fw_v_ctl.o
                                                  /home/paparazzi/paparazzi3new/var/vSpin/ap/fw_h_ctl.o
                                                  /home/paparazzi/paparazzi3new/var/vSpin/ap/nav.o
                                                  /home/paparazzi/paparazzi3new/var/vSpin/ap/infrared.o
                                                  /home/paparazzi/paparazzi3new/var/vSpin/ap/datalink.o
                                                  /home/paparazzi/paparazzi3new/var/vSpin/ap/main_ap.o
                                                  /home/paparazzi/paparazzi3new/var/vSpin/ap/main_fbw.o
__fdlib_version                                   /usr/lib/gcc/arm-elf/3.4.4/../../../../arm-elf/lib/thumb/interwork/libm.a(s_lib_ver.o)
                                                  /usr/lib/gcc/arm-elf/3.4.4/../../../../arm-elf/lib/thumb/interwork/libm.a(w_sqrt.o)
                                                  /usr/lib/gcc/arm-elf/3.4.4/../../../../arm-elf/lib/thumb/interwork/libm.a(w_atan2.o)
__fixdfsi                                         /usr/lib/gcc/arm-elf/3.4.4/thumb/interwork/libgcc.a(_fixdfsi.o)
                                                  /usr/lib/gcc/arm-elf/3.4.4/../../../../arm-elf/lib/thumb/interwork/libm.a(k_sin.o)
                                                  /usr/lib/gcc/arm-elf/3.4.4/../../../../arm-elf/lib/thumb/interwork/libm.a(k_rem_pio2.o)
                                                  /usr/lib/gcc/arm-elf/3.4.4/../../../../arm-elf/lib/thumb/interwork/libm.a(k_cos.o)
                                                  /usr/lib/gcc/arm-elf/3.4.4/../../../../arm-elf/lib/thumb/interwork/libm.a(e_rem_pio2.o)
                                                  /home/paparazzi/paparazzi3new/var/vSpin/ap/infrared.o
                                                  /home/paparazzi/paparazzi3new/var/vSpin/ap/main_ap.o
                                                  /home/paparazzi/paparazzi3new/var/vSpin/ap/main_fbw.o
__fixsfsi                                         /usr/lib/gcc/arm-elf/3.4.4/thumb/interwork/libgcc.a(_fixsfsi.o)
                                                  /home/paparazzi/paparazzi3new/var/vSpin/ap/gyro.o
                                                  /home/paparazzi/paparazzi3new/var/vSpin/ap/fw_v_ctl.o
                                                  /home/paparazzi/paparazzi3new/var/vSpin/ap/fw_h_ctl.o
                                                  /home/paparazzi/paparazzi3new/var/vSpin/ap/nav.o
                                                  /home/paparazzi/paparazzi3new/var/vSpin/ap/main_ap.o
                                                  /home/paparazzi/paparazzi3new/var/vSpin/ap/main_fbw.o
__fixunsdfsi                                      /usr/lib/gcc/arm-elf/3.4.4/thumb/interwork/libgcc.a(_fixunsdfsi.o)
                                                  /home/paparazzi/paparazzi3new/var/vSpin/ap/main_fbw.o
__fixunssfsi                                      /usr/lib/gcc/arm-elf/3.4.4/thumb/interwork/libgcc.a(_fixunssfsi.o)
                                                  /home/paparazzi/paparazzi3new/var/vSpin/ap/datalink.o
__floatsidf                                       /usr/lib/gcc/arm-elf/3.4.4/thumb/interwork/libgcc.a(_addsubdf3.o)
                                                  /usr/lib/gcc/arm-elf/3.4.4/../../../../arm-elf/lib/thumb/interwork/libm.a(k_rem_pio2.o)
                                                  /usr/lib/gcc/arm-elf/3.4.4/../../../../arm-elf/lib/thumb/interwork/libm.a(e_rem_pio2.o)
                                                  /home/paparazzi/paparazzi3new/var/vSpin/ap/infrared.o
                                                  /home/paparazzi/paparazzi3new/var/vSpin/ap/gps.o
                                                  /home/paparazzi/paparazzi3new/var/vSpin/ap/main_ap.o
                                                  /home/paparazzi/paparazzi3new/var/vSpin/ap/main_fbw.o
__floatsisf                                       /usr/lib/gcc/arm-elf/3.4.4/thumb/interwork/libgcc.a(_addsubsf3.o)
                                                  /home/paparazzi/paparazzi3new/var/vSpin/ap/gyro.o
                                                  /home/paparazzi/paparazzi3new/var/vSpin/ap/fw_v_ctl.o
                                                  /home/paparazzi/paparazzi3new/var/vSpin/ap/fw_h_ctl.o
                                                  /home/paparazzi/paparazzi3new/var/vSpin/ap/infrared.o
                                                  /home/paparazzi/paparazzi3new/var/vSpin/ap/datalink.o
                                                  /home/paparazzi/paparazzi3new/var/vSpin/ap/main_ap.o
                                                  /home/paparazzi/paparazzi3new/var/vSpin/ap/main_fbw.o
__floatunsidf                                     /usr/lib/gcc/arm-elf/3.4.4/thumb/interwork/libgcc.a(_addsubdf3.o)
__floatunsisf                                     /usr/lib/gcc/arm-elf/3.4.4/thumb/interwork/libgcc.a(_addsubsf3.o)
__gedf2                                           /usr/lib/gcc/arm-elf/3.4.4/thumb/interwork/libgcc.a(_cmpdf2.o)
                                                  /usr/lib/gcc/arm-elf/3.4.4/../../../../arm-elf/lib/thumb/interwork/libm.a(k_rem_pio2.o)
                                                  /usr/lib/gcc/arm-elf/3.4.4/../../../../arm-elf/lib/thumb/interwork/libm.a(e_sqrt.o)
__gesf2                                           /usr/lib/gcc/arm-elf/3.4.4/thumb/interwork/libgcc.a(_cmpsf2.o)
                                                  /home/paparazzi/paparazzi3new/var/vSpin/ap/nav.o
                                                  /home/paparazzi/paparazzi3new/var/vSpin/ap/infrared.o
__gtdf2                                           /usr/lib/gcc/arm-elf/3.4.4/thumb/interwork/libgcc.a(_cmpdf2.o)
                                                  /usr/lib/gcc/arm-elf/3.4.4/../../../../arm-elf/lib/thumb/interwork/libm.a(s_floor.o)
                                                  /usr/lib/gcc/arm-elf/3.4.4/../../../../arm-elf/lib/thumb/interwork/libm.a(e_sqrt.o)
                                                  /usr/lib/gcc/arm-elf/3.4.4/../../../../arm-elf/lib/thumb/interwork/libm.a(s_atan.o)
                                                  /home/paparazzi/paparazzi3new/var/vSpin/ap/fw_v_ctl.o
                                                  /home/paparazzi/paparazzi3new/var/vSpin/ap/fw_h_ctl.o
                                                  /home/paparazzi/paparazzi3new/var/vSpin/ap/nav.o
                                                  /home/paparazzi/paparazzi3new/var/vSpin/ap/infrared.o
                                                  /home/paparazzi/paparazzi3new/var/vSpin/ap/main_ap.o
__gtsf2                                           /usr/lib/gcc/arm-elf/3.4.4/thumb/interwork/libgcc.a(_cmpsf2.o)
                                                  /home/paparazzi/paparazzi3new/var/vSpin/ap/fw_v_ctl.o
                                                  /home/paparazzi/paparazzi3new/var/vSpin/ap/fw_h_ctl.o
                                                  /home/paparazzi/paparazzi3new/var/vSpin/ap/nav.o
                                                  /home/paparazzi/paparazzi3new/var/vSpin/ap/main_ap.o
                                                  /home/paparazzi/paparazzi3new/var/vSpin/ap/main_fbw.o
__ieee754_atan2                                   /usr/lib/gcc/arm-elf/3.4.4/../../../../arm-elf/lib/thumb/interwork/libm.a(e_atan2.o)
                                                  /usr/lib/gcc/arm-elf/3.4.4/../../../../arm-elf/lib/thumb/interwork/libm.a(w_atan2.o)
__ieee754_rem_pio2                                /usr/lib/gcc/arm-elf/3.4.4/../../../../arm-elf/lib/thumb/interwork/libm.a(e_rem_pio2.o)
                                                  /usr/lib/gcc/arm-elf/3.4.4/../../../../arm-elf/lib/thumb/interwork/libm.a(s_sin.o)
                                                  /usr/lib/gcc/arm-elf/3.4.4/../../../../arm-elf/lib/thumb/interwork/libm.a(s_cos.o)
__ieee754_sqrt                                    /usr/lib/gcc/arm-elf/3.4.4/../../../../arm-elf/lib/thumb/interwork/libm.a(e_sqrt.o)
                                                  /usr/lib/gcc/arm-elf/3.4.4/../../../../arm-elf/lib/thumb/interwork/libm.a(w_sqrt.o)
__kernel_cos                                      /usr/lib/gcc/arm-elf/3.4.4/../../../../arm-elf/lib/thumb/interwork/libm.a(k_cos.o)
                                                  /usr/lib/gcc/arm-elf/3.4.4/../../../../arm-elf/lib/thumb/interwork/libm.a(s_sin.o)
                                                  /usr/lib/gcc/arm-elf/3.4.4/../../../../arm-elf/lib/thumb/interwork/libm.a(s_cos.o)
__kernel_rem_pio2                                 /usr/lib/gcc/arm-elf/3.4.4/../../../../arm-elf/lib/thumb/interwork/libm.a(k_rem_pio2.o)
                                                  /usr/lib/gcc/arm-elf/3.4.4/../../../../arm-elf/lib/thumb/interwork/libm.a(e_rem_pio2.o)
__kernel_sin                                      /usr/lib/gcc/arm-elf/3.4.4/../../../../arm-elf/lib/thumb/interwork/libm.a(k_sin.o)
                                                  /usr/lib/gcc/arm-elf/3.4.4/../../../../arm-elf/lib/thumb/interwork/libm.a(s_sin.o)
                                                  /usr/lib/gcc/arm-elf/3.4.4/../../../../arm-elf/lib/thumb/interwork/libm.a(s_cos.o)
__ledf2                                           /usr/lib/gcc/arm-elf/3.4.4/thumb/interwork/libgcc.a(_cmpdf2.o)
__lesf2                                           /usr/lib/gcc/arm-elf/3.4.4/thumb/interwork/libgcc.a(_cmpsf2.o)
__ltdf2                                           /usr/lib/gcc/arm-elf/3.4.4/thumb/interwork/libgcc.a(_cmpdf2.o)
                                                  /usr/lib/gcc/arm-elf/3.4.4/../../../../arm-elf/lib/thumb/interwork/libm.a(w_sqrt.o)
                                                  /home/paparazzi/paparazzi3new/var/vSpin/ap/fw_v_ctl.o
                                                  /home/paparazzi/paparazzi3new/var/vSpin/ap/fw_h_ctl.o
                                                  /home/paparazzi/paparazzi3new/var/vSpin/ap/nav.o
                                                  /home/paparazzi/paparazzi3new/var/vSpin/ap/infrared.o
                                                  /home/paparazzi/paparazzi3new/var/vSpin/ap/main_ap.o
__ltsf2                                           /usr/lib/gcc/arm-elf/3.4.4/thumb/interwork/libgcc.a(_cmpsf2.o)
                                                  /home/paparazzi/paparazzi3new/var/vSpin/ap/fw_v_ctl.o
                                                  /home/paparazzi/paparazzi3new/var/vSpin/ap/fw_h_ctl.o
                                                  /home/paparazzi/paparazzi3new/var/vSpin/ap/nav.o
                                                  /home/paparazzi/paparazzi3new/var/vSpin/ap/infrared.o
__memcpy_from_arm                                 /usr/lib/gcc/arm-elf/3.4.4/thumb/interwork/libgcc.a(_fixunssfsi.o)
__muldf3                                          /usr/lib/gcc/arm-elf/3.4.4/thumb/interwork/libgcc.a(_muldivdf3.o)
                                                  /usr/lib/gcc/arm-elf/3.4.4/../../../../arm-elf/lib/thumb/interwork/libm.a(s_scalbn.o)
                                                  /usr/lib/gcc/arm-elf/3.4.4/../../../../arm-elf/lib/thumb/interwork/libm.a(k_sin.o)
                                                  /usr/lib/gcc/arm-elf/3.4.4/../../../../arm-elf/lib/thumb/interwork/libm.a(k_rem_pio2.o)
                                                  /usr/lib/gcc/arm-elf/3.4.4/../../../../arm-elf/lib/thumb/interwork/libm.a(k_cos.o)
                                                  /usr/lib/gcc/arm-elf/3.4.4/../../../../arm-elf/lib/thumb/interwork/libm.a(e_sqrt.o)
                                                  /usr/lib/gcc/arm-elf/3.4.4/../../../../arm-elf/lib/thumb/interwork/libm.a(e_rem_pio2.o)
                                                  /usr/lib/gcc/arm-elf/3.4.4/../../../../arm-elf/lib/thumb/interwork/libm.a(s_atan.o)
                                                  /home/paparazzi/paparazzi3new/var/vSpin/ap/gyro.o
                                                  /home/paparazzi/paparazzi3new/var/vSpin/ap/fw_v_ctl.o
                                                  /home/paparazzi/paparazzi3new/var/vSpin/ap/fw_h_ctl.o
                                                  /home/paparazzi/paparazzi3new/var/vSpin/ap/nav.o
                                                  /home/paparazzi/paparazzi3new/var/vSpin/ap/infrared.o
                                                  /home/paparazzi/paparazzi3new/var/vSpin/ap/gps.o
                                                  /home/paparazzi/paparazzi3new/var/vSpin/ap/datalink.o
                                                  /home/paparazzi/paparazzi3new/var/vSpin/ap/main_ap.o
                                                  /home/paparazzi/paparazzi3new/var/vSpin/ap/main_fbw.o
__mulsf3                                          /usr/lib/gcc/arm-elf/3.4.4/thumb/interwork/libgcc.a(_muldivsf3.o)
                                                  /home/paparazzi/paparazzi3new/var/vSpin/ap/gyro.o
                                                  /home/paparazzi/paparazzi3new/var/vSpin/ap/fw_v_ctl.o
                                                  /home/paparazzi/paparazzi3new/var/vSpin/ap/fw_h_ctl.o
                                                  /home/paparazzi/paparazzi3new/var/vSpin/ap/nav.o
                                                  /home/paparazzi/paparazzi3new/var/vSpin/ap/infrared.o
                                                  /home/paparazzi/paparazzi3new/var/vSpin/ap/main_ap.o
                                                  /home/paparazzi/paparazzi3new/var/vSpin/ap/main_fbw.o
__nedf2                                           /usr/lib/gcc/arm-elf/3.4.4/thumb/interwork/libgcc.a(_cmpdf2.o)
                                                  /usr/lib/gcc/arm-elf/3.4.4/../../../../arm-elf/lib/thumb/interwork/libm.a(s_matherr.o)
__nesf2                                           /usr/lib/gcc/arm-elf/3.4.4/thumb/interwork/libgcc.a(_cmpsf2.o)
__sin_from_arm                                    /usr/lib/gcc/arm-elf/3.4.4/thumb/interwork/libgcc.a(_fixunssfsi.o)
__sqrt_from_arm                                   /usr/lib/gcc/arm-elf/3.4.4/thumb/interwork/libgcc.a(_fixunssfsi.o)
__subdf3                                          /usr/lib/gcc/arm-elf/3.4.4/thumb/interwork/libgcc.a(_addsubdf3.o)
                                                  /usr/lib/gcc/arm-elf/3.4.4/../../../../arm-elf/lib/thumb/interwork/libm.a(k_sin.o)
                                                  /usr/lib/gcc/arm-elf/3.4.4/../../../../arm-elf/lib/thumb/interwork/libm.a(k_rem_pio2.o)
                                                  /usr/lib/gcc/arm-elf/3.4.4/../../../../arm-elf/lib/thumb/interwork/libm.a(k_cos.o)
                                                  /usr/lib/gcc/arm-elf/3.4.4/../../../../arm-elf/lib/thumb/interwork/libm.a(e_sqrt.o)
                                                  /usr/lib/gcc/arm-elf/3.4.4/../../../../arm-elf/lib/thumb/interwork/libm.a(e_rem_pio2.o)
                                                  /usr/lib/gcc/arm-elf/3.4.4/../../../../arm-elf/lib/thumb/interwork/libm.a(e_atan2.o)
                                                  /usr/lib/gcc/arm-elf/3.4.4/../../../../arm-elf/lib/thumb/interwork/libm.a(s_sin.o)