Archive member included because of file (symbol)

/usr/lib/gcc/arm-elf/3.4.4/../../../../arm-elf/lib/thumb/interwork/libc.a(memcpy.o)
                              /home/mav/Desktop/paparazzivn100/var/v1_i2c/ap/xbee.o (memcpy)
/usr/lib/gcc/arm-elf/3.4.4/../../../../arm-elf/lib/thumb/interwork/libm.a(s_atan.o)
                              /home/mav/Desktop/paparazzivn100/var/v1_i2c/ap/nav.o (atan)
/usr/lib/gcc/arm-elf/3.4.4/../../../../arm-elf/lib/thumb/interwork/libm.a(s_cos.o)
                              /home/mav/Desktop/paparazzivn100/var/v1_i2c/ap/nav.o (cos)
/usr/lib/gcc/arm-elf/3.4.4/../../../../arm-elf/lib/thumb/interwork/libm.a(s_fabs.o)
                              /usr/lib/gcc/arm-elf/3.4.4/../../../../arm-elf/lib/thumb/interwork/libm.a(s_atan.o) (fabs)
/usr/lib/gcc/arm-elf/3.4.4/../../../../arm-elf/lib/thumb/interwork/libm.a(s_sin.o)
                              /home/mav/Desktop/paparazzivn100/var/v1_i2c/ap/nav.o (sin)
/usr/lib/gcc/arm-elf/3.4.4/../../../../arm-elf/lib/thumb/interwork/libm.a(w_atan2.o)
                              /home/mav/Desktop/paparazzivn100/var/v1_i2c/ap/nav.o (atan2)
/usr/lib/gcc/arm-elf/3.4.4/../../../../arm-elf/lib/thumb/interwork/libm.a(w_sqrt.o)
                              /home/mav/Desktop/paparazzivn100/var/v1_i2c/ap/nav.o (sqrt)
/usr/lib/gcc/arm-elf/3.4.4/../../../../arm-elf/lib/thumb/interwork/libm.a(e_atan2.o)
                              /usr/lib/gcc/arm-elf/3.4.4/../../../../arm-elf/lib/thumb/interwork/libm.a(w_atan2.o) (__ieee754_atan2)
/usr/lib/gcc/arm-elf/3.4.4/../../../../arm-elf/lib/thumb/interwork/libm.a(e_rem_pio2.o)
                              /usr/lib/gcc/arm-elf/3.4.4/../../../../arm-elf/lib/thumb/interwork/libm.a(s_cos.o) (__ieee754_rem_pio2)
/usr/lib/gcc/arm-elf/3.4.4/../../../../arm-elf/lib/thumb/interwork/libm.a(e_sqrt.o)
                              /usr/lib/gcc/arm-elf/3.4.4/../../../../arm-elf/lib/thumb/interwork/libm.a(w_sqrt.o) (__ieee754_sqrt)
/usr/lib/gcc/arm-elf/3.4.4/../../../../arm-elf/lib/thumb/interwork/libm.a(k_cos.o)
                              /usr/lib/gcc/arm-elf/3.4.4/../../../../arm-elf/lib/thumb/interwork/libm.a(s_cos.o) (__kernel_cos)
/usr/lib/gcc/arm-elf/3.4.4/../../../../arm-elf/lib/thumb/interwork/libm.a(k_rem_pio2.o)
                              /usr/lib/gcc/arm-elf/3.4.4/../../../../arm-elf/lib/thumb/interwork/libm.a(e_rem_pio2.o) (__kernel_rem_pio2)
/usr/lib/gcc/arm-elf/3.4.4/../../../../arm-elf/lib/thumb/interwork/libm.a(k_sin.o)
                              /usr/lib/gcc/arm-elf/3.4.4/../../../../arm-elf/lib/thumb/interwork/libm.a(s_cos.o) (__kernel_sin)
/usr/lib/gcc/arm-elf/3.4.4/../../../../arm-elf/lib/thumb/interwork/libm.a(s_floor.o)
                              /usr/lib/gcc/arm-elf/3.4.4/../../../../arm-elf/lib/thumb/interwork/libm.a(k_rem_pio2.o) (floor)
/usr/lib/gcc/arm-elf/3.4.4/../../../../arm-elf/lib/thumb/interwork/libm.a(s_isnan.o)
                              /usr/lib/gcc/arm-elf/3.4.4/../../../../arm-elf/lib/thumb/interwork/libm.a(w_atan2.o) (isnan)
/usr/lib/gcc/arm-elf/3.4.4/../../../../arm-elf/lib/thumb/interwork/libm.a(s_lib_ver.o)
                              /usr/lib/gcc/arm-elf/3.4.4/../../../../arm-elf/lib/thumb/interwork/libm.a(w_atan2.o) (__fdlib_version)
/usr/lib/gcc/arm-elf/3.4.4/../../../../arm-elf/lib/thumb/interwork/libm.a(s_matherr.o)
                              /usr/lib/gcc/arm-elf/3.4.4/../../../../arm-elf/lib/thumb/interwork/libm.a(w_atan2.o) (matherr)
/usr/lib/gcc/arm-elf/3.4.4/../../../../arm-elf/lib/thumb/interwork/libm.a(s_scalbn.o)
                              /usr/lib/gcc/arm-elf/3.4.4/../../../../arm-elf/lib/thumb/interwork/libm.a(k_rem_pio2.o) (scalbn)
/usr/lib/gcc/arm-elf/3.4.4/../../../../arm-elf/lib/thumb/interwork/libm.a(s_copysign.o)
                              /usr/lib/gcc/arm-elf/3.4.4/../../../../arm-elf/lib/thumb/interwork/libm.a(s_scalbn.o) (copysign)
/usr/lib/gcc/arm-elf/3.4.4/../../../../arm-elf/lib/thumb/interwork/libc.a(errno.o)
                              /usr/lib/gcc/arm-elf/3.4.4/../../../../arm-elf/lib/thumb/interwork/libm.a(w_atan2.o) (__errno)
/usr/lib/gcc/arm-elf/3.4.4/../../../../arm-elf/lib/thumb/interwork/libc.a(impure.o)
                              /usr/lib/gcc/arm-elf/3.4.4/../../../../arm-elf/lib/thumb/interwork/libc.a(errno.o) (_impure_ptr)
/usr/lib/gcc/arm-elf/3.4.4/thumb/interwork/libgcc.a(_divsi3.o)
                              /home/mav/Desktop/paparazzivn100/var/v1_i2c/ap/main_fbw.o (__divsi3)
/usr/lib/gcc/arm-elf/3.4.4/thumb/interwork/libgcc.a(_dvmd_tls.o)
                              /usr/lib/gcc/arm-elf/3.4.4/thumb/interwork/libgcc.a(_divsi3.o) (__div0)
/usr/lib/gcc/arm-elf/3.4.4/thumb/interwork/libgcc.a(_addsubdf3.o)
                              /home/mav/Desktop/paparazzivn100/var/v1_i2c/ap/gps.o (__subdf3)
/usr/lib/gcc/arm-elf/3.4.4/thumb/interwork/libgcc.a(_muldivdf3.o)
                              /home/mav/Desktop/paparazzivn100/var/v1_i2c/ap/main_fbw.o (__muldf3)
[...]
Memory Configuration

Name             Origin             Length             Attributes
ROM              0x00000000         0x0007d000         xr
RAM              0x40000000         0x00008000         rw
*default*        0x00000000         0xffffffff

Linker script and memory map

LOAD /home/mav/Desktop/paparazzivn100/var/v1_i2c/ap/crt0.o
LOAD /home/mav/Desktop/paparazzivn100/var/v1_i2c/ap/sys_time.o
LOAD /home/mav/Desktop/paparazzivn100/var/v1_i2c/ap/sys_time_hw.o
LOAD /home/mav/Desktop/paparazzivn100/var/v1_i2c/ap/armVIC.o
LOAD /home/mav/Desktop/paparazzivn100/var/v1_i2c/ap/main_fbw.o
LOAD /home/mav/Desktop/paparazzivn100/var/v1_i2c/ap/main_ap.o
LOAD /home/mav/Desktop/paparazzivn100/var/v1_i2c/ap/main.o
LOAD /home/mav/Desktop/paparazzivn100/var/v1_i2c/ap/commands.o
LOAD /home/mav/Desktop/paparazzivn100/var/v1_i2c/ap/servos_4015_MAT_hw.o
LOAD /home/mav/Desktop/paparazzivn100/var/v1_i2c/ap/actuators.o
LOAD /home/mav/Desktop/paparazzivn100/var/v1_i2c/ap/radio_control.o
LOAD /home/mav/Desktop/paparazzivn100/var/v1_i2c/ap/ppm_hw.o
LOAD /home/mav/Desktop/paparazzivn100/var/v1_i2c/ap/downlink.o
LOAD /home/mav/Desktop/paparazzivn100/var/v1_i2c/ap/uart_hw.o
LOAD /home/mav/Desktop/paparazzivn100/var/v1_i2c/ap/datalink.o
LOAD /home/mav/Desktop/paparazzivn100/var/v1_i2c/ap/xbee.o
LOAD /home/mav/Desktop/paparazzivn100/var/v1_i2c/ap/traffic_info.o
LOAD /home/mav/Desktop/paparazzivn100/var/v1_i2c/ap/inter_mcu.o
LOAD /home/mav/Desktop/paparazzivn100/var/v1_i2c/ap/adc_hw.o
LOAD /home/mav/Desktop/paparazzivn100/var/v1_i2c/ap/gps_ubx.o
LOAD /home/mav/Desktop/paparazzivn100/var/v1_i2c/ap/gps.o
LOAD /home/mav/Desktop/paparazzivn100/var/v1_i2c/ap/infrared.o
LOAD /home/mav/Desktop/paparazzivn100/var/v1_i2c/ap/estimator.o
LOAD /home/mav/Desktop/paparazzivn100/var/v1_i2c/ap/nav.o
LOAD /home/mav/Desktop/paparazzivn100/var/v1_i2c/ap/fw_h_ctl.o
LOAD /home/mav/Desktop/paparazzivn100/var/v1_i2c/ap/fw_v_ctl.o
LOAD /home/mav/Desktop/paparazzivn100/var/v1_i2c/ap/gyro.o
LOAD /home/mav/Desktop/paparazzivn100/var/v1_i2c/ap/gpio.o
LOAD /home/mav/Desktop/paparazzivn100/var/v1_i2c/ap/i2c.o
LOAD /home/mav/Desktop/paparazzivn100/var/v1_i2c/ap/i2c_hw.o
LOAD /home/mav/Desktop/paparazzivn100/var/v1_i2c/ap/enose.o
LOAD /usr/lib/gcc/arm-elf/3.4.4/../../../../arm-elf/lib/thumb/interwork/libc.a
LOAD /usr/lib/gcc/arm-elf/3.4.4/../../../../arm-elf/lib/thumb/interwork/libm.a
LOAD /usr/lib/gcc/arm-elf/3.4.4/../../../../arm-elf/lib/thumb/interwork/libc.a
LOAD /usr/lib/gcc/arm-elf/3.4.4/thumb/interwork/libgcc.a
LOAD /usr/lib/gcc/arm-elf/3.4.4/thumb/interwork/libgcc.a
LOAD /usr/lib/gcc/arm-elf/3.4.4/../../../../arm-elf/lib/thumb/interwork/libc.a
LOAD /usr/lib/gcc/arm-elf/3.4.4/thumb/interwork/libgcc.a
                0x00001000                STACK_SIZE = 0x1000

.text           0x00000000    0x10f96
 *(.init)
 .init          0x00000000      0x13c /home/mav/Desktop/paparazzivn100/var/v1_i2c/ap/crt0.o
                0x00000114                reset
                0x00000000                _boot
                0x00000050                _mainCRTStartup
                0x00000114                abort
                0x00000050                _start
                0x00000114                _reset
                0x00000114                exit
                0x00000050                start
 *(.text .text.*)
 .text          0x0000013c      0x20c /home/mav/Desktop/paparazzivn100/var/v1_i2c/ap/sys_time_hw.o
                0x0000013c                TIMER0_ISR
 .text          0x00000348       0x78 /home/mav/Desktop/paparazzivn100/var/v1_i2c/ap/armVIC.o
                0x00000358                restoreIRQ
                0x000003b0                enableFIQ
                0x00000384                disableFIQ
                0x00000374                enableIRQ
                0x00000394                restoreFIQ
                0x00000348                disableIRQ
 .text          0x000003c0     0x15d0 /home/mav/Desktop/paparazzivn100/var/v1_i2c/ap/main_fbw.o
                0x000003c0                init_fbw
                0x00000590                event_task_fbw
                0x00000b68                periodic_task_fbw
 .text          0x00001990     0x4114 /home/mav/Desktop/paparazzivn100/var/v1_i2c/ap/main_ap.o
                0x0000266c                periodic_task_ap
                0x00005200                init_ap
                0x00005350                event_task_ap
                0x00001990                telecommand_task
 .text          0x00005aa4       0xdc /home/mav/Desktop/paparazzivn100/var/v1_i2c/ap/main.o
                0x00005aa4                main
 .text          0x00005b80       0xc8 /home/mav/Desktop/paparazzivn100/var/v1_i2c/ap/servos_4015_MAT_hw.o
                0x00005b80                actuators_init
 .text          0x00005c48      0x680 /home/mav/Desktop/paparazzivn100/var/v1_i2c/ap/uart_hw.o
                0x00005d74                uart0_transmit
                0x00005e18                uart0_ISR
                0x00005f80                uart1_init_tx
                0x00006058                uart1_check_free_space
                0x00006150                uart1_ISR
                0x000060a8                uart1_init_rx
                0x00005d24                uart0_check_free_space
                0x00005c48                uart0_init_tx
                0x000060ac                uart1_transmit
                0x00005d20                uart0_init_rx
 .text          0x000062c8      0x834 /home/mav/Desktop/paparazzivn100/var/v1_i2c/ap/datalink.o
                0x000062c8                dl_parse_msg
 .text          0x00006afc      0x240 /home/mav/Desktop/paparazzivn100/var/v1_i2c/ap/xbee.o
                0x00006afc                xbee_init
 .text          0x00006d3c       0x20 /home/mav/Desktop/paparazzivn100/var/v1_i2c/ap/traffic_info.o
                0x00006d3c                get_ac_info
 .text          0x00006d5c      0x21c /home/mav/Desktop/paparazzivn100/var/v1_i2c/ap/adc_hw.o
                0x00006ec8                adcISR1
                0x00006d5c                adc_buf_channel
                0x00006d74                adc_init
                0x00006e1c                adcISR0
 .text          0x00006f78     0x17b0 /home/mav/Desktop/paparazzivn100/var/v1_i2c/ap/gps_ubx.o
                0x00008394                parse_gps_msg
                0x00006f78                gps_init
                0x0000855c                parse_ubx
                0x00006f8c                gps_reset
                0x0000710c                gps_configure
 .text          0x00008728      0x754 /home/mav/Desktop/paparazzivn100/var/v1_i2c/ap/gps.o
                0x000088f8                use_gps_pos
                0x00008728                estimator_update_state_gps
 .text          0x00008e7c      0xbf0 /home/mav/Desktop/paparazzivn100/var/v1_i2c/ap/infrared.o
                0x00009358                estimator_update_ir_estim
                0x00009108                ground_calibrate
                0x00008fb8                ir_update
                0x000097f0                estimator_update_state_infrared
                0x00008e7c                ir_init
 .text          0x00009a6c       0xe8 /home/mav/Desktop/paparazzivn100/var/v1_i2c/ap/estimator.o
                0x00009a6c                estimator_init
                0x00009b50                estimator_propagate_state
 .text          0x00009b54     0x2190 /home/mav/Desktop/paparazzivn100/var/v1_i2c/ap/nav.o
                0x0000af1c                nav_init
                0x0000afd0                nav_eight
                0x0000a564                nav_home
                0x0000af60                nav_without_gps
                0x0000a280                nav_route_xy
                0x00009bd4                nav_circle_XY
                0x0000a170                nav_approaching_xy
                0x0000b66c                nav_oval_init
                0x0000a10c                nav_goto_block
                0x0000b680                nav_oval
                0x0000afbc                nav_eight_init
                0x0000a670                nav_update
                0x00009b54                nav_init_stage
 .text          0x0000bce4      0xdfc /home/mav/Desktop/paparazzivn100/var/v1_i2c/ap/fw_h_ctl.o
                0x0000bce4                h_ctl_init
                0x0000c1dc                h_ctl_attitude_loop
                0x0000bf28                h_ctl_course_loop
 .text          0x0000cae0      0x910 /home/mav/Desktop/paparazzivn100/var/v1_i2c/ap/fw_v_ctl.o
                0x0000cc48                v_ctl_altitude_loop
                0x0000cae0                v_ctl_init
                0x0000cdf0                v_ctl_climb_loop
                0x0000d224                v_ctl_throttle_slew
 .text          0x0000d3f0      0x26c /home/mav/Desktop/paparazzivn100/var/v1_i2c/ap/gyro.o
                0x0000d3f0                gyro_init
                0x0000d4a4                gyro_update
 .text          0x0000d65c       0xd8 /home/mav/Desktop/paparazzivn100/var/v1_i2c/ap/i2c.o
                0x0000d690                i2c_receive
                0x0000d6e4                i2c_transmit
                0x0000d65c                i2c_init
 .text          0x0000d734      0x284 /home/mav/Desktop/paparazzivn100/var/v1_i2c/ap/i2c_hw.o
                0x0000d734                i2c0_hw_init
                0x0000d7a0                i2c0_ISR
 .text          0x0000d9b8      0x2a8 /home/mav/Desktop/paparazzivn100/var/v1_i2c/ap/enose.o
                0x0000da10                enose_periodic
                0x0000d9b8                enose_init
 .text          0x0000dc60       0x58 /usr/lib/gcc/arm-elf/3.4.4/../../../../arm-elf/lib/thumb/interwork/libc.a(memcpy.o)
                0x0000dc60                memcpy
 .text          0x0000dcb8      0x358 /usr/lib/gcc/arm-elf/3.4.4/../../../../arm-elf/lib/thumb/interwork/libm.a(s_atan.o)
                0x0000dcb8                atan
 .text          0x0000e010       0xb4 /usr/lib/gcc/arm-elf/3.4.4/../../../../arm-elf/lib/thumb/interwork/libm.a(s_cos.o)
                0x0000e010                cos
 .text          0x0000e0c4       0x20 /usr/lib/gcc/arm-elf/3.4.4/../../../../arm-elf/lib/thumb/interwork/libm.a(s_fabs.o)
                0x0000e0c4                fabs
 .text          0x0000e0e4       0xbc /usr/lib/gcc/arm-elf/3.4.4/../../../../arm-elf/lib/thumb/interwork/libm.a(s_sin.o)
                0x0000e0e4                sin
 .text          0x0000e1a0       0xcc /usr/lib/gcc/arm-elf/3.4.4/../../../../arm-elf/lib/thumb/interwork/libm.a(w_atan2.o)
                0x0000e1a0                atan2
 .text          0x0000e26c       0xc8 /usr/lib/gcc/arm-elf/3.4.4/../../../../arm-elf/lib/thumb/interwork/libm.a(w_sqrt.o)
                0x0000e26c                sqrt
 .text          0x0000e334      0x21c /usr/lib/gcc/arm-elf/3.4.4/../../../../arm-elf/lib/thumb/interwork/libm.a(e_atan2.o)
                0x0000e334                __ieee754_atan2
 .text          0x0000e550      0x4a0 /usr/lib/gcc/arm-elf/3.4.4/../../../../arm-elf/lib/thumb/interwork/libm.a(e_rem_pio2.o)
                0x0000e550                __ieee754_rem_pio2
 .text          0x0000e9f0      0x1e4 /usr/lib/gcc/arm-elf/3.4.4/../../../../arm-elf/lib/thumb/interwork/libm.a(e_sqrt.o)
                0x0000e9f0                __ieee754_sqrt
 .text          0x0000ebd4      0x1e8 /usr/lib/gcc/arm-elf/3.4.4/../../../../arm-elf/lib/thumb/interwork/libm.a(k_cos.o)
                0x0000ebd4                __kernel_cos
 .text          0x0000edbc      0x7ec /usr/lib/gcc/arm-elf/3.4.4/../../../../arm-elf/lib/thumb/interwork/libm.a(k_rem_pio2.o)
                0x0000edbc                __kernel_rem_pio2
 .text          0x0000f5a8      0x15c /usr/lib/gcc/arm-elf/3.4.4/../../../../arm-elf/lib/thumb/interwork/libm.a(k_sin.o)
                0x0000f5a8                __kernel_sin
 .text          0x0000f704      0x144 /usr/lib/gcc/arm-elf/3.4.4/../../../../arm-elf/lib/thumb/interwork/libm.a(s_floor.o)
                0x0000f704                floor
 .text          0x0000f848       0x28 /usr/lib/gcc/arm-elf/3.4.4/../../../../arm-elf/lib/thumb/interwork/libm.a(s_isnan.o)
                0x0000f848                isnan
 .text          0x0000f870        0x4 /usr/lib/gcc/arm-elf/3.4.4/../../../../arm-elf/lib/thumb/interwork/libm.a(s_matherr.o)
                0x0000f870                matherr
 .text          0x0000f874      0x120 /usr/lib/gcc/arm-elf/3.4.4/../../../../arm-elf/lib/thumb/interwork/libm.a(s_scalbn.o)
                0x0000f874                scalbn
 .text          0x0000f994       0x1c /usr/lib/gcc/arm-elf/3.4.4/../../../../arm-elf/lib/thumb/interwork/libm.a(s_copysign.o)
                0x0000f994                copysign
 .text          0x0000f9b0        0xc /usr/lib/gcc/arm-elf/3.4.4/../../../../arm-elf/lib/thumb/interwork/libc.a(errno.o)
                0x0000f9b0                __errno
 .text          0x0000f9bc       0x94 /usr/lib/gcc/arm-elf/3.4.4/thumb/interwork/libgcc.a(_divsi3.o)
                0x0000f9bc                __divsi3
 .text          0x0000fa50        0x4 /usr/lib/gcc/arm-elf/3.4.4/thumb/interwork/libgcc.a(_dvmd_tls.o)
                0x0000fa50                __div0
 .text          0x0000fa54      0x3a8 /usr/lib/gcc/arm-elf/3.4.4/thumb/interwork/libgcc.a(_addsubdf3.o)
                0x0000fd84                __floatsidf
                0x0000fdb0                __extendsfdf2
                0x0000fa58                __adddf3
                0x0000fd5c                __floatunsidf
                0x0000fa54                __subdf3
 .text          0x0000fdfc      0x4ec /usr/lib/gcc/arm-elf/3.4.4/thumb/interwork/libgcc.a(_muldivdf3.o)
                0x00010074                __divdf3
                0x0000fdfc                __muldf3
 .text          0x000102e8       0xb4 /usr/lib/gcc/arm-elf/3.4.4/thumb/interwork/libgcc.a(_cmpdf2.o)
                0x000102f8                __cmpdf2
                0x000102f8                __eqdf2
                0x000102e8                __gtdf2
                0x000102f0                __ltdf2
                0x000102f0                __ledf2
                0x000102f8                __nedf2
                0x000102e8                __gedf2
 .text          0x0001039c       0x80 /usr/lib/gcc/arm-elf/3.4.4/thumb/interwork/libgcc.a(_fixdfsi.o)
                0x0001039c                __fixdfsi
 .text          0x0001041c       0x74 /usr/lib/gcc/arm-elf/3.4.4/thumb/interwork/libgcc.a(_fixunsdfsi.o)
                0x0001041c                __fixunsdfsi
 .text          0x00010490       0xf8 /usr/lib/gcc/arm-elf/3.4.4/thumb/interwork/libgcc.a(_truncdfsf2.o)
                0x00010490                __truncdfsf2
 .text          0x00010588      0x218 /usr/lib/gcc/arm-elf/3.4.4/thumb/interwork/libgcc.a(_addsubsf3.o)
                0x00010588                __subsf3
                0x00010754                __floatsisf
                0x0001074c                __floatunsisf
                0x0001058c                __addsf3
 .text          0x000107a0      0x330 /usr/lib/gcc/arm-elf/3.4.4/thumb/interwork/libgcc.a(_muldivsf3.o)
                0x00010930                __divsf3
                0x000107a0                __mulsf3
 .text          0x00010ad0       0x9c /usr/lib/gcc/arm-elf/3.4.4/thumb/interwork/libgcc.a(_cmpsf2.o)
                0x00010ad8                __lesf2
                0x00010ae0                __nesf2
                0x00010ad0                __gtsf2
                0x00010ae0                __eqsf2
                0x00010ae0                __cmpsf2
                0x00010ad8                __ltsf2
                0x00010ad0                __gesf2
 .text          0x00010b6c       0x68 /usr/lib/gcc/arm-elf/3.4.4/thumb/interwork/libgcc.a(_fixsfsi.o)
                0x00010b6c                __fixsfsi
 .text          0x00010bd4       0x5c /usr/lib/gcc/arm-elf/3.4.4/thumb/interwork/libgcc.a(_fixunssfsi.o)
                0x00010bd4                __fixunssfsi
 *(.gnu.linkonce.t.*)
 *(.glue_7)
 .glue_7        0x00010c30       0x54 /usr/lib/gcc/arm-elf/3.4.4/thumb/interwork/libgcc.a(_fixunssfsi.o)
                0x00010c48                __atan2_from_arm
                0x00010c60                __cos_from_arm
                0x00010c54                __atan_from_arm
                0x00010c30                ____divsi3_from_arm
                0x00010c3c                __memcpy_from_arm
                0x00010c6c                __sin_from_arm
                0x00010c78                __sqrt_from_arm
 *(.glue_7t)
 .glue_7t       0x00010c84       0x50 /usr/lib/gcc/arm-elf/3.4.4/thumb/interwork/libgcc.a(_fixunssfsi.o)
                0x00010c9c                ____gtdf2_from_thumb
                0x00010c94                ____subdf3_from_thumb
                0x00010cb8                ____ltdf2_change_to_arm
                0x00010c98                ____subdf3_change_to_arm
                0x00010cd0                ____gedf2_change_to_arm
                0x00010cac                ____eqdf2_from_thumb
                0x00010cbc                ____fixdfsi_from_thumb
                0x00010ca8                ____divdf3_change_to_arm
                0x00010ccc                ____gedf2_from_thumb
                0x00010c90                ____muldf3_change_to_arm
                0x00010cc0                ____fixdfsi_change_to_arm
                0x00010ca4                ____divdf3_from_thumb
                0x00010c88                ____adddf3_change_to_arm
                0x00010ca0                ____gtdf2_change_to_arm
                0x00010cc4                ____floatsidf_from_thumb
                0x00010cb4                ____ltdf2_from_thumb
                0x00010c84                ____adddf3_from_thumb
                0x00010cb0                ____eqdf2_change_to_arm
                0x00010c8c                ____muldf3_from_thumb
                0x00010cc8                ____floatsidf_change_to_arm
 *(.gcc_except_table)
 *(.rodata)
 .rodata        0x00010cd4        0x2 /home/mav/Desktop/paparazzivn100/var/v1_i2c/ap/main_ap.o
 .rodata        0x00010cd6        0x8 /home/mav/Desktop/paparazzivn100/var/v1_i2c/ap/commands.o
                0x00010cd6                commands_failsafe
 .rodata        0x00010cde       0x10 /home/mav/Desktop/paparazzivn100/var/v1_i2c/ap/xbee.o
 .rodata        0x00010cee        0x1 /home/mav/Desktop/paparazzivn100/var/v1_i2c/ap/nav.o
                0x00010cee                nb_waypoint
 *fill*         0x00010cef        0x1 00
 .rodata        0x00010cf0       0x98 /usr/lib/gcc/arm-elf/3.4.4/../../../../arm-elf/lib/thumb/interwork/libm.a(s_atan.o)
 .rodata        0x00010d88      0x188 /usr/lib/gcc/arm-elf/3.4.4/../../../../arm-elf/lib/thumb/interwork/libm.a(e_rem_pio2.o)
 .rodata        0x00010f10       0x50 /usr/lib/gcc/arm-elf/3.4.4/../../../../arm-elf/lib/thumb/interwork/libm.a(k_rem_pio2.o)
 .rodata        0x00010f60        0x4 /usr/lib/gcc/arm-elf/3.4.4/../../../../arm-elf/lib/thumb/interwork/libm.a(s_lib_ver.o)
                0x00010f60                __fdlib_version
 .rodata        0x00010f64        0x4 /usr/lib/gcc/arm-elf/3.4.4/../../../../arm-elf/lib/thumb/interwork/libc.a(impure.o)
                0x00010f64                _global_impure_ptr
 *(.rodata*)
 .rodata.str1.4
                0x00010f68       0x1a /home/mav/Desktop/paparazzivn100/var/v1_i2c/ap/xbee.o
                                 0x20 (size before relaxing)
 *fill*         0x00010f82        0x2 00
 .rodata.str1.4
                0x00010f84        0x6 /usr/lib/gcc/arm-elf/3.4.4/../../../../arm-elf/lib/thumb/interwork/libm.a(w_atan2.o)
                                  0x8 (size before relaxing)
 *fill*         0x00010f8a        0x2 00
 .rodata.str1.4
                0x00010f8c        0x5 /usr/lib/gcc/arm-elf/3.4.4/../../../../arm-elf/lib/thumb/interwork/libm.a(w_sqrt.o)
                                  0x8 (size before relaxing)
 *fill*         0x00010f91        0x3 00
 .rodata.str1.4
                0x00010f94        0x2 /usr/lib/gcc/arm-elf/3.4.4/../../../../arm-elf/lib/thumb/interwork/libc.a(impure.o)
                                  0x4 (size before relaxing)
 *(.gnu.linkonce.r.*)
                0x00010f98                . = ALIGN (0x4)

.ctors          0x00010f96        0x0
                0x00010f96                PROVIDE (__ctors_start__, .)
 *(SORT(.ctors.*))
 *(.ctors)
                0x00010f96                PROVIDE (__ctors_end__, .)

.dtors          0x00010f96        0x0
                0x00010f96                PROVIDE (__dtors_start__, .)
 *(SORT(.dtors.*))
 *(.dtors)
                0x00010f96                PROVIDE (__dtors_end__, .)
                0x00010f98                . = ALIGN (0x4)
                0x00010f98                _etext = .
                0x00010f98                PROVIDE (etext, .)

.data           0x40000000      0x490 load address 0x00010f98
                0x40000000                _data = .
 *(.data)
 .data          0x40000000        0x1 /home/mav/Desktop/paparazzivn100/var/v1_i2c/ap/sys_time_hw.o
 .data          0x40000001        0x4 /home/mav/Desktop/paparazzivn100/var/v1_i2c/ap/main_ap.o
                0x40000001                ac_ident
                0x40000002                light_mode
                0x40000003                pprz_mode
 *fill*         0x40000005        0x3 00
 .data          0x40000008        0x4 /home/mav/Desktop/paparazzivn100/var/v1_i2c/ap/servos_4015_MAT_hw.o
                0x40000008                servos_delay
 .data          0x4000000c        0x8 /home/mav/Desktop/paparazzivn100/var/v1_i2c/ap/inter_mcu.o
                0x4000000c                ap_state
                0x40000010                fbw_state
 .data          0x40000014       0x20 /home/mav/Desktop/paparazzivn100/var/v1_i2c/ap/adc_hw.o
                0x40000014                adc1_val
                0x40000024                adc0_val
 .data          0x40000034       0x4c /home/mav/Desktop/paparazzivn100/var/v1_i2c/ap/nav.o
                0x40000074                nav_utm_zone0
                0x4000007c                nav_utm_east0
                0x40000078                nav_utm_north0
                0x40000034                waypoints
                0x40000070                nav_altitude
 .data          0x40000080        0xc /home/mav/Desktop/paparazzivn100/var/v1_i2c/ap/enose.o
                0x40000088                Gnostim1
                0x40000080                Gnostim3
                0x40000084                Gnostim2
 .data          0x4000008c      0x404 /usr/lib/gcc/arm-elf/3.4.4/../../../../arm-elf/lib/thumb/interwork/libc.a(impure.o)
                0x4000048c                _impure_ptr
 *(.data.*)
 *(.gnu.linkonce.d*)
                0x40000490                . = ALIGN (0x4)
 *(.fastrun)
                0x40000490                . = ALIGN (0x4)
                0x40000490                _edata = .
                0x40000490                PROVIDE (edata, .)

.bss            0x40000490      0xe24
                0x40000490                __bss_start = .
                0x40000490                __bss_start__ = .
 *(.bss)
 .bss           0x40000490        0x4 /home/mav/Desktop/paparazzivn100/var/v1_i2c/ap/sys_time.o
 .bss           0x40000494        0x8 /home/mav/Desktop/paparazzivn100/var/v1_i2c/ap/sys_time_hw.o
 .bss           0x4000049c       0x10 /home/mav/Desktop/paparazzivn100/var/v1_i2c/ap/main_fbw.o
 .bss           0x400004ac       0x2c /home/mav/Desktop/paparazzivn100/var/v1_i2c/ap/main_ap.o
                0x400004b4                lateral_mode
                0x400004b1                launch
                0x400004ac                empty_bay
                0x400004b0                gps_lost
                0x400004b3                ir_estim_mode
                0x400004b2                kill_throttle
                0x400004b5                fatal_error_nb
                0x400004b6                rc_settings_mode
 .bss           0x400004d8        0x4 /home/mav/Desktop/paparazzivn100/var/v1_i2c/ap/main.o
 .bss           0x400004dc        0x4 /home/mav/Desktop/paparazzivn100/var/v1_i2c/ap/servos_4015_MAT_hw.o
 .bss           0x400004e0        0x4 /home/mav/Desktop/paparazzivn100/var/v1_i2c/ap/actuators.o
 .bss           0x400004e4        0x8 /home/mav/Desktop/paparazzivn100/var/v1_i2c/ap/radio_control.o
                0x400004e4                rc_values_contains_avg_channels
 .bss           0x400004ec        0x4 /home/mav/Desktop/paparazzivn100/var/v1_i2c/ap/ppm_hw.o
 .bss           0x400004f0        0x2 /home/mav/Desktop/paparazzivn100/var/v1_i2c/ap/downlink.o
                0x400004f1                telemetry_mode_Fbw
                0x400004f0                telemetry_mode_Ap
 *fill*         0x400004f2        0x2 00
 .bss           0x400004f4        0x4 /home/mav/Desktop/paparazzivn100/var/v1_i2c/ap/datalink.o
 .bss           0x400004f8        0x4 /home/mav/Desktop/paparazzivn100/var/v1_i2c/ap/xbee.o
 .bss           0x400004fc       0x24 /home/mav/Desktop/paparazzivn100/var/v1_i2c/ap/inter_mcu.o
                0x400004fc                inter_mcu_received_ap
                0x400004fd                inter_mcu_received_fbw
 .bss           0x40000520       0x40 /home/mav/Desktop/paparazzivn100/var/v1_i2c/ap/adc_hw.o
 .bss           0x40000560        0x8 /home/mav/Desktop/paparazzivn100/var/v1_i2c/ap/gps_ubx.o
 .bss           0x40000568        0x8 /home/mav/Desktop/paparazzivn100/var/v1_i2c/ap/gps.o
 .bss           0x40000570       0xa4 /home/mav/Desktop/paparazzivn100/var/v1_i2c/ap/infrared.o
                0x40000570                calib_status
 .bss           0x40000614       0x60 /home/mav/Desktop/paparazzivn100/var/v1_i2c/ap/nav.o
                0x40000621                nav_in_circle
                0x4000061c                circle_bank
                0x40000614                nav_pitch
                0x40000620                nav_in_segment
                0x40000618                altitude_shift
 .bss           0x40000674       0x58 /home/mav/Desktop/paparazzivn100/var/v1_i2c/ap/fw_h_ctl.o
                0x40000674                h_ctl_attitude_enabled
 .bss           0x400006cc       0x58 /home/mav/Desktop/paparazzivn100/var/v1_i2c/ap/fw_v_ctl.o
 .bss           0x40000724       0x88 /home/mav/Desktop/paparazzivn100/var/v1_i2c/ap/gyro.o
 .bss           0x400007ac        0x1 /home/mav/Desktop/paparazzivn100/var/v1_i2c/ap/enose.o
 *(.gnu.linkonce.b*)
 *(COMMON)
 *fill*         0x400007ad        0x1 00
 COMMON         0x400007ae        0x2 /home/mav/Desktop/paparazzivn100/var/v1_i2c/ap/sys_time.o
                0x400007ae                cpu_time_sec
 COMMON         0x400007b0        0x4 /home/mav/Desktop/paparazzivn100/var/v1_i2c/ap/sys_time_hw.o
                0x400007b0                cpu_time_ticks
 COMMON         0x400007b4       0x46 /home/mav/Desktop/paparazzivn100/var/v1_i2c/ap/main_fbw.o
                0x400007b4                vsupply_adc_buf
                0x400007f8                fbw_vsupply_decivolt
                0x400007f9                fbw_mode
 *fill*         0x400007fa        0x2 00
 COMMON         0x400007fc      0x229 /home/mav/Desktop/paparazzivn100/var/v1_i2c/ap/main_ap.o
                0x400007fc                accel_az_neutral
                0x40000800                rc_event_1
                0x40000804                estimator_kalman_r_angle
                0x40000808                vdrop2throt_coeff
                0x4000080c                accel_ay_scale
                0x40000810                estimator_kalman_phi
                0x40000814                the_acs
                0x400009f4                estimator_kalman_q_gyro
                0x400009f8                last_pprz_mode
                0x400009fc                slider_2_val
                0x40000a00                estimator_kalman_theta
                0x40000a04                slider_1_val
                0x40000a08                estimator_kalman_q_angle
                0x40000a0c                accel_az_scale
                0x40000a10                rc_event_2
                0x40000a14                energy
                0x40000a18                accel_ay_neutral
                0x40000a1c                accel_ax_scale
                0x40000a20                accel_ax_neutral
                0x40000a24                vsupply
 *fill*         0x40000a25        0x1 00
 COMMON         0x40000a26        0x8 /home/mav/Desktop/paparazzivn100/var/v1_i2c/ap/commands.o
                0x40000a26                commands
 COMMON         0x40000a2e       0x12 /home/mav/Desktop/paparazzivn100/var/v1_i2c/ap/servos_4015_MAT_hw.o
                0x40000a2e                servos_4015_idx
                0x40000a30                servos_values
 COMMON         0x40000a40        0xa /home/mav/Desktop/paparazzivn100/var/v1_i2c/ap/actuators.o
                0x40000a40                actuators
 *fill*         0x40000a4a        0x2 00
 COMMON         0x40000a4c       0x35 /home/mav/Desktop/paparazzivn100/var/v1_i2c/ap/radio_control.o
                0x40000a4c                rc_status
                0x40000a4d                time_since_last_ppm
                0x40000a4e                ppm_cpt
                0x40000a50                rc_values
                0x40000a60                avg_rc_values
                0x40000a80                last_ppm_cpt
 *fill*         0x40000a81        0x1 00
 COMMON         0x40000a82       0x11 /home/mav/Desktop/paparazzivn100/var/v1_i2c/ap/ppm_hw.o
                0x40000a82                ppm_pulses
                0x40000a92                ppm_valid
 COMMON         0x40000a93        0x1 /home/mav/Desktop/paparazzivn100/var/v1_i2c/ap/downlink.o
                0x40000a93                downlink_nb_ovrn
 COMMON         0x40000a94      0x214 /home/mav/Desktop/paparazzivn100/var/v1_i2c/ap/uart_hw.o
                0x40000a94                uart0_tx_buffer
                0x40000b14                uart1_rx_insert_idx
                0x40000b16                uart0_tx_insert_idx
                0x40000b18                uart1_tx_buffer
                0x40000b98                uart1_rx_buffer
                0x40000c18                uart0_rx_insert_idx
                0x40000c1a                uart1_tx_running
                0x40000c1c                uart0_tx_extract_idx
                0x40000c1e                uart1_tx_insert_idx
                0x40000c20                uart1_rx_extract_idx
                0x40000c22                uart0_tx_running
                0x40000c23                uart0_rx_buffer
                0x40000ca4                uart1_tx_extract_idx
                0x40000ca6                uart0_rx_extract_idx
 COMMON         0x40000ca8       0x84 /home/mav/Desktop/paparazzivn100/var/v1_i2c/ap/datalink.o
                0x40000ca8                dl_msg_available
                0x40000cac                dl_buffer
 COMMON         0x40000d2c      0x106 /home/mav/Desktop/paparazzivn100/var/v1_i2c/ap/xbee.o
                0x40000d2c                xbee_rssi
                0x40000d2d                xbee_ovrn
                0x40000d2e                xbee_msg_received
                0x40000d2f                xbee_payload_len
                0x40000d30                xbee_error
                0x40000d31                xbee_payload
                0x40000e31                xbee_cs
 COMMON         0x40000e32        0x2 /home/mav/Desktop/paparazzivn100/var/v1_i2c/ap/inter_mcu.o
                0x40000e32                ap_ok
                0x40000e33                time_since_last_ap
 COMMON         0x40000e34      0x1a8 /home/mav/Desktop/paparazzivn100/var/v1_i2c/ap/gps_ubx.o
                0x40000e34                ubx_msg_buf
                0x40000f34                gps_alt
                0x40000f38                gps_climb
                0x40000f3a                gps_msg_received
                0x40000f3b                gps_nb_channels
                0x40000f3c                ubx_class
                0x40000f3d                ubx_id
                0x40000f40                gps_utm_north
                0x40000f44                gps_utm_east
                0x40000f48                gps_nb_ovrn
                0x40000f4a                gps_course
                0x40000f4c                send_ck_b
                0x40000f4e                gps_gspeed
                0x40000f50                send_ck_a
                0x40000f54                gps_itow
                0x40000f58                gps_pos_available
                0x40000f59                gps_mode
                0x40000f5a                gps_utm_zone
                0x40000f5c                gps_svinfos
 COMMON         0x40000fdc        0x2 /home/mav/Desktop/paparazzivn100/var/v1_i2c/ap/gps.o
                0x40000fdc                last_gps_msg_t
 *fill*         0x40000fde        0x2 00
 COMMON         0x40000fe0       0x54 /home/mav/Desktop/paparazzivn100/var/v1_i2c/ap/infrared.o
                0x40000fe0                ir_correction_left
                0x40000fe4                x2_dbg
                0x40000fe6                ir_top
                0x40000fe8                ir_estimated_theta_pi_4
                0x40000fec                ir_pitch
                0x40000ff0                estimator_rad_of_ir
                0x40000ff4                ir_contrast
                0x40000ff8                ir_rad_of_ir
                0x40000ffc                ir_correction_down
                0x40001000                estimator_ir
                0x40001004                ir_pitch_neutral
                0x40001008                ir_estimated_phi_pi_4
                0x4000100c                adc_pitch_neutral
                0x4000100e                x1_dbg
                0x40001010                z_contrast_mode
                0x40001014                ir_correction_right
                0x40001018                ir_estimated_theta_minus_pi_4
                0x4000101c                estimator_rad
                0x40001020                ir_correction_up
                0x40001024                ir_estimated_phi_minus_pi_4
                0x40001028                ir_roll
                0x4000102c                ir_roll_neutral
                0x40001030                ir_360
                0x40001032                adc_roll_neutral
 COMMON         0x40001034       0x58 /home/mav/Desktop/paparazzivn100/var/v1_i2c/ap/estimator.o
                0x40001034                estimator_z_dot
                0x40001038                estimator_flight_time
                0x4000103c                estimator_psi
                0x40001040                estimator_z
                0x40001044                estimator_az
                0x40001048                estimator_t
                0x4000104c                wind_east
                0x40001050                estimator_ay
                0x40001054                estimator_p
                0x40001058                estimator_theta
                0x4000105c                estimator_hspeed_mod
                0x40001060                estimator_phi
                0x40001064                estimator_r
                0x40001068                estimator_x
                0x4000106c                estimator_range
                0x40001070                estimator_q
                0x40001074                estimator_hspeed_dir
                0x40001078                wind_north
                0x4000107c                estimator_ax
                0x40001080                alt_kalman_enabled
                0x40001084                estimator_y
                0x40001088                estimator_range_dot
 COMMON         0x4000108c       0x64 /home/mav/Desktop/paparazzivn100/var/v1_i2c/ap/nav.o
                0x4000108c                nav_glide_pitch_trim
                0x40001090                dist2_to_wp
                0x40001094                nav_segment_x_1
                0x40001098                desired_x
                0x4000109c                nav_segment_x_2
                0x4000109e                nav_circle_radius
                0x400010a0                stage_time_ds
                0x400010a4                nav_throttle_setpoint
                0x400010a8                survey_south
                0x400010ac                desired_y
                0x400010b0                carrot_x
                0x400010b4                horizontal_mode
                0x400010b5                nav_block
                0x400010b6                nav_circle_y
                0x400010b8                too_far_from_home
                0x400010bc                rc_pitch
                0x400010c0                survey_north
                0x400010c4                dist2_to_home
                0x400010c8                survey_west
                0x400010cc                nav_stage
                0x400010d0                survey_east
                0x400010d4                nav_circle_x
                0x400010d6                nav_segment_y_2
                0x400010d8                nav_segment_y_1
                0x400010dc                ground_alt
                0x400010e0                carrot_y
                0x400010e4                stage_time
                0x400010e6                block_time
                0x400010e8                nav_circle_trigo_qdr
                0x400010ec                flight_altitude
 COMMON         0x400010f0       0xb8 /home/mav/Desktop/paparazzivn100/var/v1_i2c/ap/fw_h_ctl.o
                0x400010f0                h_ctl_yaw_rate_mode
                0x400010f4                h_ctl_auto1_rate
                0x400010f8                h_ctl_course_setpoint
                0x400010fc                h_ctl_roll_rate_dgain
                0x40001100                desired_pitch
                0x40001104                h_ctl_roll_rate_setpoint
                0x40001108                desired_roll
                0x4000110c                h_ctl_rudder_setpoint
                0x40001110                h_ctl_roll_max_setpoint
                0x40001114                h_ctl_lo_throttle_yaw_rate_pgain
                0x40001118                h_ctl_course_pre_bank_correction
                0x4000111c                h_ctl_lo_throttle_pitch_rate_pgain
                0x40001120                h_ctl_pitch_rate_dgain
                0x40001124                h_ctl_hi_throttle_pitch_rate_pgain
                0x40001128                h_ctl_elevator_setpoint
                0x4000112c                h_ctl_roll_rate_igain
                0x40001130                h_ctl_hi_throttle_yaw_rate_pgain
                0x40001134                h_ctl_roll_rate_setpoint_pgain
                0x40001138                h_ctl_hi_throttle_roll_rate_pgain
                0x4000113c                h_ctl_aileron_of_throttle
                0x40001140                h_ctl_yaw_pgain
                0x40001144                h_ctl_aileron_setpoint
                0x40001148                h_ctl_pitch_setpoint
                0x4000114c                h_ctl_roll_rate_mode
                0x40001150                h_ctl_pitch_min_setpoint
                0x40001154                h_ctl_course_pgain
                0x40001158                h_ctl_pitch_pgain
                0x4000115c                h_ctl_course_pre_bank
                0x40001160                h_ctl_yaw_rate_dgain
                0x40001164                h_ctl_pitch_max_setpoint
                0x40001168                h_ctl_pitch_rate_setpoint
                0x4000116c                h_ctl_yaw_dgain
                0x40001170                h_ctl_pitch_dgain
                0x40001174                h_ctl_lo_throttle_roll_rate_pgain
                0x40001178                h_ctl_yaw_rate_igain
                0x4000117c                h_ctl_pitch_rate_igain
                0x40001180                h_ctl_pitch_rate_setpoint_pgain
                0x40001184                h_ctl_yaw_setpoint
                0x40001188                h_ctl_yaw_rate_setpoint
                0x4000118c                h_ctl_disabled
                0x40001190                h_ctl_roll_pgain
                0x40001194                h_ctl_yaw_rate_setpoint_pgain
                0x40001198                h_ctl_roll_setpoint
                0x4000119c                h_ctl_pitch_rate_mode
                0x400011a0                h_ctl_yaw_max_setpoint
                0x400011a4                h_ctl_elevator_of_roll
 COMMON         0x400011a8       0x60 /home/mav/Desktop/paparazzivn100/var/v1_i2c/ap/fw_v_ctl.o
                0x400011a8                v_ctl_auto_throttle_nominal_cruise_throttle
                0x400011ac                v_ctl_altitude_error
                0x400011b0                v_ctl_climb_mode
                0x400011b4                v_ctl_alt_sum_err
                0x400011b8                v_ctl_auto_throttle_submode
                0x400011bc                v_ctl_auto_throttle_pitch_of_vz_pgain
                0x400011c0                v_ctl_throttle_slew_
                0x400011c4                desc_throttle
                0x400011c8                v_ctl_auto_throttle_cruise_throttle_pgain
                0x400011cc                v_ctl_altitude_setpoint
                0x400011d0                v_ctl_mode
                0x400011d4                v_ctl_auto_throttle_cruise_throttle
                0x400011d8                v_ctl_altitude_pgain
                0x400011dc                v_ctl_auto_pitch_pgain
                0x400011e0                v_ctl_auto_throttle_climb_throttle_increment
                0x400011e4                v_ctl_auto_throttle_igain
                0x400011e8                v_ctl_throttle_setpoint
                0x400011ec                v_ctl_climb_setpoint
                0x400011f0                v_ctl_auto_pitch_igain
                0x400011f4                v_ctl_altitude_pre_climb
                0x400011f8                v_ctl_throttle_slewed
                0x400011fc                climb_throttle
                0x40001200                v_ctl_auto_throttle_pgain
                0x40001204                v_ctl_auto_pitch_sum_err
 COMMON         0x40001208       0x64 /home/mav/Desktop/paparazzivn100/var/v1_i2c/ap/gyro.o
                0x40001208                gyro_yaw_scale
                0x4000120c                gyro_roll_scale
                0x40001210                buf_roll
                0x40001254                gyro_pitch_adc
                0x40001258                gyro_roll_adc
                0x4000125c                roll_rate_adc
                0x40001260                gyro_yaw_adc
                0x40001264                gyro_pitch_scale
                0x40001268                yaw_rate_adc
                0x4000126a                pitch_rate_adc
 COMMON         0x4000126c        0x1 /home/mav/Desktop/paparazzivn100/var/v1_i2c/ap/gpio.o
                0x4000126c                gpio1_status
 *fill*         0x4000126d        0x3 00
 COMMON         0x40001270       0x1b /home/mav/Desktop/paparazzivn100/var/v1_i2c/ap/i2c.o
                0x40001270                i2c_buf
                0x40001280                i2c_index
                0x40001284                i2c_finished
                0x40001288                i2c_status
                0x40001289                i2c_len
                0x4000128a                i2c_slave_addr
 *fill*         0x4000128b        0x1 00
 COMMON         0x4000128c       0x25 /home/mav/Desktop/paparazzivn100/var/v1_i2c/ap/enose.o
                0x4000128c                FCG1
                0x40001290                Gstim2
                0x40001294                Gstim1
                0x40001298                enose_sensor_data
                0x400012a0                FCG3
                0x400012a4                enose_heating_setting
                0x400012a8                FCG2
                0x400012ac                Gstim3
                0x400012b0                enose_status
                0x400012b4                . = ALIGN (0x4)
 *fill*         0x400012b1        0x3 00
                0x400012b4                . = ALIGN (0x4)
                0x400012b4                __bss_end__ = .
                0x400012b4                PROVIDE (__bss_end, .)

.stack          0x40001300     0x1000
                0x40002300                . = (. + STACK_SIZE)
 *fill*         0x40001300     0x1000 00
                0x40002300                PROVIDE (_stack, .)
                0x40002300                _end = .
                0x40002300                PROVIDE (end, .)

.stab
 *(.stab)

.stabstr
 *(.stabstr)

.stab.excl
 *(.stab.excl)

.stab.exclstr
 *(.stab.exclstr)

.stab.index
 *(.stab.index)

.stab.indexstr
 *(.stab.indexstr)

.comment        0x00000000      0x396
 *(.comment)
 .comment       0x00000000       0x12 /home/mav/Desktop/paparazzivn100/var/v1_i2c/ap/sys_time.o
 .comment       0x00000012       0x12 /home/mav/Desktop/paparazzivn100/var/v1_i2c/ap/sys_time_hw.o
 .comment       0x00000024       0x12 /home/mav/Desktop/paparazzivn100/var/v1_i2c/ap/armVIC.o
 .comment       0x00000036       0x12 /home/mav/Desktop/paparazzivn100/var/v1_i2c/ap/main_fbw.o
 .comment       0x00000048       0x12 /home/mav/Desktop/paparazzivn100/var/v1_i2c/ap/main_ap.o
 .comment       0x0000005a       0x12 /home/mav/Desktop/paparazzivn100/var/v1_i2c/ap/main.o
 .comment       0x0000006c       0x12 /home/mav/Desktop/paparazzivn100/var/v1_i2c/ap/commands.o
 .comment       0x0000007e       0x12 /home/mav/Desktop/paparazzivn100/var/v1_i2c/ap/servos_4015_MAT_hw.o
 .comment       0x00000090       0x12 /home/mav/Desktop/paparazzivn100/var/v1_i2c/ap/actuators.o
 .comment       0x000000a2       0x12 /home/mav/Desktop/paparazzivn100/var/v1_i2c/ap/radio_control.o
 .comment       0x000000b4       0x12 /home/mav/Desktop/paparazzivn100/var/v1_i2c/ap/ppm_hw.o
 .comment       0x000000c6       0x12 /home/mav/Desktop/paparazzivn100/var/v1_i2c/ap/downlink.o
 .comment       0x000000d8       0x12 /home/mav/Desktop/paparazzivn100/var/v1_i2c/ap/uart_hw.o
 .comment       0x000000ea       0x12 /home/mav/Desktop/paparazzivn100/var/v1_i2c/ap/datalink.o
 .comment       0x000000fc       0x12 /home/mav/Desktop/paparazzivn100/var/v1_i2c/ap/xbee.o
 .comment       0x0000010e       0x12 /home/mav/Desktop/paparazzivn100/var/v1_i2c/ap/traffic_info.o
 .comment       0x00000120       0x12 /home/mav/Desktop/paparazzivn100/var/v1_i2c/ap/inter_mcu.o
 .comment       0x00000132       0x12 /home/mav/Desktop/paparazzivn100/var/v1_i2c/ap/adc_hw.o
 .comment       0x00000144       0x12 /home/mav/Desktop/paparazzivn100/var/v1_i2c/ap/gps_ubx.o
 .comment       0x00000156       0x12 /home/mav/Desktop/paparazzivn100/var/v1_i2c/ap/gps.o
 .comment       0x00000168       0x12 /home/mav/Desktop/paparazzivn100/var/v1_i2c/ap/infrared.o
 .comment       0x0000017a       0x12 /home/mav/Desktop/paparazzivn100/var/v1_i2c/ap/estimator.o
 .comment       0x0000018c       0x12 /home/mav/Desktop/paparazzivn100/var/v1_i2c/ap/nav.o
 .comment       0x0000019e       0x12 /home/mav/Desktop/paparazzivn100/var/v1_i2c/ap/fw_h_ctl.o
 .comment       0x000001b0       0x12 /home/mav/Desktop/paparazzivn100/var/v1_i2c/ap/fw_v_ctl.o
 .comment       0x000001c2       0x12 /home/mav/Desktop/paparazzivn100/var/v1_i2c/ap/gyro.o
 .comment       0x000001d4       0x12 /home/mav/Desktop/paparazzivn100/var/v1_i2c/ap/gpio.o
 .comment       0x000001e6       0x12 /home/mav/Desktop/paparazzivn100/var/v1_i2c/ap/i2c.o
 .comment       0x000001f8       0x12 /home/mav/Desktop/paparazzivn100/var/v1_i2c/ap/i2c_hw.o
 .comment       0x0000020a       0x12 /home/mav/Desktop/paparazzivn100/var/v1_i2c/ap/enose.o
 .comment       0x0000021c       0x12 /usr/lib/gcc/arm-elf/3.4.4/../../../../arm-elf/lib/thumb/interwork/libc.a(memcpy.o)
 .comment       0x0000022e       0x12 /usr/lib/gcc/arm-elf/3.4.4/../../../../arm-elf/lib/thumb/interwork/libm.a(s_atan.o)
 .comment       0x00000240       0x12 /usr/lib/gcc/arm-elf/3.4.4/../../../../arm-elf/lib/thumb/interwork/libm.a(s_cos.o)
 .comment       0x00000252       0x12 /usr/lib/gcc/arm-elf/3.4.4/../../../../arm-elf/lib/thumb/interwork/libm.a(s_fabs.o)
 .comment       0x00000264       0x12 /usr/lib/gcc/arm-elf/3.4.4/../../../../arm-elf/lib/thumb/interwork/libm.a(s_sin.o)
 .comment       0x00000276       0x12 /usr/lib/gcc/arm-elf/3.4.4/../../../../arm-elf/lib/thumb/interwork/libm.a(w_atan2.o)
 .comment       0x00000288       0x12 /usr/lib/gcc/arm-elf/3.4.4/../../../../arm-elf/lib/thumb/interwork/libm.a(w_sqrt.o)
 .comment       0x0000029a       0x12 /usr/lib/gcc/arm-elf/3.4.4/../../../../arm-elf/lib/thumb/interwork/libm.a(e_atan2.o)
 .comment       0x000002ac       0x12 /usr/lib/gcc/arm-elf/3.4.4/../../../../arm-elf/lib/thumb/interwork/libm.a(e_rem_pio2.o)
 .comment       0x000002be       0x12 /usr/lib/gcc/arm-elf/3.4.4/../../../../arm-elf/lib/thumb/interwork/libm.a(e_sqrt.o)
 .comment       0x000002d0       0x12 /usr/lib/gcc/arm-elf/3.4.4/../../../../arm-elf/lib/thumb/interwork/libm.a(k_cos.o)
 .comment       0x000002e2       0x12 /usr/lib/gcc/arm-elf/3.4.4/../../../../arm-elf/lib/thumb/interwork/libm.a(k_rem_pio2.o)
 .comment       0x000002f4       0x12 /usr/lib/gcc/arm-elf/3.4.4/../../../../arm-elf/lib/thumb/interwork/libm.a(k_sin.o)
 .comment       0x00000306       0x12 /usr/lib/gcc/arm-elf/3.4.4/../../../../arm-elf/lib/thumb/interwork/libm.a(s_floor.o)
 .comment       0x00000318       0x12 /usr/lib/gcc/arm-elf/3.4.4/../../../../arm-elf/lib/thumb/interwork/libm.a(s_isnan.o)
 .comment       0x0000032a       0x12 /usr/lib/gcc/arm-elf/3.4.4/../../../../arm-elf/lib/thumb/interwork/libm.a(s_lib_ver.o)
 .comment       0x0000033c       0x12 /usr/lib/gcc/arm-elf/3.4.4/../../../../arm-elf/lib/thumb/interwork/libm.a(s_matherr.o)
 .comment       0x0000034e       0x12 /usr/lib/gcc/arm-elf/3.4.4/../../../../arm-elf/lib/thumb/interwork/libm.a(s_scalbn.o)
 .comment       0x00000360       0x12 /usr/lib/gcc/arm-elf/3.4.4/../../../../arm-elf/lib/thumb/interwork/libm.a(s_copysign.o)
 .comment       0x00000372       0x12 /usr/lib/gcc/arm-elf/3.4.4/../../../../arm-elf/lib/thumb/interwork/libc.a(errno.o)
 .comment       0x00000384       0x12 /usr/lib/gcc/arm-elf/3.4.4/../../../../arm-elf/lib/thumb/interwork/libc.a(impure.o)

.debug
 *(.debug)

.line
 *(.line)

.debug_srcinfo
 *(.debug_srcinfo)

.debug_sfnames
 *(.debug_sfnames)

.debug_aranges  0x00000000      0x260
 *(.debug_aranges)
 .debug_aranges
                0x00000000       0x20 /usr/lib/gcc/arm-elf/3.4.4/../../../../arm-elf/lib/thumb/interwork/libc.a(memcpy.o)
 .debug_aranges
                0x00000020       0x20 /usr/lib/gcc/arm-elf/3.4.4/../../../../arm-elf/lib/thumb/interwork/libm.a(s_atan.o)
 .debug_aranges
                0x00000040       0x20 /usr/lib/gcc/arm-elf/3.4.4/../../../../arm-elf/lib/thumb/interwork/libm.a(s_cos.o)
 .debug_aranges
                0x00000060       0x20 /usr/lib/gcc/arm-elf/3.4.4/../../../../arm-elf/lib/thumb/interwork/libm.a(s_fabs.o)
 .debug_aranges
                0x00000080       0x20 /usr/lib/gcc/arm-elf/3.4.4/../../../../arm-elf/lib/thumb/interwork/libm.a(s_sin.o)
 .debug_aranges
                0x000000a0       0x20 /usr/lib/gcc/arm-elf/3.4.4/../../../../arm-elf/lib/thumb/interwork/libm.a(w_atan2.o)
 .debug_aranges
                0x000000c0       0x20 /usr/lib/gcc/arm-elf/3.4.4/../../../../arm-elf/lib/thumb/interwork/libm.a(w_sqrt.o)
 .debug_aranges
                0x000000e0       0x20 /usr/lib/gcc/arm-elf/3.4.4/../../../../arm-elf/lib/thumb/interwork/libm.a(e_atan2.o)
 .debug_aranges
                0x00000100       0x20 /usr/lib/gcc/arm-elf/3.4.4/../../../../arm-elf/lib/thumb/interwork/libm.a(e_rem_pio2.o)
 .debug_aranges
                0x00000120       0x20 /usr/lib/gcc/arm-elf/3.4.4/../../../../arm-elf/lib/thumb/interwork/libm.a(e_sqrt.o)
 .debug_aranges
                0x00000140       0x20 /usr/lib/gcc/arm-elf/3.4.4/../../../../arm-elf/lib/thumb/interwork/libm.a(k_cos.o)
 .debug_aranges
                0x00000160       0x20 /usr/lib/gcc/arm-elf/3.4.4/../../../../arm-elf/lib/thumb/interwork/libm.a(k_rem_pio2.o)
 .debug_aranges
                0x00000180       0x20 /usr/lib/gcc/arm-elf/3.4.4/../../../../arm-elf/lib/thumb/interwork/libm.a(k_sin.o)
 .debug_aranges
                0x000001a0       0x20 /usr/lib/gcc/arm-elf/3.4.4/../../../../arm-elf/lib/thumb/interwork/libm.a(s_floor.o)
 .debug_aranges
                0x000001c0       0x20 /usr/lib/gcc/arm-elf/3.4.4/../../../../arm-elf/lib/thumb/interwork/libm.a(s_isnan.o)
 .debug_aranges
                0x000001e0       0x20 /usr/lib/gcc/arm-elf/3.4.4/../../../../arm-elf/lib/thumb/interwork/libm.a(s_matherr.o)
 .debug_aranges
                0x00000200       0x20 /usr/lib/gcc/arm-elf/3.4.4/../../../../arm-elf/lib/thumb/interwork/libm.a(s_scalbn.o)
 .debug_aranges
                0x00000220       0x20 /usr/lib/gcc/arm-elf/3.4.4/../../../../arm-elf/lib/thumb/interwork/libm.a(s_copysign.o)
 .debug_aranges
                0x00000240       0x20 /usr/lib/gcc/arm-elf/3.4.4/../../../../arm-elf/lib/thumb/interwork/libc.a(errno.o)

.debug_pubnames
                0x00000000      0x2af
 *(.debug_pubnames)
 .debug_pubnames
                0x00000000       0x1d /usr/lib/gcc/arm-elf/3.4.4/../../../../arm-elf/lib/thumb/interwork/libc.a(memcpy.o)
 .debug_pubnames
                0x0000001d       0x1b /usr/lib/gcc/arm-elf/3.4.4/../../../../arm-elf/lib/thumb/interwork/libm.a(s_atan.o)
 .debug_pubnames
                0x00000038       0x1a /usr/lib/gcc/arm-elf/3.4.4/../../../../arm-elf/lib/thumb/interwork/libm.a(s_cos.o)
 .debug_pubnames
                0x00000052       0x1b /usr/lib/gcc/arm-elf/3.4.4/../../../../arm-elf/lib/thumb/interwork/libm.a(s_fabs.o)
 .debug_pubnames
                0x0000006d       0x1a /usr/lib/gcc/arm-elf/3.4.4/../../../../arm-elf/lib/thumb/interwork/libm.a(s_sin.o)
 .debug_pubnames
                0x00000087       0x1c /usr/lib/gcc/arm-elf/3.4.4/../../../../arm-elf/lib/thumb/interwork/libm.a(w_atan2.o)
 .debug_pubnames
                0x000000a3       0x1b /usr/lib/gcc/arm-elf/3.4.4/../../../../arm-elf/lib/thumb/interwork/libm.a(w_sqrt.o)
 .debug_pubnames
                0x000000be       0x26 /usr/lib/gcc/arm-elf/3.4.4/../../../../arm-elf/lib/thumb/interwork/libm.a(e_atan2.o)
 .debug_pubnames
                0x000000e4       0x29 /usr/lib/gcc/arm-elf/3.4.4/../../../../arm-elf/lib/thumb/interwork/libm.a(e_rem_pio2.o)
 .debug_pubnames
                0x0000010d       0x25 /usr/lib/gcc/arm-elf/3.4.4/../../../../arm-elf/lib/thumb/interwork/libm.a(e_sqrt.o)
 .debug_pubnames
                0x00000132       0x23 /usr/lib/gcc/arm-elf/3.4.4/../../../../arm-elf/lib/thumb/interwork/libm.a(k_cos.o)
 .debug_pubnames
                0x00000155       0x28 /usr/lib/gcc/arm-elf/3.4.4/../../../../arm-elf/lib/thumb/interwork/libm.a(k_rem_pio2.o)
 .debug_pubnames
                0x0000017d       0x23 /usr/lib/gcc/arm-elf/3.4.4/../../../../arm-elf/lib/thumb/interwork/libm.a(k_sin.o)
 .debug_pubnames
                0x000001a0       0x1c /usr/lib/gcc/arm-elf/3.4.4/../../../../arm-elf/lib/thumb/interwork/libm.a(s_floor.o)
 .debug_pubnames
                0x000001bc       0x1c /usr/lib/gcc/arm-elf/3.4.4/../../../../arm-elf/lib/thumb/interwork/libm.a(s_isnan.o)
 .debug_pubnames
                0x000001d8       0x26 /usr/lib/gcc/arm-elf/3.4.4/../../../../arm-elf/lib/thumb/interwork/libm.a(s_lib_ver.o)
 .debug_pubnames
                0x000001fe       0x1e /usr/lib/gcc/arm-elf/3.4.4/../../../../arm-elf/lib/thumb/interwork/libm.a(s_matherr.o)
 .debug_pubnames
                0x0000021c       0x1d /usr/lib/gcc/arm-elf/3.4.4/../../../../arm-elf/lib/thumb/interwork/libm.a(s_scalbn.o)
 .debug_pubnames
                0x00000239       0x1f /usr/lib/gcc/arm-elf/3.4.4/../../../../arm-elf/lib/thumb/interwork/libm.a(s_copysign.o)
 .debug_pubnames
                0x00000258       0x1e /usr/lib/gcc/arm-elf/3.4.4/../../../../arm-elf/lib/thumb/interwork/libc.a(errno.o)
 .debug_pubnames
                0x00000276       0x39 /usr/lib/gcc/arm-elf/3.4.4/../../../../arm-elf/lib/thumb/interwork/libc.a(impure.o)

.debug_info     0x00000000     0x3246
 *(.debug_info .gnu.linkonce.wi.*)
 .debug_info    0x00000000       0xfc /usr/lib/gcc/arm-elf/3.4.4/../../../../arm-elf/lib/thumb/interwork/libc.a(memcpy.o)
 .debug_info    0x000000fc      0x25d /usr/lib/gcc/arm-elf/3.4.4/../../../../arm-elf/lib/thumb/interwork/libm.a(s_atan.o)
 .debug_info    0x00000359       0xee /usr/lib/gcc/arm-elf/3.4.4/../../../../arm-elf/lib/thumb/interwork/libm.a(s_cos.o)
 .debug_info    0x00000447      0x151 /usr/lib/gcc/arm-elf/3.4.4/../../../../arm-elf/lib/thumb/interwork/libm.a(s_fabs.o)
 .debug_info    0x00000598       0xee /usr/lib/gcc/arm-elf/3.4.4/../../../../arm-elf/lib/thumb/interwork/libm.a(s_sin.o)
 .debug_info    0x00000686      0x17e /usr/lib/gcc/arm-elf/3.4.4/../../../../arm-elf/lib/thumb/interwork/libm.a(w_atan2.o)
 .debug_info    0x00000804      0x172 /usr/lib/gcc/arm-elf/3.4.4/../../../../arm-elf/lib/thumb/interwork/libm.a(w_sqrt.o)
 .debug_info    0x00000976      0x29b /usr/lib/gcc/arm-elf/3.4.4/../../../../arm-elf/lib/thumb/interwork/libm.a(e_atan2.o)
 .debug_info    0x00000c11      0x390 /usr/lib/gcc/arm-elf/3.4.4/../../../../arm-elf/lib/thumb/interwork/libm.a(e_rem_pio2.o)
 .debug_info    0x00000fa1      0x211 /usr/lib/gcc/arm-elf/3.4.4/../../../../arm-elf/lib/thumb/interwork/libm.a(e_sqrt.o)
 .debug_info    0x000011b2      0x20c /usr/lib/gcc/arm-elf/3.4.4/../../../../arm-elf/lib/thumb/interwork/libm.a(k_cos.o)
 .debug_info    0x000013be      0x2c0 /usr/lib/gcc/arm-elf/3.4.4/../../../../arm-elf/lib/thumb/interwork/libm.a(k_rem_pio2.o)
 .debug_info    0x0000167e      0x18b /usr/lib/gcc/arm-elf/3.4.4/../../../../arm-elf/lib/thumb/interwork/libm.a(k_sin.o)
 .debug_info    0x00001809      0x1a0 /usr/lib/gcc/arm-elf/3.4.4/../../../../arm-elf/lib/thumb/interwork/libm.a(s_floor.o)
 .debug_info    0x000019a9      0x147 /usr/lib/gcc/arm-elf/3.4.4/../../../../arm-elf/lib/thumb/interwork/libm.a(s_isnan.o)
 .debug_info    0x00001af0       0xbe /usr/lib/gcc/arm-elf/3.4.4/../../../../arm-elf/lib/thumb/interwork/libm.a(s_lib_ver.o)
 .debug_info    0x00001bae      0x125 /usr/lib/gcc/arm-elf/3.4.4/../../../../arm-elf/lib/thumb/interwork/libm.a(s_matherr.o)
 .debug_info    0x00001cd3      0x1f4 /usr/lib/gcc/arm-elf/3.4.4/../../../../arm-elf/lib/thumb/interwork/libm.a(s_scalbn.o)
 .debug_info    0x00001ec7      0x14a /usr/lib/gcc/arm-elf/3.4.4/../../../../arm-elf/lib/thumb/interwork/libm.a(s_copysign.o)
 .debug_info    0x00002011      0x913 /usr/lib/gcc/arm-elf/3.4.4/../../../../arm-elf/lib/thumb/interwork/libc.a(errno.o)
 .debug_info    0x00002924      0x922 /usr/lib/gcc/arm-elf/3.4.4/../../../../arm-elf/lib/thumb/interwork/libc.a(impure.o)

.debug_abbrev   0x00000000     0x11d8
 *(.debug_abbrev)
 .debug_abbrev  0x00000000       0x99 /usr/lib/gcc/arm-elf/3.4.4/../../../../arm-elf/lib/thumb/interwork/libc.a(memcpy.o)
 .debug_abbrev  0x00000099      0x11f /usr/lib/gcc/arm-elf/3.4.4/../../../../arm-elf/lib/thumb/interwork/libm.a(s_atan.o)
 .debug_abbrev  0x000001b8       0x8b /usr/lib/gcc/arm-elf/3.4.4/../../../../arm-elf/lib/thumb/interwork/libm.a(s_cos.o)
 .debug_abbrev  0x00000243       0xd0 /usr/lib/gcc/arm-elf/3.4.4/../../../../arm-elf/lib/thumb/interwork/libm.a(s_fabs.o)
 .debug_abbrev  0x00000313       0x8b /usr/lib/gcc/arm-elf/3.4.4/../../../../arm-elf/lib/thumb/interwork/libm.a(s_sin.o)
 .debug_abbrev  0x0000039e       0xc7 /usr/lib/gcc/arm-elf/3.4.4/../../../../arm-elf/lib/thumb/interwork/libm.a(w_atan2.o)
 .debug_abbrev  0x00000465       0xc7 /usr/lib/gcc/arm-elf/3.4.4/../../../../arm-elf/lib/thumb/interwork/libm.a(w_sqrt.o)
 .debug_abbrev  0x0000052c      0x10f /usr/lib/gcc/arm-elf/3.4.4/../../../../arm-elf/lib/thumb/interwork/libm.a(e_atan2.o)
 .debug_abbrev  0x0000063b      0x128 /usr/lib/gcc/arm-elf/3.4.4/../../../../arm-elf/lib/thumb/interwork/libm.a(e_rem_pio2.o)
 .debug_abbrev  0x00000763      0x104 /usr/lib/gcc/arm-elf/3.4.4/../../../../arm-elf/lib/thumb/interwork/libm.a(e_sqrt.o)
 .debug_abbrev  0x00000867       0xea /usr/lib/gcc/arm-elf/3.4.4/../../../../arm-elf/lib/thumb/interwork/libm.a(k_cos.o)
 .debug_abbrev  0x00000951       0xe6 /usr/lib/gcc/arm-elf/3.4.4/../../../../arm-elf/lib/thumb/interwork/libm.a(k_rem_pio2.o)
 .debug_abbrev  0x00000a37       0x93 /usr/lib/gcc/arm-elf/3.4.4/../../../../arm-elf/lib/thumb/interwork/libm.a(k_sin.o)
 .debug_abbrev  0x00000aca       0xe8 /usr/lib/gcc/arm-elf/3.4.4/../../../../arm-elf/lib/thumb/interwork/libm.a(s_floor.o)
 .debug_abbrev  0x00000bb2       0xd4 /usr/lib/gcc/arm-elf/3.4.4/../../../../arm-elf/lib/thumb/interwork/libm.a(s_isnan.o)
 .debug_abbrev  0x00000c86       0x5a /usr/lib/gcc/arm-elf/3.4.4/../../../../arm-elf/lib/thumb/interwork/libm.a(s_lib_ver.o)
 .debug_abbrev  0x00000ce0       0x95 /usr/lib/gcc/arm-elf/3.4.4/../../../../arm-elf/lib/thumb/interwork/libm.a(s_matherr.o)
 .debug_abbrev  0x00000d75       0xe8 /usr/lib/gcc/arm-elf/3.4.4/../../../../arm-elf/lib/thumb/interwork/libm.a(s_scalbn.o)
 .debug_abbrev  0x00000e5d       0xc5 /usr/lib/gcc/arm-elf/3.4.4/../../../../arm-elf/lib/thumb/interwork/libm.a(s_copysign.o)
 .debug_abbrev  0x00000f22      0x15f /usr/lib/gcc/arm-elf/3.4.4/../../../../arm-elf/lib/thumb/interwork/libc.a(errno.o)
 .debug_abbrev  0x00001081      0x157 /usr/lib/gcc/arm-elf/3.4.4/../../../../arm-elf/lib/thumb/interwork/libc.a(impure.o)

.debug_line     0x00000000     0x1487
 *(.debug_line)
 .debug_line    0x00000000       0xa7 /usr/lib/gcc/arm-elf/3.4.4/../../../../arm-elf/lib/thumb/interwork/libc.a(memcpy.o)
 .debug_line    0x000000a7      0x137 /usr/lib/gcc/arm-elf/3.4.4/../../../../arm-elf/lib/thumb/interwork/libm.a(s_atan.o)
 .debug_line    0x000001de       0xcc /usr/lib/gcc/arm-elf/3.4.4/../../../../arm-elf/lib/thumb/interwork/libm.a(s_cos.o)
 .debug_line    0x000002aa       0xf3 /usr/lib/gcc/arm-elf/3.4.4/../../../../arm-elf/lib/thumb/interwork/libm.a(s_fabs.o)
 .debug_line    0x0000039d       0xcc /usr/lib/gcc/arm-elf/3.4.4/../../../../arm-elf/lib/thumb/interwork/libm.a(s_sin.o)
 .debug_line    0x00000469       0xca /usr/lib/gcc/arm-elf/3.4.4/../../../../arm-elf/lib/thumb/interwork/libm.a(w_atan2.o)
 .debug_line    0x00000533       0xc9 /usr/lib/gcc/arm-elf/3.4.4/../../../../arm-elf/lib/thumb/interwork/libm.a(w_sqrt.o)
 .debug_line    0x000005fc      0x14c /usr/lib/gcc/arm-elf/3.4.4/../../../../arm-elf/lib/thumb/interwork/libm.a(e_atan2.o)
 .debug_line    0x00000748      0x17c /usr/lib/gcc/arm-elf/3.4.4/../../../../arm-elf/lib/thumb/interwork/libm.a(e_rem_pio2.o)
 .debug_line    0x000008c4      0x163 /usr/lib/gcc/arm-elf/3.4.4/../../../../arm-elf/lib/thumb/interwork/libm.a(e_sqrt.o)
 .debug_line    0x00000a27      0x115 /usr/lib/gcc/arm-elf/3.4.4/../../../../arm-elf/lib/thumb/interwork/libm.a(k_cos.o)
 .debug_line    0x00000b3c      0x187 /usr/lib/gcc/arm-elf/3.4.4/../../../../arm-elf/lib/thumb/interwork/libm.a(k_rem_pio2.o)
 .debug_line    0x00000cc3       0xc6 /usr/lib/gcc/arm-elf/3.4.4/../../../../arm-elf/lib/thumb/interwork/libm.a(k_sin.o)
 .debug_line    0x00000d89      0x12a /usr/lib/gcc/arm-elf/3.4.4/../../../../arm-elf/lib/thumb/interwork/libm.a(s_floor.o)
 .debug_line    0x00000eb3       0xfb /usr/lib/gcc/arm-elf/3.4.4/../../../../arm-elf/lib/thumb/interwork/libm.a(s_isnan.o)
 .debug_line    0x00000fae       0xa0 /usr/lib/gcc/arm-elf/3.4.4/../../../../arm-elf/lib/thumb/interwork/libm.a(s_lib_ver.o)
 .debug_line    0x0000104e       0xb0 /usr/lib/gcc/arm-elf/3.4.4/../../../../arm-elf/lib/thumb/interwork/libm.a(s_matherr.o)
 .debug_line    0x000010fe       0xeb /usr/lib/gcc/arm-elf/3.4.4/../../../../arm-elf/lib/thumb/interwork/libm.a(s_scalbn.o)
 .debug_line    0x000011e9       0xc4 /usr/lib/gcc/arm-elf/3.4.4/../../../../arm-elf/lib/thumb/interwork/libm.a(s_copysign.o)
 .debug_line    0x000012ad       0xf4 /usr/lib/gcc/arm-elf/3.4.4/../../../../arm-elf/lib/thumb/interwork/libc.a(errno.o)
 .debug_line    0x000013a1       0xe6 /usr/lib/gcc/arm-elf/3.4.4/../../../../arm-elf/lib/thumb/interwork/libc.a(impure.o)

.debug_frame    0x00000000      0x3b4
 *(.debug_frame)
 .debug_frame   0x00000000       0x2c /usr/lib/gcc/arm-elf/3.4.4/../../../../arm-elf/lib/thumb/interwork/libc.a(memcpy.o)
 .debug_frame   0x0000002c       0x38 /usr/lib/gcc/arm-elf/3.4.4/../../../../arm-elf/lib/thumb/interwork/libm.a(s_atan.o)
 .debug_frame   0x00000064       0x30 /usr/lib/gcc/arm-elf/3.4.4/../../../../arm-elf/lib/thumb/interwork/libm.a(s_cos.o)
 .debug_frame   0x00000094       0x28 /usr/lib/gcc/arm-elf/3.4.4/../../../../arm-elf/lib/thumb/interwork/libm.a(s_fabs.o)
 .debug_frame   0x000000bc       0x30 /usr/lib/gcc/arm-elf/3.4.4/../../../../arm-elf/lib/thumb/interwork/libm.a(s_sin.o)
 .debug_frame   0x000000ec       0x38 /usr/lib/gcc/arm-elf/3.4.4/../../../../arm-elf/lib/thumb/interwork/libm.a(w_atan2.o)
 .debug_frame   0x00000124       0x38 /usr/lib/gcc/arm-elf/3.4.4/../../../../arm-elf/lib/thumb/interwork/libm.a(w_sqrt.o)
 .debug_frame   0x0000015c       0x38 /usr/lib/gcc/arm-elf/3.4.4/../../../../arm-elf/lib/thumb/interwork/libm.a(e_atan2.o)
 .debug_frame   0x00000194       0x3c /usr/lib/gcc/arm-elf/3.4.4/../../../../arm-elf/lib/thumb/interwork/libm.a(e_rem_pio2.o)
 .debug_frame   0x000001d0       0x3c /usr/lib/gcc/arm-elf/3.4.4/../../../../arm-elf/lib/thumb/interwork/libm.a(e_sqrt.o)
 .debug_frame   0x0000020c       0x38 /usr/lib/gcc/arm-elf/3.4.4/../../../../arm-elf/lib/thumb/interwork/libm.a(k_cos.o)
 .debug_frame   0x00000244       0x40 /usr/lib/gcc/arm-elf/3.4.4/../../../../arm-elf/lib/thumb/interwork/libm.a(k_rem_pio2.o)
 .debug_frame   0x00000284       0x30 /usr/lib/gcc/arm-elf/3.4.4/../../../../arm-elf/lib/thumb/interwork/libm.a(k_sin.o)
 .debug_frame   0x000002b4       0x38 /usr/lib/gcc/arm-elf/3.4.4/../../../../arm-elf/lib/thumb/interwork/libm.a(s_floor.o)
 .debug_frame   0x000002ec       0x28 /usr/lib/gcc/arm-elf/3.4.4/../../../../arm-elf/lib/thumb/interwork/libm.a(s_isnan.o)
 .debug_frame   0x00000314       0x20 /usr/lib/gcc/arm-elf/3.4.4/../../../../arm-elf/lib/thumb/interwork/libm.a(s_matherr.o)
 .debug_frame   0x00000334       0x34 /usr/lib/gcc/arm-elf/3.4.4/../../../../arm-elf/lib/thumb/interwork/libm.a(s_scalbn.o)
 .debug_frame   0x00000368       0x2c /usr/lib/gcc/arm-elf/3.4.4/../../../../arm-elf/lib/thumb/interwork/libm.a(s_copysign.o)
 .debug_frame   0x00000394       0x20 /usr/lib/gcc/arm-elf/3.4.4/../../../../arm-elf/lib/thumb/interwork/libc.a(errno.o)

.debug_str      0x00000000      0xc71
 *(.debug_str)
 .debug_str     0x00000000       0xd0 /usr/lib/gcc/arm-elf/3.4.4/../../../../arm-elf/lib/thumb/interwork/libc.a(memcpy.o)
                                 0xf0 (size before relaxing)
 .debug_str     0x000000d0      0x13c /usr/lib/gcc/arm-elf/3.4.4/../../../../arm-elf/lib/thumb/interwork/libm.a(s_atan.o)
                                0x17b (size before relaxing)
 .debug_str     0x0000020c       0x32 /usr/lib/gcc/arm-elf/3.4.4/../../../../arm-elf/lib/thumb/interwork/libm.a(s_cos.o)
                                0x12a (size before relaxing)
 .debug_str     0x0000023e       0x42 /usr/lib/gcc/arm-elf/3.4.4/../../../../arm-elf/lib/thumb/interwork/libm.a(s_fabs.o)
                                0x163 (size before relaxing)
 .debug_str     0x00000280       0x32 /usr/lib/gcc/arm-elf/3.4.4/../../../../arm-elf/lib/thumb/interwork/libm.a(s_sin.o)
                                0x12a (size before relaxing)
 .debug_str     0x000002b2       0xaf /usr/lib/gcc/arm-elf/3.4.4/../../../../arm-elf/lib/thumb/interwork/libm.a(w_atan2.o)
                                0x1a8 (size before relaxing)
 .debug_str     0x00000361       0x33 /usr/lib/gcc/arm-elf/3.4.4/../../../../arm-elf/lib/thumb/interwork/libm.a(w_sqrt.o)
                                0x1a6 (size before relaxing)
 .debug_str     0x00000394       0x67 /usr/lib/gcc/arm-elf/3.4.4/../../../../arm-elf/lib/thumb/interwork/libm.a(e_atan2.o)
                                0x197 (size before relaxing)
 .debug_str     0x000003fb       0xa4 /usr/lib/gcc/arm-elf/3.4.4/../../../../arm-elf/lib/thumb/interwork/libm.a(e_rem_pio2.o)
                                0x1e3 (size before relaxing)
 .debug_str     0x0000049f       0x47 /usr/lib/gcc/arm-elf/3.4.4/../../../../arm-elf/lib/thumb/interwork/libm.a(e_sqrt.o)
                                0x17c (size before relaxing)
 .debug_str     0x000004e6       0x3f /usr/lib/gcc/arm-elf/3.4.4/../../../../arm-elf/lib/thumb/interwork/libm.a(k_cos.o)
                                0x16a (size before relaxing)
 .debug_str     0x00000525       0x78 /usr/lib/gcc/arm-elf/3.4.4/../../../../arm-elf/lib/thumb/interwork/libm.a(k_rem_pio2.o)
                                0x17b (size before relaxing)
 .debug_str     0x0000059d       0x3f /usr/lib/gcc/arm-elf/3.4.4/../../../../arm-elf/lib/thumb/interwork/libm.a(k_sin.o)
                                0x13c (size before relaxing)
 .debug_str     0x000005dc       0x3a /usr/lib/gcc/arm-elf/3.4.4/../../../../arm-elf/lib/thumb/interwork/libm.a(s_floor.o)
                                0x16f (size before relaxing)
 .debug_str     0x00000616       0x3a /usr/lib/gcc/arm-elf/3.4.4/../../../../arm-elf/lib/thumb/interwork/libm.a(s_isnan.o)
                                0x165 (size before relaxing)
 .debug_str     0x00000650       0x92 /usr/lib/gcc/arm-elf/3.4.4/../../../../arm-elf/lib/thumb/interwork/libm.a(s_lib_ver.o)
                                0x183 (size before relaxing)
 .debug_str     0x000006e2       0x40 /usr/lib/gcc/arm-elf/3.4.4/../../../../arm-elf/lib/thumb/interwork/libm.a(s_matherr.o)
                                0x155 (size before relaxing)
 .debug_str     0x00000722       0x4b /usr/lib/gcc/arm-elf/3.4.4/../../../../arm-elf/lib/thumb/interwork/libm.a(s_scalbn.o)
                                0x187 (size before relaxing)
 .debug_str     0x0000076d       0x42 /usr/lib/gcc/arm-elf/3.4.4/../../../../arm-elf/lib/thumb/interwork/libm.a(s_copysign.o)
                                0x165 (size before relaxing)
 .debug_str     0x000007af      0x416 /usr/lib/gcc/arm-elf/3.4.4/../../../../arm-elf/lib/thumb/interwork/libc.a(errno.o)
                                0x4be (size before relaxing)
 .debug_str     0x00000bc5       0xac /usr/lib/gcc/arm-elf/3.4.4/../../../../arm-elf/lib/thumb/interwork/libc.a(impure.o)
                                0x4d6 (size before relaxing)

.debug_loc
 *(.debug_loc)

.debug_macinfo
 *(.debug_macinfo)

.debug_weaknames
 *(.debug_weaknames)

.debug_funcnames
 *(.debug_funcnames)

.debug_typenames
 *(.debug_typenames)

.debug_varnames
 *(.debug_varnames)
OUTPUT(/home/mav/Desktop/paparazzivn100/var/v1_i2c/ap/ap.elf elf32-littlearm)

.debug_ranges   0x00000000       0xc8
 .debug_ranges  0x00000000       0x28 /usr/lib/gcc/arm-elf/3.4.4/../../../../arm-elf/lib/thumb/interwork/libm.a(s_atan.o)
 .debug_ranges  0x00000028       0x20 /usr/lib/gcc/arm-elf/3.4.4/../../../../arm-elf/lib/thumb/interwork/libm.a(e_atan2.o)
 .debug_ranges  0x00000048       0x18 /usr/lib/gcc/arm-elf/3.4.4/../../../../arm-elf/lib/thumb/interwork/libm.a(e_rem_pio2.o)
 .debug_ranges  0x00000060       0x18 /usr/lib/gcc/arm-elf/3.4.4/../../../../arm-elf/lib/thumb/interwork/libm.a(e_sqrt.o)
 .debug_ranges  0x00000078       0x18 /usr/lib/gcc/arm-elf/3.4.4/../../../../arm-elf/lib/thumb/interwork/libm.a(k_cos.o)
 .debug_ranges  0x00000090       0x20 /usr/lib/gcc/arm-elf/3.4.4/../../../../arm-elf/lib/thumb/interwork/libm.a(s_floor.o)
 .debug_ranges  0x000000b0       0x18 /usr/lib/gcc/arm-elf/3.4.4/../../../../arm-elf/lib/thumb/interwork/libm.a(s_scalbn.o)

Cross Reference Table

Symbol                                            File
FCG1                                              /home/mav/Desktop/paparazzivn100/var/v1_i2c/ap/enose.o
                                                  /home/mav/Desktop/paparazzivn100/var/v1_i2c/ap/main_ap.o
FCG2                                              /home/mav/Desktop/paparazzivn100/var/v1_i2c/ap/enose.o
                                                  /home/mav/Desktop/paparazzivn100/var/v1_i2c/ap/main_ap.o
FCG3                                              /home/mav/Desktop/paparazzivn100/var/v1_i2c/ap/enose.o
                                                  /home/mav/Desktop/paparazzivn100/var/v1_i2c/ap/main_ap.o
Gnostim1                                          /home/mav/Desktop/paparazzivn100/var/v1_i2c/ap/enose.o
Gnostim2                                          /home/mav/Desktop/paparazzivn100/var/v1_i2c/ap/enose.o
Gnostim3                                          /home/mav/Desktop/paparazzivn100/var/v1_i2c/ap/enose.o
Gstim1                                            /home/mav/Desktop/paparazzivn100/var/v1_i2c/ap/enose.o
Gstim2                                            /home/mav/Desktop/paparazzivn100/var/v1_i2c/ap/enose.o
Gstim3                                            /home/mav/Desktop/paparazzivn100/var/v1_i2c/ap/enose.o
TIMER0_ISR                                        /home/mav/Desktop/paparazzivn100/var/v1_i2c/ap/sys_time_hw.o
                                                  /home/mav/Desktop/paparazzivn100/var/v1_i2c/ap/main_fbw.o
____adddf3_change_to_arm                          /usr/lib/gcc/arm-elf/3.4.4/thumb/interwork/libgcc.a(_fixunssfsi.o)
____adddf3_from_thumb                             /usr/lib/gcc/arm-elf/3.4.4/thumb/interwork/libgcc.a(_fixunssfsi.o)
____divdf3_change_to_arm                          /usr/lib/gcc/arm-elf/3.4.4/thumb/interwork/libgcc.a(_fixunssfsi.o)
____divdf3_from_thumb                             /usr/lib/gcc/arm-elf/3.4.4/thumb/interwork/libgcc.a(_fixunssfsi.o)
____divsi3_from_arm                               /usr/lib/gcc/arm-elf/3.4.4/thumb/interwork/libgcc.a(_fixunssfsi.o)
____eqdf2_change_to_arm                           /usr/lib/gcc/arm-elf/3.4.4/thumb/interwork/libgcc.a(_fixunssfsi.o)
____eqdf2_from_thumb                              /usr/lib/gcc/arm-elf/3.4.4/thumb/interwork/libgcc.a(_fixunssfsi.o)
____fixdfsi_change_to_arm                         /usr/lib/gcc/arm-elf/3.4.4/thumb/interwork/libgcc.a(_fixunssfsi.o)
____fixdfsi_from_thumb                            /usr/lib/gcc/arm-elf/3.4.4/thumb/interwork/libgcc.a(_fixunssfsi.o)
____floatsidf_change_to_arm                       /usr/lib/gcc/arm-elf/3.4.4/thumb/interwork/libgcc.a(_fixunssfsi.o)
____floatsidf_from_thumb                          /usr/lib/gcc/arm-elf/3.4.4/thumb/interwork/libgcc.a(_fixunssfsi.o)
____gedf2_change_to_arm                           /usr/lib/gcc/arm-elf/3.4.4/thumb/interwork/libgcc.a(_fixunssfsi.o)
____gedf2_from_thumb                              /usr/lib/gcc/arm-elf/3.4.4/thumb/interwork/libgcc.a(_fixunssfsi.o)
____gtdf2_change_to_arm                           /usr/lib/gcc/arm-elf/3.4.4/thumb/interwork/libgcc.a(_fixunssfsi.o)
____gtdf2_from_thumb                              /usr/lib/gcc/arm-elf/3.4.4/thumb/interwork/libgcc.a(_fixunssfsi.o)
____ltdf2_change_to_arm                           /usr/lib/gcc/arm-elf/3.4.4/thumb/interwork/libgcc.a(_fixunssfsi.o)
____ltdf2_from_thumb                              /usr/lib/gcc/arm-elf/3.4.4/thumb/interwork/libgcc.a(_fixunssfsi.o)
____muldf3_change_to_arm                          /usr/lib/gcc/arm-elf/3.4.4/thumb/interwork/libgcc.a(_fixunssfsi.o)
____muldf3_from_thumb                             /usr/lib/gcc/arm-elf/3.4.4/thumb/interwork/libgcc.a(_fixunssfsi.o)
____subdf3_change_to_arm                          /usr/lib/gcc/arm-elf/3.4.4/thumb/interwork/libgcc.a(_fixunssfsi.o)
____subdf3_from_thumb                             /usr/lib/gcc/arm-elf/3.4.4/thumb/interwork/libgcc.a(_fixunssfsi.o)
__adddf3                                          /usr/lib/gcc/arm-elf/3.4.4/thumb/interwork/libgcc.a(_addsubdf3.o)
                                                  /usr/lib/gcc/arm-elf/3.4.4/../../../../arm-elf/lib/thumb/interwork/libm.a(s_scalbn.o)
                                                  /usr/lib/gcc/arm-elf/3.4.4/../../../../arm-elf/lib/thumb/interwork/libm.a(s_floor.o)
                                                  /usr/lib/gcc/arm-elf/3.4.4/../../../../arm-elf/lib/thumb/interwork/libm.a(k_sin.o)
                                                  /usr/lib/gcc/arm-elf/3.4.4/../../../../arm-elf/lib/thumb/interwork/libm.a(k_rem_pio2.o)
                                                  /usr/lib/gcc/arm-elf/3.4.4/../../../../arm-elf/lib/thumb/interwork/libm.a(k_cos.o)
                                                  /usr/lib/gcc/arm-elf/3.4.4/../../../../arm-elf/lib/thumb/interwork/libm.a(e_sqrt.o)
                                                  /usr/lib/gcc/arm-elf/3.4.4/../../../../arm-elf/lib/thumb/interwork/libm.a(e_rem_pio2.o)
                                                  /usr/lib/gcc/arm-elf/3.4.4/../../../../arm-elf/lib/thumb/interwork/libm.a(e_atan2.o)
                                                  /usr/lib/gcc/arm-elf/3.4.4/../../../../arm-elf/lib/thumb/interwork/libm.a(s_atan.o)
                                                  /home/mav/Desktop/paparazzivn100/var/v1_i2c/ap/fw_v_ctl.o
                                                  /home/mav/Desktop/paparazzivn100/var/v1_i2c/ap/fw_h_ctl.o
                                                  /home/mav/Desktop/paparazzivn100/var/v1_i2c/ap/nav.o
                                                  /home/mav/Desktop/paparazzivn100/var/v1_i2c/ap/infrared.o
                                                  /home/mav/Desktop/paparazzivn100/var/v1_i2c/ap/main_ap.o
                                                  /home/mav/Desktop/paparazzivn100/var/v1_i2c/ap/main_fbw.o
__addsf3                                          /usr/lib/gcc/arm-elf/3.4.4/thumb/interwork/libgcc.a(_addsubsf3.o)
                                                  /home/mav/Desktop/paparazzivn100/var/v1_i2c/ap/enose.o
                                                  /home/mav/Desktop/paparazzivn100/var/v1_i2c/ap/fw_v_ctl.o
                                                  /home/mav/Desktop/paparazzivn100/var/v1_i2c/ap/fw_h_ctl.o
                                                  /home/mav/Desktop/paparazzivn100/var/v1_i2c/ap/nav.o
                                                  /home/mav/Desktop/paparazzivn100/var/v1_i2c/ap/infrared.o
                                                  /home/mav/Desktop/paparazzivn100/var/v1_i2c/ap/datalink.o
                                                  /home/mav/Desktop/paparazzivn100/var/v1_i2c/ap/main_ap.o
__atan2_from_arm                                  /usr/lib/gcc/arm-elf/3.4.4/thumb/interwork/libgcc.a(_fixunssfsi.o)
__atan_from_arm                                   /usr/lib/gcc/arm-elf/3.4.4/thumb/interwork/libgcc.a(_fixunssfsi.o)
__bss_end__                                       /home/mav/Desktop/paparazzivn100/var/v1_i2c/ap/crt0.o
__bss_start                                       /home/mav/Desktop/paparazzivn100/var/v1_i2c/ap/crt0.o
__cmpdf2                                          /usr/lib/gcc/arm-elf/3.4.4/thumb/interwork/libgcc.a(_cmpdf2.o)
__cmpsf2                                          /usr/lib/gcc/arm-elf/3.4.4/thumb/interwork/libgcc.a(_cmpsf2.o)
__cos_from_arm                                    /usr/lib/gcc/arm-elf/3.4.4/thumb/interwork/libgcc.a(_fixunssfsi.o)
__ctors_end__                                     /home/mav/Desktop/paparazzivn100/var/v1_i2c/ap/crt0.o
__ctors_start__                                   /home/mav/Desktop/paparazzivn100/var/v1_i2c/ap/crt0.o
__div0                                            /usr/lib/gcc/arm-elf/3.4.4/thumb/interwork/libgcc.a(_dvmd_tls.o)
                                                  /usr/lib/gcc/arm-elf/3.4.4/thumb/interwork/libgcc.a(_divsi3.o)
__divdf3                                          /usr/lib/gcc/arm-elf/3.4.4/thumb/interwork/libgcc.a(_muldivdf3.o)
                                                  /usr/lib/gcc/arm-elf/3.4.4/../../../../arm-elf/lib/thumb/interwork/libm.a(e_sqrt.o)
                                                  /usr/lib/gcc/arm-elf/3.4.4/../../../../arm-elf/lib/thumb/interwork/libm.a(e_atan2.o)
                                                  /usr/lib/gcc/arm-elf/3.4.4/../../../../arm-elf/lib/thumb/interwork/libm.a(w_sqrt.o)
                                                  /usr/lib/gcc/arm-elf/3.4.4/../../../../arm-elf/lib/thumb/interwork/libm.a(s_atan.o)
                                                  /home/mav/Desktop/paparazzivn100/var/v1_i2c/ap/gyro.o
                                                  /home/mav/Desktop/paparazzivn100/var/v1_i2c/ap/fw_v_ctl.o
                                                  /home/mav/Desktop/paparazzivn100/var/v1_i2c/ap/fw_h_ctl.o
                                                  /home/mav/Desktop/paparazzivn100/var/v1_i2c/ap/nav.o
                                                  /home/mav/Desktop/paparazzivn100/var/v1_i2c/ap/infrared.o
                                                  /home/mav/Desktop/paparazzivn100/var/v1_i2c/ap/gps.o
                                                  /home/mav/Desktop/paparazzivn100/var/v1_i2c/ap/datalink.o
                                                  /home/mav/Desktop/paparazzivn100/var/v1_i2c/ap/main_ap.o
__divsf3                                          /usr/lib/gcc/arm-elf/3.4.4/thumb/interwork/libgcc.a(_muldivsf3.o)
                                                  /home/mav/Desktop/paparazzivn100/var/v1_i2c/ap/enose.o
                                                  /home/mav/Desktop/paparazzivn100/var/v1_i2c/ap/fw_v_ctl.o
                                                  /home/mav/Desktop/paparazzivn100/var/v1_i2c/ap/fw_h_ctl.o
                                                  /home/mav/Desktop/paparazzivn100/var/v1_i2c/ap/nav.o
                                                  /home/mav/Desktop/paparazzivn100/var/v1_i2c/ap/infrared.o
                                                  /home/mav/Desktop/paparazzivn100/var/v1_i2c/ap/datalink.o
                                                  /home/mav/Desktop/paparazzivn100/var/v1_i2c/ap/main_ap.o
__divsi3                                          /usr/lib/gcc/arm-elf/3.4.4/thumb/interwork/libgcc.a(_divsi3.o)
                                                  /usr/lib/gcc/arm-elf/3.4.4/../../../../arm-elf/lib/thumb/interwork/libm.a(k_rem_pio2.o)
                                                  /home/mav/Desktop/paparazzivn100/var/v1_i2c/ap/gyro.o
                                                  /home/mav/Desktop/paparazzivn100/var/v1_i2c/ap/infrared.o
                                                  /home/mav/Desktop/paparazzivn100/var/v1_i2c/ap/gps_ubx.o
                                                  /home/mav/Desktop/paparazzivn100/var/v1_i2c/ap/main_fbw.o
__eqdf2                                           /usr/lib/gcc/arm-elf/3.4.4/thumb/interwork/libgcc.a(_cmpdf2.o)
                                                  /usr/lib/gcc/arm-elf/3.4.4/../../../../arm-elf/lib/thumb/interwork/libm.a(k_rem_pio2.o)
                                                  /usr/lib/gcc/arm-elf/3.4.4/../../../../arm-elf/lib/thumb/interwork/libm.a(e_rem_pio2.o)
                                                  /usr/lib/gcc/arm-elf/3.4.4/../../../../arm-elf/lib/thumb/interwork/libm.a(w_atan2.o)
__eqsf2                                           /usr/lib/gcc/arm-elf/3.4.4/thumb/interwork/libgcc.a(_cmpsf2.o)
__errno                                           /usr/lib/gcc/arm-elf/3.4.4/../../../../arm-elf/lib/thumb/interwork/libc.a(errno.o)
                                                  /usr/lib/gcc/arm-elf/3.4.4/../../../../arm-elf/lib/thumb/interwork/libm.a(w_sqrt.o)
                                                  /usr/lib/gcc/arm-elf/3.4.4/../../../../arm-elf/lib/thumb/interwork/libm.a(w_atan2.o)
__extendsfdf2                                     /usr/lib/gcc/arm-elf/3.4.4/thumb/interwork/libgcc.a(_addsubdf3.o)
                                                  /home/mav/Desktop/paparazzivn100/var/v1_i2c/ap/gyro.o
                                                  /home/mav/Desktop/paparazzivn100/var/v1_i2c/ap/fw_v_ctl.o
                                                  /home/mav/Desktop/paparazzivn100/var/v1_i2c/ap/fw_h_ctl.o
                                                  /home/mav/Desktop/paparazzivn100/var/v1_i2c/ap/nav.o
                                                  /home/mav/Desktop/paparazzivn100/var/v1_i2c/ap/infrared.o
                                                  /home/mav/Desktop/paparazzivn100/var/v1_i2c/ap/datalink.o
                                                  /home/mav/Desktop/paparazzivn100/var/v1_i2c/ap/main_ap.o
                                                  /home/mav/Desktop/paparazzivn100/var/v1_i2c/ap/main_fbw.o
__fdlib_version                                   /usr/lib/gcc/arm-elf/3.4.4/../../../../arm-elf/lib/thumb/interwork/libm.a(s_lib_ver.o)
                                                  /usr/lib/gcc/arm-elf/3.4.4/../../../../arm-elf/lib/thumb/interwork/libm.a(w_sqrt.o)
                                                  /usr/lib/gcc/arm-elf/3.4.4/../../../../arm-elf/lib/thumb/interwork/libm.a(w_atan2.o)
__fixdfsi                                         /usr/lib/gcc/arm-elf/3.4.4/thumb/interwork/libgcc.a(_fixdfsi.o)
                                                  /usr/lib/gcc/arm-elf/3.4.4/../../../../arm-elf/lib/thumb/interwork/libm.a(k_sin.o)
                                                  /usr/lib/gcc/arm-elf/3.4.4/../../../../arm-elf/lib/thumb/interwork/libm.a(k_rem_pio2.o)
                                                  /usr/lib/gcc/arm-elf/3.4.4/../../../../arm-elf/lib/thumb/interwork/libm.a(k_cos.o)
                                                  /usr/lib/gcc/arm-elf/3.4.4/../../../../arm-elf/lib/thumb/interwork/libm.a(e_rem_pio2.o)
                                                  /home/mav/Desktop/paparazzivn100/var/v1_i2c/ap/infrared.o
                                                  /home/mav/Desktop/paparazzivn100/var/v1_i2c/ap/main_ap.o
                                                  /home/mav/Desktop/paparazzivn100/var/v1_i2c/ap/main_fbw.o
__fixsfsi                                         /usr/lib/gcc/arm-elf/3.4.4/thumb/interwork/libgcc.a(_fixsfsi.o)
                                                  /home/mav/Desktop/paparazzivn100/var/v1_i2c/ap/gyro.o
                                                  /home/mav/Desktop/paparazzivn100/var/v1_i2c/ap/fw_v_ctl.o
                                                  /home/mav/Desktop/paparazzivn100/var/v1_i2c/ap/fw_h_ctl.o
                                                  /home/mav/Desktop/paparazzivn100/var/v1_i2c/ap/nav.o
                                                  /home/mav/Desktop/paparazzivn100/var/v1_i2c/ap/main_ap.o
                                                  /home/mav/Desktop/paparazzivn100/var/v1_i2c/ap/main_fbw.o
__fixunsdfsi                                      /usr/lib/gcc/arm-elf/3.4.4/thumb/interwork/libgcc.a(_fixunsdfsi.o)
                                                  /home/mav/Desktop/paparazzivn100/var/v1_i2c/ap/main_fbw.o
__fixunssfsi                                      /usr/lib/gcc/arm-elf/3.4.4/thumb/interwork/libgcc.a(_fixunssfsi.o)
                                                  /home/mav/Desktop/paparazzivn100/var/v1_i2c/ap/datalink.o
__floatsidf                                       /usr/lib/gcc/arm-elf/3.4.4/thumb/interwork/libgcc.a(_addsubdf3.o)
                                                  /usr/lib/gcc/arm-elf/3.4.4/../../../../arm-elf/lib/thumb/interwork/libm.a(k_rem_pio2.o)
                                                  /usr/lib/gcc/arm-elf/3.4.4/../../../../arm-elf/lib/thumb/interwork/libm.a(e_rem_pio2.o)
                                                  /home/mav/Desktop/paparazzivn100/var/v1_i2c/ap/infrared.o
                                                  /home/mav/Desktop/paparazzivn100/var/v1_i2c/ap/gps.o
                                                  /home/mav/Desktop/paparazzivn100/var/v1_i2c/ap/main_ap.o
                                                  /home/mav/Desktop/paparazzivn100/var/v1_i2c/ap/main_fbw.o
__floatsisf                                       /usr/lib/gcc/arm-elf/3.4.4/thumb/interwork/libgcc.a(_addsubsf3.o)
                                                  /home/mav/Desktop/paparazzivn100/var/v1_i2c/ap/enose.o
                                                  /home/mav/Desktop/paparazzivn100/var/v1_i2c/ap/gyro.o
                                                  /home/mav/Desktop/paparazzivn100/var/v1_i2c/ap/fw_v_ctl.o
                                                  /home/mav/Desktop/paparazzivn100/var/v1_i2c/ap/fw_h_ctl.o
                                                  /home/mav/Desktop/paparazzivn100/var/v1_i2c/ap/infrared.o
                                                  /home/mav/Desktop/paparazzivn100/var/v1_i2c/ap/datalink.o
                                                  /home/mav/Desktop/paparazzivn100/var/v1_i2c/ap/main_ap.o
                                                  /home/mav/Desktop/paparazzivn100/var/v1_i2c/ap/main_fbw.o
__floatunsidf                                     /usr/lib/gcc/arm-elf/3.4.4/thumb/interwork/libgcc.a(_addsubdf3.o)
__floatunsisf                                     /usr/lib/gcc/arm-elf/3.4.4/thumb/interwork/libgcc.a(_addsubsf3.o)
__gedf2                                           /usr/lib/gcc/arm-elf/3.4.4/thumb/interwork/libgcc.a(_cmpdf2.o)
                                                  /usr/lib/gcc/arm-elf/3.4.4/../../../../arm-elf/lib/thumb/interwork/libm.a(k_rem_pio2.o)
                                                  /usr/lib/gcc/arm-elf/3.4.4/../../../../arm-elf/lib/thumb/interwork/libm.a(e_sqrt.o)
__gesf2                                           /usr/lib/gcc/arm-elf/3.4.4/thumb/interwork/libgcc.a(_cmpsf2.o)
                                                  /home/mav/Desktop/paparazzivn100/var/v1_i2c/ap/nav.o
                                                  /home/mav/Desktop/paparazzivn100/var/v1_i2c/ap/infrared.o
__gtdf2                                           /usr/lib/gcc/arm-elf/3.4.4/thumb/interwork/libgcc.a(_cmpdf2.o)
                                                  /usr/lib/gcc/arm-elf/3.4.4/../../../../arm-elf/lib/thumb/interwork/libm.a(s_floor.o)
                                                  /usr/lib/gcc/arm-elf/3.4.4/../../../../arm-elf/lib/thumb/interwork/libm.a(e_sqrt.o)
                                                  /usr/lib/gcc/arm-elf/3.4.4/../../../../arm-elf/lib/thumb/interwork/libm.a(s_atan.o)
                                                  /home/mav/Desktop/paparazzivn100/var/v1_i2c/ap/fw_v_ctl.o
                                                  /home/mav/Desktop/paparazzivn100/var/v1_i2c/ap/fw_h_ctl.o
                                                  /home/mav/Desktop/paparazzivn100/var/v1_i2c/ap/nav.o
                                                  /home/mav/Desktop/paparazzivn100/var/v1_i2c/ap/infrared.o
                                                  /home/mav/Desktop/paparazzivn100/var/v1_i2c/ap/main_ap.o
__gtsf2                                           /usr/lib/gcc/arm-elf/3.4.4/thumb/interwork/libgcc.a(_cmpsf2.o)
                                                  /home/mav/Desktop/paparazzivn100/var/v1_i2c/ap/fw_v_ctl.o
                                                  /home/mav/Desktop/paparazzivn100/var/v1_i2c/ap/fw_h_ctl.o
                                                  /home/mav/Desktop/paparazzivn100/var/v1_i2c/ap/nav.o
                                                  /home/mav/Desktop/paparazzivn100/var/v1_i2c/ap/main_ap.o
                                                  /home/mav/Desktop/paparazzivn100/var/v1_i2c/ap/main_fbw.o
__ieee754_atan2                                   /usr/lib/gcc/arm-elf/3.4.4/../../../../arm-elf/lib/thumb/interwork/libm.a(e_atan2.o)
                                                  /usr/lib/gcc/arm-elf/3.4.4/../../../../arm-elf/lib/thumb/interwork/libm.a(w_atan2.o)
__ieee754_rem_pio2                                /usr/lib/gcc/arm-elf/3.4.4/../../../../arm-elf/lib/thumb/interwork/libm.a(e_rem_pio2.o)
                                                  /usr/lib/gcc/arm-elf/3.4.4/../../../../arm-elf/lib/thumb/interwork/libm.a(s_sin.o)
                                                  /usr/lib/gcc/arm-elf/3.4.4/../../../../arm-elf/lib/thumb/interwork/libm.a(s_cos.o)
__ieee754_sqrt                                    /usr/lib/gcc/arm-elf/3.4.4/../../../../arm-elf/lib/thumb/interwork/libm.a(e_sqrt.o)
                                                  /usr/lib/gcc/arm-elf/3.4.4/../../../../arm-elf/lib/thumb/interwork/libm.a(w_sqrt.o)
__kernel_cos                                      /usr/lib/gcc/arm-elf/3.4.4/../../../../arm-elf/lib/thumb/interwork/libm.a(k_cos.o)
                                                  /usr/lib/gcc/arm-elf/3.4.4/../../../../arm-elf/lib/thumb/interwork/libm.a(s_sin.o)
                                                  /usr/lib/gcc/arm-elf/3.4.4/../../../../arm-elf/lib/thumb/interwork/libm.a(s_cos.o)
__kernel_rem_pio2                                 /usr/lib/gcc/arm-elf/3.4.4/../../../../arm-elf/lib/thumb/interwork/libm.a(k_rem_pio2.o)
                                                  /usr/lib/gcc/arm-elf/3.4.4/../../../../arm-elf/lib/thumb/interwork/libm.a(e_rem_pio2.o)
__kernel_sin                                      /usr/lib/gcc/arm-elf/3.4.4/../../../../arm-elf/lib/thumb/interwork/libm.a(k_sin.o)
                                                  /usr/lib/gcc/arm-elf/3.4.4/../../../../arm-elf/lib/thumb/interwork/libm.a(s_sin.o)
                                                  /usr/lib/gcc/arm-elf/3.4.4/../../../../arm-elf/lib/thumb/interwork/libm.a(s_cos.o)
__ledf2                                           /usr/lib/gcc/arm-elf/3.4.4/thumb/interwork/libgcc.a(_cmpdf2.o)
__lesf2                                           /usr/lib/gcc/arm-elf/3.4.4/thumb/interwork/libgcc.a(_cmpsf2.o)
__ltdf2                                           /usr/lib/gcc/arm-elf/3.4.4/thumb/interwork/libgcc.a(_cmpdf2.o)
                                                  /usr/lib/gcc/arm-elf/3.4.4/../../../../arm-elf/lib/thumb/interwork/libm.a(w_sqrt.o)
                                                  /home/mav/Desktop/paparazzivn100/var/v1_i2c/ap/fw_v_ctl.o
                                                  /home/mav/Desktop/paparazzivn100/var/v1_i2c/ap/fw_h_ctl.o
                                                  /home/mav/Desktop/paparazzivn100/var/v1_i2c/ap/nav.o
                                                  /home/mav/Desktop/paparazzivn100/var/v1_i2c/ap/infrared.o
                                                  /home/mav/Desktop/paparazzivn100/var/v1_i2c/ap/main_ap.o