Archive member included because of file (symbol)

/usr/lib/gcc/arm-elf/3.4.4/../../../../arm-elf/lib/thumb/interwork/libm.a(s_atan.o)
                              /home/mav/Desktop/paparazzivn100/var/vn100/ap/nav.o (atan)
/usr/lib/gcc/arm-elf/3.4.4/../../../../arm-elf/lib/thumb/interwork/libm.a(s_cos.o)
                              /home/mav/Desktop/paparazzivn100/var/vn100/ap/nav.o (cos)
/usr/lib/gcc/arm-elf/3.4.4/../../../../arm-elf/lib/thumb/interwork/libm.a(s_fabs.o)
                              /usr/lib/gcc/arm-elf/3.4.4/../../../../arm-elf/lib/thumb/interwork/libm.a(s_atan.o) (fabs)
/usr/lib/gcc/arm-elf/3.4.4/../../../../arm-elf/lib/thumb/interwork/libm.a(s_sin.o)
                              /home/mav/Desktop/paparazzivn100/var/vn100/ap/nav.o (sin)
/usr/lib/gcc/arm-elf/3.4.4/../../../../arm-elf/lib/thumb/interwork/libm.a(w_atan2.o)
                              /home/mav/Desktop/paparazzivn100/var/vn100/ap/nav.o (atan2)
/usr/lib/gcc/arm-elf/3.4.4/../../../../arm-elf/lib/thumb/interwork/libm.a(w_sqrt.o)
                              /home/mav/Desktop/paparazzivn100/var/vn100/ap/nav.o (sqrt)
/usr/lib/gcc/arm-elf/3.4.4/../../../../arm-elf/lib/thumb/interwork/libm.a(e_atan2.o)
                              /usr/lib/gcc/arm-elf/3.4.4/../../../../arm-elf/lib/thumb/interwork/libm.a(w_atan2.o) (__ieee754_atan2)
/usr/lib/gcc/arm-elf/3.4.4/../../../../arm-elf/lib/thumb/interwork/libm.a(e_rem_pio2.o)
                              /usr/lib/gcc/arm-elf/3.4.4/../../../../arm-elf/lib/thumb/interwork/libm.a(s_cos.o) (__ieee754_rem_pio2)
/usr/lib/gcc/arm-elf/3.4.4/../../../../arm-elf/lib/thumb/interwork/libm.a(e_sqrt.o)
                              /usr/lib/gcc/arm-elf/3.4.4/../../../../arm-elf/lib/thumb/interwork/libm.a(w_sqrt.o) (__ieee754_sqrt)
/usr/lib/gcc/arm-elf/3.4.4/../../../../arm-elf/lib/thumb/interwork/libm.a(k_cos.o)
                              /usr/lib/gcc/arm-elf/3.4.4/../../../../arm-elf/lib/thumb/interwork/libm.a(s_cos.o) (__kernel_cos)
/usr/lib/gcc/arm-elf/3.4.4/../../../../arm-elf/lib/thumb/interwork/libm.a(k_rem_pio2.o)
                              /usr/lib/gcc/arm-elf/3.4.4/../../../../arm-elf/lib/thumb/interwork/libm.a(e_rem_pio2.o) (__kernel_rem_pio2)
/usr/lib/gcc/arm-elf/3.4.4/../../../../arm-elf/lib/thumb/interwork/libm.a(k_sin.o)
                              /usr/lib/gcc/arm-elf/3.4.4/../../../../arm-elf/lib/thumb/interwork/libm.a(s_cos.o) (__kernel_sin)
/usr/lib/gcc/arm-elf/3.4.4/../../../../arm-elf/lib/thumb/interwork/libm.a(s_floor.o)
                              /usr/lib/gcc/arm-elf/3.4.4/../../../../arm-elf/lib/thumb/interwork/libm.a(k_rem_pio2.o) (floor)
/usr/lib/gcc/arm-elf/3.4.4/../../../../arm-elf/lib/thumb/interwork/libm.a(s_isnan.o)
                              /usr/lib/gcc/arm-elf/3.4.4/../../../../arm-elf/lib/thumb/interwork/libm.a(w_atan2.o) (isnan)
/usr/lib/gcc/arm-elf/3.4.4/../../../../arm-elf/lib/thumb/interwork/libm.a(s_lib_ver.o)
                              /usr/lib/gcc/arm-elf/3.4.4/../../../../arm-elf/lib/thumb/interwork/libm.a(w_atan2.o) (__fdlib_version)
/usr/lib/gcc/arm-elf/3.4.4/../../../../arm-elf/lib/thumb/interwork/libm.a(s_matherr.o)
                              /usr/lib/gcc/arm-elf/3.4.4/../../../../arm-elf/lib/thumb/interwork/libm.a(w_atan2.o) (matherr)
/usr/lib/gcc/arm-elf/3.4.4/../../../../arm-elf/lib/thumb/interwork/libm.a(s_scalbn.o)
                              /usr/lib/gcc/arm-elf/3.4.4/../../../../arm-elf/lib/thumb/interwork/libm.a(k_rem_pio2.o) (scalbn)
/usr/lib/gcc/arm-elf/3.4.4/../../../../arm-elf/lib/thumb/interwork/libm.a(s_copysign.o)
                              /usr/lib/gcc/arm-elf/3.4.4/../../../../arm-elf/lib/thumb/interwork/libm.a(s_scalbn.o) (copysign)
/usr/lib/gcc/arm-elf/3.4.4/../../../../arm-elf/lib/thumb/interwork/libc.a(errno.o)
                              /usr/lib/gcc/arm-elf/3.4.4/../../../../arm-elf/lib/thumb/interwork/libm.a(w_atan2.o) (__errno)
/usr/lib/gcc/arm-elf/3.4.4/../../../../arm-elf/lib/thumb/interwork/libc.a(impure.o)
                              /usr/lib/gcc/arm-elf/3.4.4/../../../../arm-elf/lib/thumb/interwork/libc.a(errno.o) (_impure_ptr)
/usr/lib/gcc/arm-elf/3.4.4/thumb/interwork/libgcc.a(_divsi3.o)
                              /home/mav/Desktop/paparazzivn100/var/vn100/ap/main_fbw.o (__divsi3)
/usr/lib/gcc/arm-elf/3.4.4/thumb/interwork/libgcc.a(_dvmd_tls.o)
                              /usr/lib/gcc/arm-elf/3.4.4/thumb/interwork/libgcc.a(_divsi3.o) (__div0)
/usr/lib/gcc/arm-elf/3.4.4/thumb/interwork/libgcc.a(_addsubdf3.o)
                              /home/mav/Desktop/paparazzivn100/var/vn100/ap/gps.o (__subdf3)
/usr/lib/gcc/arm-elf/3.4.4/thumb/interwork/libgcc.a(_muldivdf3.o)
                              /home/mav/Desktop/paparazzivn100/var/vn100/ap/main_fbw.o (__muldf3)
/usr/lib/gcc/arm-elf/3.4.4/thumb/interwork/libgcc.a(_cmpdf2.o)
                              /home/mav/Desktop/paparazzivn100/var/vn100/ap/main_ap.o (__gtdf2)
/usr/lib/gcc/arm-elf/3.4.4/thumb/interwork/libgcc.a(_fixdfsi.o)
[...]
Memory Configuration

Name             Origin             Length             Attributes
ROM              0x00000000         0x0007d000         xr
RAM              0x40000000         0x00008000         rw
*default*        0x00000000         0xffffffff

Linker script and memory map

LOAD /home/mav/Desktop/paparazzivn100/var/vn100/ap/crt0.o
LOAD /home/mav/Desktop/paparazzivn100/var/vn100/ap/sys_time.o
LOAD /home/mav/Desktop/paparazzivn100/var/vn100/ap/sys_time_hw.o
LOAD /home/mav/Desktop/paparazzivn100/var/vn100/ap/armVIC.o
LOAD /home/mav/Desktop/paparazzivn100/var/vn100/ap/main_fbw.o
LOAD /home/mav/Desktop/paparazzivn100/var/vn100/ap/main_ap.o
LOAD /home/mav/Desktop/paparazzivn100/var/vn100/ap/main.o
LOAD /home/mav/Desktop/paparazzivn100/var/vn100/ap/commands.o
LOAD /home/mav/Desktop/paparazzivn100/var/vn100/ap/servos_4015_MAT_hw.o
LOAD /home/mav/Desktop/paparazzivn100/var/vn100/ap/actuators.o
LOAD /home/mav/Desktop/paparazzivn100/var/vn100/ap/radio_control.o
LOAD /home/mav/Desktop/paparazzivn100/var/vn100/ap/ppm_hw.o
LOAD /home/mav/Desktop/paparazzivn100/var/vn100/ap/downlink.o
LOAD /home/mav/Desktop/paparazzivn100/var/vn100/ap/uart_hw.o
LOAD /home/mav/Desktop/paparazzivn100/var/vn100/ap/pprz_transport.o
LOAD /home/mav/Desktop/paparazzivn100/var/vn100/ap/traffic_info.o
LOAD /home/mav/Desktop/paparazzivn100/var/vn100/ap/inter_mcu.o
LOAD /home/mav/Desktop/paparazzivn100/var/vn100/ap/adc_hw.o
LOAD /home/mav/Desktop/paparazzivn100/var/vn100/ap/gps_ubx.o
LOAD /home/mav/Desktop/paparazzivn100/var/vn100/ap/gps.o
LOAD /home/mav/Desktop/paparazzivn100/var/vn100/ap/infrared.o
LOAD /home/mav/Desktop/paparazzivn100/var/vn100/ap/estimator.o
LOAD /home/mav/Desktop/paparazzivn100/var/vn100/ap/nav.o
LOAD /home/mav/Desktop/paparazzivn100/var/vn100/ap/fw_h_ctl.o
LOAD /home/mav/Desktop/paparazzivn100/var/vn100/ap/fw_v_ctl.o
LOAD /home/mav/Desktop/paparazzivn100/var/vn100/ap/gyro.o
LOAD /home/mav/Desktop/paparazzivn100/var/vn100/ap/gpio.o
LOAD /home/mav/Desktop/paparazzivn100/var/vn100/ap/spi.o
LOAD /home/mav/Desktop/paparazzivn100/var/vn100/ap/spi_hw.o
LOAD /home/mav/Desktop/paparazzivn100/var/vn100/ap/ap_vn100.o
LOAD /usr/lib/gcc/arm-elf/3.4.4/../../../../arm-elf/lib/thumb/interwork/libc.a
LOAD /usr/lib/gcc/arm-elf/3.4.4/../../../../arm-elf/lib/thumb/interwork/libm.a
LOAD /usr/lib/gcc/arm-elf/3.4.4/../../../../arm-elf/lib/thumb/interwork/libc.a
LOAD /usr/lib/gcc/arm-elf/3.4.4/thumb/interwork/libgcc.a
LOAD /usr/lib/gcc/arm-elf/3.4.4/thumb/interwork/libgcc.a
LOAD /usr/lib/gcc/arm-elf/3.4.4/../../../../arm-elf/lib/thumb/interwork/libc.a
LOAD /usr/lib/gcc/arm-elf/3.4.4/thumb/interwork/libgcc.a
                0x00001000                STACK_SIZE = 0x1000

.text           0x00000000    0x1076e
 *(.init)
 .init          0x00000000      0x13c /home/mav/Desktop/paparazzivn100/var/vn100/ap/crt0.o
                0x00000114                reset
                0x00000000                _boot
                0x00000050                _mainCRTStartup
                0x00000114                abort
                0x00000050                _start
                0x00000114                _reset
                0x00000114                exit
                0x00000050                start
 *(.text .text.*)
 .text          0x0000013c      0x20c /home/mav/Desktop/paparazzivn100/var/vn100/ap/sys_time_hw.o
                0x0000013c                TIMER0_ISR
 .text          0x00000348       0x78 /home/mav/Desktop/paparazzivn100/var/vn100/ap/armVIC.o
                0x00000358                restoreIRQ
                0x000003b0                enableFIQ
                0x00000384                disableFIQ
                0x00000374                enableIRQ
                0x00000394                restoreFIQ
                0x00000348                disableIRQ
 .text          0x000003c0     0x15b0 /home/mav/Desktop/paparazzivn100/var/vn100/ap/main_fbw.o
                0x000003c0                init_fbw
                0x00000590                event_task_fbw
                0x00000b68                periodic_task_fbw
 .text          0x00001970     0x438c /home/mav/Desktop/paparazzivn100/var/vn100/ap/main_ap.o
                0x00002750                periodic_task_ap
                0x00005678                init_ap
                0x000057c0                event_task_ap
                0x00001970                telecommand_task
 .text          0x00005cfc       0xdc /home/mav/Desktop/paparazzivn100/var/vn100/ap/main.o
                0x00005cfc                main
 .text          0x00005dd8       0xc8 /home/mav/Desktop/paparazzivn100/var/vn100/ap/servos_4015_MAT_hw.o
                0x00005dd8                actuators_init
 .text          0x00005ea0      0x680 /home/mav/Desktop/paparazzivn100/var/vn100/ap/uart_hw.o
                0x00005fcc                uart0_transmit
                0x00006070                uart0_ISR
                0x000061d8                uart1_init_tx
                0x000062b0                uart1_check_free_space
                0x000063a8                uart1_ISR
                0x00006300                uart1_init_rx
                0x00005f7c                uart0_check_free_space
                0x00005ea0                uart0_init_tx
                0x00006304                uart1_transmit
                0x00005f78                uart0_init_rx
 .text          0x00006520       0x20 /home/mav/Desktop/paparazzivn100/var/vn100/ap/traffic_info.o
                0x00006520                get_ac_info
 .text          0x00006540      0x21c /home/mav/Desktop/paparazzivn100/var/vn100/ap/adc_hw.o
                0x000066ac                adcISR1
                0x00006540                adc_buf_channel
                0x00006558                adc_init
                0x00006600                adcISR0
 .text          0x0000675c     0x17b0 /home/mav/Desktop/paparazzivn100/var/vn100/ap/gps_ubx.o
                0x00007b78                parse_gps_msg
                0x0000675c                gps_init
                0x00007d40                parse_ubx
                0x00006770                gps_reset
                0x000068f0                gps_configure
 .text          0x00007f0c      0x89c /home/mav/Desktop/paparazzivn100/var/vn100/ap/gps.o
                0x000080dc                use_gps_pos
                0x00007f0c                estimator_update_state_gps
 .text          0x000087a8      0xbb4 /home/mav/Desktop/paparazzivn100/var/vn100/ap/infrared.o
                0x00008c48                estimator_update_ir_estim
                0x00008a34                ground_calibrate
                0x000088e4                ir_update
                0x000090e0                estimator_update_state_infrared
                0x000087a8                ir_init
 .text          0x0000935c       0xe8 /home/mav/Desktop/paparazzivn100/var/vn100/ap/estimator.o
                0x0000935c                estimator_init
                0x00009440                estimator_propagate_state
 .text          0x00009444     0x2190 /home/mav/Desktop/paparazzivn100/var/vn100/ap/nav.o
                0x0000a80c                nav_init
                0x0000a8c0                nav_eight
                0x00009e54                nav_home
                0x0000a850                nav_without_gps
                0x00009b70                nav_route_xy
                0x000094c4                nav_circle_XY
                0x00009a60                nav_approaching_xy
                0x0000af5c                nav_oval_init
                0x000099fc                nav_goto_block
                0x0000af70                nav_oval
                0x0000a8ac                nav_eight_init
                0x00009f60                nav_update
                0x00009444                nav_init_stage
 .text          0x0000b5d4      0xdfc /home/mav/Desktop/paparazzivn100/var/vn100/ap/fw_h_ctl.o
                0x0000b5d4                h_ctl_init
                0x0000bacc                h_ctl_attitude_loop
                0x0000b818                h_ctl_course_loop
 .text          0x0000c3d0      0x910 /home/mav/Desktop/paparazzivn100/var/vn100/ap/fw_v_ctl.o
                0x0000c538                v_ctl_altitude_loop
                0x0000c3d0                v_ctl_init
                0x0000c6e0                v_ctl_climb_loop
                0x0000cb14                v_ctl_throttle_slew
 .text          0x0000cce0      0x26c /home/mav/Desktop/paparazzivn100/var/vn100/ap/gyro.o
                0x0000cce0                gyro_init
                0x0000cd94                gyro_update
 .text          0x0000cf4c      0x2bc /home/mav/Desktop/paparazzivn100/var/vn100/ap/spi_hw.o
                0x0000cf4c                spi_init
                0x0000d004                SPI1_ISR
 .text          0x0000d208      0x31c /home/mav/Desktop/paparazzivn100/var/vn100/ap/ap_vn100.o
                0x0000d208                vn100_init
                0x0000d3e4                vnReadRegister
                0x0000d20c                vnSetSS
                0x0000d3d0                vnDelay
                0x0000d234                vnSendReceive
                0x0000d464                vnGetAnglesDD
                0x0000d4b0                vn100_periodic
 .text          0x0000d524      0x358 /usr/lib/gcc/arm-elf/3.4.4/../../../../arm-elf/lib/thumb/interwork/libm.a(s_atan.o)
                0x0000d524                atan
 .text          0x0000d87c       0xb4 /usr/lib/gcc/arm-elf/3.4.4/../../../../arm-elf/lib/thumb/interwork/libm.a(s_cos.o)
                0x0000d87c                cos
 .text          0x0000d930       0x20 /usr/lib/gcc/arm-elf/3.4.4/../../../../arm-elf/lib/thumb/interwork/libm.a(s_fabs.o)
                0x0000d930                fabs
 .text          0x0000d950       0xbc /usr/lib/gcc/arm-elf/3.4.4/../../../../arm-elf/lib/thumb/interwork/libm.a(s_sin.o)
                0x0000d950                sin
 .text          0x0000da0c       0xcc /usr/lib/gcc/arm-elf/3.4.4/../../../../arm-elf/lib/thumb/interwork/libm.a(w_atan2.o)
                0x0000da0c                atan2
 .text          0x0000dad8       0xc8 /usr/lib/gcc/arm-elf/3.4.4/../../../../arm-elf/lib/thumb/interwork/libm.a(w_sqrt.o)
                0x0000dad8                sqrt
 .text          0x0000dba0      0x21c /usr/lib/gcc/arm-elf/3.4.4/../../../../arm-elf/lib/thumb/interwork/libm.a(e_atan2.o)
                0x0000dba0                __ieee754_atan2
 .text          0x0000ddbc      0x4a0 /usr/lib/gcc/arm-elf/3.4.4/../../../../arm-elf/lib/thumb/interwork/libm.a(e_rem_pio2.o)
                0x0000ddbc                __ieee754_rem_pio2
 .text          0x0000e25c      0x1e4 /usr/lib/gcc/arm-elf/3.4.4/../../../../arm-elf/lib/thumb/interwork/libm.a(e_sqrt.o)
                0x0000e25c                __ieee754_sqrt
 .text          0x0000e440      0x1e8 /usr/lib/gcc/arm-elf/3.4.4/../../../../arm-elf/lib/thumb/interwork/libm.a(k_cos.o)
                0x0000e440                __kernel_cos
 .text          0x0000e628      0x7ec /usr/lib/gcc/arm-elf/3.4.4/../../../../arm-elf/lib/thumb/interwork/libm.a(k_rem_pio2.o)
                0x0000e628                __kernel_rem_pio2
 .text          0x0000ee14      0x15c /usr/lib/gcc/arm-elf/3.4.4/../../../../arm-elf/lib/thumb/interwork/libm.a(k_sin.o)
                0x0000ee14                __kernel_sin
 .text          0x0000ef70      0x144 /usr/lib/gcc/arm-elf/3.4.4/../../../../arm-elf/lib/thumb/interwork/libm.a(s_floor.o)
                0x0000ef70                floor
 .text          0x0000f0b4       0x28 /usr/lib/gcc/arm-elf/3.4.4/../../../../arm-elf/lib/thumb/interwork/libm.a(s_isnan.o)
                0x0000f0b4                isnan
 .text          0x0000f0dc        0x4 /usr/lib/gcc/arm-elf/3.4.4/../../../../arm-elf/lib/thumb/interwork/libm.a(s_matherr.o)
                0x0000f0dc                matherr
 .text          0x0000f0e0      0x120 /usr/lib/gcc/arm-elf/3.4.4/../../../../arm-elf/lib/thumb/interwork/libm.a(s_scalbn.o)
                0x0000f0e0                scalbn
 .text          0x0000f200       0x1c /usr/lib/gcc/arm-elf/3.4.4/../../../../arm-elf/lib/thumb/interwork/libm.a(s_copysign.o)
                0x0000f200                copysign
 .text          0x0000f21c        0xc /usr/lib/gcc/arm-elf/3.4.4/../../../../arm-elf/lib/thumb/interwork/libc.a(errno.o)
                0x0000f21c                __errno
 .text          0x0000f228       0x94 /usr/lib/gcc/arm-elf/3.4.4/thumb/interwork/libgcc.a(_divsi3.o)
                0x0000f228                __divsi3
 .text          0x0000f2bc        0x4 /usr/lib/gcc/arm-elf/3.4.4/thumb/interwork/libgcc.a(_dvmd_tls.o)
                0x0000f2bc                __div0
 .text          0x0000f2c0      0x3a8 /usr/lib/gcc/arm-elf/3.4.4/thumb/interwork/libgcc.a(_addsubdf3.o)
                0x0000f5f0                __floatsidf
                0x0000f61c                __extendsfdf2
                0x0000f2c4                __adddf3
                0x0000f5c8                __floatunsidf
                0x0000f2c0                __subdf3
 .text          0x0000f668      0x4ec /usr/lib/gcc/arm-elf/3.4.4/thumb/interwork/libgcc.a(_muldivdf3.o)
                0x0000f8e0                __divdf3
                0x0000f668                __muldf3
 .text          0x0000fb54       0xb4 /usr/lib/gcc/arm-elf/3.4.4/thumb/interwork/libgcc.a(_cmpdf2.o)
                0x0000fb64                __cmpdf2
                0x0000fb64                __eqdf2
                0x0000fb54                __gtdf2
                0x0000fb5c                __ltdf2
                0x0000fb5c                __ledf2
                0x0000fb64                __nedf2
                0x0000fb54                __gedf2
 .text          0x0000fc08       0x80 /usr/lib/gcc/arm-elf/3.4.4/thumb/interwork/libgcc.a(_fixdfsi.o)
                0x0000fc08                __fixdfsi
 .text          0x0000fc88       0x74 /usr/lib/gcc/arm-elf/3.4.4/thumb/interwork/libgcc.a(_fixunsdfsi.o)
                0x0000fc88                __fixunsdfsi
 .text          0x0000fcfc       0xf8 /usr/lib/gcc/arm-elf/3.4.4/thumb/interwork/libgcc.a(_truncdfsf2.o)
                0x0000fcfc                __truncdfsf2
 .text          0x0000fdf4      0x218 /usr/lib/gcc/arm-elf/3.4.4/thumb/interwork/libgcc.a(_addsubsf3.o)
                0x0000fdf4                __subsf3
                0x0000ffc0                __floatsisf
                0x0000ffb8                __floatunsisf
                0x0000fdf8                __addsf3
 .text          0x0001000c      0x330 /usr/lib/gcc/arm-elf/3.4.4/thumb/interwork/libgcc.a(_muldivsf3.o)
                0x0001019c                __divsf3
                0x0001000c                __mulsf3
 .text          0x0001033c       0x9c /usr/lib/gcc/arm-elf/3.4.4/thumb/interwork/libgcc.a(_cmpsf2.o)
                0x00010344                __lesf2
                0x0001034c                __nesf2
                0x0001033c                __gtsf2
                0x0001034c                __eqsf2
                0x0001034c                __cmpsf2
                0x00010344                __ltsf2
                0x0001033c                __gesf2
 .text          0x000103d8       0x68 /usr/lib/gcc/arm-elf/3.4.4/thumb/interwork/libgcc.a(_fixsfsi.o)
                0x000103d8                __fixsfsi
 *(.gnu.linkonce.t.*)
 *(.glue_7)
 .glue_7        0x00010440       0x48 /usr/lib/gcc/arm-elf/3.4.4/thumb/interwork/libgcc.a(_fixsfsi.o)
                0x0001044c                __atan2_from_arm
                0x00010464                __cos_from_arm
                0x00010458                __atan_from_arm
                0x00010440                ____divsi3_from_arm
                0x00010470                __sin_from_arm
                0x0001047c                __sqrt_from_arm
 *(.glue_7t)
 .glue_7t       0x00010488       0x50 /usr/lib/gcc/arm-elf/3.4.4/thumb/interwork/libgcc.a(_fixsfsi.o)
                0x000104a0                ____gtdf2_from_thumb
                0x00010498                ____subdf3_from_thumb
                0x000104bc                ____ltdf2_change_to_arm
                0x0001049c                ____subdf3_change_to_arm
                0x000104d4                ____gedf2_change_to_arm
                0x000104b0                ____eqdf2_from_thumb
                0x000104c0                ____fixdfsi_from_thumb
                0x000104ac                ____divdf3_change_to_arm
                0x000104d0                ____gedf2_from_thumb
                0x00010494                ____muldf3_change_to_arm
                0x000104c4                ____fixdfsi_change_to_arm
                0x000104a8                ____divdf3_from_thumb
                0x0001048c                ____adddf3_change_to_arm
                0x000104a4                ____gtdf2_change_to_arm
                0x000104c8                ____floatsidf_from_thumb
                0x000104b8                ____ltdf2_from_thumb
                0x00010488                ____adddf3_from_thumb
                0x000104b4                ____eqdf2_change_to_arm
                0x00010490                ____muldf3_from_thumb
                0x000104cc                ____floatsidf_change_to_arm
 *(.gcc_except_table)
 *(.rodata)
 .rodata        0x000104d8        0x2 /home/mav/Desktop/paparazzivn100/var/vn100/ap/main_ap.o
 .rodata        0x000104da        0x8 /home/mav/Desktop/paparazzivn100/var/vn100/ap/commands.o
                0x000104da                commands_failsafe
 .rodata        0x000104e2        0x1 /home/mav/Desktop/paparazzivn100/var/vn100/ap/nav.o
                0x000104e2                nb_waypoint
 *fill*         0x000104e3        0x1 00
 .rodata        0x000104e4       0x98 /usr/lib/gcc/arm-elf/3.4.4/../../../../arm-elf/lib/thumb/interwork/libm.a(s_atan.o)
 .rodata        0x0001057c      0x188 /usr/lib/gcc/arm-elf/3.4.4/../../../../arm-elf/lib/thumb/interwork/libm.a(e_rem_pio2.o)
 .rodata        0x00010704       0x50 /usr/lib/gcc/arm-elf/3.4.4/../../../../arm-elf/lib/thumb/interwork/libm.a(k_rem_pio2.o)
 .rodata        0x00010754        0x4 /usr/lib/gcc/arm-elf/3.4.4/../../../../arm-elf/lib/thumb/interwork/libm.a(s_lib_ver.o)
                0x00010754                __fdlib_version
 .rodata        0x00010758        0x4 /usr/lib/gcc/arm-elf/3.4.4/../../../../arm-elf/lib/thumb/interwork/libc.a(impure.o)
                0x00010758                _global_impure_ptr
 *(.rodata*)
 .rodata.str1.4
                0x0001075c        0x6 /usr/lib/gcc/arm-elf/3.4.4/../../../../arm-elf/lib/thumb/interwork/libm.a(w_atan2.o)
                                  0x8 (size before relaxing)
 *fill*         0x00010762        0x2 00
 .rodata.str1.4
                0x00010764        0x5 /usr/lib/gcc/arm-elf/3.4.4/../../../../arm-elf/lib/thumb/interwork/libm.a(w_sqrt.o)
                                  0x8 (size before relaxing)
 *fill*         0x00010769        0x3 00
 .rodata.str1.4
                0x0001076c        0x2 /usr/lib/gcc/arm-elf/3.4.4/../../../../arm-elf/lib/thumb/interwork/libc.a(impure.o)
                                  0x4 (size before relaxing)
 *(.gnu.linkonce.r.*)
                0x00010770                . = ALIGN (0x4)

.ctors          0x0001076e        0x0
                0x0001076e                PROVIDE (__ctors_start__, .)
 *(SORT(.ctors.*))
 *(.ctors)
                0x0001076e                PROVIDE (__ctors_end__, .)

.dtors          0x0001076e        0x0
                0x0001076e                PROVIDE (__dtors_start__, .)
 *(SORT(.dtors.*))
 *(.dtors)
                0x0001076e                PROVIDE (__dtors_end__, .)
                0x00010770                . = ALIGN (0x4)
                0x00010770                _etext = .
                0x00010770                PROVIDE (etext, .)

.data           0x40000000      0x484 load address 0x00010770
                0x40000000                _data = .
 *(.data)
 .data          0x40000000        0x1 /home/mav/Desktop/paparazzivn100/var/vn100/ap/sys_time_hw.o
 .data          0x40000001        0x4 /home/mav/Desktop/paparazzivn100/var/vn100/ap/main_ap.o
                0x40000001                ac_ident
                0x40000002                light_mode
                0x40000003                pprz_mode
 *fill*         0x40000005        0x3 00
 .data          0x40000008        0x4 /home/mav/Desktop/paparazzivn100/var/vn100/ap/servos_4015_MAT_hw.o
                0x40000008                servos_delay
 .data          0x4000000c        0x8 /home/mav/Desktop/paparazzivn100/var/vn100/ap/inter_mcu.o
                0x4000000c                ap_state
                0x40000010                fbw_state
 .data          0x40000014       0x20 /home/mav/Desktop/paparazzivn100/var/vn100/ap/adc_hw.o
                0x40000014                adc1_val
                0x40000024                adc0_val
 .data          0x40000034       0x4c /home/mav/Desktop/paparazzivn100/var/vn100/ap/nav.o
                0x40000074                nav_utm_zone0
                0x4000007c                nav_utm_east0
                0x40000078                nav_utm_north0
                0x40000034                waypoints
                0x40000070                nav_altitude
 .data          0x40000080      0x404 /usr/lib/gcc/arm-elf/3.4.4/../../../../arm-elf/lib/thumb/interwork/libc.a(impure.o)
                0x40000480                _impure_ptr
 *(.data.*)
 *(.gnu.linkonce.d*)
                0x40000484                . = ALIGN (0x4)
 *(.fastrun)
                0x40000484                . = ALIGN (0x4)
                0x40000484                _edata = .
                0x40000484                PROVIDE (edata, .)

.bss            0x40000484      0xee4
                0x40000484                __bss_start = .
                0x40000484                __bss_start__ = .
 *(.bss)
 .bss           0x40000484        0x4 /home/mav/Desktop/paparazzivn100/var/vn100/ap/sys_time.o
 .bss           0x40000488        0x8 /home/mav/Desktop/paparazzivn100/var/vn100/ap/sys_time_hw.o
 .bss           0x40000490       0x10 /home/mav/Desktop/paparazzivn100/var/vn100/ap/main_fbw.o
 .bss           0x400004a0       0x28 /home/mav/Desktop/paparazzivn100/var/vn100/ap/main_ap.o
                0x400004a8                lateral_mode
                0x400004a5                launch
                0x400004a0                empty_bay
                0x400004a4                gps_lost
                0x400004a7                ir_estim_mode
                0x400004a6                kill_throttle
                0x400004a9                fatal_error_nb
                0x400004aa                rc_settings_mode
 .bss           0x400004c8        0x4 /home/mav/Desktop/paparazzivn100/var/vn100/ap/main.o
 .bss           0x400004cc        0x4 /home/mav/Desktop/paparazzivn100/var/vn100/ap/servos_4015_MAT_hw.o
 .bss           0x400004d0        0x4 /home/mav/Desktop/paparazzivn100/var/vn100/ap/actuators.o
 .bss           0x400004d4        0x8 /home/mav/Desktop/paparazzivn100/var/vn100/ap/radio_control.o
                0x400004d4                rc_values_contains_avg_channels
 .bss           0x400004dc        0x4 /home/mav/Desktop/paparazzivn100/var/vn100/ap/ppm_hw.o
 .bss           0x400004e0        0x2 /home/mav/Desktop/paparazzivn100/var/vn100/ap/downlink.o
                0x400004e1                telemetry_mode_Fbw
                0x400004e0                telemetry_mode_Ap
 .bss           0x400004e2        0x1 /home/mav/Desktop/paparazzivn100/var/vn100/ap/pprz_transport.o
                0x400004e2                pprz_msg_received
 *fill*         0x400004e3        0x1 00
 .bss           0x400004e4       0x24 /home/mav/Desktop/paparazzivn100/var/vn100/ap/inter_mcu.o
                0x400004e4                inter_mcu_received_ap
                0x400004e5                inter_mcu_received_fbw
 .bss           0x40000508       0x40 /home/mav/Desktop/paparazzivn100/var/vn100/ap/adc_hw.o
 .bss           0x40000548        0x8 /home/mav/Desktop/paparazzivn100/var/vn100/ap/gps_ubx.o
 .bss           0x40000550        0x8 /home/mav/Desktop/paparazzivn100/var/vn100/ap/gps.o
 .bss           0x40000558       0xa4 /home/mav/Desktop/paparazzivn100/var/vn100/ap/infrared.o
                0x40000558                calib_status
 .bss           0x400005fc       0x60 /home/mav/Desktop/paparazzivn100/var/vn100/ap/nav.o
                0x40000609                nav_in_circle
                0x40000604                circle_bank
                0x400005fc                nav_pitch
                0x40000608                nav_in_segment
                0x40000600                altitude_shift
 .bss           0x4000065c       0x58 /home/mav/Desktop/paparazzivn100/var/vn100/ap/fw_h_ctl.o
                0x4000065c                h_ctl_attitude_enabled
 .bss           0x400006b4       0x58 /home/mav/Desktop/paparazzivn100/var/vn100/ap/fw_v_ctl.o
 .bss           0x4000070c       0x88 /home/mav/Desktop/paparazzivn100/var/vn100/ap/gyro.o
 .bss           0x40000794      0x178 /home/mav/Desktop/paparazzivn100/var/vn100/ap/ap_vn100.o
                0x40000794                VN_SPI_LastReceivedPacket
 *(.gnu.linkonce.b*)
 *(COMMON)
 COMMON         0x4000090c        0x2 /home/mav/Desktop/paparazzivn100/var/vn100/ap/sys_time.o
                0x4000090c                cpu_time_sec
 *fill*         0x4000090e        0x2 00
 COMMON         0x40000910        0x4 /home/mav/Desktop/paparazzivn100/var/vn100/ap/sys_time_hw.o
                0x40000910                cpu_time_ticks
 COMMON         0x40000914       0x46 /home/mav/Desktop/paparazzivn100/var/vn100/ap/main_fbw.o
                0x40000914                vsupply_adc_buf
                0x40000958                fbw_vsupply_decivolt
                0x40000959                fbw_mode
 *fill*         0x4000095a        0x2 00
 COMMON         0x4000095c      0x229 /home/mav/Desktop/paparazzivn100/var/vn100/ap/main_ap.o
                0x4000095c                accel_az_neutral
                0x40000960                rc_event_1
                0x40000964                estimator_kalman_r_angle
                0x40000968                vdrop2throt_coeff
                0x4000096c                accel_ay_scale
                0x40000970                estimator_kalman_phi
                0x40000974                the_acs
                0x40000b54                estimator_kalman_q_gyro
                0x40000b58                last_pprz_mode
                0x40000b5c                slider_2_val
                0x40000b60                estimator_kalman_theta
                0x40000b64                slider_1_val
                0x40000b68                estimator_kalman_q_angle
                0x40000b6c                accel_az_scale
                0x40000b70                rc_event_2
                0x40000b74                energy
                0x40000b78                accel_ay_neutral
                0x40000b7c                accel_ax_scale
                0x40000b80                accel_ax_neutral
                0x40000b84                vsupply
 *fill*         0x40000b85        0x1 00
 COMMON         0x40000b86        0x8 /home/mav/Desktop/paparazzivn100/var/vn100/ap/commands.o
                0x40000b86                commands
 COMMON         0x40000b8e       0x12 /home/mav/Desktop/paparazzivn100/var/vn100/ap/servos_4015_MAT_hw.o
                0x40000b8e                servos_4015_idx
                0x40000b90                servos_values
 COMMON         0x40000ba0        0xa /home/mav/Desktop/paparazzivn100/var/vn100/ap/actuators.o
                0x40000ba0                actuators
 *fill*         0x40000baa        0x2 00
 COMMON         0x40000bac       0x35 /home/mav/Desktop/paparazzivn100/var/vn100/ap/radio_control.o
                0x40000bac                rc_status
                0x40000bad                time_since_last_ppm
                0x40000bae                ppm_cpt
                0x40000bb0                rc_values
                0x40000bc0                avg_rc_values
                0x40000be0                last_ppm_cpt
 *fill*         0x40000be1        0x1 00
 COMMON         0x40000be2       0x11 /home/mav/Desktop/paparazzivn100/var/vn100/ap/ppm_hw.o
                0x40000be2                ppm_pulses
                0x40000bf2                ppm_valid
 COMMON         0x40000bf3        0x1 /home/mav/Desktop/paparazzivn100/var/vn100/ap/downlink.o
                0x40000bf3                downlink_nb_ovrn
 COMMON         0x40000bf4      0x214 /home/mav/Desktop/paparazzivn100/var/vn100/ap/uart_hw.o
                0x40000bf4                uart0_tx_buffer
                0x40000c74                uart1_rx_insert_idx
                0x40000c76                uart0_tx_insert_idx
                0x40000c78                uart1_tx_buffer
                0x40000cf8                uart1_rx_buffer
                0x40000d78                uart0_rx_insert_idx
                0x40000d7a                uart1_tx_running
                0x40000d7c                uart0_tx_extract_idx
                0x40000d7e                uart1_tx_insert_idx
                0x40000d80                uart1_rx_extract_idx
                0x40000d82                uart0_tx_running
                0x40000d83                uart0_rx_buffer
                0x40000e04                uart1_tx_extract_idx
                0x40000e06                uart0_rx_extract_idx
 COMMON         0x40000e08      0x105 /home/mav/Desktop/paparazzivn100/var/vn100/ap/pprz_transport.o
                0x40000e08                ck_b
                0x40000e09                pprz_payload_len
                0x40000e0a                pprz_ovrn
                0x40000e0b                pprz_payload
                0x40000f0b                ck_a
                0x40000f0c                pprz_error
 COMMON         0x40000f0d        0x2 /home/mav/Desktop/paparazzivn100/var/vn100/ap/inter_mcu.o
                0x40000f0d                ap_ok
                0x40000f0e                time_since_last_ap
 *fill*         0x40000f0f        0x1 00
 COMMON         0x40000f10      0x1a8 /home/mav/Desktop/paparazzivn100/var/vn100/ap/gps_ubx.o
                0x40000f10                ubx_msg_buf
                0x40001010                gps_alt
                0x40001014                gps_climb
                0x40001016                gps_msg_received
                0x40001017                gps_nb_channels
                0x40001018                ubx_class
                0x40001019                ubx_id
                0x4000101c                gps_utm_north
                0x40001020                gps_utm_east
                0x40001024                gps_nb_ovrn
                0x40001026                gps_course
                0x40001028                send_ck_b
                0x4000102a                gps_gspeed
                0x4000102c                send_ck_a
                0x40001030                gps_itow
                0x40001034                gps_pos_available
                0x40001035                gps_mode
                0x40001036                gps_utm_zone
                0x40001038                gps_svinfos
 COMMON         0x400010b8        0x2 /home/mav/Desktop/paparazzivn100/var/vn100/ap/gps.o
                0x400010b8                last_gps_msg_t
 *fill*         0x400010ba        0x2 00
 COMMON         0x400010bc       0x54 /home/mav/Desktop/paparazzivn100/var/vn100/ap/infrared.o
                0x400010bc                ir_correction_left
                0x400010c0                x2_dbg
                0x400010c2                ir_top
                0x400010c4                ir_estimated_theta_pi_4
                0x400010c8                ir_pitch
                0x400010cc                estimator_rad_of_ir
                0x400010d0                ir_contrast
                0x400010d4                ir_rad_of_ir
                0x400010d8                ir_correction_down
                0x400010dc                estimator_ir
                0x400010e0                ir_pitch_neutral
                0x400010e4                ir_estimated_phi_pi_4
                0x400010e8                adc_pitch_neutral
                0x400010ea                x1_dbg
                0x400010ec                z_contrast_mode
                0x400010f0                ir_correction_right
                0x400010f4                ir_estimated_theta_minus_pi_4
                0x400010f8                estimator_rad
                0x400010fc                ir_correction_up
                0x40001100                ir_estimated_phi_minus_pi_4
                0x40001104                ir_roll
                0x40001108                ir_roll_neutral
                0x4000110c                ir_360
                0x4000110e                adc_roll_neutral
 COMMON         0x40001110       0x58 /home/mav/Desktop/paparazzivn100/var/vn100/ap/estimator.o
                0x40001110                estimator_z_dot
                0x40001114                estimator_flight_time
                0x40001118                estimator_psi
                0x4000111c                estimator_z
                0x40001120                estimator_az
                0x40001124                estimator_t
                0x40001128                wind_east
                0x4000112c                estimator_ay
                0x40001130                estimator_p
                0x40001134                estimator_theta
                0x40001138                estimator_hspeed_mod
                0x4000113c                estimator_phi
                0x40001140                estimator_r
                0x40001144                estimator_x
                0x40001148                estimator_range
                0x4000114c                estimator_q
                0x40001150                estimator_hspeed_dir
                0x40001154                wind_north
                0x40001158                estimator_ax
                0x4000115c                alt_kalman_enabled
                0x40001160                estimator_y
                0x40001164                estimator_range_dot
 COMMON         0x40001168       0x64 /home/mav/Desktop/paparazzivn100/var/vn100/ap/nav.o
                0x40001168                nav_glide_pitch_trim
                0x4000116c                dist2_to_wp
                0x40001170                nav_segment_x_1
                0x40001174                desired_x
                0x40001178                nav_segment_x_2
                0x4000117a                nav_circle_radius
                0x4000117c                stage_time_ds
                0x40001180                nav_throttle_setpoint
                0x40001184                survey_south
                0x40001188                desired_y
                0x4000118c                carrot_x
                0x40001190                horizontal_mode
                0x40001191                nav_block
                0x40001192                nav_circle_y
                0x40001194                too_far_from_home
                0x40001198                rc_pitch
                0x4000119c                survey_north
                0x400011a0                dist2_to_home
                0x400011a4                survey_west
                0x400011a8                nav_stage
                0x400011ac                survey_east
                0x400011b0                nav_circle_x
                0x400011b2                nav_segment_y_2
                0x400011b4                nav_segment_y_1
                0x400011b8                ground_alt
                0x400011bc                carrot_y
                0x400011c0                stage_time
                0x400011c2                block_time
                0x400011c4                nav_circle_trigo_qdr
                0x400011c8                flight_altitude
 COMMON         0x400011cc       0xb8 /home/mav/Desktop/paparazzivn100/var/vn100/ap/fw_h_ctl.o
                0x400011cc                h_ctl_yaw_rate_mode
                0x400011d0                h_ctl_auto1_rate
                0x400011d4                h_ctl_course_setpoint
                0x400011d8                h_ctl_roll_rate_dgain
                0x400011dc                desired_pitch
                0x400011e0                h_ctl_roll_rate_setpoint
                0x400011e4                desired_roll
                0x400011e8                h_ctl_rudder_setpoint
                0x400011ec                h_ctl_roll_max_setpoint
                0x400011f0                h_ctl_lo_throttle_yaw_rate_pgain
                0x400011f4                h_ctl_course_pre_bank_correction
                0x400011f8                h_ctl_lo_throttle_pitch_rate_pgain
                0x400011fc                h_ctl_pitch_rate_dgain
                0x40001200                h_ctl_hi_throttle_pitch_rate_pgain
                0x40001204                h_ctl_elevator_setpoint
                0x40001208                h_ctl_roll_rate_igain
                0x4000120c                h_ctl_hi_throttle_yaw_rate_pgain
                0x40001210                h_ctl_roll_rate_setpoint_pgain
                0x40001214                h_ctl_hi_throttle_roll_rate_pgain
                0x40001218                h_ctl_aileron_of_throttle
                0x4000121c                h_ctl_yaw_pgain
                0x40001220                h_ctl_aileron_setpoint
                0x40001224                h_ctl_pitch_setpoint
                0x40001228                h_ctl_roll_rate_mode
                0x4000122c                h_ctl_pitch_min_setpoint
                0x40001230                h_ctl_course_pgain
                0x40001234                h_ctl_pitch_pgain
                0x40001238                h_ctl_course_pre_bank
                0x4000123c                h_ctl_yaw_rate_dgain
                0x40001240                h_ctl_pitch_max_setpoint
                0x40001244                h_ctl_pitch_rate_setpoint
                0x40001248                h_ctl_yaw_dgain
                0x4000124c                h_ctl_pitch_dgain
                0x40001250                h_ctl_lo_throttle_roll_rate_pgain
                0x40001254                h_ctl_yaw_rate_igain
                0x40001258                h_ctl_pitch_rate_igain
                0x4000125c                h_ctl_pitch_rate_setpoint_pgain
                0x40001260                h_ctl_yaw_setpoint
                0x40001264                h_ctl_yaw_rate_setpoint
                0x40001268                h_ctl_disabled
                0x4000126c                h_ctl_roll_pgain
                0x40001270                h_ctl_yaw_rate_setpoint_pgain
                0x40001274                h_ctl_roll_setpoint
                0x40001278                h_ctl_pitch_rate_mode
                0x4000127c                h_ctl_yaw_max_setpoint
                0x40001280                h_ctl_elevator_of_roll
 COMMON         0x40001284       0x60 /home/mav/Desktop/paparazzivn100/var/vn100/ap/fw_v_ctl.o
                0x40001284                v_ctl_auto_throttle_nominal_cruise_throttle
                0x40001288                v_ctl_altitude_error
                0x4000128c                v_ctl_climb_mode
                0x40001290                v_ctl_alt_sum_err
                0x40001294                v_ctl_auto_throttle_submode
                0x40001298                v_ctl_auto_throttle_pitch_of_vz_pgain
                0x4000129c                v_ctl_throttle_slew_
                0x400012a0                desc_throttle
                0x400012a4                v_ctl_auto_throttle_cruise_throttle_pgain
                0x400012a8                v_ctl_altitude_setpoint
                0x400012ac                v_ctl_mode
                0x400012b0                v_ctl_auto_throttle_cruise_throttle
                0x400012b4                v_ctl_altitude_pgain
                0x400012b8                v_ctl_auto_pitch_pgain
                0x400012bc                v_ctl_auto_throttle_climb_throttle_increment
                0x400012c0                v_ctl_auto_throttle_igain
                0x400012c4                v_ctl_throttle_setpoint
                0x400012c8                v_ctl_climb_setpoint
                0x400012cc                v_ctl_auto_pitch_igain
                0x400012d0                v_ctl_altitude_pre_climb
                0x400012d4                v_ctl_throttle_slewed
                0x400012d8                climb_throttle
                0x400012dc                v_ctl_auto_throttle_pgain
                0x400012e0                v_ctl_auto_pitch_sum_err
 COMMON         0x400012e4       0x64 /home/mav/Desktop/paparazzivn100/var/vn100/ap/gyro.o
                0x400012e4                gyro_yaw_scale
                0x400012e8                gyro_roll_scale
                0x400012ec                buf_roll
                0x40001330                gyro_pitch_adc
                0x40001334                gyro_roll_adc
                0x40001338                roll_rate_adc
                0x4000133c                gyro_yaw_adc
                0x40001340                gyro_pitch_scale
                0x40001344                yaw_rate_adc
                0x40001346                pitch_rate_adc
 COMMON         0x40001348        0x1 /home/mav/Desktop/paparazzivn100/var/vn100/ap/gpio.o
                0x40001348                gpio1_status
 *fill*         0x40001349        0x3 00
 COMMON         0x4000134c        0xe /home/mav/Desktop/paparazzivn100/var/vn100/ap/spi.o
                0x4000134c                spi_buffer_input
                0x40001350                spi_buffer_length
                0x40001351                spi_message_received
                0x40001354                spi_buffer_output
                0x40001358                spi_nb_ovrn
                0x40001359                spi_cur_slave
 COMMON         0x4000135a        0x2 /home/mav/Desktop/paparazzivn100/var/vn100/ap/spi_hw.o
                0x4000135a                spi_tx_idx
                0x4000135b                spi_rx_idx
 COMMON         0x4000135c        0xc /home/mav/Desktop/paparazzivn100/var/vn100/ap/ap_vn100.o
                0x4000135c                Yaw
                0x40001360                Roll
                0x40001364                Pitch
                0x40001368                . = ALIGN (0x4)
                0x40001368                . = ALIGN (0x4)
                0x40001368                __bss_end__ = .
                0x40001368                PROVIDE (__bss_end, .)

.stack          0x40001400     0x1000
                0x40002400                . = (. + STACK_SIZE)
 *fill*         0x40001400     0x1000 00
                0x40002400                PROVIDE (_stack, .)
                0x40002400                _end = .
                0x40002400                PROVIDE (end, .)

.stab
 *(.stab)

.stabstr
 *(.stabstr)

.stab.excl
 *(.stab.excl)

.stab.exclstr
 *(.stab.exclstr)

.stab.index
 *(.stab.index)

.stab.indexstr
 *(.stab.indexstr)

.comment        0x00000000      0x372
 *(.comment)
 .comment       0x00000000       0x12 /home/mav/Desktop/paparazzivn100/var/vn100/ap/sys_time.o
 .comment       0x00000012       0x12 /home/mav/Desktop/paparazzivn100/var/vn100/ap/sys_time_hw.o
 .comment       0x00000024       0x12 /home/mav/Desktop/paparazzivn100/var/vn100/ap/armVIC.o
 .comment       0x00000036       0x12 /home/mav/Desktop/paparazzivn100/var/vn100/ap/main_fbw.o
 .comment       0x00000048       0x12 /home/mav/Desktop/paparazzivn100/var/vn100/ap/main_ap.o
 .comment       0x0000005a       0x12 /home/mav/Desktop/paparazzivn100/var/vn100/ap/main.o
 .comment       0x0000006c       0x12 /home/mav/Desktop/paparazzivn100/var/vn100/ap/commands.o
 .comment       0x0000007e       0x12 /home/mav/Desktop/paparazzivn100/var/vn100/ap/servos_4015_MAT_hw.o
 .comment       0x00000090       0x12 /home/mav/Desktop/paparazzivn100/var/vn100/ap/actuators.o
 .comment       0x000000a2       0x12 /home/mav/Desktop/paparazzivn100/var/vn100/ap/radio_control.o
 .comment       0x000000b4       0x12 /home/mav/Desktop/paparazzivn100/var/vn100/ap/ppm_hw.o
 .comment       0x000000c6       0x12 /home/mav/Desktop/paparazzivn100/var/vn100/ap/downlink.o
 .comment       0x000000d8       0x12 /home/mav/Desktop/paparazzivn100/var/vn100/ap/uart_hw.o
 .comment       0x000000ea       0x12 /home/mav/Desktop/paparazzivn100/var/vn100/ap/pprz_transport.o
 .comment       0x000000fc       0x12 /home/mav/Desktop/paparazzivn100/var/vn100/ap/traffic_info.o
 .comment       0x0000010e       0x12 /home/mav/Desktop/paparazzivn100/var/vn100/ap/inter_mcu.o
 .comment       0x00000120       0x12 /home/mav/Desktop/paparazzivn100/var/vn100/ap/adc_hw.o
 .comment       0x00000132       0x12 /home/mav/Desktop/paparazzivn100/var/vn100/ap/gps_ubx.o
 .comment       0x00000144       0x12 /home/mav/Desktop/paparazzivn100/var/vn100/ap/gps.o
 .comment       0x00000156       0x12 /home/mav/Desktop/paparazzivn100/var/vn100/ap/infrared.o
 .comment       0x00000168       0x12 /home/mav/Desktop/paparazzivn100/var/vn100/ap/estimator.o
 .comment       0x0000017a       0x12 /home/mav/Desktop/paparazzivn100/var/vn100/ap/nav.o
 .comment       0x0000018c       0x12 /home/mav/Desktop/paparazzivn100/var/vn100/ap/fw_h_ctl.o
 .comment       0x0000019e       0x12 /home/mav/Desktop/paparazzivn100/var/vn100/ap/fw_v_ctl.o
 .comment       0x000001b0       0x12 /home/mav/Desktop/paparazzivn100/var/vn100/ap/gyro.o
 .comment       0x000001c2       0x12 /home/mav/Desktop/paparazzivn100/var/vn100/ap/gpio.o
 .comment       0x000001d4       0x12 /home/mav/Desktop/paparazzivn100/var/vn100/ap/spi.o
 .comment       0x000001e6       0x12 /home/mav/Desktop/paparazzivn100/var/vn100/ap/spi_hw.o
 .comment       0x000001f8       0x12 /home/mav/Desktop/paparazzivn100/var/vn100/ap/ap_vn100.o
 .comment       0x0000020a       0x12 /usr/lib/gcc/arm-elf/3.4.4/../../../../arm-elf/lib/thumb/interwork/libm.a(s_atan.o)
 .comment       0x0000021c       0x12 /usr/lib/gcc/arm-elf/3.4.4/../../../../arm-elf/lib/thumb/interwork/libm.a(s_cos.o)
 .comment       0x0000022e       0x12 /usr/lib/gcc/arm-elf/3.4.4/../../../../arm-elf/lib/thumb/interwork/libm.a(s_fabs.o)
 .comment       0x00000240       0x12 /usr/lib/gcc/arm-elf/3.4.4/../../../../arm-elf/lib/thumb/interwork/libm.a(s_sin.o)
 .comment       0x00000252       0x12 /usr/lib/gcc/arm-elf/3.4.4/../../../../arm-elf/lib/thumb/interwork/libm.a(w_atan2.o)
 .comment       0x00000264       0x12 /usr/lib/gcc/arm-elf/3.4.4/../../../../arm-elf/lib/thumb/interwork/libm.a(w_sqrt.o)
 .comment       0x00000276       0x12 /usr/lib/gcc/arm-elf/3.4.4/../../../../arm-elf/lib/thumb/interwork/libm.a(e_atan2.o)
 .comment       0x00000288       0x12 /usr/lib/gcc/arm-elf/3.4.4/../../../../arm-elf/lib/thumb/interwork/libm.a(e_rem_pio2.o)
 .comment       0x0000029a       0x12 /usr/lib/gcc/arm-elf/3.4.4/../../../../arm-elf/lib/thumb/interwork/libm.a(e_sqrt.o)
 .comment       0x000002ac       0x12 /usr/lib/gcc/arm-elf/3.4.4/../../../../arm-elf/lib/thumb/interwork/libm.a(k_cos.o)
 .comment       0x000002be       0x12 /usr/lib/gcc/arm-elf/3.4.4/../../../../arm-elf/lib/thumb/interwork/libm.a(k_rem_pio2.o)
 .comment       0x000002d0       0x12 /usr/lib/gcc/arm-elf/3.4.4/../../../../arm-elf/lib/thumb/interwork/libm.a(k_sin.o)
 .comment       0x000002e2       0x12 /usr/lib/gcc/arm-elf/3.4.4/../../../../arm-elf/lib/thumb/interwork/libm.a(s_floor.o)
 .comment       0x000002f4       0x12 /usr/lib/gcc/arm-elf/3.4.4/../../../../arm-elf/lib/thumb/interwork/libm.a(s_isnan.o)
 .comment       0x00000306       0x12 /usr/lib/gcc/arm-elf/3.4.4/../../../../arm-elf/lib/thumb/interwork/libm.a(s_lib_ver.o)
 .comment       0x00000318       0x12 /usr/lib/gcc/arm-elf/3.4.4/../../../../arm-elf/lib/thumb/interwork/libm.a(s_matherr.o)
 .comment       0x0000032a       0x12 /usr/lib/gcc/arm-elf/3.4.4/../../../../arm-elf/lib/thumb/interwork/libm.a(s_scalbn.o)
 .comment       0x0000033c       0x12 /usr/lib/gcc/arm-elf/3.4.4/../../../../arm-elf/lib/thumb/interwork/libm.a(s_copysign.o)
 .comment       0x0000034e       0x12 /usr/lib/gcc/arm-elf/3.4.4/../../../../arm-elf/lib/thumb/interwork/libc.a(errno.o)
 .comment       0x00000360       0x12 /usr/lib/gcc/arm-elf/3.4.4/../../../../arm-elf/lib/thumb/interwork/libc.a(impure.o)

.debug
 *(.debug)

.line
 *(.line)

.debug_srcinfo
 *(.debug_srcinfo)

.debug_sfnames
 *(.debug_sfnames)

.debug_aranges  0x00000000      0x240
 *(.debug_aranges)
 .debug_aranges
                0x00000000       0x20 /usr/lib/gcc/arm-elf/3.4.4/../../../../arm-elf/lib/thumb/interwork/libm.a(s_atan.o)
 .debug_aranges
                0x00000020       0x20 /usr/lib/gcc/arm-elf/3.4.4/../../../../arm-elf/lib/thumb/interwork/libm.a(s_cos.o)
 .debug_aranges
                0x00000040       0x20 /usr/lib/gcc/arm-elf/3.4.4/../../../../arm-elf/lib/thumb/interwork/libm.a(s_fabs.o)
 .debug_aranges
                0x00000060       0x20 /usr/lib/gcc/arm-elf/3.4.4/../../../../arm-elf/lib/thumb/interwork/libm.a(s_sin.o)
 .debug_aranges
                0x00000080       0x20 /usr/lib/gcc/arm-elf/3.4.4/../../../../arm-elf/lib/thumb/interwork/libm.a(w_atan2.o)
 .debug_aranges
                0x000000a0       0x20 /usr/lib/gcc/arm-elf/3.4.4/../../../../arm-elf/lib/thumb/interwork/libm.a(w_sqrt.o)
 .debug_aranges
                0x000000c0       0x20 /usr/lib/gcc/arm-elf/3.4.4/../../../../arm-elf/lib/thumb/interwork/libm.a(e_atan2.o)
 .debug_aranges
                0x000000e0       0x20 /usr/lib/gcc/arm-elf/3.4.4/../../../../arm-elf/lib/thumb/interwork/libm.a(e_rem_pio2.o)
 .debug_aranges
                0x00000100       0x20 /usr/lib/gcc/arm-elf/3.4.4/../../../../arm-elf/lib/thumb/interwork/libm.a(e_sqrt.o)
 .debug_aranges
                0x00000120       0x20 /usr/lib/gcc/arm-elf/3.4.4/../../../../arm-elf/lib/thumb/interwork/libm.a(k_cos.o)
 .debug_aranges
                0x00000140       0x20 /usr/lib/gcc/arm-elf/3.4.4/../../../../arm-elf/lib/thumb/interwork/libm.a(k_rem_pio2.o)
 .debug_aranges
                0x00000160       0x20 /usr/lib/gcc/arm-elf/3.4.4/../../../../arm-elf/lib/thumb/interwork/libm.a(k_sin.o)
 .debug_aranges
                0x00000180       0x20 /usr/lib/gcc/arm-elf/3.4.4/../../../../arm-elf/lib/thumb/interwork/libm.a(s_floor.o)
 .debug_aranges
                0x000001a0       0x20 /usr/lib/gcc/arm-elf/3.4.4/../../../../arm-elf/lib/thumb/interwork/libm.a(s_isnan.o)
 .debug_aranges
                0x000001c0       0x20 /usr/lib/gcc/arm-elf/3.4.4/../../../../arm-elf/lib/thumb/interwork/libm.a(s_matherr.o)
 .debug_aranges
                0x000001e0       0x20 /usr/lib/gcc/arm-elf/3.4.4/../../../../arm-elf/lib/thumb/interwork/libm.a(s_scalbn.o)
 .debug_aranges
                0x00000200       0x20 /usr/lib/gcc/arm-elf/3.4.4/../../../../arm-elf/lib/thumb/interwork/libm.a(s_copysign.o)
 .debug_aranges
                0x00000220       0x20 /usr/lib/gcc/arm-elf/3.4.4/../../../../arm-elf/lib/thumb/interwork/libc.a(errno.o)

.debug_pubnames
                0x00000000      0x292
 *(.debug_pubnames)
 .debug_pubnames
                0x00000000       0x1b /usr/lib/gcc/arm-elf/3.4.4/../../../../arm-elf/lib/thumb/interwork/libm.a(s_atan.o)
 .debug_pubnames
                0x0000001b       0x1a /usr/lib/gcc/arm-elf/3.4.4/../../../../arm-elf/lib/thumb/interwork/libm.a(s_cos.o)
 .debug_pubnames
                0x00000035       0x1b /usr/lib/gcc/arm-elf/3.4.4/../../../../arm-elf/lib/thumb/interwork/libm.a(s_fabs.o)
 .debug_pubnames
                0x00000050       0x1a /usr/lib/gcc/arm-elf/3.4.4/../../../../arm-elf/lib/thumb/interwork/libm.a(s_sin.o)
 .debug_pubnames
                0x0000006a       0x1c /usr/lib/gcc/arm-elf/3.4.4/../../../../arm-elf/lib/thumb/interwork/libm.a(w_atan2.o)
 .debug_pubnames
                0x00000086       0x1b /usr/lib/gcc/arm-elf/3.4.4/../../../../arm-elf/lib/thumb/interwork/libm.a(w_sqrt.o)
 .debug_pubnames
                0x000000a1       0x26 /usr/lib/gcc/arm-elf/3.4.4/../../../../arm-elf/lib/thumb/interwork/libm.a(e_atan2.o)
 .debug_pubnames
                0x000000c7       0x29 /usr/lib/gcc/arm-elf/3.4.4/../../../../arm-elf/lib/thumb/interwork/libm.a(e_rem_pio2.o)
 .debug_pubnames
                0x000000f0       0x25 /usr/lib/gcc/arm-elf/3.4.4/../../../../arm-elf/lib/thumb/interwork/libm.a(e_sqrt.o)
 .debug_pubnames
                0x00000115       0x23 /usr/lib/gcc/arm-elf/3.4.4/../../../../arm-elf/lib/thumb/interwork/libm.a(k_cos.o)
 .debug_pubnames
                0x00000138       0x28 /usr/lib/gcc/arm-elf/3.4.4/../../../../arm-elf/lib/thumb/interwork/libm.a(k_rem_pio2.o)
 .debug_pubnames
                0x00000160       0x23 /usr/lib/gcc/arm-elf/3.4.4/../../../../arm-elf/lib/thumb/interwork/libm.a(k_sin.o)
 .debug_pubnames
                0x00000183       0x1c /usr/lib/gcc/arm-elf/3.4.4/../../../../arm-elf/lib/thumb/interwork/libm.a(s_floor.o)
 .debug_pubnames
                0x0000019f       0x1c /usr/lib/gcc/arm-elf/3.4.4/../../../../arm-elf/lib/thumb/interwork/libm.a(s_isnan.o)
 .debug_pubnames
                0x000001bb       0x26 /usr/lib/gcc/arm-elf/3.4.4/../../../../arm-elf/lib/thumb/interwork/libm.a(s_lib_ver.o)
 .debug_pubnames
                0x000001e1       0x1e /usr/lib/gcc/arm-elf/3.4.4/../../../../arm-elf/lib/thumb/interwork/libm.a(s_matherr.o)
 .debug_pubnames
                0x000001ff       0x1d /usr/lib/gcc/arm-elf/3.4.4/../../../../arm-elf/lib/thumb/interwork/libm.a(s_scalbn.o)
 .debug_pubnames
                0x0000021c       0x1f /usr/lib/gcc/arm-elf/3.4.4/../../../../arm-elf/lib/thumb/interwork/libm.a(s_copysign.o)
 .debug_pubnames
                0x0000023b       0x1e /usr/lib/gcc/arm-elf/3.4.4/../../../../arm-elf/lib/thumb/interwork/libc.a(errno.o)
 .debug_pubnames
                0x00000259       0x39 /usr/lib/gcc/arm-elf/3.4.4/../../../../arm-elf/lib/thumb/interwork/libc.a(impure.o)

.debug_info     0x00000000     0x314a
 *(.debug_info .gnu.linkonce.wi.*)
 .debug_info    0x00000000      0x25d /usr/lib/gcc/arm-elf/3.4.4/../../../../arm-elf/lib/thumb/interwork/libm.a(s_atan.o)
 .debug_info    0x0000025d       0xee /usr/lib/gcc/arm-elf/3.4.4/../../../../arm-elf/lib/thumb/interwork/libm.a(s_cos.o)
 .debug_info    0x0000034b      0x151 /usr/lib/gcc/arm-elf/3.4.4/../../../../arm-elf/lib/thumb/interwork/libm.a(s_fabs.o)
 .debug_info    0x0000049c       0xee /usr/lib/gcc/arm-elf/3.4.4/../../../../arm-elf/lib/thumb/interwork/libm.a(s_sin.o)
 .debug_info    0x0000058a      0x17e /usr/lib/gcc/arm-elf/3.4.4/../../../../arm-elf/lib/thumb/interwork/libm.a(w_atan2.o)
 .debug_info    0x00000708      0x172 /usr/lib/gcc/arm-elf/3.4.4/../../../../arm-elf/lib/thumb/interwork/libm.a(w_sqrt.o)
 .debug_info    0x0000087a      0x29b /usr/lib/gcc/arm-elf/3.4.4/../../../../arm-elf/lib/thumb/interwork/libm.a(e_atan2.o)
 .debug_info    0x00000b15      0x390 /usr/lib/gcc/arm-elf/3.4.4/../../../../arm-elf/lib/thumb/interwork/libm.a(e_rem_pio2.o)
 .debug_info    0x00000ea5      0x211 /usr/lib/gcc/arm-elf/3.4.4/../../../../arm-elf/lib/thumb/interwork/libm.a(e_sqrt.o)
 .debug_info    0x000010b6      0x20c /usr/lib/gcc/arm-elf/3.4.4/../../../../arm-elf/lib/thumb/interwork/libm.a(k_cos.o)
 .debug_info    0x000012c2      0x2c0 /usr/lib/gcc/arm-elf/3.4.4/../../../../arm-elf/lib/thumb/interwork/libm.a(k_rem_pio2.o)
 .debug_info    0x00001582      0x18b /usr/lib/gcc/arm-elf/3.4.4/../../../../arm-elf/lib/thumb/interwork/libm.a(k_sin.o)
 .debug_info    0x0000170d      0x1a0 /usr/lib/gcc/arm-elf/3.4.4/../../../../arm-elf/lib/thumb/interwork/libm.a(s_floor.o)
 .debug_info    0x000018ad      0x147 /usr/lib/gcc/arm-elf/3.4.4/../../../../arm-elf/lib/thumb/interwork/libm.a(s_isnan.o)
 .debug_info    0x000019f4       0xbe /usr/lib/gcc/arm-elf/3.4.4/../../../../arm-elf/lib/thumb/interwork/libm.a(s_lib_ver.o)
 .debug_info    0x00001ab2      0x125 /usr/lib/gcc/arm-elf/3.4.4/../../../../arm-elf/lib/thumb/interwork/libm.a(s_matherr.o)
 .debug_info    0x00001bd7      0x1f4 /usr/lib/gcc/arm-elf/3.4.4/../../../../arm-elf/lib/thumb/interwork/libm.a(s_scalbn.o)
 .debug_info    0x00001dcb      0x14a /usr/lib/gcc/arm-elf/3.4.4/../../../../arm-elf/lib/thumb/interwork/libm.a(s_copysign.o)
 .debug_info    0x00001f15      0x913 /usr/lib/gcc/arm-elf/3.4.4/../../../../arm-elf/lib/thumb/interwork/libc.a(errno.o)
 .debug_info    0x00002828      0x922 /usr/lib/gcc/arm-elf/3.4.4/../../../../arm-elf/lib/thumb/interwork/libc.a(impure.o)

.debug_abbrev   0x00000000     0x113f
 *(.debug_abbrev)
 .debug_abbrev  0x00000000      0x11f /usr/lib/gcc/arm-elf/3.4.4/../../../../arm-elf/lib/thumb/interwork/libm.a(s_atan.o)
 .debug_abbrev  0x0000011f       0x8b /usr/lib/gcc/arm-elf/3.4.4/../../../../arm-elf/lib/thumb/interwork/libm.a(s_cos.o)
 .debug_abbrev  0x000001aa       0xd0 /usr/lib/gcc/arm-elf/3.4.4/../../../../arm-elf/lib/thumb/interwork/libm.a(s_fabs.o)
 .debug_abbrev  0x0000027a       0x8b /usr/lib/gcc/arm-elf/3.4.4/../../../../arm-elf/lib/thumb/interwork/libm.a(s_sin.o)
 .debug_abbrev  0x00000305       0xc7 /usr/lib/gcc/arm-elf/3.4.4/../../../../arm-elf/lib/thumb/interwork/libm.a(w_atan2.o)
 .debug_abbrev  0x000003cc       0xc7 /usr/lib/gcc/arm-elf/3.4.4/../../../../arm-elf/lib/thumb/interwork/libm.a(w_sqrt.o)
 .debug_abbrev  0x00000493      0x10f /usr/lib/gcc/arm-elf/3.4.4/../../../../arm-elf/lib/thumb/interwork/libm.a(e_atan2.o)
 .debug_abbrev  0x000005a2      0x128 /usr/lib/gcc/arm-elf/3.4.4/../../../../arm-elf/lib/thumb/interwork/libm.a(e_rem_pio2.o)
 .debug_abbrev  0x000006ca      0x104 /usr/lib/gcc/arm-elf/3.4.4/../../../../arm-elf/lib/thumb/interwork/libm.a(e_sqrt.o)
 .debug_abbrev  0x000007ce       0xea /usr/lib/gcc/arm-elf/3.4.4/../../../../arm-elf/lib/thumb/interwork/libm.a(k_cos.o)
 .debug_abbrev  0x000008b8       0xe6 /usr/lib/gcc/arm-elf/3.4.4/../../../../arm-elf/lib/thumb/interwork/libm.a(k_rem_pio2.o)
 .debug_abbrev  0x0000099e       0x93 /usr/lib/gcc/arm-elf/3.4.4/../../../../arm-elf/lib/thumb/interwork/libm.a(k_sin.o)
 .debug_abbrev  0x00000a31       0xe8 /usr/lib/gcc/arm-elf/3.4.4/../../../../arm-elf/lib/thumb/interwork/libm.a(s_floor.o)
 .debug_abbrev  0x00000b19       0xd4 /usr/lib/gcc/arm-elf/3.4.4/../../../../arm-elf/lib/thumb/interwork/libm.a(s_isnan.o)
 .debug_abbrev  0x00000bed       0x5a /usr/lib/gcc/arm-elf/3.4.4/../../../../arm-elf/lib/thumb/interwork/libm.a(s_lib_ver.o)
 .debug_abbrev  0x00000c47       0x95 /usr/lib/gcc/arm-elf/3.4.4/../../../../arm-elf/lib/thumb/interwork/libm.a(s_matherr.o)
 .debug_abbrev  0x00000cdc       0xe8 /usr/lib/gcc/arm-elf/3.4.4/../../../../arm-elf/lib/thumb/interwork/libm.a(s_scalbn.o)
 .debug_abbrev  0x00000dc4       0xc5 /usr/lib/gcc/arm-elf/3.4.4/../../../../arm-elf/lib/thumb/interwork/libm.a(s_copysign.o)
 .debug_abbrev  0x00000e89      0x15f /usr/lib/gcc/arm-elf/3.4.4/../../../../arm-elf/lib/thumb/interwork/libc.a(errno.o)
 .debug_abbrev  0x00000fe8      0x157 /usr/lib/gcc/arm-elf/3.4.4/../../../../arm-elf/lib/thumb/interwork/libc.a(impure.o)

.debug_line     0x00000000     0x13e0
 *(.debug_line)
 .debug_line    0x00000000      0x137 /usr/lib/gcc/arm-elf/3.4.4/../../../../arm-elf/lib/thumb/interwork/libm.a(s_atan.o)
 .debug_line    0x00000137       0xcc /usr/lib/gcc/arm-elf/3.4.4/../../../../arm-elf/lib/thumb/interwork/libm.a(s_cos.o)
 .debug_line    0x00000203       0xf3 /usr/lib/gcc/arm-elf/3.4.4/../../../../arm-elf/lib/thumb/interwork/libm.a(s_fabs.o)
 .debug_line    0x000002f6       0xcc /usr/lib/gcc/arm-elf/3.4.4/../../../../arm-elf/lib/thumb/interwork/libm.a(s_sin.o)
 .debug_line    0x000003c2       0xca /usr/lib/gcc/arm-elf/3.4.4/../../../../arm-elf/lib/thumb/interwork/libm.a(w_atan2.o)
 .debug_line    0x0000048c       0xc9 /usr/lib/gcc/arm-elf/3.4.4/../../../../arm-elf/lib/thumb/interwork/libm.a(w_sqrt.o)
 .debug_line    0x00000555      0x14c /usr/lib/gcc/arm-elf/3.4.4/../../../../arm-elf/lib/thumb/interwork/libm.a(e_atan2.o)
 .debug_line    0x000006a1      0x17c /usr/lib/gcc/arm-elf/3.4.4/../../../../arm-elf/lib/thumb/interwork/libm.a(e_rem_pio2.o)
 .debug_line    0x0000081d      0x163 /usr/lib/gcc/arm-elf/3.4.4/../../../../arm-elf/lib/thumb/interwork/libm.a(e_sqrt.o)
 .debug_line    0x00000980      0x115 /usr/lib/gcc/arm-elf/3.4.4/../../../../arm-elf/lib/thumb/interwork/libm.a(k_cos.o)
 .debug_line    0x00000a95      0x187 /usr/lib/gcc/arm-elf/3.4.4/../../../../arm-elf/lib/thumb/interwork/libm.a(k_rem_pio2.o)
 .debug_line    0x00000c1c       0xc6 /usr/lib/gcc/arm-elf/3.4.4/../../../../arm-elf/lib/thumb/interwork/libm.a(k_sin.o)
 .debug_line    0x00000ce2      0x12a /usr/lib/gcc/arm-elf/3.4.4/../../../../arm-elf/lib/thumb/interwork/libm.a(s_floor.o)
 .debug_line    0x00000e0c       0xfb /usr/lib/gcc/arm-elf/3.4.4/../../../../arm-elf/lib/thumb/interwork/libm.a(s_isnan.o)
 .debug_line    0x00000f07       0xa0 /usr/lib/gcc/arm-elf/3.4.4/../../../../arm-elf/lib/thumb/interwork/libm.a(s_lib_ver.o)
 .debug_line    0x00000fa7       0xb0 /usr/lib/gcc/arm-elf/3.4.4/../../../../arm-elf/lib/thumb/interwork/libm.a(s_matherr.o)
 .debug_line    0x00001057       0xeb /usr/lib/gcc/arm-elf/3.4.4/../../../../arm-elf/lib/thumb/interwork/libm.a(s_scalbn.o)
 .debug_line    0x00001142       0xc4 /usr/lib/gcc/arm-elf/3.4.4/../../../../arm-elf/lib/thumb/interwork/libm.a(s_copysign.o)
 .debug_line    0x00001206       0xf4 /usr/lib/gcc/arm-elf/3.4.4/../../../../arm-elf/lib/thumb/interwork/libc.a(errno.o)
 .debug_line    0x000012fa       0xe6 /usr/lib/gcc/arm-elf/3.4.4/../../../../arm-elf/lib/thumb/interwork/libc.a(impure.o)

.debug_frame    0x00000000      0x388
 *(.debug_frame)
 .debug_frame   0x00000000       0x38 /usr/lib/gcc/arm-elf/3.4.4/../../../../arm-elf/lib/thumb/interwork/libm.a(s_atan.o)
 .debug_frame   0x00000038       0x30 /usr/lib/gcc/arm-elf/3.4.4/../../../../arm-elf/lib/thumb/interwork/libm.a(s_cos.o)
 .debug_frame   0x00000068       0x28 /usr/lib/gcc/arm-elf/3.4.4/../../../../arm-elf/lib/thumb/interwork/libm.a(s_fabs.o)
 .debug_frame   0x00000090       0x30 /usr/lib/gcc/arm-elf/3.4.4/../../../../arm-elf/lib/thumb/interwork/libm.a(s_sin.o)
 .debug_frame   0x000000c0       0x38 /usr/lib/gcc/arm-elf/3.4.4/../../../../arm-elf/lib/thumb/interwork/libm.a(w_atan2.o)
 .debug_frame   0x000000f8       0x38 /usr/lib/gcc/arm-elf/3.4.4/../../../../arm-elf/lib/thumb/interwork/libm.a(w_sqrt.o)
 .debug_frame   0x00000130       0x38 /usr/lib/gcc/arm-elf/3.4.4/../../../../arm-elf/lib/thumb/interwork/libm.a(e_atan2.o)
 .debug_frame   0x00000168       0x3c /usr/lib/gcc/arm-elf/3.4.4/../../../../arm-elf/lib/thumb/interwork/libm.a(e_rem_pio2.o)
 .debug_frame   0x000001a4       0x3c /usr/lib/gcc/arm-elf/3.4.4/../../../../arm-elf/lib/thumb/interwork/libm.a(e_sqrt.o)
 .debug_frame   0x000001e0       0x38 /usr/lib/gcc/arm-elf/3.4.4/../../../../arm-elf/lib/thumb/interwork/libm.a(k_cos.o)
 .debug_frame   0x00000218       0x40 /usr/lib/gcc/arm-elf/3.4.4/../../../../arm-elf/lib/thumb/interwork/libm.a(k_rem_pio2.o)
 .debug_frame   0x00000258       0x30 /usr/lib/gcc/arm-elf/3.4.4/../../../../arm-elf/lib/thumb/interwork/libm.a(k_sin.o)
 .debug_frame   0x00000288       0x38 /usr/lib/gcc/arm-elf/3.4.4/../../../../arm-elf/lib/thumb/interwork/libm.a(s_floor.o)
 .debug_frame   0x000002c0       0x28 /usr/lib/gcc/arm-elf/3.4.4/../../../../arm-elf/lib/thumb/interwork/libm.a(s_isnan.o)
 .debug_frame   0x000002e8       0x20 /usr/lib/gcc/arm-elf/3.4.4/../../../../arm-elf/lib/thumb/interwork/libm.a(s_matherr.o)
 .debug_frame   0x00000308       0x34 /usr/lib/gcc/arm-elf/3.4.4/../../../../arm-elf/lib/thumb/interwork/libm.a(s_scalbn.o)
 .debug_frame   0x0000033c       0x2c /usr/lib/gcc/arm-elf/3.4.4/../../../../arm-elf/lib/thumb/interwork/libm.a(s_copysign.o)
 .debug_frame   0x00000368       0x20 /usr/lib/gcc/arm-elf/3.4.4/../../../../arm-elf/lib/thumb/interwork/libc.a(errno.o)

.debug_str      0x00000000      0xbad
 *(.debug_str)
 .debug_str     0x00000000      0x148 /usr/lib/gcc/arm-elf/3.4.4/../../../../arm-elf/lib/thumb/interwork/libm.a(s_atan.o)
                                0x17b (size before relaxing)
 .debug_str     0x00000148       0x32 /usr/lib/gcc/arm-elf/3.4.4/../../../../arm-elf/lib/thumb/interwork/libm.a(s_cos.o)
                                0x12a (size before relaxing)
 .debug_str     0x0000017a       0x42 /usr/lib/gcc/arm-elf/3.4.4/../../../../arm-elf/lib/thumb/interwork/libm.a(s_fabs.o)
                                0x163 (size before relaxing)
 .debug_str     0x000001bc       0x32 /usr/lib/gcc/arm-elf/3.4.4/../../../../arm-elf/lib/thumb/interwork/libm.a(s_sin.o)
                                0x12a (size before relaxing)
 .debug_str     0x000001ee       0xaf /usr/lib/gcc/arm-elf/3.4.4/../../../../arm-elf/lib/thumb/interwork/libm.a(w_atan2.o)
                                0x1a8 (size before relaxing)
 .debug_str     0x0000029d       0x33 /usr/lib/gcc/arm-elf/3.4.4/../../../../arm-elf/lib/thumb/interwork/libm.a(w_sqrt.o)
                                0x1a6 (size before relaxing)
 .debug_str     0x000002d0       0x67 /usr/lib/gcc/arm-elf/3.4.4/../../../../arm-elf/lib/thumb/interwork/libm.a(e_atan2.o)
                                0x197 (size before relaxing)
 .debug_str     0x00000337       0xa4 /usr/lib/gcc/arm-elf/3.4.4/../../../../arm-elf/lib/thumb/interwork/libm.a(e_rem_pio2.o)
                                0x1e3 (size before relaxing)
 .debug_str     0x000003db       0x47 /usr/lib/gcc/arm-elf/3.4.4/../../../../arm-elf/lib/thumb/interwork/libm.a(e_sqrt.o)
                                0x17c (size before relaxing)
 .debug_str     0x00000422       0x3f /usr/lib/gcc/arm-elf/3.4.4/../../../../arm-elf/lib/thumb/interwork/libm.a(k_cos.o)
                                0x16a (size before relaxing)
 .debug_str     0x00000461       0x78 /usr/lib/gcc/arm-elf/3.4.4/../../../../arm-elf/lib/thumb/interwork/libm.a(k_rem_pio2.o)
                                0x17b (size before relaxing)
 .debug_str     0x000004d9       0x3f /usr/lib/gcc/arm-elf/3.4.4/../../../../arm-elf/lib/thumb/interwork/libm.a(k_sin.o)
                                0x13c (size before relaxing)
 .debug_str     0x00000518       0x3a /usr/lib/gcc/arm-elf/3.4.4/../../../../arm-elf/lib/thumb/interwork/libm.a(s_floor.o)
                                0x16f (size before relaxing)
 .debug_str     0x00000552       0x3a /usr/lib/gcc/arm-elf/3.4.4/../../../../arm-elf/lib/thumb/interwork/libm.a(s_isnan.o)
                                0x165 (size before relaxing)
 .debug_str     0x0000058c       0x92 /usr/lib/gcc/arm-elf/3.4.4/../../../../arm-elf/lib/thumb/interwork/libm.a(s_lib_ver.o)
                                0x183 (size before relaxing)
 .debug_str     0x0000061e       0x40 /usr/lib/gcc/arm-elf/3.4.4/../../../../arm-elf/lib/thumb/interwork/libm.a(s_matherr.o)
                                0x155 (size before relaxing)
 .debug_str     0x0000065e       0x4b /usr/lib/gcc/arm-elf/3.4.4/../../../../arm-elf/lib/thumb/interwork/libm.a(s_scalbn.o)
                                0x187 (size before relaxing)
 .debug_str     0x000006a9       0x42 /usr/lib/gcc/arm-elf/3.4.4/../../../../arm-elf/lib/thumb/interwork/libm.a(s_copysign.o)
                                0x165 (size before relaxing)
 .debug_str     0x000006eb      0x416 /usr/lib/gcc/arm-elf/3.4.4/../../../../arm-elf/lib/thumb/interwork/libc.a(errno.o)
                                0x4be (size before relaxing)
 .debug_str     0x00000b01       0xac /usr/lib/gcc/arm-elf/3.4.4/../../../../arm-elf/lib/thumb/interwork/libc.a(impure.o)
                                0x4d6 (size before relaxing)

.debug_loc
 *(.debug_loc)

.debug_macinfo
 *(.debug_macinfo)

.debug_weaknames
 *(.debug_weaknames)

.debug_funcnames
 *(.debug_funcnames)

.debug_typenames
 *(.debug_typenames)

.debug_varnames
 *(.debug_varnames)
OUTPUT(/home/mav/Desktop/paparazzivn100/var/vn100/ap/ap.elf elf32-littlearm)

.debug_ranges   0x00000000       0xc8
 .debug_ranges  0x00000000       0x28 /usr/lib/gcc/arm-elf/3.4.4/../../../../arm-elf/lib/thumb/interwork/libm.a(s_atan.o)
 .debug_ranges  0x00000028       0x20 /usr/lib/gcc/arm-elf/3.4.4/../../../../arm-elf/lib/thumb/interwork/libm.a(e_atan2.o)
 .debug_ranges  0x00000048       0x18 /usr/lib/gcc/arm-elf/3.4.4/../../../../arm-elf/lib/thumb/interwork/libm.a(e_rem_pio2.o)
 .debug_ranges  0x00000060       0x18 /usr/lib/gcc/arm-elf/3.4.4/../../../../arm-elf/lib/thumb/interwork/libm.a(e_sqrt.o)
 .debug_ranges  0x00000078       0x18 /usr/lib/gcc/arm-elf/3.4.4/../../../../arm-elf/lib/thumb/interwork/libm.a(k_cos.o)
 .debug_ranges  0x00000090       0x20 /usr/lib/gcc/arm-elf/3.4.4/../../../../arm-elf/lib/thumb/interwork/libm.a(s_floor.o)
 .debug_ranges  0x000000b0       0x18 /usr/lib/gcc/arm-elf/3.4.4/../../../../arm-elf/lib/thumb/interwork/libm.a(s_scalbn.o)

Cross Reference Table

Symbol                                            File
Pitch                                             /home/mav/Desktop/paparazzivn100/var/vn100/ap/ap_vn100.o
                                                  /home/mav/Desktop/paparazzivn100/var/vn100/ap/main_ap.o
Roll                                              /home/mav/Desktop/paparazzivn100/var/vn100/ap/ap_vn100.o
                                                  /home/mav/Desktop/paparazzivn100/var/vn100/ap/main_ap.o
SPI1_ISR                                          /home/mav/Desktop/paparazzivn100/var/vn100/ap/spi_hw.o
TIMER0_ISR                                        /home/mav/Desktop/paparazzivn100/var/vn100/ap/sys_time_hw.o
                                                  /home/mav/Desktop/paparazzivn100/var/vn100/ap/main_fbw.o
VN_SPI_LastReceivedPacket                         /home/mav/Desktop/paparazzivn100/var/vn100/ap/ap_vn100.o
Yaw                                               /home/mav/Desktop/paparazzivn100/var/vn100/ap/ap_vn100.o
                                                  /home/mav/Desktop/paparazzivn100/var/vn100/ap/main_ap.o
____adddf3_change_to_arm                          /usr/lib/gcc/arm-elf/3.4.4/thumb/interwork/libgcc.a(_fixsfsi.o)
____adddf3_from_thumb                             /usr/lib/gcc/arm-elf/3.4.4/thumb/interwork/libgcc.a(_fixsfsi.o)
____divdf3_change_to_arm                          /usr/lib/gcc/arm-elf/3.4.4/thumb/interwork/libgcc.a(_fixsfsi.o)
____divdf3_from_thumb                             /usr/lib/gcc/arm-elf/3.4.4/thumb/interwork/libgcc.a(_fixsfsi.o)
____divsi3_from_arm                               /usr/lib/gcc/arm-elf/3.4.4/thumb/interwork/libgcc.a(_fixsfsi.o)
____eqdf2_change_to_arm                           /usr/lib/gcc/arm-elf/3.4.4/thumb/interwork/libgcc.a(_fixsfsi.o)
____eqdf2_from_thumb                              /usr/lib/gcc/arm-elf/3.4.4/thumb/interwork/libgcc.a(_fixsfsi.o)
____fixdfsi_change_to_arm                         /usr/lib/gcc/arm-elf/3.4.4/thumb/interwork/libgcc.a(_fixsfsi.o)
____fixdfsi_from_thumb                            /usr/lib/gcc/arm-elf/3.4.4/thumb/interwork/libgcc.a(_fixsfsi.o)
____floatsidf_change_to_arm                       /usr/lib/gcc/arm-elf/3.4.4/thumb/interwork/libgcc.a(_fixsfsi.o)
____floatsidf_from_thumb                          /usr/lib/gcc/arm-elf/3.4.4/thumb/interwork/libgcc.a(_fixsfsi.o)
____gedf2_change_to_arm                           /usr/lib/gcc/arm-elf/3.4.4/thumb/interwork/libgcc.a(_fixsfsi.o)
____gedf2_from_thumb                              /usr/lib/gcc/arm-elf/3.4.4/thumb/interwork/libgcc.a(_fixsfsi.o)
____gtdf2_change_to_arm                           /usr/lib/gcc/arm-elf/3.4.4/thumb/interwork/libgcc.a(_fixsfsi.o)
____gtdf2_from_thumb                              /usr/lib/gcc/arm-elf/3.4.4/thumb/interwork/libgcc.a(_fixsfsi.o)
____ltdf2_change_to_arm                           /usr/lib/gcc/arm-elf/3.4.4/thumb/interwork/libgcc.a(_fixsfsi.o)
____ltdf2_from_thumb                              /usr/lib/gcc/arm-elf/3.4.4/thumb/interwork/libgcc.a(_fixsfsi.o)
____muldf3_change_to_arm                          /usr/lib/gcc/arm-elf/3.4.4/thumb/interwork/libgcc.a(_fixsfsi.o)
____muldf3_from_thumb                             /usr/lib/gcc/arm-elf/3.4.4/thumb/interwork/libgcc.a(_fixsfsi.o)
____subdf3_change_to_arm                          /usr/lib/gcc/arm-elf/3.4.4/thumb/interwork/libgcc.a(_fixsfsi.o)
____subdf3_from_thumb                             /usr/lib/gcc/arm-elf/3.4.4/thumb/interwork/libgcc.a(_fixsfsi.o)
__adddf3                                          /usr/lib/gcc/arm-elf/3.4.4/thumb/interwork/libgcc.a(_addsubdf3.o)
                                                  /usr/lib/gcc/arm-elf/3.4.4/../../../../arm-elf/lib/thumb/interwork/libm.a(s_scalbn.o)
                                                  /usr/lib/gcc/arm-elf/3.4.4/../../../../arm-elf/lib/thumb/interwork/libm.a(s_floor.o)
                                                  /usr/lib/gcc/arm-elf/3.4.4/../../../../arm-elf/lib/thumb/interwork/libm.a(k_sin.o)
                                                  /usr/lib/gcc/arm-elf/3.4.4/../../../../arm-elf/lib/thumb/interwork/libm.a(k_rem_pio2.o)
                                                  /usr/lib/gcc/arm-elf/3.4.4/../../../../arm-elf/lib/thumb/interwork/libm.a(k_cos.o)
                                                  /usr/lib/gcc/arm-elf/3.4.4/../../../../arm-elf/lib/thumb/interwork/libm.a(e_sqrt.o)
                                                  /usr/lib/gcc/arm-elf/3.4.4/../../../../arm-elf/lib/thumb/interwork/libm.a(e_rem_pio2.o)
                                                  /usr/lib/gcc/arm-elf/3.4.4/../../../../arm-elf/lib/thumb/interwork/libm.a(e_atan2.o)
                                                  /usr/lib/gcc/arm-elf/3.4.4/../../../../arm-elf/lib/thumb/interwork/libm.a(s_atan.o)
                                                  /home/mav/Desktop/paparazzivn100/var/vn100/ap/fw_v_ctl.o
                                                  /home/mav/Desktop/paparazzivn100/var/vn100/ap/fw_h_ctl.o
                                                  /home/mav/Desktop/paparazzivn100/var/vn100/ap/nav.o
                                                  /home/mav/Desktop/paparazzivn100/var/vn100/ap/infrared.o
                                                  /home/mav/Desktop/paparazzivn100/var/vn100/ap/main_ap.o
                                                  /home/mav/Desktop/paparazzivn100/var/vn100/ap/main_fbw.o
__addsf3                                          /usr/lib/gcc/arm-elf/3.4.4/thumb/interwork/libgcc.a(_addsubsf3.o)
                                                  /home/mav/Desktop/paparazzivn100/var/vn100/ap/fw_v_ctl.o
                                                  /home/mav/Desktop/paparazzivn100/var/vn100/ap/fw_h_ctl.o
                                                  /home/mav/Desktop/paparazzivn100/var/vn100/ap/nav.o
                                                  /home/mav/Desktop/paparazzivn100/var/vn100/ap/infrared.o
                                                  /home/mav/Desktop/paparazzivn100/var/vn100/ap/main_ap.o
__atan2_from_arm                                  /usr/lib/gcc/arm-elf/3.4.4/thumb/interwork/libgcc.a(_fixsfsi.o)
__atan_from_arm                                   /usr/lib/gcc/arm-elf/3.4.4/thumb/interwork/libgcc.a(_fixsfsi.o)
__bss_end__                                       /home/mav/Desktop/paparazzivn100/var/vn100/ap/crt0.o
__bss_start                                       /home/mav/Desktop/paparazzivn100/var/vn100/ap/crt0.o
__cmpdf2                                          /usr/lib/gcc/arm-elf/3.4.4/thumb/interwork/libgcc.a(_cmpdf2.o)
__cmpsf2                                          /usr/lib/gcc/arm-elf/3.4.4/thumb/interwork/libgcc.a(_cmpsf2.o)
__cos_from_arm                                    /usr/lib/gcc/arm-elf/3.4.4/thumb/interwork/libgcc.a(_fixsfsi.o)
__ctors_end__                                     /home/mav/Desktop/paparazzivn100/var/vn100/ap/crt0.o
__ctors_start__                                   /home/mav/Desktop/paparazzivn100/var/vn100/ap/crt0.o
__div0                                            /usr/lib/gcc/arm-elf/3.4.4/thumb/interwork/libgcc.a(_dvmd_tls.o)
                                                  /usr/lib/gcc/arm-elf/3.4.4/thumb/interwork/libgcc.a(_divsi3.o)
__divdf3                                          /usr/lib/gcc/arm-elf/3.4.4/thumb/interwork/libgcc.a(_muldivdf3.o)
                                                  /usr/lib/gcc/arm-elf/3.4.4/../../../../arm-elf/lib/thumb/interwork/libm.a(e_sqrt.o)
                                                  /usr/lib/gcc/arm-elf/3.4.4/../../../../arm-elf/lib/thumb/interwork/libm.a(e_atan2.o)
                                                  /usr/lib/gcc/arm-elf/3.4.4/../../../../arm-elf/lib/thumb/interwork/libm.a(w_sqrt.o)
                                                  /usr/lib/gcc/arm-elf/3.4.4/../../../../arm-elf/lib/thumb/interwork/libm.a(s_atan.o)
                                                  /home/mav/Desktop/paparazzivn100/var/vn100/ap/gyro.o
                                                  /home/mav/Desktop/paparazzivn100/var/vn100/ap/fw_v_ctl.o
                                                  /home/mav/Desktop/paparazzivn100/var/vn100/ap/fw_h_ctl.o
                                                  /home/mav/Desktop/paparazzivn100/var/vn100/ap/nav.o
                                                  /home/mav/Desktop/paparazzivn100/var/vn100/ap/infrared.o
                                                  /home/mav/Desktop/paparazzivn100/var/vn100/ap/gps.o
                                                  /home/mav/Desktop/paparazzivn100/var/vn100/ap/main_ap.o
__divsf3                                          /usr/lib/gcc/arm-elf/3.4.4/thumb/interwork/libgcc.a(_muldivsf3.o)
                                                  /home/mav/Desktop/paparazzivn100/var/vn100/ap/fw_v_ctl.o
                                                  /home/mav/Desktop/paparazzivn100/var/vn100/ap/fw_h_ctl.o
                                                  /home/mav/Desktop/paparazzivn100/var/vn100/ap/nav.o
                                                  /home/mav/Desktop/paparazzivn100/var/vn100/ap/infrared.o
                                                  /home/mav/Desktop/paparazzivn100/var/vn100/ap/main_ap.o
__divsi3                                          /usr/lib/gcc/arm-elf/3.4.4/thumb/interwork/libgcc.a(_divsi3.o)
                                                  /usr/lib/gcc/arm-elf/3.4.4/../../../../arm-elf/lib/thumb/interwork/libm.a(k_rem_pio2.o)
                                                  /home/mav/Desktop/paparazzivn100/var/vn100/ap/gyro.o
                                                  /home/mav/Desktop/paparazzivn100/var/vn100/ap/infrared.o
                                                  /home/mav/Desktop/paparazzivn100/var/vn100/ap/gps_ubx.o
                                                  /home/mav/Desktop/paparazzivn100/var/vn100/ap/main_fbw.o
__eqdf2                                           /usr/lib/gcc/arm-elf/3.4.4/thumb/interwork/libgcc.a(_cmpdf2.o)
                                                  /usr/lib/gcc/arm-elf/3.4.4/../../../../arm-elf/lib/thumb/interwork/libm.a(k_rem_pio2.o)
                                                  /usr/lib/gcc/arm-elf/3.4.4/../../../../arm-elf/lib/thumb/interwork/libm.a(e_rem_pio2.o)
                                                  /usr/lib/gcc/arm-elf/3.4.4/../../../../arm-elf/lib/thumb/interwork/libm.a(w_atan2.o)
__eqsf2                                           /usr/lib/gcc/arm-elf/3.4.4/thumb/interwork/libgcc.a(_cmpsf2.o)
__errno                                           /usr/lib/gcc/arm-elf/3.4.4/../../../../arm-elf/lib/thumb/interwork/libc.a(errno.o)
                                                  /usr/lib/gcc/arm-elf/3.4.4/../../../../arm-elf/lib/thumb/interwork/libm.a(w_sqrt.o)
                                                  /usr/lib/gcc/arm-elf/3.4.4/../../../../arm-elf/lib/thumb/interwork/libm.a(w_atan2.o)
__extendsfdf2                                     /usr/lib/gcc/arm-elf/3.4.4/thumb/interwork/libgcc.a(_addsubdf3.o)
                                                  /home/mav/Desktop/paparazzivn100/var/vn100/ap/gyro.o
                                                  /home/mav/Desktop/paparazzivn100/var/vn100/ap/fw_v_ctl.o
                                                  /home/mav/Desktop/paparazzivn100/var/vn100/ap/fw_h_ctl.o
                                                  /home/mav/Desktop/paparazzivn100/var/vn100/ap/nav.o
                                                  /home/mav/Desktop/paparazzivn100/var/vn100/ap/infrared.o
                                                  /home/mav/Desktop/paparazzivn100/var/vn100/ap/main_ap.o
                                                  /home/mav/Desktop/paparazzivn100/var/vn100/ap/main_fbw.o
__fdlib_version                                   /usr/lib/gcc/arm-elf/3.4.4/../../../../arm-elf/lib/thumb/interwork/libm.a(s_lib_ver.o)
                                                  /usr/lib/gcc/arm-elf/3.4.4/../../../../arm-elf/lib/thumb/interwork/libm.a(w_sqrt.o)
                                                  /usr/lib/gcc/arm-elf/3.4.4/../../../../arm-elf/lib/thumb/interwork/libm.a(w_atan2.o)
__fixdfsi                                         /usr/lib/gcc/arm-elf/3.4.4/thumb/interwork/libgcc.a(_fixdfsi.o)
                                                  /usr/lib/gcc/arm-elf/3.4.4/../../../../arm-elf/lib/thumb/interwork/libm.a(k_sin.o)
                                                  /usr/lib/gcc/arm-elf/3.4.4/../../../../arm-elf/lib/thumb/interwork/libm.a(k_rem_pio2.o)
                                                  /usr/lib/gcc/arm-elf/3.4.4/../../../../arm-elf/lib/thumb/interwork/libm.a(k_cos.o)
                                                  /usr/lib/gcc/arm-elf/3.4.4/../../../../arm-elf/lib/thumb/interwork/libm.a(e_rem_pio2.o)
                                                  /home/mav/Desktop/paparazzivn100/var/vn100/ap/infrared.o
                                                  /home/mav/Desktop/paparazzivn100/var/vn100/ap/main_ap.o
                                                  /home/mav/Desktop/paparazzivn100/var/vn100/ap/main_fbw.o
__fixsfsi                                         /usr/lib/gcc/arm-elf/3.4.4/thumb/interwork/libgcc.a(_fixsfsi.o)
                                                  /home/mav/Desktop/paparazzivn100/var/vn100/ap/gyro.o
                                                  /home/mav/Desktop/paparazzivn100/var/vn100/ap/fw_v_ctl.o
                                                  /home/mav/Desktop/paparazzivn100/var/vn100/ap/fw_h_ctl.o
                                                  /home/mav/Desktop/paparazzivn100/var/vn100/ap/nav.o
                                                  /home/mav/Desktop/paparazzivn100/var/vn100/ap/main_ap.o
                                                  /home/mav/Desktop/paparazzivn100/var/vn100/ap/main_fbw.o
__fixunsdfsi                                      /usr/lib/gcc/arm-elf/3.4.4/thumb/interwork/libgcc.a(_fixunsdfsi.o)
                                                  /home/mav/Desktop/paparazzivn100/var/vn100/ap/main_fbw.o
__floatsidf                                       /usr/lib/gcc/arm-elf/3.4.4/thumb/interwork/libgcc.a(_addsubdf3.o)
                                                  /usr/lib/gcc/arm-elf/3.4.4/../../../../arm-elf/lib/thumb/interwork/libm.a(k_rem_pio2.o)
                                                  /usr/lib/gcc/arm-elf/3.4.4/../../../../arm-elf/lib/thumb/interwork/libm.a(e_rem_pio2.o)
                                                  /home/mav/Desktop/paparazzivn100/var/vn100/ap/infrared.o
                                                  /home/mav/Desktop/paparazzivn100/var/vn100/ap/gps.o
                                                  /home/mav/Desktop/paparazzivn100/var/vn100/ap/main_ap.o
                                                  /home/mav/Desktop/paparazzivn100/var/vn100/ap/main_fbw.o
__floatsisf                                       /usr/lib/gcc/arm-elf/3.4.4/thumb/interwork/libgcc.a(_addsubsf3.o)
                                                  /home/mav/Desktop/paparazzivn100/var/vn100/ap/gyro.o
                                                  /home/mav/Desktop/paparazzivn100/var/vn100/ap/fw_v_ctl.o
                                                  /home/mav/Desktop/paparazzivn100/var/vn100/ap/fw_h_ctl.o
                                                  /home/mav/Desktop/paparazzivn100/var/vn100/ap/infrared.o
                                                  /home/mav/Desktop/paparazzivn100/var/vn100/ap/main_ap.o
                                                  /home/mav/Desktop/paparazzivn100/var/vn100/ap/main_fbw.o
__floatunsidf                                     /usr/lib/gcc/arm-elf/3.4.4/thumb/interwork/libgcc.a(_addsubdf3.o)
__floatunsisf                                     /usr/lib/gcc/arm-elf/3.4.4/thumb/interwork/libgcc.a(_addsubsf3.o)
__gedf2                                           /usr/lib/gcc/arm-elf/3.4.4/thumb/interwork/libgcc.a(_cmpdf2.o)
                                                  /usr/lib/gcc/arm-elf/3.4.4/../../../../arm-elf/lib/thumb/interwork/libm.a(k_rem_pio2.o)
                                                  /usr/lib/gcc/arm-elf/3.4.4/../../../../arm-elf/lib/thumb/interwork/libm.a(e_sqrt.o)
__gesf2                                           /usr/lib/gcc/arm-elf/3.4.4/thumb/interwork/libgcc.a(_cmpsf2.o)
                                                  /home/mav/Desktop/paparazzivn100/var/vn100/ap/nav.o
                                                  /home/mav/Desktop/paparazzivn100/var/vn100/ap/infrared.o
__gtdf2                                           /usr/lib/gcc/arm-elf/3.4.4/thumb/interwork/libgcc.a(_cmpdf2.o)
                                                  /usr/lib/gcc/arm-elf/3.4.4/../../../../arm-elf/lib/thumb/interwork/libm.a(s_floor.o)
                                                  /usr/lib/gcc/arm-elf/3.4.4/../../../../arm-elf/lib/thumb/interwork/libm.a(e_sqrt.o)
                                                  /usr/lib/gcc/arm-elf/3.4.4/../../../../arm-elf/lib/thumb/interwork/libm.a(s_atan.o)
                                                  /home/mav/Desktop/paparazzivn100/var/vn100/ap/fw_v_ctl.o
                                                  /home/mav/Desktop/paparazzivn100/var/vn100/ap/fw_h_ctl.o
                                                  /home/mav/Desktop/paparazzivn100/var/vn100/ap/nav.o
                                                  /home/mav/Desktop/paparazzivn100/var/vn100/ap/infrared.o
                                                  /home/mav/Desktop/paparazzivn100/var/vn100/ap/main_ap.o
__gtsf2                                           /usr/lib/gcc/arm-elf/3.4.4/thumb/interwork/libgcc.a(_cmpsf2.o)
                                                  /home/mav/Desktop/paparazzivn100/var/vn100/ap/fw_v_ctl.o
                                                  /home/mav/Desktop/paparazzivn100/var/vn100/ap/fw_h_ctl.o
                                                  /home/mav/Desktop/paparazzivn100/var/vn100/ap/nav.o
                                                  /home/mav/Desktop/paparazzivn100/var/vn100/ap/main_ap.o
                                                  /home/mav/Desktop/paparazzivn100/var/vn100/ap/main_fbw.o
__ieee754_atan2                                   /usr/lib/gcc/arm-elf/3.4.4/../../../../arm-elf/lib/thumb/interwork/libm.a(e_atan2.o)
                                                  /usr/lib/gcc/arm-elf/3.4.4/../../../../arm-elf/lib/thumb/interwork/libm.a(w_atan2.o)
__ieee754_rem_pio2                                /usr/lib/gcc/arm-elf/3.4.4/../../../../arm-elf/lib/thumb/interwork/libm.a(e_rem_pio2.o)
                                                  /usr/lib/gcc/arm-elf/3.4.4/../../../../arm-elf/lib/thumb/interwork/libm.a(s_sin.o)
                                                  /usr/lib/gcc/arm-elf/3.4.4/../../../../arm-elf/lib/thumb/interwork/libm.a(s_cos.o)
__ieee754_sqrt                                    /usr/lib/gcc/arm-elf/3.4.4/../../../../arm-elf/lib/thumb/interwork/libm.a(e_sqrt.o)
                                                  /usr/lib/gcc/arm-elf/3.4.4/../../../../arm-elf/lib/thumb/interwork/libm.a(w_sqrt.o)
__kernel_cos                                      /usr/lib/gcc/arm-elf/3.4.4/../../../../arm-elf/lib/thumb/interwork/libm.a(k_cos.o)
                                                  /usr/lib/gcc/arm-elf/3.4.4/../../../../arm-elf/lib/thumb/interwork/libm.a(s_sin.o)
                                                  /usr/lib/gcc/arm-elf/3.4.4/../../../../arm-elf/lib/thumb/interwork/libm.a(s_cos.o)
__kernel_rem_pio2                                 /usr/lib/gcc/arm-elf/3.4.4/../../../../arm-elf/lib/thumb/interwork/libm.a(k_rem_pio2.o)
                                                  /usr/lib/gcc/arm-elf/3.4.4/../../../../arm-elf/lib/thumb/interwork/libm.a(e_rem_pio2.o)
__kernel_sin                                      /usr/lib/gcc/arm-elf/3.4.4/../../../../arm-elf/lib/thumb/interwork/libm.a(k_sin.o)
                                                  /usr/lib/gcc/arm-elf/3.4.4/../../../../arm-elf/lib/thumb/interwork/libm.a(s_sin.o)
                                                  /usr/lib/gcc/arm-elf/3.4.4/../../../../arm-elf/lib/thumb/interwork/libm.a(s_cos.o)
__ledf2                                           /usr/lib/gcc/arm-elf/3.4.4/thumb/interwork/libgcc.a(_cmpdf2.o)
__lesf2                                           /usr/lib/gcc/arm-elf/3.4.4/thumb/interwork/libgcc.a(_cmpsf2.o)
__ltdf2                                           /usr/lib/gcc/arm-elf/3.4.4/thumb/interwork/libgcc.a(_cmpdf2.o)
                                                  /usr/lib/gcc/arm-elf/3.4.4/../../../../arm-elf/lib/thumb/interwork/libm.a(w_sqrt.o)
                                                  /home/mav/Desktop/paparazzivn100/var/vn100/ap/fw_v_ctl.o
                                                  /home/mav/Desktop/paparazzivn100/var/vn100/ap/fw_h_ctl.o
                                                  /home/mav/Desktop/paparazzivn100/var/vn100/ap/nav.o
                                                  /home/mav/Desktop/paparazzivn100/var/vn100/ap/infrared.o
                                                  /home/mav/Desktop/paparazzivn100/var/vn100/ap/main_ap.o
__ltsf2                                           /usr/lib/gcc/arm-elf/3.4.4/thumb/interwork/libgcc.a(_cmpsf2.o)
                                                  /home/mav/Desktop/paparazzivn100/var/vn100/ap/fw_v_ctl.o
                                                  /home/mav/Desktop/paparazzivn100/var/vn100/ap/fw_h_ctl.o
                                                  /home/mav/Desktop/paparazzivn100/var/vn100/ap/nav.o
                                                  /home/mav/Desktop/paparazzivn100/var/vn100/ap/infrared.o
__muldf3                                          /usr/lib/gcc/arm-elf/3.4.4/thumb/interwork/libgcc.a(_muldivdf3.o)
                                                  /usr/lib/gcc/arm-elf/3.4.4/../../../../arm-elf/lib/thumb/interwork/libm.a(s_scalbn.o)
                                                  /usr/lib/gcc/arm-elf/3.4.4/../../../../arm-elf/lib/thumb/interwork/libm.a(k_sin.o)
                                                  /usr/lib/gcc/arm-elf/3.4.4/../../../../arm-elf/lib/thumb/interwork/libm.a(k_rem_pio2.o)
                                                  /usr/lib/gcc/arm-elf/3.4.4/../../../../arm-elf/lib/thumb/interwork/libm.a(k_cos.o)
                                                  /usr/lib/gcc/arm-elf/3.4.4/../../../../arm-elf/lib/thumb/interwork/libm.a(e_sqrt.o)
                                                  /usr/lib/gcc/arm-elf/3.4.4/../../../../arm-elf/lib/thumb/interwork/libm.a(e_rem_pio2.o)
                                                  /usr/lib/gcc/arm-elf/3.4.4/../../../../arm-elf/lib/thumb/interwork/libm.a(s_atan.o)
                                                  /home/mav/Desktop/paparazzivn100/var/vn100/ap/gyro.o
                                                  /home/mav/Desktop/paparazzivn100/var/vn100/ap/fw_v_ctl.o
                                                  /home/mav/Desktop/paparazzivn100/var/vn100/ap/fw_h_ctl.o
                                                  /home/mav/Desktop/paparazzivn100/var/vn100/ap/nav.o
                                                  /home/mav/Desktop/paparazzivn100/var/vn100/ap/infrared.o
                                                  /home/mav/Desktop/paparazzivn100/var/vn100/ap/gps.o
                                                  /home/mav/Desktop/paparazzivn100/var/vn100/ap/main_ap.o
                                                  /home/mav/Desktop/paparazzivn100/var/vn100/ap/main_fbw.o
__mulsf3                                          /usr/lib/gcc/arm-elf/3.4.4/thumb/interwork/libgcc.a(_muldivsf3.o)
                                                  /home/mav/Desktop/paparazzivn100/var/vn100/ap/gyro.o
                                                  /home/mav/Desktop/paparazzivn100/var/vn100/ap/fw_v_ctl.o
                                                  /home/mav/Desktop/paparazzivn100/var/vn100/ap/fw_h_ctl.o
                                                  /home/mav/Desktop/paparazzivn100/var/vn100/ap/nav.o
                                                  /home/mav/Desktop/paparazzivn100/var/vn100/ap/infrared.o
                                                  /home/mav/Desktop/paparazzivn100/var/vn100/ap/main_ap.o
                                                  /home/mav/Desktop/paparazzivn100/var/vn100/ap/main_fbw.o
__nedf2                                           /usr/lib/gcc/arm-elf/3.4.4/thumb/interwork/libgcc.a(_cmpdf2.o)
                                                  /usr/lib/gcc/arm-elf/3.4.4/../../../../arm-elf/lib/thumb/interwork/libm.a(s_matherr.o)
__nesf2                                           /usr/lib/gcc/arm-elf/3.4.4/thumb/interwork/libgcc.a(_cmpsf2.o)
__sin_from_arm                                    /usr/lib/gcc/arm-elf/3.4.4/thumb/interwork/libgcc.a(_fixsfsi.o)
__sqrt_from_arm                                   /usr/lib/gcc/arm-elf/3.4.4/thumb/interwork/libgcc.a(_fixsfsi.o)
__subdf3                                          /usr/lib/gcc/arm-elf/3.4.4/thumb/interwork/libgcc.a(_addsubdf3.o)
                                                  /usr/lib/gcc/arm-elf/3.4.4/../../../../arm-elf/lib/thumb/interwork/libm.a(k_sin.o)
                                                  /usr/lib/gcc/arm-elf/3.4.4/../../../../arm-elf/lib/thumb/interwork/libm.a(k_rem_pio2.o)
                                                  /usr/lib/gcc/arm-elf/3.4.4/../../../../arm-elf/lib/thumb/interwork/libm.a(k_cos.o)
                                                  /usr/lib/gcc/arm-elf/3.4.4/../../../../arm-elf/lib/thumb/interwork/libm.a(e_sqrt.o)