Archive member included because of file (symbol)

/usr/lib/gcc/arm-elf/3.4.4/../../../../arm-elf/lib/thumb/interwork/libc.a(memcpy.o)
                              /home/mav/Desktop/paparazzi3new/var/accelero/ap/xbee.o (memcpy)
/usr/lib/gcc/arm-elf/3.4.4/../../../../arm-elf/lib/thumb/interwork/libm.a(s_atan.o)
                              /home/mav/Desktop/paparazzi3new/var/accelero/ap/nav.o (atan)
/usr/lib/gcc/arm-elf/3.4.4/../../../../arm-elf/lib/thumb/interwork/libm.a(s_cos.o)
                              /home/mav/Desktop/paparazzi3new/var/accelero/ap/nav.o (cos)
/usr/lib/gcc/arm-elf/3.4.4/../../../../arm-elf/lib/thumb/interwork/libm.a(s_fabs.o)
                              /usr/lib/gcc/arm-elf/3.4.4/../../../../arm-elf/lib/thumb/interwork/libm.a(s_atan.o) (fabs)
/usr/lib/gcc/arm-elf/3.4.4/../../../../arm-elf/lib/thumb/interwork/libm.a(s_sin.o)
                              /home/mav/Desktop/paparazzi3new/var/accelero/ap/nav.o (sin)
/usr/lib/gcc/arm-elf/3.4.4/../../../../arm-elf/lib/thumb/interwork/libm.a(w_atan2.o)
                              /home/mav/Desktop/paparazzi3new/var/accelero/ap/main_ap.o (atan2)
/usr/lib/gcc/arm-elf/3.4.4/../../../../arm-elf/lib/thumb/interwork/libm.a(w_sqrt.o)
                              /home/mav/Desktop/paparazzi3new/var/accelero/ap/nav.o (sqrt)
/usr/lib/gcc/arm-elf/3.4.4/../../../../arm-elf/lib/thumb/interwork/libm.a(e_atan2.o)
                              /usr/lib/gcc/arm-elf/3.4.4/../../../../arm-elf/lib/thumb/interwork/libm.a(w_atan2.o) (__ieee754_atan2)
/usr/lib/gcc/arm-elf/3.4.4/../../../../arm-elf/lib/thumb/interwork/libm.a(e_rem_pio2.o)
                              /usr/lib/gcc/arm-elf/3.4.4/../../../../arm-elf/lib/thumb/interwork/libm.a(s_cos.o) (__ieee754_rem_pio2)
/usr/lib/gcc/arm-elf/3.4.4/../../../../arm-elf/lib/thumb/interwork/libm.a(e_sqrt.o)
                              /usr/lib/gcc/arm-elf/3.4.4/../../../../arm-elf/lib/thumb/interwork/libm.a(w_sqrt.o) (__ieee754_sqrt)
/usr/lib/gcc/arm-elf/3.4.4/../../../../arm-elf/lib/thumb/interwork/libm.a(k_cos.o)
                              /usr/lib/gcc/arm-elf/3.4.4/../../../../arm-elf/lib/thumb/interwork/libm.a(s_cos.o) (__kernel_cos)
/usr/lib/gcc/arm-elf/3.4.4/../../../../arm-elf/lib/thumb/interwork/libm.a(k_rem_pio2.o)
                              /usr/lib/gcc/arm-elf/3.4.4/../../../../arm-elf/lib/thumb/interwork/libm.a(e_rem_pio2.o) (__kernel_rem_pio2)
/usr/lib/gcc/arm-elf/3.4.4/../../../../arm-elf/lib/thumb/interwork/libm.a(k_sin.o)
                              /usr/lib/gcc/arm-elf/3.4.4/../../../../arm-elf/lib/thumb/interwork/libm.a(s_cos.o) (__kernel_sin)
/usr/lib/gcc/arm-elf/3.4.4/../../../../arm-elf/lib/thumb/interwork/libm.a(s_floor.o)
                              /usr/lib/gcc/arm-elf/3.4.4/../../../../arm-elf/lib/thumb/interwork/libm.a(k_rem_pio2.o) (floor)
/usr/lib/gcc/arm-elf/3.4.4/../../../../arm-elf/lib/thumb/interwork/libm.a(s_isnan.o)
                              /usr/lib/gcc/arm-elf/3.4.4/../../../../arm-elf/lib/thumb/interwork/libm.a(w_atan2.o) (isnan)
/usr/lib/gcc/arm-elf/3.4.4/../../../../arm-elf/lib/thumb/interwork/libm.a(s_lib_ver.o)
                              /usr/lib/gcc/arm-elf/3.4.4/../../../../arm-elf/lib/thumb/interwork/libm.a(w_atan2.o) (__fdlib_version)
/usr/lib/gcc/arm-elf/3.4.4/../../../../arm-elf/lib/thumb/interwork/libm.a(s_matherr.o)
                              /usr/lib/gcc/arm-elf/3.4.4/../../../../arm-elf/lib/thumb/interwork/libm.a(w_atan2.o) (matherr)
/usr/lib/gcc/arm-elf/3.4.4/../../../../arm-elf/lib/thumb/interwork/libm.a(s_scalbn.o)
                              /usr/lib/gcc/arm-elf/3.4.4/../../../../arm-elf/lib/thumb/interwork/libm.a(k_rem_pio2.o) (scalbn)
/usr/lib/gcc/arm-elf/3.4.4/../../../../arm-elf/lib/thumb/interwork/libm.a(s_copysign.o)
                              /usr/lib/gcc/arm-elf/3.4.4/../../../../arm-elf/lib/thumb/interwork/libm.a(s_scalbn.o) (copysign)
/usr/lib/gcc/arm-elf/3.4.4/../../../../arm-elf/lib/thumb/interwork/libc.a(errno.o)
                              /usr/lib/gcc/arm-elf/3.4.4/../../../../arm-elf/lib/thumb/interwork/libm.a(w_atan2.o) (__errno)
/usr/lib/gcc/arm-elf/3.4.4/../../../../arm-elf/lib/thumb/interwork/libc.a(impure.o)
                              /usr/lib/gcc/arm-elf/3.4.4/../../../../arm-elf/lib/thumb/interwork/libc.a(errno.o) (_impure_ptr)
/usr/lib/gcc/arm-elf/3.4.4/thumb/interwork/libgcc.a(_divsi3.o)
                              /home/mav/Desktop/paparazzi3new/var/accelero/ap/main_fbw.o (__divsi3)
/usr/lib/gcc/arm-elf/3.4.4/thumb/interwork/libgcc.a(_dvmd_tls.o)
                              /usr/lib/gcc/arm-elf/3.4.4/thumb/interwork/libgcc.a(_divsi3.o) (__div0)
/usr/lib/gcc/arm-elf/3.4.4/thumb/interwork/libgcc.a(_addsubdf3.o)
                              /home/mav/Desktop/paparazzi3new/var/accelero/ap/gps.o (__subdf3)
/usr/lib/gcc/arm-elf/3.4.4/thumb/interwork/libgcc.a(_muldivdf3.o)
                              /home/mav/Desktop/paparazzi3new/var/accelero/ap/main_fbw.o (__muldf3)
[...]
Memory Configuration

Name             Origin             Length             Attributes
ROM              0x00000000         0x0007d000         xr
RAM              0x40000000         0x00008000         rw
*default*        0x00000000         0xffffffff

Linker script and memory map

LOAD /home/mav/Desktop/paparazzi3new/var/accelero/ap/crt0.o
LOAD /home/mav/Desktop/paparazzi3new/var/accelero/ap/sys_time.o
LOAD /home/mav/Desktop/paparazzi3new/var/accelero/ap/sys_time_hw.o
LOAD /home/mav/Desktop/paparazzi3new/var/accelero/ap/armVIC.o
LOAD /home/mav/Desktop/paparazzi3new/var/accelero/ap/main_fbw.o
LOAD /home/mav/Desktop/paparazzi3new/var/accelero/ap/main_ap.o
LOAD /home/mav/Desktop/paparazzi3new/var/accelero/ap/main.o
LOAD /home/mav/Desktop/paparazzi3new/var/accelero/ap/commands.o
LOAD /home/mav/Desktop/paparazzi3new/var/accelero/ap/servos_4015_MAT_hw.o
LOAD /home/mav/Desktop/paparazzi3new/var/accelero/ap/actuators.o
LOAD /home/mav/Desktop/paparazzi3new/var/accelero/ap/radio_control.o
LOAD /home/mav/Desktop/paparazzi3new/var/accelero/ap/ppm_hw.o
LOAD /home/mav/Desktop/paparazzi3new/var/accelero/ap/downlink.o
LOAD /home/mav/Desktop/paparazzi3new/var/accelero/ap/uart_hw.o
LOAD /home/mav/Desktop/paparazzi3new/var/accelero/ap/datalink.o
LOAD /home/mav/Desktop/paparazzi3new/var/accelero/ap/xbee.o
LOAD /home/mav/Desktop/paparazzi3new/var/accelero/ap/traffic_info.o
LOAD /home/mav/Desktop/paparazzi3new/var/accelero/ap/inter_mcu.o
LOAD /home/mav/Desktop/paparazzi3new/var/accelero/ap/adc_hw.o
LOAD /home/mav/Desktop/paparazzi3new/var/accelero/ap/gps_ubx.o
LOAD /home/mav/Desktop/paparazzi3new/var/accelero/ap/gps.o
LOAD /home/mav/Desktop/paparazzi3new/var/accelero/ap/estimator.o
LOAD /home/mav/Desktop/paparazzi3new/var/accelero/ap/nav.o
LOAD /home/mav/Desktop/paparazzi3new/var/accelero/ap/fw_h_ctl.o
LOAD /home/mav/Desktop/paparazzi3new/var/accelero/ap/fw_v_ctl.o
LOAD /home/mav/Desktop/paparazzi3new/var/accelero/ap/gyro.o
LOAD /home/mav/Desktop/paparazzi3new/var/accelero/ap/accel.o
LOAD /home/mav/Desktop/paparazzi3new/var/accelero/ap/gpio.o
LOAD /usr/lib/gcc/arm-elf/3.4.4/../../../../arm-elf/lib/thumb/interwork/libc.a
LOAD /usr/lib/gcc/arm-elf/3.4.4/../../../../arm-elf/lib/thumb/interwork/libm.a
LOAD /usr/lib/gcc/arm-elf/3.4.4/../../../../arm-elf/lib/thumb/interwork/libc.a
LOAD /usr/lib/gcc/arm-elf/3.4.4/thumb/interwork/libgcc.a
LOAD /usr/lib/gcc/arm-elf/3.4.4/thumb/interwork/libgcc.a
LOAD /usr/lib/gcc/arm-elf/3.4.4/../../../../arm-elf/lib/thumb/interwork/libc.a
LOAD /usr/lib/gcc/arm-elf/3.4.4/thumb/interwork/libgcc.a
                0x00001000                STACK_SIZE = 0x1000

.text           0x00000000     0xfdda
 *(.init)
 .init          0x00000000      0x13c /home/mav/Desktop/paparazzi3new/var/accelero/ap/crt0.o
                0x00000114                reset
                0x00000000                _boot
                0x00000050                _mainCRTStartup
                0x00000114                abort
                0x00000050                _start
                0x00000114                _reset
                0x00000114                exit
                0x00000050                start
 *(.text .text.*)
 .text          0x0000013c      0x20c /home/mav/Desktop/paparazzi3new/var/accelero/ap/sys_time_hw.o
                0x0000013c                TIMER0_ISR
 .text          0x00000348       0x78 /home/mav/Desktop/paparazzi3new/var/accelero/ap/armVIC.o
                0x00000358                restoreIRQ
                0x000003b0                enableFIQ
                0x00000384                disableFIQ
                0x00000374                enableIRQ
                0x00000394                restoreFIQ
                0x00000348                disableIRQ
 .text          0x000003c0     0x1600 /home/mav/Desktop/paparazzi3new/var/accelero/ap/main_fbw.o
                0x000003c0                init_fbw
                0x00000590                event_task_fbw
                0x00000b90                periodic_task_fbw
 .text          0x000019c0     0x3e60 /home/mav/Desktop/paparazzi3new/var/accelero/ap/main_ap.o
                0x0000271c                periodic_task_ap
                0x00004f04                init_ap
                0x0000504c                event_task_ap
                0x000019c0                telecommand_task
 .text          0x00005820       0xdc /home/mav/Desktop/paparazzi3new/var/accelero/ap/main.o
                0x00005820                main
 .text          0x000058fc       0xc8 /home/mav/Desktop/paparazzi3new/var/accelero/ap/servos_4015_MAT_hw.o
                0x000058fc                actuators_init
 .text          0x000059c4      0x680 /home/mav/Desktop/paparazzi3new/var/accelero/ap/uart_hw.o
                0x00005af0                uart0_transmit
                0x00005b94                uart0_ISR
                0x00005cfc                uart1_init_tx
                0x00005dd4                uart1_check_free_space
                0x00005ecc                uart1_ISR
                0x00005e24                uart1_init_rx
                0x00005aa0                uart0_check_free_space
                0x000059c4                uart0_init_tx
                0x00005e28                uart1_transmit
                0x00005a9c                uart0_init_rx
 .text          0x00006044      0x944 /home/mav/Desktop/paparazzi3new/var/accelero/ap/datalink.o
                0x00006044                dl_parse_msg
 .text          0x00006988      0x240 /home/mav/Desktop/paparazzi3new/var/accelero/ap/xbee.o
                0x00006988                xbee_init
 .text          0x00006bc8       0x20 /home/mav/Desktop/paparazzi3new/var/accelero/ap/traffic_info.o
                0x00006bc8                get_ac_info
 .text          0x00006be8      0x21c /home/mav/Desktop/paparazzi3new/var/accelero/ap/adc_hw.o
                0x00006d54                adcISR1
                0x00006be8                adc_buf_channel
                0x00006c00                adc_init
                0x00006ca8                adcISR0
 .text          0x00006e04     0x17b0 /home/mav/Desktop/paparazzi3new/var/accelero/ap/gps_ubx.o
                0x00008220                parse_gps_msg
                0x00006e04                gps_init
                0x000083e8                parse_ubx
                0x00006e18                gps_reset
                0x00006f98                gps_configure
 .text          0x000085b4      0x748 /home/mav/Desktop/paparazzi3new/var/accelero/ap/gps.o
                0x00008778                use_gps_pos
                0x000085b4                estimator_update_state_gps
 .text          0x00008cfc       0xe8 /home/mav/Desktop/paparazzi3new/var/accelero/ap/estimator.o
                0x00008cfc                estimator_init
                0x00008de0                estimator_propagate_state
 .text          0x00008de4     0x2190 /home/mav/Desktop/paparazzi3new/var/accelero/ap/nav.o
                0x0000a1ac                nav_init
                0x0000a260                nav_eight
                0x000097f4                nav_home
                0x0000a1f0                nav_without_gps
                0x00009510                nav_route_xy
                0x00008e64                nav_circle_XY
                0x00009400                nav_approaching_xy
                0x0000a8fc                nav_oval_init
                0x0000939c                nav_goto_block
                0x0000a910                nav_oval
                0x0000a24c                nav_eight_init
                0x00009900                nav_update
                0x00008de4                nav_init_stage
 .text          0x0000af74      0xdc0 /home/mav/Desktop/paparazzi3new/var/accelero/ap/fw_h_ctl.o
                0x0000af74                h_ctl_init
                0x0000b46c                h_ctl_attitude_loop
                0x0000b1b8                h_ctl_course_loop
 .text          0x0000bd34      0x910 /home/mav/Desktop/paparazzi3new/var/accelero/ap/fw_v_ctl.o
                0x0000be9c                v_ctl_altitude_loop
                0x0000bd34                v_ctl_init
                0x0000c044                v_ctl_climb_loop
                0x0000c478                v_ctl_throttle_slew
 .text          0x0000c644      0x26c /home/mav/Desktop/paparazzi3new/var/accelero/ap/gyro.o
                0x0000c644                gyro_init
                0x0000c6f8                gyro_update
 .text          0x0000c8b0      0x1f4 /home/mav/Desktop/paparazzi3new/var/accelero/ap/accel.o
                0x0000c968                accel_update
                0x0000c8b0                accel_init
 .text          0x0000caa4       0x58 /usr/lib/gcc/arm-elf/3.4.4/../../../../arm-elf/lib/thumb/interwork/libc.a(memcpy.o)
                0x0000caa4                memcpy
 .text          0x0000cafc      0x358 /usr/lib/gcc/arm-elf/3.4.4/../../../../arm-elf/lib/thumb/interwork/libm.a(s_atan.o)
                0x0000cafc                atan
 .text          0x0000ce54       0xb4 /usr/lib/gcc/arm-elf/3.4.4/../../../../arm-elf/lib/thumb/interwork/libm.a(s_cos.o)
                0x0000ce54                cos
 .text          0x0000cf08       0x20 /usr/lib/gcc/arm-elf/3.4.4/../../../../arm-elf/lib/thumb/interwork/libm.a(s_fabs.o)
                0x0000cf08                fabs
 .text          0x0000cf28       0xbc /usr/lib/gcc/arm-elf/3.4.4/../../../../arm-elf/lib/thumb/interwork/libm.a(s_sin.o)
                0x0000cf28                sin
 .text          0x0000cfe4       0xcc /usr/lib/gcc/arm-elf/3.4.4/../../../../arm-elf/lib/thumb/interwork/libm.a(w_atan2.o)
                0x0000cfe4                atan2
 .text          0x0000d0b0       0xc8 /usr/lib/gcc/arm-elf/3.4.4/../../../../arm-elf/lib/thumb/interwork/libm.a(w_sqrt.o)
                0x0000d0b0                sqrt
 .text          0x0000d178      0x21c /usr/lib/gcc/arm-elf/3.4.4/../../../../arm-elf/lib/thumb/interwork/libm.a(e_atan2.o)
                0x0000d178                __ieee754_atan2
 .text          0x0000d394      0x4a0 /usr/lib/gcc/arm-elf/3.4.4/../../../../arm-elf/lib/thumb/interwork/libm.a(e_rem_pio2.o)
                0x0000d394                __ieee754_rem_pio2
 .text          0x0000d834      0x1e4 /usr/lib/gcc/arm-elf/3.4.4/../../../../arm-elf/lib/thumb/interwork/libm.a(e_sqrt.o)
                0x0000d834                __ieee754_sqrt
 .text          0x0000da18      0x1e8 /usr/lib/gcc/arm-elf/3.4.4/../../../../arm-elf/lib/thumb/interwork/libm.a(k_cos.o)
                0x0000da18                __kernel_cos
 .text          0x0000dc00      0x7ec /usr/lib/gcc/arm-elf/3.4.4/../../../../arm-elf/lib/thumb/interwork/libm.a(k_rem_pio2.o)
                0x0000dc00                __kernel_rem_pio2
 .text          0x0000e3ec      0x15c /usr/lib/gcc/arm-elf/3.4.4/../../../../arm-elf/lib/thumb/interwork/libm.a(k_sin.o)
                0x0000e3ec                __kernel_sin
 .text          0x0000e548      0x144 /usr/lib/gcc/arm-elf/3.4.4/../../../../arm-elf/lib/thumb/interwork/libm.a(s_floor.o)
                0x0000e548                floor
 .text          0x0000e68c       0x28 /usr/lib/gcc/arm-elf/3.4.4/../../../../arm-elf/lib/thumb/interwork/libm.a(s_isnan.o)
                0x0000e68c                isnan
 .text          0x0000e6b4        0x4 /usr/lib/gcc/arm-elf/3.4.4/../../../../arm-elf/lib/thumb/interwork/libm.a(s_matherr.o)
                0x0000e6b4                matherr
 .text          0x0000e6b8      0x120 /usr/lib/gcc/arm-elf/3.4.4/../../../../arm-elf/lib/thumb/interwork/libm.a(s_scalbn.o)
                0x0000e6b8                scalbn
 .text          0x0000e7d8       0x1c /usr/lib/gcc/arm-elf/3.4.4/../../../../arm-elf/lib/thumb/interwork/libm.a(s_copysign.o)
                0x0000e7d8                copysign
 .text          0x0000e7f4        0xc /usr/lib/gcc/arm-elf/3.4.4/../../../../arm-elf/lib/thumb/interwork/libc.a(errno.o)
                0x0000e7f4                __errno
 .text          0x0000e800       0x94 /usr/lib/gcc/arm-elf/3.4.4/thumb/interwork/libgcc.a(_divsi3.o)
                0x0000e800                __divsi3
 .text          0x0000e894        0x4 /usr/lib/gcc/arm-elf/3.4.4/thumb/interwork/libgcc.a(_dvmd_tls.o)
                0x0000e894                __div0
 .text          0x0000e898      0x3a8 /usr/lib/gcc/arm-elf/3.4.4/thumb/interwork/libgcc.a(_addsubdf3.o)
                0x0000ebc8                __floatsidf
                0x0000ebf4                __extendsfdf2
                0x0000e89c                __adddf3
                0x0000eba0                __floatunsidf
                0x0000e898                __subdf3
 .text          0x0000ec40      0x4ec /usr/lib/gcc/arm-elf/3.4.4/thumb/interwork/libgcc.a(_muldivdf3.o)
                0x0000eeb8                __divdf3
                0x0000ec40                __muldf3
 .text          0x0000f12c       0xb4 /usr/lib/gcc/arm-elf/3.4.4/thumb/interwork/libgcc.a(_cmpdf2.o)
                0x0000f13c                __cmpdf2
                0x0000f13c                __eqdf2
                0x0000f12c                __gtdf2
                0x0000f134                __ltdf2
                0x0000f134                __ledf2
                0x0000f13c                __nedf2
                0x0000f12c                __gedf2
 .text          0x0000f1e0       0x80 /usr/lib/gcc/arm-elf/3.4.4/thumb/interwork/libgcc.a(_fixdfsi.o)
                0x0000f1e0                __fixdfsi
 .text          0x0000f260       0x74 /usr/lib/gcc/arm-elf/3.4.4/thumb/interwork/libgcc.a(_fixunsdfsi.o)
                0x0000f260                __fixunsdfsi
 .text          0x0000f2d4       0xf8 /usr/lib/gcc/arm-elf/3.4.4/thumb/interwork/libgcc.a(_truncdfsf2.o)
                0x0000f2d4                __truncdfsf2
 .text          0x0000f3cc      0x218 /usr/lib/gcc/arm-elf/3.4.4/thumb/interwork/libgcc.a(_addsubsf3.o)
                0x0000f3cc                __subsf3
                0x0000f598                __floatsisf
                0x0000f590                __floatunsisf
                0x0000f3d0                __addsf3
 .text          0x0000f5e4      0x330 /usr/lib/gcc/arm-elf/3.4.4/thumb/interwork/libgcc.a(_muldivsf3.o)
                0x0000f774                __divsf3
                0x0000f5e4                __mulsf3
 .text          0x0000f914       0x9c /usr/lib/gcc/arm-elf/3.4.4/thumb/interwork/libgcc.a(_cmpsf2.o)
                0x0000f91c                __lesf2
                0x0000f924                __nesf2
                0x0000f914                __gtsf2
                0x0000f924                __eqsf2
                0x0000f924                __cmpsf2
                0x0000f91c                __ltsf2
                0x0000f914                __gesf2
 .text          0x0000f9b0       0x68 /usr/lib/gcc/arm-elf/3.4.4/thumb/interwork/libgcc.a(_fixsfsi.o)
                0x0000f9b0                __fixsfsi
 .text          0x0000fa18       0x5c /usr/lib/gcc/arm-elf/3.4.4/thumb/interwork/libgcc.a(_fixunssfsi.o)
                0x0000fa18                __fixunssfsi
 *(.gnu.linkonce.t.*)
 *(.glue_7)
 .glue_7        0x0000fa74       0x54 /usr/lib/gcc/arm-elf/3.4.4/thumb/interwork/libgcc.a(_fixunssfsi.o)
                0x0000fa80                __atan2_from_arm
                0x0000faa4                __cos_from_arm
                0x0000fa98                __atan_from_arm
                0x0000fa74                ____divsi3_from_arm
                0x0000fa8c                __memcpy_from_arm
                0x0000fab0                __sin_from_arm
                0x0000fabc                __sqrt_from_arm
 *(.glue_7t)
 .glue_7t       0x0000fac8       0x50 /usr/lib/gcc/arm-elf/3.4.4/thumb/interwork/libgcc.a(_fixunssfsi.o)
                0x0000fae0                ____gtdf2_from_thumb
                0x0000fad8                ____subdf3_from_thumb
                0x0000fafc                ____ltdf2_change_to_arm
                0x0000fadc                ____subdf3_change_to_arm
                0x0000fb14                ____gedf2_change_to_arm
                0x0000faf0                ____eqdf2_from_thumb
                0x0000fb00                ____fixdfsi_from_thumb
                0x0000faec                ____divdf3_change_to_arm
                0x0000fb10                ____gedf2_from_thumb
                0x0000fad4                ____muldf3_change_to_arm
                0x0000fb04                ____fixdfsi_change_to_arm
                0x0000fae8                ____divdf3_from_thumb
                0x0000facc                ____adddf3_change_to_arm
                0x0000fae4                ____gtdf2_change_to_arm
                0x0000fb08                ____floatsidf_from_thumb
                0x0000faf8                ____ltdf2_from_thumb
                0x0000fac8                ____adddf3_from_thumb
                0x0000faf4                ____eqdf2_change_to_arm
                0x0000fad0                ____muldf3_from_thumb
                0x0000fb0c                ____floatsidf_change_to_arm
 *(.gcc_except_table)
 *(.rodata)
 .rodata        0x0000fb18        0x2 /home/mav/Desktop/paparazzi3new/var/accelero/ap/main_ap.o
 .rodata        0x0000fb1a        0x8 /home/mav/Desktop/paparazzi3new/var/accelero/ap/commands.o
                0x0000fb1a                commands_failsafe
 .rodata        0x0000fb22       0x10 /home/mav/Desktop/paparazzi3new/var/accelero/ap/xbee.o
 .rodata        0x0000fb32        0x1 /home/mav/Desktop/paparazzi3new/var/accelero/ap/nav.o
                0x0000fb32                nb_waypoint
 *fill*         0x0000fb33        0x1 00
 .rodata        0x0000fb34       0x98 /usr/lib/gcc/arm-elf/3.4.4/../../../../arm-elf/lib/thumb/interwork/libm.a(s_atan.o)
 .rodata        0x0000fbcc      0x188 /usr/lib/gcc/arm-elf/3.4.4/../../../../arm-elf/lib/thumb/interwork/libm.a(e_rem_pio2.o)
 .rodata        0x0000fd54       0x50 /usr/lib/gcc/arm-elf/3.4.4/../../../../arm-elf/lib/thumb/interwork/libm.a(k_rem_pio2.o)
 .rodata        0x0000fda4        0x4 /usr/lib/gcc/arm-elf/3.4.4/../../../../arm-elf/lib/thumb/interwork/libm.a(s_lib_ver.o)
                0x0000fda4                __fdlib_version
 .rodata        0x0000fda8        0x4 /usr/lib/gcc/arm-elf/3.4.4/../../../../arm-elf/lib/thumb/interwork/libc.a(impure.o)
                0x0000fda8                _global_impure_ptr
 *(.rodata*)
 .rodata.str1.4
                0x0000fdac       0x1a /home/mav/Desktop/paparazzi3new/var/accelero/ap/xbee.o
                                 0x20 (size before relaxing)
 *fill*         0x0000fdc6        0x2 00
 .rodata.str1.4
                0x0000fdc8        0x6 /usr/lib/gcc/arm-elf/3.4.4/../../../../arm-elf/lib/thumb/interwork/libm.a(w_atan2.o)
                                  0x8 (size before relaxing)
 *fill*         0x0000fdce        0x2 00
 .rodata.str1.4
                0x0000fdd0        0x5 /usr/lib/gcc/arm-elf/3.4.4/../../../../arm-elf/lib/thumb/interwork/libm.a(w_sqrt.o)
                                  0x8 (size before relaxing)
 *fill*         0x0000fdd5        0x3 00
 .rodata.str1.4
                0x0000fdd8        0x2 /usr/lib/gcc/arm-elf/3.4.4/../../../../arm-elf/lib/thumb/interwork/libc.a(impure.o)
                                  0x4 (size before relaxing)
 *(.gnu.linkonce.r.*)
                0x0000fddc                . = ALIGN (0x4)

.ctors          0x0000fdda        0x0
                0x0000fdda                PROVIDE (__ctors_start__, .)
 *(SORT(.ctors.*))
 *(.ctors)
                0x0000fdda                PROVIDE (__ctors_end__, .)

.dtors          0x0000fdda        0x0
                0x0000fdda                PROVIDE (__dtors_start__, .)
 *(SORT(.dtors.*))
 *(.dtors)
                0x0000fdda                PROVIDE (__dtors_end__, .)
                0x0000fddc                . = ALIGN (0x4)
                0x0000fddc                _etext = .
                0x0000fddc                PROVIDE (etext, .)

.data           0x40000000      0x484 load address 0x0000fddc
                0x40000000                _data = .
 *(.data)
 .data          0x40000000        0x1 /home/mav/Desktop/paparazzi3new/var/accelero/ap/sys_time_hw.o
 .data          0x40000001        0x4 /home/mav/Desktop/paparazzi3new/var/accelero/ap/main_ap.o
                0x40000001                ac_ident
                0x40000002                light_mode
                0x40000003                pprz_mode
 *fill*         0x40000005        0x3 00
 .data          0x40000008        0x4 /home/mav/Desktop/paparazzi3new/var/accelero/ap/servos_4015_MAT_hw.o
                0x40000008                servos_delay
 .data          0x4000000c        0x8 /home/mav/Desktop/paparazzi3new/var/accelero/ap/inter_mcu.o
                0x4000000c                ap_state
                0x40000010                fbw_state
 .data          0x40000014       0x20 /home/mav/Desktop/paparazzi3new/var/accelero/ap/adc_hw.o
                0x40000014                adc1_val
                0x40000024                adc0_val
 .data          0x40000034       0x4c /home/mav/Desktop/paparazzi3new/var/accelero/ap/nav.o
                0x40000074                nav_utm_zone0
                0x4000007c                nav_utm_east0
                0x40000078                nav_utm_north0
                0x40000034                waypoints
                0x40000070                nav_altitude
 .data          0x40000080      0x404 /usr/lib/gcc/arm-elf/3.4.4/../../../../arm-elf/lib/thumb/interwork/libc.a(impure.o)
                0x40000480                _impure_ptr
 *(.data.*)
 *(.gnu.linkonce.d*)
                0x40000484                . = ALIGN (0x4)
 *(.fastrun)
                0x40000484                . = ALIGN (0x4)
                0x40000484                _edata = .
                0x40000484                PROVIDE (edata, .)

.bss            0x40000484      0xdbc
                0x40000484                __bss_start = .
                0x40000484                __bss_start__ = .
 *(.bss)
 .bss           0x40000484        0x4 /home/mav/Desktop/paparazzi3new/var/accelero/ap/sys_time.o
 .bss           0x40000488        0x8 /home/mav/Desktop/paparazzi3new/var/accelero/ap/sys_time_hw.o
 .bss           0x40000490       0x10 /home/mav/Desktop/paparazzi3new/var/accelero/ap/main_fbw.o
 .bss           0x400004a0       0x2c /home/mav/Desktop/paparazzi3new/var/accelero/ap/main_ap.o
                0x400004a8                lateral_mode
                0x400004a5                launch
                0x400004a0                empty_bay
                0x400004a4                gps_lost
                0x400004a7                ir_estim_mode
                0x400004a6                kill_throttle
                0x400004a9                fatal_error_nb
                0x400004aa                rc_settings_mode
 .bss           0x400004cc        0x4 /home/mav/Desktop/paparazzi3new/var/accelero/ap/main.o
 .bss           0x400004d0        0x4 /home/mav/Desktop/paparazzi3new/var/accelero/ap/servos_4015_MAT_hw.o
 .bss           0x400004d4        0x4 /home/mav/Desktop/paparazzi3new/var/accelero/ap/actuators.o
 .bss           0x400004d8        0x8 /home/mav/Desktop/paparazzi3new/var/accelero/ap/radio_control.o
                0x400004d8                rc_values_contains_avg_channels
 .bss           0x400004e0        0x4 /home/mav/Desktop/paparazzi3new/var/accelero/ap/ppm_hw.o
 .bss           0x400004e4        0x2 /home/mav/Desktop/paparazzi3new/var/accelero/ap/downlink.o
                0x400004e5                telemetry_mode_Fbw
                0x400004e4                telemetry_mode_Ap
 *fill*         0x400004e6        0x2 00
 .bss           0x400004e8        0x4 /home/mav/Desktop/paparazzi3new/var/accelero/ap/datalink.o
 .bss           0x400004ec        0x4 /home/mav/Desktop/paparazzi3new/var/accelero/ap/xbee.o
 .bss           0x400004f0       0x24 /home/mav/Desktop/paparazzi3new/var/accelero/ap/inter_mcu.o
                0x400004f0                inter_mcu_received_ap
                0x400004f1                inter_mcu_received_fbw
 .bss           0x40000514       0x40 /home/mav/Desktop/paparazzi3new/var/accelero/ap/adc_hw.o
 .bss           0x40000554        0x8 /home/mav/Desktop/paparazzi3new/var/accelero/ap/gps_ubx.o
 .bss           0x4000055c        0x8 /home/mav/Desktop/paparazzi3new/var/accelero/ap/gps.o
 .bss           0x40000564       0x60 /home/mav/Desktop/paparazzi3new/var/accelero/ap/nav.o
                0x40000571                nav_in_circle
                0x4000056c                circle_bank
                0x40000564                nav_pitch
                0x40000570                nav_in_segment
                0x40000568                altitude_shift
 .bss           0x400005c4       0x58 /home/mav/Desktop/paparazzi3new/var/accelero/ap/fw_h_ctl.o
                0x400005c4                h_ctl_attitude_enabled
 .bss           0x4000061c       0x58 /home/mav/Desktop/paparazzi3new/var/accelero/ap/fw_v_ctl.o
 .bss           0x40000674       0x88 /home/mav/Desktop/paparazzi3new/var/accelero/ap/gyro.o
 .bss           0x400006fc       0xcc /home/mav/Desktop/paparazzi3new/var/accelero/ap/accel.o
 *(.gnu.linkonce.b*)
 *(COMMON)
 COMMON         0x400007c8        0x2 /home/mav/Desktop/paparazzi3new/var/accelero/ap/sys_time.o
                0x400007c8                cpu_time_sec
 *fill*         0x400007ca        0x2 00
 COMMON         0x400007cc        0x4 /home/mav/Desktop/paparazzi3new/var/accelero/ap/sys_time_hw.o
                0x400007cc                cpu_time_ticks
 COMMON         0x400007d0       0x46 /home/mav/Desktop/paparazzi3new/var/accelero/ap/main_fbw.o
                0x400007d0                vsupply_adc_buf
                0x40000814                fbw_vsupply_decivolt
                0x40000815                fbw_mode
 *fill*         0x40000816        0x2 00
 COMMON         0x40000818      0x229 /home/mav/Desktop/paparazzi3new/var/accelero/ap/main_ap.o
                0x40000818                accel_az_neutral
                0x4000081c                rc_event_1
                0x40000820                estimator_kalman_r_angle
                0x40000824                vdrop2throt_coeff
                0x40000828                accel_ay_scale
                0x4000082c                estimator_kalman_phi
                0x40000830                the_acs
                0x40000a10                estimator_kalman_q_gyro
                0x40000a14                last_pprz_mode
                0x40000a18                slider_2_val
                0x40000a1c                estimator_kalman_theta
                0x40000a20                slider_1_val
                0x40000a24                estimator_kalman_q_angle
                0x40000a28                accel_az_scale
                0x40000a2c                rc_event_2
                0x40000a30                energy
                0x40000a34                accel_ay_neutral
                0x40000a38                accel_ax_scale
                0x40000a3c                accel_ax_neutral
                0x40000a40                vsupply
 *fill*         0x40000a41        0x1 00
 COMMON         0x40000a42        0x8 /home/mav/Desktop/paparazzi3new/var/accelero/ap/commands.o
                0x40000a42                commands
 COMMON         0x40000a4a       0x12 /home/mav/Desktop/paparazzi3new/var/accelero/ap/servos_4015_MAT_hw.o
                0x40000a4a                servos_4015_idx
                0x40000a4c                servos_values
 COMMON         0x40000a5c        0xa /home/mav/Desktop/paparazzi3new/var/accelero/ap/actuators.o
                0x40000a5c                actuators
 *fill*         0x40000a66        0x2 00
 COMMON         0x40000a68       0x35 /home/mav/Desktop/paparazzi3new/var/accelero/ap/radio_control.o
                0x40000a68                rc_status
                0x40000a69                time_since_last_ppm
                0x40000a6a                ppm_cpt
                0x40000a6c                rc_values
                0x40000a7c                avg_rc_values
                0x40000a9c                last_ppm_cpt
 *fill*         0x40000a9d        0x1 00
 COMMON         0x40000a9e       0x11 /home/mav/Desktop/paparazzi3new/var/accelero/ap/ppm_hw.o
                0x40000a9e                ppm_pulses
                0x40000aae                ppm_valid
 COMMON         0x40000aaf        0x1 /home/mav/Desktop/paparazzi3new/var/accelero/ap/downlink.o
                0x40000aaf                downlink_nb_ovrn
 COMMON         0x40000ab0      0x214 /home/mav/Desktop/paparazzi3new/var/accelero/ap/uart_hw.o
                0x40000ab0                uart0_tx_buffer
                0x40000b30                uart1_rx_insert_idx
                0x40000b32                uart0_tx_insert_idx
                0x40000b34                uart1_tx_buffer
                0x40000bb4                uart1_rx_buffer
                0x40000c34                uart0_rx_insert_idx
                0x40000c36                uart1_tx_running
                0x40000c38                uart0_tx_extract_idx
                0x40000c3a                uart1_tx_insert_idx
                0x40000c3c                uart1_rx_extract_idx
                0x40000c3e                uart0_tx_running
                0x40000c3f                uart0_rx_buffer
                0x40000cc0                uart1_tx_extract_idx
                0x40000cc2                uart0_rx_extract_idx
 COMMON         0x40000cc4       0x84 /home/mav/Desktop/paparazzi3new/var/accelero/ap/datalink.o
                0x40000cc4                dl_msg_available
                0x40000cc8                dl_buffer
 COMMON         0x40000d48      0x106 /home/mav/Desktop/paparazzi3new/var/accelero/ap/xbee.o
                0x40000d48                xbee_rssi
                0x40000d49                xbee_ovrn
                0x40000d4a                xbee_msg_received
                0x40000d4b                xbee_payload_len
                0x40000d4c                xbee_error
                0x40000d4d                xbee_payload
                0x40000e4d                xbee_cs
 COMMON         0x40000e4e        0x2 /home/mav/Desktop/paparazzi3new/var/accelero/ap/inter_mcu.o
                0x40000e4e                ap_ok
                0x40000e4f                time_since_last_ap
 COMMON         0x40000e50      0x1a8 /home/mav/Desktop/paparazzi3new/var/accelero/ap/gps_ubx.o
                0x40000e50                ubx_msg_buf
                0x40000f50                gps_alt
                0x40000f54                gps_climb
                0x40000f56                gps_msg_received
                0x40000f57                gps_nb_channels
                0x40000f58                ubx_class
                0x40000f59                ubx_id
                0x40000f5c                gps_utm_north
                0x40000f60                gps_utm_east
                0x40000f64                gps_nb_ovrn
                0x40000f66                gps_course
                0x40000f68                send_ck_b
                0x40000f6a                gps_gspeed
                0x40000f6c                send_ck_a
                0x40000f70                gps_itow
                0x40000f74                gps_pos_available
                0x40000f75                gps_mode
                0x40000f76                gps_utm_zone
                0x40000f78                gps_svinfos
 COMMON         0x40000ff8        0x2 /home/mav/Desktop/paparazzi3new/var/accelero/ap/gps.o
                0x40000ff8                last_gps_msg_t
 *fill*         0x40000ffa        0x2 00
 COMMON         0x40000ffc       0x58 /home/mav/Desktop/paparazzi3new/var/accelero/ap/estimator.o
                0x40000ffc                estimator_z_dot
                0x40001000                estimator_flight_time
                0x40001004                estimator_psi
                0x40001008                estimator_z
                0x4000100c                estimator_az
                0x40001010                estimator_t
                0x40001014                wind_east
                0x40001018                estimator_ay
                0x4000101c                estimator_p
                0x40001020                estimator_theta
                0x40001024                estimator_hspeed_mod
                0x40001028                estimator_phi
                0x4000102c                estimator_r
                0x40001030                estimator_x
                0x40001034                estimator_range
                0x40001038                estimator_q
                0x4000103c                estimator_hspeed_dir
                0x40001040                wind_north
                0x40001044                estimator_ax
                0x40001048                alt_kalman_enabled
                0x4000104c                estimator_y
                0x40001050                estimator_range_dot
 COMMON         0x40001054       0x64 /home/mav/Desktop/paparazzi3new/var/accelero/ap/nav.o
                0x40001054                nav_glide_pitch_trim
                0x40001058                dist2_to_wp
                0x4000105c                nav_segment_x_1
                0x40001060                desired_x
                0x40001064                nav_segment_x_2
                0x40001066                nav_circle_radius
                0x40001068                stage_time_ds
                0x4000106c                nav_throttle_setpoint
                0x40001070                survey_south
                0x40001074                desired_y
                0x40001078                carrot_x
                0x4000107c                horizontal_mode
                0x4000107d                nav_block
                0x4000107e                nav_circle_y
                0x40001080                too_far_from_home
                0x40001084                rc_pitch
                0x40001088                survey_north
                0x4000108c                dist2_to_home
                0x40001090                survey_west
                0x40001094                nav_stage
                0x40001098                survey_east
                0x4000109c                nav_circle_x
                0x4000109e                nav_segment_y_2
                0x400010a0                nav_segment_y_1
                0x400010a4                ground_alt
                0x400010a8                carrot_y
                0x400010ac                stage_time
                0x400010ae                block_time
                0x400010b0                nav_circle_trigo_qdr
                0x400010b4                flight_altitude
 COMMON         0x400010b8       0xb0 /home/mav/Desktop/paparazzi3new/var/accelero/ap/fw_h_ctl.o
                0x400010b8                h_ctl_yaw_rate_mode
                0x400010bc                h_ctl_auto1_rate
                0x400010c0                h_ctl_course_setpoint
                0x400010c4                h_ctl_roll_rate_dgain
                0x400010c8                h_ctl_roll_rate_setpoint
                0x400010cc                h_ctl_rudder_setpoint
                0x400010d0                h_ctl_roll_max_setpoint
                0x400010d4                h_ctl_lo_throttle_yaw_rate_pgain
                0x400010d8                h_ctl_course_pre_bank_correction
                0x400010dc                h_ctl_lo_throttle_pitch_rate_pgain
                0x400010e0                h_ctl_pitch_rate_dgain
                0x400010e4                h_ctl_hi_throttle_pitch_rate_pgain
                0x400010e8                h_ctl_elevator_setpoint
                0x400010ec                h_ctl_roll_rate_igain
                0x400010f0                h_ctl_hi_throttle_yaw_rate_pgain
                0x400010f4                h_ctl_roll_rate_setpoint_pgain
                0x400010f8                h_ctl_hi_throttle_roll_rate_pgain
                0x400010fc                h_ctl_aileron_of_throttle
                0x40001100                h_ctl_yaw_pgain
                0x40001104                h_ctl_aileron_setpoint
                0x40001108                h_ctl_pitch_setpoint
                0x4000110c                h_ctl_roll_rate_mode
                0x40001110                h_ctl_pitch_min_setpoint
                0x40001114                h_ctl_course_pgain
                0x40001118                h_ctl_pitch_pgain
                0x4000111c                h_ctl_course_pre_bank
                0x40001120                h_ctl_yaw_rate_dgain
                0x40001124                h_ctl_pitch_max_setpoint
                0x40001128                h_ctl_pitch_rate_setpoint
                0x4000112c                h_ctl_yaw_dgain
                0x40001130                h_ctl_pitch_dgain
                0x40001134                h_ctl_lo_throttle_roll_rate_pgain
                0x40001138                h_ctl_yaw_rate_igain
                0x4000113c                h_ctl_pitch_rate_igain
                0x40001140                h_ctl_pitch_rate_setpoint_pgain
                0x40001144                h_ctl_yaw_setpoint
                0x40001148                h_ctl_yaw_rate_setpoint
                0x4000114c                h_ctl_disabled
                0x40001150                h_ctl_roll_pgain
                0x40001154                h_ctl_yaw_rate_setpoint_pgain
                0x40001158                h_ctl_roll_setpoint
                0x4000115c                h_ctl_pitch_rate_mode
                0x40001160                h_ctl_yaw_max_setpoint
                0x40001164                h_ctl_elevator_of_roll
 COMMON         0x40001168       0x60 /home/mav/Desktop/paparazzi3new/var/accelero/ap/fw_v_ctl.o
                0x40001168                v_ctl_auto_throttle_nominal_cruise_throttle
                0x4000116c                v_ctl_altitude_error
                0x40001170                v_ctl_climb_mode
                0x40001174                v_ctl_alt_sum_err
                0x40001178                v_ctl_auto_throttle_submode
                0x4000117c                v_ctl_auto_throttle_pitch_of_vz_pgain
                0x40001180                v_ctl_throttle_slew_
                0x40001184                desc_throttle
                0x40001188                v_ctl_auto_throttle_cruise_throttle_pgain
                0x4000118c                v_ctl_altitude_setpoint
                0x40001190                v_ctl_mode
                0x40001194                v_ctl_auto_throttle_cruise_throttle
                0x40001198                v_ctl_altitude_pgain
                0x4000119c                v_ctl_auto_pitch_pgain
                0x400011a0                v_ctl_auto_throttle_climb_throttle_increment
                0x400011a4                v_ctl_auto_throttle_igain
                0x400011a8                v_ctl_throttle_setpoint
                0x400011ac                v_ctl_climb_setpoint
                0x400011b0                v_ctl_auto_pitch_igain
                0x400011b4                v_ctl_altitude_pre_climb
                0x400011b8                v_ctl_throttle_slewed
                0x400011bc                climb_throttle
                0x400011c0                v_ctl_auto_throttle_pgain
                0x400011c4                v_ctl_auto_pitch_sum_err
 COMMON         0x400011c8       0x64 /home/mav/Desktop/paparazzi3new/var/accelero/ap/gyro.o
                0x400011c8                gyro_yaw_scale
                0x400011cc                gyro_roll_scale
                0x400011d0                buf_roll
                0x40001214                gyro_pitch_adc
                0x40001218                gyro_roll_adc
                0x4000121c                roll_rate_adc
                0x40001220                gyro_yaw_adc
                0x40001224                gyro_pitch_scale
                0x40001228                yaw_rate_adc
                0x4000122a                pitch_rate_adc
 COMMON         0x4000122c       0x12 /home/mav/Desktop/paparazzi3new/var/accelero/ap/accel.o
                0x4000122c                accel_ay
                0x40001230                accel_ax
                0x40001234                accel_az_adc
                0x40001236                accel_ax_adc
                0x40001238                accel_az
                0x4000123c                accel_ay_adc
 COMMON         0x4000123e        0x1 /home/mav/Desktop/paparazzi3new/var/accelero/ap/gpio.o
                0x4000123e                gpio1_status
                0x40001240                . = ALIGN (0x4)
 *fill*         0x4000123f        0x1 00
                0x40001240                . = ALIGN (0x4)
                0x40001240                __bss_end__ = .
                0x40001240                PROVIDE (__bss_end, .)

.stack          0x40001300     0x1000
                0x40002300                . = (. + STACK_SIZE)
 *fill*         0x40001300     0x1000 00
                0x40002300                PROVIDE (_stack, .)
                0x40002300                _end = .
                0x40002300                PROVIDE (end, .)

.stab
 *(.stab)

.stabstr
 *(.stabstr)

.stab.excl
 *(.stab.excl)

.stab.exclstr
 *(.stab.exclstr)

.stab.index
 *(.stab.index)

.stab.indexstr
 *(.stab.indexstr)

.comment        0x00000000      0x360
 *(.comment)
 .comment       0x00000000       0x12 /home/mav/Desktop/paparazzi3new/var/accelero/ap/sys_time.o
 .comment       0x00000012       0x12 /home/mav/Desktop/paparazzi3new/var/accelero/ap/sys_time_hw.o
 .comment       0x00000024       0x12 /home/mav/Desktop/paparazzi3new/var/accelero/ap/armVIC.o
 .comment       0x00000036       0x12 /home/mav/Desktop/paparazzi3new/var/accelero/ap/main_fbw.o
 .comment       0x00000048       0x12 /home/mav/Desktop/paparazzi3new/var/accelero/ap/main_ap.o
 .comment       0x0000005a       0x12 /home/mav/Desktop/paparazzi3new/var/accelero/ap/main.o
 .comment       0x0000006c       0x12 /home/mav/Desktop/paparazzi3new/var/accelero/ap/commands.o
 .comment       0x0000007e       0x12 /home/mav/Desktop/paparazzi3new/var/accelero/ap/servos_4015_MAT_hw.o
 .comment       0x00000090       0x12 /home/mav/Desktop/paparazzi3new/var/accelero/ap/actuators.o
 .comment       0x000000a2       0x12 /home/mav/Desktop/paparazzi3new/var/accelero/ap/radio_control.o
 .comment       0x000000b4       0x12 /home/mav/Desktop/paparazzi3new/var/accelero/ap/ppm_hw.o
 .comment       0x000000c6       0x12 /home/mav/Desktop/paparazzi3new/var/accelero/ap/downlink.o
 .comment       0x000000d8       0x12 /home/mav/Desktop/paparazzi3new/var/accelero/ap/uart_hw.o
 .comment       0x000000ea       0x12 /home/mav/Desktop/paparazzi3new/var/accelero/ap/datalink.o
 .comment       0x000000fc       0x12 /home/mav/Desktop/paparazzi3new/var/accelero/ap/xbee.o
 .comment       0x0000010e       0x12 /home/mav/Desktop/paparazzi3new/var/accelero/ap/traffic_info.o
 .comment       0x00000120       0x12 /home/mav/Desktop/paparazzi3new/var/accelero/ap/inter_mcu.o
 .comment       0x00000132       0x12 /home/mav/Desktop/paparazzi3new/var/accelero/ap/adc_hw.o
 .comment       0x00000144       0x12 /home/mav/Desktop/paparazzi3new/var/accelero/ap/gps_ubx.o
 .comment       0x00000156       0x12 /home/mav/Desktop/paparazzi3new/var/accelero/ap/gps.o
 .comment       0x00000168       0x12 /home/mav/Desktop/paparazzi3new/var/accelero/ap/estimator.o
 .comment       0x0000017a       0x12 /home/mav/Desktop/paparazzi3new/var/accelero/ap/nav.o
 .comment       0x0000018c       0x12 /home/mav/Desktop/paparazzi3new/var/accelero/ap/fw_h_ctl.o
 .comment       0x0000019e       0x12 /home/mav/Desktop/paparazzi3new/var/accelero/ap/fw_v_ctl.o
 .comment       0x000001b0       0x12 /home/mav/Desktop/paparazzi3new/var/accelero/ap/gyro.o
 .comment       0x000001c2       0x12 /home/mav/Desktop/paparazzi3new/var/accelero/ap/accel.o
 .comment       0x000001d4       0x12 /home/mav/Desktop/paparazzi3new/var/accelero/ap/gpio.o
 .comment       0x000001e6       0x12 /usr/lib/gcc/arm-elf/3.4.4/../../../../arm-elf/lib/thumb/interwork/libc.a(memcpy.o)
 .comment       0x000001f8       0x12 /usr/lib/gcc/arm-elf/3.4.4/../../../../arm-elf/lib/thumb/interwork/libm.a(s_atan.o)
 .comment       0x0000020a       0x12 /usr/lib/gcc/arm-elf/3.4.4/../../../../arm-elf/lib/thumb/interwork/libm.a(s_cos.o)
 .comment       0x0000021c       0x12 /usr/lib/gcc/arm-elf/3.4.4/../../../../arm-elf/lib/thumb/interwork/libm.a(s_fabs.o)
 .comment       0x0000022e       0x12 /usr/lib/gcc/arm-elf/3.4.4/../../../../arm-elf/lib/thumb/interwork/libm.a(s_sin.o)
 .comment       0x00000240       0x12 /usr/lib/gcc/arm-elf/3.4.4/../../../../arm-elf/lib/thumb/interwork/libm.a(w_atan2.o)
 .comment       0x00000252       0x12 /usr/lib/gcc/arm-elf/3.4.4/../../../../arm-elf/lib/thumb/interwork/libm.a(w_sqrt.o)
 .comment       0x00000264       0x12 /usr/lib/gcc/arm-elf/3.4.4/../../../../arm-elf/lib/thumb/interwork/libm.a(e_atan2.o)
 .comment       0x00000276       0x12 /usr/lib/gcc/arm-elf/3.4.4/../../../../arm-elf/lib/thumb/interwork/libm.a(e_rem_pio2.o)
 .comment       0x00000288       0x12 /usr/lib/gcc/arm-elf/3.4.4/../../../../arm-elf/lib/thumb/interwork/libm.a(e_sqrt.o)
 .comment       0x0000029a       0x12 /usr/lib/gcc/arm-elf/3.4.4/../../../../arm-elf/lib/thumb/interwork/libm.a(k_cos.o)
 .comment       0x000002ac       0x12 /usr/lib/gcc/arm-elf/3.4.4/../../../../arm-elf/lib/thumb/interwork/libm.a(k_rem_pio2.o)
 .comment       0x000002be       0x12 /usr/lib/gcc/arm-elf/3.4.4/../../../../arm-elf/lib/thumb/interwork/libm.a(k_sin.o)
 .comment       0x000002d0       0x12 /usr/lib/gcc/arm-elf/3.4.4/../../../../arm-elf/lib/thumb/interwork/libm.a(s_floor.o)
 .comment       0x000002e2       0x12 /usr/lib/gcc/arm-elf/3.4.4/../../../../arm-elf/lib/thumb/interwork/libm.a(s_isnan.o)
 .comment       0x000002f4       0x12 /usr/lib/gcc/arm-elf/3.4.4/../../../../arm-elf/lib/thumb/interwork/libm.a(s_lib_ver.o)
 .comment       0x00000306       0x12 /usr/lib/gcc/arm-elf/3.4.4/../../../../arm-elf/lib/thumb/interwork/libm.a(s_matherr.o)
 .comment       0x00000318       0x12 /usr/lib/gcc/arm-elf/3.4.4/../../../../arm-elf/lib/thumb/interwork/libm.a(s_scalbn.o)
 .comment       0x0000032a       0x12 /usr/lib/gcc/arm-elf/3.4.4/../../../../arm-elf/lib/thumb/interwork/libm.a(s_copysign.o)
 .comment       0x0000033c       0x12 /usr/lib/gcc/arm-elf/3.4.4/../../../../arm-elf/lib/thumb/interwork/libc.a(errno.o)
 .comment       0x0000034e       0x12 /usr/lib/gcc/arm-elf/3.4.4/../../../../arm-elf/lib/thumb/interwork/libc.a(impure.o)

.debug
 *(.debug)

.line
 *(.line)

.debug_srcinfo
 *(.debug_srcinfo)

.debug_sfnames
 *(.debug_sfnames)

.debug_aranges  0x00000000      0x260
 *(.debug_aranges)
 .debug_aranges
                0x00000000       0x20 /usr/lib/gcc/arm-elf/3.4.4/../../../../arm-elf/lib/thumb/interwork/libc.a(memcpy.o)
 .debug_aranges
                0x00000020       0x20 /usr/lib/gcc/arm-elf/3.4.4/../../../../arm-elf/lib/thumb/interwork/libm.a(s_atan.o)
 .debug_aranges
                0x00000040       0x20 /usr/lib/gcc/arm-elf/3.4.4/../../../../arm-elf/lib/thumb/interwork/libm.a(s_cos.o)
 .debug_aranges
                0x00000060       0x20 /usr/lib/gcc/arm-elf/3.4.4/../../../../arm-elf/lib/thumb/interwork/libm.a(s_fabs.o)
 .debug_aranges
                0x00000080       0x20 /usr/lib/gcc/arm-elf/3.4.4/../../../../arm-elf/lib/thumb/interwork/libm.a(s_sin.o)
 .debug_aranges
                0x000000a0       0x20 /usr/lib/gcc/arm-elf/3.4.4/../../../../arm-elf/lib/thumb/interwork/libm.a(w_atan2.o)
 .debug_aranges
                0x000000c0       0x20 /usr/lib/gcc/arm-elf/3.4.4/../../../../arm-elf/lib/thumb/interwork/libm.a(w_sqrt.o)
 .debug_aranges
                0x000000e0       0x20 /usr/lib/gcc/arm-elf/3.4.4/../../../../arm-elf/lib/thumb/interwork/libm.a(e_atan2.o)
 .debug_aranges
                0x00000100       0x20 /usr/lib/gcc/arm-elf/3.4.4/../../../../arm-elf/lib/thumb/interwork/libm.a(e_rem_pio2.o)
 .debug_aranges
                0x00000120       0x20 /usr/lib/gcc/arm-elf/3.4.4/../../../../arm-elf/lib/thumb/interwork/libm.a(e_sqrt.o)
 .debug_aranges
                0x00000140       0x20 /usr/lib/gcc/arm-elf/3.4.4/../../../../arm-elf/lib/thumb/interwork/libm.a(k_cos.o)
 .debug_aranges
                0x00000160       0x20 /usr/lib/gcc/arm-elf/3.4.4/../../../../arm-elf/lib/thumb/interwork/libm.a(k_rem_pio2.o)
 .debug_aranges
                0x00000180       0x20 /usr/lib/gcc/arm-elf/3.4.4/../../../../arm-elf/lib/thumb/interwork/libm.a(k_sin.o)
 .debug_aranges
                0x000001a0       0x20 /usr/lib/gcc/arm-elf/3.4.4/../../../../arm-elf/lib/thumb/interwork/libm.a(s_floor.o)
 .debug_aranges
                0x000001c0       0x20 /usr/lib/gcc/arm-elf/3.4.4/../../../../arm-elf/lib/thumb/interwork/libm.a(s_isnan.o)
 .debug_aranges
                0x000001e0       0x20 /usr/lib/gcc/arm-elf/3.4.4/../../../../arm-elf/lib/thumb/interwork/libm.a(s_matherr.o)
 .debug_aranges
                0x00000200       0x20 /usr/lib/gcc/arm-elf/3.4.4/../../../../arm-elf/lib/thumb/interwork/libm.a(s_scalbn.o)
 .debug_aranges
                0x00000220       0x20 /usr/lib/gcc/arm-elf/3.4.4/../../../../arm-elf/lib/thumb/interwork/libm.a(s_copysign.o)
 .debug_aranges
                0x00000240       0x20 /usr/lib/gcc/arm-elf/3.4.4/../../../../arm-elf/lib/thumb/interwork/libc.a(errno.o)

.debug_pubnames
                0x00000000      0x2af
 *(.debug_pubnames)
 .debug_pubnames
                0x00000000       0x1d /usr/lib/gcc/arm-elf/3.4.4/../../../../arm-elf/lib/thumb/interwork/libc.a(memcpy.o)
 .debug_pubnames
                0x0000001d       0x1b /usr/lib/gcc/arm-elf/3.4.4/../../../../arm-elf/lib/thumb/interwork/libm.a(s_atan.o)
 .debug_pubnames
                0x00000038       0x1a /usr/lib/gcc/arm-elf/3.4.4/../../../../arm-elf/lib/thumb/interwork/libm.a(s_cos.o)
 .debug_pubnames
                0x00000052       0x1b /usr/lib/gcc/arm-elf/3.4.4/../../../../arm-elf/lib/thumb/interwork/libm.a(s_fabs.o)
 .debug_pubnames
                0x0000006d       0x1a /usr/lib/gcc/arm-elf/3.4.4/../../../../arm-elf/lib/thumb/interwork/libm.a(s_sin.o)
 .debug_pubnames
                0x00000087       0x1c /usr/lib/gcc/arm-elf/3.4.4/../../../../arm-elf/lib/thumb/interwork/libm.a(w_atan2.o)
 .debug_pubnames
                0x000000a3       0x1b /usr/lib/gcc/arm-elf/3.4.4/../../../../arm-elf/lib/thumb/interwork/libm.a(w_sqrt.o)
 .debug_pubnames
                0x000000be       0x26 /usr/lib/gcc/arm-elf/3.4.4/../../../../arm-elf/lib/thumb/interwork/libm.a(e_atan2.o)
 .debug_pubnames
                0x000000e4       0x29 /usr/lib/gcc/arm-elf/3.4.4/../../../../arm-elf/lib/thumb/interwork/libm.a(e_rem_pio2.o)
 .debug_pubnames
                0x0000010d       0x25 /usr/lib/gcc/arm-elf/3.4.4/../../../../arm-elf/lib/thumb/interwork/libm.a(e_sqrt.o)
 .debug_pubnames
                0x00000132       0x23 /usr/lib/gcc/arm-elf/3.4.4/../../../../arm-elf/lib/thumb/interwork/libm.a(k_cos.o)
 .debug_pubnames
                0x00000155       0x28 /usr/lib/gcc/arm-elf/3.4.4/../../../../arm-elf/lib/thumb/interwork/libm.a(k_rem_pio2.o)
 .debug_pubnames
                0x0000017d       0x23 /usr/lib/gcc/arm-elf/3.4.4/../../../../arm-elf/lib/thumb/interwork/libm.a(k_sin.o)
 .debug_pubnames
                0x000001a0       0x1c /usr/lib/gcc/arm-elf/3.4.4/../../../../arm-elf/lib/thumb/interwork/libm.a(s_floor.o)
 .debug_pubnames
                0x000001bc       0x1c /usr/lib/gcc/arm-elf/3.4.4/../../../../arm-elf/lib/thumb/interwork/libm.a(s_isnan.o)
 .debug_pubnames
                0x000001d8       0x26 /usr/lib/gcc/arm-elf/3.4.4/../../../../arm-elf/lib/thumb/interwork/libm.a(s_lib_ver.o)
 .debug_pubnames
                0x000001fe       0x1e /usr/lib/gcc/arm-elf/3.4.4/../../../../arm-elf/lib/thumb/interwork/libm.a(s_matherr.o)
 .debug_pubnames
                0x0000021c       0x1d /usr/lib/gcc/arm-elf/3.4.4/../../../../arm-elf/lib/thumb/interwork/libm.a(s_scalbn.o)
 .debug_pubnames
                0x00000239       0x1f /usr/lib/gcc/arm-elf/3.4.4/../../../../arm-elf/lib/thumb/interwork/libm.a(s_copysign.o)
 .debug_pubnames
                0x00000258       0x1e /usr/lib/gcc/arm-elf/3.4.4/../../../../arm-elf/lib/thumb/interwork/libc.a(errno.o)
 .debug_pubnames
                0x00000276       0x39 /usr/lib/gcc/arm-elf/3.4.4/../../../../arm-elf/lib/thumb/interwork/libc.a(impure.o)

.debug_info     0x00000000     0x3246
 *(.debug_info .gnu.linkonce.wi.*)
 .debug_info    0x00000000       0xfc /usr/lib/gcc/arm-elf/3.4.4/../../../../arm-elf/lib/thumb/interwork/libc.a(memcpy.o)
 .debug_info    0x000000fc      0x25d /usr/lib/gcc/arm-elf/3.4.4/../../../../arm-elf/lib/thumb/interwork/libm.a(s_atan.o)
 .debug_info    0x00000359       0xee /usr/lib/gcc/arm-elf/3.4.4/../../../../arm-elf/lib/thumb/interwork/libm.a(s_cos.o)
 .debug_info    0x00000447      0x151 /usr/lib/gcc/arm-elf/3.4.4/../../../../arm-elf/lib/thumb/interwork/libm.a(s_fabs.o)
 .debug_info    0x00000598       0xee /usr/lib/gcc/arm-elf/3.4.4/../../../../arm-elf/lib/thumb/interwork/libm.a(s_sin.o)
 .debug_info    0x00000686      0x17e /usr/lib/gcc/arm-elf/3.4.4/../../../../arm-elf/lib/thumb/interwork/libm.a(w_atan2.o)
 .debug_info    0x00000804      0x172 /usr/lib/gcc/arm-elf/3.4.4/../../../../arm-elf/lib/thumb/interwork/libm.a(w_sqrt.o)
 .debug_info    0x00000976      0x29b /usr/lib/gcc/arm-elf/3.4.4/../../../../arm-elf/lib/thumb/interwork/libm.a(e_atan2.o)
 .debug_info    0x00000c11      0x390 /usr/lib/gcc/arm-elf/3.4.4/../../../../arm-elf/lib/thumb/interwork/libm.a(e_rem_pio2.o)
 .debug_info    0x00000fa1      0x211 /usr/lib/gcc/arm-elf/3.4.4/../../../../arm-elf/lib/thumb/interwork/libm.a(e_sqrt.o)
 .debug_info    0x000011b2      0x20c /usr/lib/gcc/arm-elf/3.4.4/../../../../arm-elf/lib/thumb/interwork/libm.a(k_cos.o)
 .debug_info    0x000013be      0x2c0 /usr/lib/gcc/arm-elf/3.4.4/../../../../arm-elf/lib/thumb/interwork/libm.a(k_rem_pio2.o)
 .debug_info    0x0000167e      0x18b /usr/lib/gcc/arm-elf/3.4.4/../../../../arm-elf/lib/thumb/interwork/libm.a(k_sin.o)
 .debug_info    0x00001809      0x1a0 /usr/lib/gcc/arm-elf/3.4.4/../../../../arm-elf/lib/thumb/interwork/libm.a(s_floor.o)
 .debug_info    0x000019a9      0x147 /usr/lib/gcc/arm-elf/3.4.4/../../../../arm-elf/lib/thumb/interwork/libm.a(s_isnan.o)
 .debug_info    0x00001af0       0xbe /usr/lib/gcc/arm-elf/3.4.4/../../../../arm-elf/lib/thumb/interwork/libm.a(s_lib_ver.o)
 .debug_info    0x00001bae      0x125 /usr/lib/gcc/arm-elf/3.4.4/../../../../arm-elf/lib/thumb/interwork/libm.a(s_matherr.o)
 .debug_info    0x00001cd3      0x1f4 /usr/lib/gcc/arm-elf/3.4.4/../../../../arm-elf/lib/thumb/interwork/libm.a(s_scalbn.o)
 .debug_info    0x00001ec7      0x14a /usr/lib/gcc/arm-elf/3.4.4/../../../../arm-elf/lib/thumb/interwork/libm.a(s_copysign.o)
 .debug_info    0x00002011      0x913 /usr/lib/gcc/arm-elf/3.4.4/../../../../arm-elf/lib/thumb/interwork/libc.a(errno.o)
 .debug_info    0x00002924      0x922 /usr/lib/gcc/arm-elf/3.4.4/../../../../arm-elf/lib/thumb/interwork/libc.a(impure.o)

.debug_abbrev   0x00000000     0x11d8
 *(.debug_abbrev)
 .debug_abbrev  0x00000000       0x99 /usr/lib/gcc/arm-elf/3.4.4/../../../../arm-elf/lib/thumb/interwork/libc.a(memcpy.o)
 .debug_abbrev  0x00000099      0x11f /usr/lib/gcc/arm-elf/3.4.4/../../../../arm-elf/lib/thumb/interwork/libm.a(s_atan.o)
 .debug_abbrev  0x000001b8       0x8b /usr/lib/gcc/arm-elf/3.4.4/../../../../arm-elf/lib/thumb/interwork/libm.a(s_cos.o)
 .debug_abbrev  0x00000243       0xd0 /usr/lib/gcc/arm-elf/3.4.4/../../../../arm-elf/lib/thumb/interwork/libm.a(s_fabs.o)
 .debug_abbrev  0x00000313       0x8b /usr/lib/gcc/arm-elf/3.4.4/../../../../arm-elf/lib/thumb/interwork/libm.a(s_sin.o)
 .debug_abbrev  0x0000039e       0xc7 /usr/lib/gcc/arm-elf/3.4.4/../../../../arm-elf/lib/thumb/interwork/libm.a(w_atan2.o)
 .debug_abbrev  0x00000465       0xc7 /usr/lib/gcc/arm-elf/3.4.4/../../../../arm-elf/lib/thumb/interwork/libm.a(w_sqrt.o)
 .debug_abbrev  0x0000052c      0x10f /usr/lib/gcc/arm-elf/3.4.4/../../../../arm-elf/lib/thumb/interwork/libm.a(e_atan2.o)
 .debug_abbrev  0x0000063b      0x128 /usr/lib/gcc/arm-elf/3.4.4/../../../../arm-elf/lib/thumb/interwork/libm.a(e_rem_pio2.o)
 .debug_abbrev  0x00000763      0x104 /usr/lib/gcc/arm-elf/3.4.4/../../../../arm-elf/lib/thumb/interwork/libm.a(e_sqrt.o)
 .debug_abbrev  0x00000867       0xea /usr/lib/gcc/arm-elf/3.4.4/../../../../arm-elf/lib/thumb/interwork/libm.a(k_cos.o)
 .debug_abbrev  0x00000951       0xe6 /usr/lib/gcc/arm-elf/3.4.4/../../../../arm-elf/lib/thumb/interwork/libm.a(k_rem_pio2.o)
 .debug_abbrev  0x00000a37       0x93 /usr/lib/gcc/arm-elf/3.4.4/../../../../arm-elf/lib/thumb/interwork/libm.a(k_sin.o)
 .debug_abbrev  0x00000aca       0xe8 /usr/lib/gcc/arm-elf/3.4.4/../../../../arm-elf/lib/thumb/interwork/libm.a(s_floor.o)
 .debug_abbrev  0x00000bb2       0xd4 /usr/lib/gcc/arm-elf/3.4.4/../../../../arm-elf/lib/thumb/interwork/libm.a(s_isnan.o)
 .debug_abbrev  0x00000c86       0x5a /usr/lib/gcc/arm-elf/3.4.4/../../../../arm-elf/lib/thumb/interwork/libm.a(s_lib_ver.o)
 .debug_abbrev  0x00000ce0       0x95 /usr/lib/gcc/arm-elf/3.4.4/../../../../arm-elf/lib/thumb/interwork/libm.a(s_matherr.o)
 .debug_abbrev  0x00000d75       0xe8 /usr/lib/gcc/arm-elf/3.4.4/../../../../arm-elf/lib/thumb/interwork/libm.a(s_scalbn.o)
 .debug_abbrev  0x00000e5d       0xc5 /usr/lib/gcc/arm-elf/3.4.4/../../../../arm-elf/lib/thumb/interwork/libm.a(s_copysign.o)
 .debug_abbrev  0x00000f22      0x15f /usr/lib/gcc/arm-elf/3.4.4/../../../../arm-elf/lib/thumb/interwork/libc.a(errno.o)
 .debug_abbrev  0x00001081      0x157 /usr/lib/gcc/arm-elf/3.4.4/../../../../arm-elf/lib/thumb/interwork/libc.a(impure.o)

.debug_line     0x00000000     0x1487
 *(.debug_line)
 .debug_line    0x00000000       0xa7 /usr/lib/gcc/arm-elf/3.4.4/../../../../arm-elf/lib/thumb/interwork/libc.a(memcpy.o)
 .debug_line    0x000000a7      0x137 /usr/lib/gcc/arm-elf/3.4.4/../../../../arm-elf/lib/thumb/interwork/libm.a(s_atan.o)
 .debug_line    0x000001de       0xcc /usr/lib/gcc/arm-elf/3.4.4/../../../../arm-elf/lib/thumb/interwork/libm.a(s_cos.o)
 .debug_line    0x000002aa       0xf3 /usr/lib/gcc/arm-elf/3.4.4/../../../../arm-elf/lib/thumb/interwork/libm.a(s_fabs.o)
 .debug_line    0x0000039d       0xcc /usr/lib/gcc/arm-elf/3.4.4/../../../../arm-elf/lib/thumb/interwork/libm.a(s_sin.o)
 .debug_line    0x00000469       0xca /usr/lib/gcc/arm-elf/3.4.4/../../../../arm-elf/lib/thumb/interwork/libm.a(w_atan2.o)
 .debug_line    0x00000533       0xc9 /usr/lib/gcc/arm-elf/3.4.4/../../../../arm-elf/lib/thumb/interwork/libm.a(w_sqrt.o)
 .debug_line    0x000005fc      0x14c /usr/lib/gcc/arm-elf/3.4.4/../../../../arm-elf/lib/thumb/interwork/libm.a(e_atan2.o)
 .debug_line    0x00000748      0x17c /usr/lib/gcc/arm-elf/3.4.4/../../../../arm-elf/lib/thumb/interwork/libm.a(e_rem_pio2.o)
 .debug_line    0x000008c4      0x163 /usr/lib/gcc/arm-elf/3.4.4/../../../../arm-elf/lib/thumb/interwork/libm.a(e_sqrt.o)
 .debug_line    0x00000a27      0x115 /usr/lib/gcc/arm-elf/3.4.4/../../../../arm-elf/lib/thumb/interwork/libm.a(k_cos.o)
 .debug_line    0x00000b3c      0x187 /usr/lib/gcc/arm-elf/3.4.4/../../../../arm-elf/lib/thumb/interwork/libm.a(k_rem_pio2.o)
 .debug_line    0x00000cc3       0xc6 /usr/lib/gcc/arm-elf/3.4.4/../../../../arm-elf/lib/thumb/interwork/libm.a(k_sin.o)
 .debug_line    0x00000d89      0x12a /usr/lib/gcc/arm-elf/3.4.4/../../../../arm-elf/lib/thumb/interwork/libm.a(s_floor.o)
 .debug_line    0x00000eb3       0xfb /usr/lib/gcc/arm-elf/3.4.4/../../../../arm-elf/lib/thumb/interwork/libm.a(s_isnan.o)
 .debug_line    0x00000fae       0xa0 /usr/lib/gcc/arm-elf/3.4.4/../../../../arm-elf/lib/thumb/interwork/libm.a(s_lib_ver.o)
 .debug_line    0x0000104e       0xb0 /usr/lib/gcc/arm-elf/3.4.4/../../../../arm-elf/lib/thumb/interwork/libm.a(s_matherr.o)
 .debug_line    0x000010fe       0xeb /usr/lib/gcc/arm-elf/3.4.4/../../../../arm-elf/lib/thumb/interwork/libm.a(s_scalbn.o)
 .debug_line    0x000011e9       0xc4 /usr/lib/gcc/arm-elf/3.4.4/../../../../arm-elf/lib/thumb/interwork/libm.a(s_copysign.o)
 .debug_line    0x000012ad       0xf4 /usr/lib/gcc/arm-elf/3.4.4/../../../../arm-elf/lib/thumb/interwork/libc.a(errno.o)
 .debug_line    0x000013a1       0xe6 /usr/lib/gcc/arm-elf/3.4.4/../../../../arm-elf/lib/thumb/interwork/libc.a(impure.o)

.debug_frame    0x00000000      0x3b4
 *(.debug_frame)
 .debug_frame   0x00000000       0x2c /usr/lib/gcc/arm-elf/3.4.4/../../../../arm-elf/lib/thumb/interwork/libc.a(memcpy.o)
 .debug_frame   0x0000002c       0x38 /usr/lib/gcc/arm-elf/3.4.4/../../../../arm-elf/lib/thumb/interwork/libm.a(s_atan.o)
 .debug_frame   0x00000064       0x30 /usr/lib/gcc/arm-elf/3.4.4/../../../../arm-elf/lib/thumb/interwork/libm.a(s_cos.o)
 .debug_frame   0x00000094       0x28 /usr/lib/gcc/arm-elf/3.4.4/../../../../arm-elf/lib/thumb/interwork/libm.a(s_fabs.o)
 .debug_frame   0x000000bc       0x30 /usr/lib/gcc/arm-elf/3.4.4/../../../../arm-elf/lib/thumb/interwork/libm.a(s_sin.o)
 .debug_frame   0x000000ec       0x38 /usr/lib/gcc/arm-elf/3.4.4/../../../../arm-elf/lib/thumb/interwork/libm.a(w_atan2.o)
 .debug_frame   0x00000124       0x38 /usr/lib/gcc/arm-elf/3.4.4/../../../../arm-elf/lib/thumb/interwork/libm.a(w_sqrt.o)
 .debug_frame   0x0000015c       0x38 /usr/lib/gcc/arm-elf/3.4.4/../../../../arm-elf/lib/thumb/interwork/libm.a(e_atan2.o)
 .debug_frame   0x00000194       0x3c /usr/lib/gcc/arm-elf/3.4.4/../../../../arm-elf/lib/thumb/interwork/libm.a(e_rem_pio2.o)
 .debug_frame   0x000001d0       0x3c /usr/lib/gcc/arm-elf/3.4.4/../../../../arm-elf/lib/thumb/interwork/libm.a(e_sqrt.o)
 .debug_frame   0x0000020c       0x38 /usr/lib/gcc/arm-elf/3.4.4/../../../../arm-elf/lib/thumb/interwork/libm.a(k_cos.o)
 .debug_frame   0x00000244       0x40 /usr/lib/gcc/arm-elf/3.4.4/../../../../arm-elf/lib/thumb/interwork/libm.a(k_rem_pio2.o)
 .debug_frame   0x00000284       0x30 /usr/lib/gcc/arm-elf/3.4.4/../../../../arm-elf/lib/thumb/interwork/libm.a(k_sin.o)
 .debug_frame   0x000002b4       0x38 /usr/lib/gcc/arm-elf/3.4.4/../../../../arm-elf/lib/thumb/interwork/libm.a(s_floor.o)
 .debug_frame   0x000002ec       0x28 /usr/lib/gcc/arm-elf/3.4.4/../../../../arm-elf/lib/thumb/interwork/libm.a(s_isnan.o)
 .debug_frame   0x00000314       0x20 /usr/lib/gcc/arm-elf/3.4.4/../../../../arm-elf/lib/thumb/interwork/libm.a(s_matherr.o)
 .debug_frame   0x00000334       0x34 /usr/lib/gcc/arm-elf/3.4.4/../../../../arm-elf/lib/thumb/interwork/libm.a(s_scalbn.o)
 .debug_frame   0x00000368       0x2c /usr/lib/gcc/arm-elf/3.4.4/../../../../arm-elf/lib/thumb/interwork/libm.a(s_copysign.o)
 .debug_frame   0x00000394       0x20 /usr/lib/gcc/arm-elf/3.4.4/../../../../arm-elf/lib/thumb/interwork/libc.a(errno.o)

.debug_str      0x00000000      0xc71
 *(.debug_str)
 .debug_str     0x00000000       0xd0 /usr/lib/gcc/arm-elf/3.4.4/../../../../arm-elf/lib/thumb/interwork/libc.a(memcpy.o)
                                 0xf0 (size before relaxing)
 .debug_str     0x000000d0      0x13c /usr/lib/gcc/arm-elf/3.4.4/../../../../arm-elf/lib/thumb/interwork/libm.a(s_atan.o)
                                0x17b (size before relaxing)
 .debug_str     0x0000020c       0x32 /usr/lib/gcc/arm-elf/3.4.4/../../../../arm-elf/lib/thumb/interwork/libm.a(s_cos.o)
                                0x12a (size before relaxing)
 .debug_str     0x0000023e       0x42 /usr/lib/gcc/arm-elf/3.4.4/../../../../arm-elf/lib/thumb/interwork/libm.a(s_fabs.o)
                                0x163 (size before relaxing)
 .debug_str     0x00000280       0x32 /usr/lib/gcc/arm-elf/3.4.4/../../../../arm-elf/lib/thumb/interwork/libm.a(s_sin.o)
                                0x12a (size before relaxing)
 .debug_str     0x000002b2       0xaf /usr/lib/gcc/arm-elf/3.4.4/../../../../arm-elf/lib/thumb/interwork/libm.a(w_atan2.o)
                                0x1a8 (size before relaxing)
 .debug_str     0x00000361       0x33 /usr/lib/gcc/arm-elf/3.4.4/../../../../arm-elf/lib/thumb/interwork/libm.a(w_sqrt.o)
                                0x1a6 (size before relaxing)
 .debug_str     0x00000394       0x67 /usr/lib/gcc/arm-elf/3.4.4/../../../../arm-elf/lib/thumb/interwork/libm.a(e_atan2.o)
                                0x197 (size before relaxing)
 .debug_str     0x000003fb       0xa4 /usr/lib/gcc/arm-elf/3.4.4/../../../../arm-elf/lib/thumb/interwork/libm.a(e_rem_pio2.o)
                                0x1e3 (size before relaxing)
 .debug_str     0x0000049f       0x47 /usr/lib/gcc/arm-elf/3.4.4/../../../../arm-elf/lib/thumb/interwork/libm.a(e_sqrt.o)
                                0x17c (size before relaxing)
 .debug_str     0x000004e6       0x3f /usr/lib/gcc/arm-elf/3.4.4/../../../../arm-elf/lib/thumb/interwork/libm.a(k_cos.o)
                                0x16a (size before relaxing)
 .debug_str     0x00000525       0x78 /usr/lib/gcc/arm-elf/3.4.4/../../../../arm-elf/lib/thumb/interwork/libm.a(k_rem_pio2.o)
                                0x17b (size before relaxing)
 .debug_str     0x0000059d       0x3f /usr/lib/gcc/arm-elf/3.4.4/../../../../arm-elf/lib/thumb/interwork/libm.a(k_sin.o)
                                0x13c (size before relaxing)
 .debug_str     0x000005dc       0x3a /usr/lib/gcc/arm-elf/3.4.4/../../../../arm-elf/lib/thumb/interwork/libm.a(s_floor.o)
                                0x16f (size before relaxing)
 .debug_str     0x00000616       0x3a /usr/lib/gcc/arm-elf/3.4.4/../../../../arm-elf/lib/thumb/interwork/libm.a(s_isnan.o)
                                0x165 (size before relaxing)
 .debug_str     0x00000650       0x92 /usr/lib/gcc/arm-elf/3.4.4/../../../../arm-elf/lib/thumb/interwork/libm.a(s_lib_ver.o)
                                0x183 (size before relaxing)
 .debug_str     0x000006e2       0x40 /usr/lib/gcc/arm-elf/3.4.4/../../../../arm-elf/lib/thumb/interwork/libm.a(s_matherr.o)
                                0x155 (size before relaxing)
 .debug_str     0x00000722       0x4b /usr/lib/gcc/arm-elf/3.4.4/../../../../arm-elf/lib/thumb/interwork/libm.a(s_scalbn.o)
                                0x187 (size before relaxing)
 .debug_str     0x0000076d       0x42 /usr/lib/gcc/arm-elf/3.4.4/../../../../arm-elf/lib/thumb/interwork/libm.a(s_copysign.o)
                                0x165 (size before relaxing)
 .debug_str     0x000007af      0x416 /usr/lib/gcc/arm-elf/3.4.4/../../../../arm-elf/lib/thumb/interwork/libc.a(errno.o)
                                0x4be (size before relaxing)
 .debug_str     0x00000bc5       0xac /usr/lib/gcc/arm-elf/3.4.4/../../../../arm-elf/lib/thumb/interwork/libc.a(impure.o)
                                0x4d6 (size before relaxing)

.debug_loc
 *(.debug_loc)

.debug_macinfo
 *(.debug_macinfo)

.debug_weaknames
 *(.debug_weaknames)

.debug_funcnames
 *(.debug_funcnames)

.debug_typenames
 *(.debug_typenames)

.debug_varnames
 *(.debug_varnames)
OUTPUT(/home/mav/Desktop/paparazzi3new/var/accelero/ap/ap.elf elf32-littlearm)

.debug_ranges   0x00000000       0xc8
 .debug_ranges  0x00000000       0x28 /usr/lib/gcc/arm-elf/3.4.4/../../../../arm-elf/lib/thumb/interwork/libm.a(s_atan.o)
 .debug_ranges  0x00000028       0x20 /usr/lib/gcc/arm-elf/3.4.4/../../../../arm-elf/lib/thumb/interwork/libm.a(e_atan2.o)
 .debug_ranges  0x00000048       0x18 /usr/lib/gcc/arm-elf/3.4.4/../../../../arm-elf/lib/thumb/interwork/libm.a(e_rem_pio2.o)
 .debug_ranges  0x00000060       0x18 /usr/lib/gcc/arm-elf/3.4.4/../../../../arm-elf/lib/thumb/interwork/libm.a(e_sqrt.o)
 .debug_ranges  0x00000078       0x18 /usr/lib/gcc/arm-elf/3.4.4/../../../../arm-elf/lib/thumb/interwork/libm.a(k_cos.o)
 .debug_ranges  0x00000090       0x20 /usr/lib/gcc/arm-elf/3.4.4/../../../../arm-elf/lib/thumb/interwork/libm.a(s_floor.o)
 .debug_ranges  0x000000b0       0x18 /usr/lib/gcc/arm-elf/3.4.4/../../../../arm-elf/lib/thumb/interwork/libm.a(s_scalbn.o)

Cross Reference Table

Symbol                                            File
TIMER0_ISR                                        /home/mav/Desktop/paparazzi3new/var/accelero/ap/sys_time_hw.o
                                                  /home/mav/Desktop/paparazzi3new/var/accelero/ap/main_fbw.o
____adddf3_change_to_arm                          /usr/lib/gcc/arm-elf/3.4.4/thumb/interwork/libgcc.a(_fixunssfsi.o)
____adddf3_from_thumb                             /usr/lib/gcc/arm-elf/3.4.4/thumb/interwork/libgcc.a(_fixunssfsi.o)
____divdf3_change_to_arm                          /usr/lib/gcc/arm-elf/3.4.4/thumb/interwork/libgcc.a(_fixunssfsi.o)
____divdf3_from_thumb                             /usr/lib/gcc/arm-elf/3.4.4/thumb/interwork/libgcc.a(_fixunssfsi.o)
____divsi3_from_arm                               /usr/lib/gcc/arm-elf/3.4.4/thumb/interwork/libgcc.a(_fixunssfsi.o)
____eqdf2_change_to_arm                           /usr/lib/gcc/arm-elf/3.4.4/thumb/interwork/libgcc.a(_fixunssfsi.o)
____eqdf2_from_thumb                              /usr/lib/gcc/arm-elf/3.4.4/thumb/interwork/libgcc.a(_fixunssfsi.o)
____fixdfsi_change_to_arm                         /usr/lib/gcc/arm-elf/3.4.4/thumb/interwork/libgcc.a(_fixunssfsi.o)
____fixdfsi_from_thumb                            /usr/lib/gcc/arm-elf/3.4.4/thumb/interwork/libgcc.a(_fixunssfsi.o)
____floatsidf_change_to_arm                       /usr/lib/gcc/arm-elf/3.4.4/thumb/interwork/libgcc.a(_fixunssfsi.o)
____floatsidf_from_thumb                          /usr/lib/gcc/arm-elf/3.4.4/thumb/interwork/libgcc.a(_fixunssfsi.o)
____gedf2_change_to_arm                           /usr/lib/gcc/arm-elf/3.4.4/thumb/interwork/libgcc.a(_fixunssfsi.o)
____gedf2_from_thumb                              /usr/lib/gcc/arm-elf/3.4.4/thumb/interwork/libgcc.a(_fixunssfsi.o)
____gtdf2_change_to_arm                           /usr/lib/gcc/arm-elf/3.4.4/thumb/interwork/libgcc.a(_fixunssfsi.o)
____gtdf2_from_thumb                              /usr/lib/gcc/arm-elf/3.4.4/thumb/interwork/libgcc.a(_fixunssfsi.o)
____ltdf2_change_to_arm                           /usr/lib/gcc/arm-elf/3.4.4/thumb/interwork/libgcc.a(_fixunssfsi.o)
____ltdf2_from_thumb                              /usr/lib/gcc/arm-elf/3.4.4/thumb/interwork/libgcc.a(_fixunssfsi.o)
____muldf3_change_to_arm                          /usr/lib/gcc/arm-elf/3.4.4/thumb/interwork/libgcc.a(_fixunssfsi.o)
____muldf3_from_thumb                             /usr/lib/gcc/arm-elf/3.4.4/thumb/interwork/libgcc.a(_fixunssfsi.o)
____subdf3_change_to_arm                          /usr/lib/gcc/arm-elf/3.4.4/thumb/interwork/libgcc.a(_fixunssfsi.o)
____subdf3_from_thumb                             /usr/lib/gcc/arm-elf/3.4.4/thumb/interwork/libgcc.a(_fixunssfsi.o)
__adddf3                                          /usr/lib/gcc/arm-elf/3.4.4/thumb/interwork/libgcc.a(_addsubdf3.o)
                                                  /usr/lib/gcc/arm-elf/3.4.4/../../../../arm-elf/lib/thumb/interwork/libm.a(s_scalbn.o)
                                                  /usr/lib/gcc/arm-elf/3.4.4/../../../../arm-elf/lib/thumb/interwork/libm.a(s_floor.o)
                                                  /usr/lib/gcc/arm-elf/3.4.4/../../../../arm-elf/lib/thumb/interwork/libm.a(k_sin.o)
                                                  /usr/lib/gcc/arm-elf/3.4.4/../../../../arm-elf/lib/thumb/interwork/libm.a(k_rem_pio2.o)
                                                  /usr/lib/gcc/arm-elf/3.4.4/../../../../arm-elf/lib/thumb/interwork/libm.a(k_cos.o)
                                                  /usr/lib/gcc/arm-elf/3.4.4/../../../../arm-elf/lib/thumb/interwork/libm.a(e_sqrt.o)
                                                  /usr/lib/gcc/arm-elf/3.4.4/../../../../arm-elf/lib/thumb/interwork/libm.a(e_rem_pio2.o)
                                                  /usr/lib/gcc/arm-elf/3.4.4/../../../../arm-elf/lib/thumb/interwork/libm.a(e_atan2.o)
                                                  /usr/lib/gcc/arm-elf/3.4.4/../../../../arm-elf/lib/thumb/interwork/libm.a(s_atan.o)
                                                  /home/mav/Desktop/paparazzi3new/var/accelero/ap/fw_v_ctl.o
                                                  /home/mav/Desktop/paparazzi3new/var/accelero/ap/fw_h_ctl.o
                                                  /home/mav/Desktop/paparazzi3new/var/accelero/ap/nav.o
                                                  /home/mav/Desktop/paparazzi3new/var/accelero/ap/main_ap.o
                                                  /home/mav/Desktop/paparazzi3new/var/accelero/ap/main_fbw.o
__addsf3                                          /usr/lib/gcc/arm-elf/3.4.4/thumb/interwork/libgcc.a(_addsubsf3.o)
                                                  /home/mav/Desktop/paparazzi3new/var/accelero/ap/fw_v_ctl.o
                                                  /home/mav/Desktop/paparazzi3new/var/accelero/ap/fw_h_ctl.o
                                                  /home/mav/Desktop/paparazzi3new/var/accelero/ap/nav.o
                                                  /home/mav/Desktop/paparazzi3new/var/accelero/ap/datalink.o
                                                  /home/mav/Desktop/paparazzi3new/var/accelero/ap/main_ap.o
__atan2_from_arm                                  /usr/lib/gcc/arm-elf/3.4.4/thumb/interwork/libgcc.a(_fixunssfsi.o)
__atan_from_arm                                   /usr/lib/gcc/arm-elf/3.4.4/thumb/interwork/libgcc.a(_fixunssfsi.o)
__bss_end__                                       /home/mav/Desktop/paparazzi3new/var/accelero/ap/crt0.o
__bss_start                                       /home/mav/Desktop/paparazzi3new/var/accelero/ap/crt0.o
__cmpdf2                                          /usr/lib/gcc/arm-elf/3.4.4/thumb/interwork/libgcc.a(_cmpdf2.o)
__cmpsf2                                          /usr/lib/gcc/arm-elf/3.4.4/thumb/interwork/libgcc.a(_cmpsf2.o)
__cos_from_arm                                    /usr/lib/gcc/arm-elf/3.4.4/thumb/interwork/libgcc.a(_fixunssfsi.o)
__ctors_end__                                     /home/mav/Desktop/paparazzi3new/var/accelero/ap/crt0.o
__ctors_start__                                   /home/mav/Desktop/paparazzi3new/var/accelero/ap/crt0.o
__div0                                            /usr/lib/gcc/arm-elf/3.4.4/thumb/interwork/libgcc.a(_dvmd_tls.o)
                                                  /usr/lib/gcc/arm-elf/3.4.4/thumb/interwork/libgcc.a(_divsi3.o)
__divdf3                                          /usr/lib/gcc/arm-elf/3.4.4/thumb/interwork/libgcc.a(_muldivdf3.o)
                                                  /usr/lib/gcc/arm-elf/3.4.4/../../../../arm-elf/lib/thumb/interwork/libm.a(e_sqrt.o)
                                                  /usr/lib/gcc/arm-elf/3.4.4/../../../../arm-elf/lib/thumb/interwork/libm.a(e_atan2.o)
                                                  /usr/lib/gcc/arm-elf/3.4.4/../../../../arm-elf/lib/thumb/interwork/libm.a(w_sqrt.o)
                                                  /usr/lib/gcc/arm-elf/3.4.4/../../../../arm-elf/lib/thumb/interwork/libm.a(s_atan.o)
                                                  /home/mav/Desktop/paparazzi3new/var/accelero/ap/gyro.o
                                                  /home/mav/Desktop/paparazzi3new/var/accelero/ap/fw_v_ctl.o
                                                  /home/mav/Desktop/paparazzi3new/var/accelero/ap/fw_h_ctl.o
                                                  /home/mav/Desktop/paparazzi3new/var/accelero/ap/nav.o
                                                  /home/mav/Desktop/paparazzi3new/var/accelero/ap/gps.o
                                                  /home/mav/Desktop/paparazzi3new/var/accelero/ap/datalink.o
                                                  /home/mav/Desktop/paparazzi3new/var/accelero/ap/main_ap.o
__divsf3                                          /usr/lib/gcc/arm-elf/3.4.4/thumb/interwork/libgcc.a(_muldivsf3.o)
                                                  /home/mav/Desktop/paparazzi3new/var/accelero/ap/fw_v_ctl.o
                                                  /home/mav/Desktop/paparazzi3new/var/accelero/ap/fw_h_ctl.o
                                                  /home/mav/Desktop/paparazzi3new/var/accelero/ap/nav.o
                                                  /home/mav/Desktop/paparazzi3new/var/accelero/ap/datalink.o
                                                  /home/mav/Desktop/paparazzi3new/var/accelero/ap/main_ap.o
__divsi3                                          /usr/lib/gcc/arm-elf/3.4.4/thumb/interwork/libgcc.a(_divsi3.o)
                                                  /usr/lib/gcc/arm-elf/3.4.4/../../../../arm-elf/lib/thumb/interwork/libm.a(k_rem_pio2.o)
                                                  /home/mav/Desktop/paparazzi3new/var/accelero/ap/accel.o
                                                  /home/mav/Desktop/paparazzi3new/var/accelero/ap/gyro.o
                                                  /home/mav/Desktop/paparazzi3new/var/accelero/ap/gps_ubx.o
                                                  /home/mav/Desktop/paparazzi3new/var/accelero/ap/main_fbw.o
__eqdf2                                           /usr/lib/gcc/arm-elf/3.4.4/thumb/interwork/libgcc.a(_cmpdf2.o)
                                                  /usr/lib/gcc/arm-elf/3.4.4/../../../../arm-elf/lib/thumb/interwork/libm.a(k_rem_pio2.o)
                                                  /usr/lib/gcc/arm-elf/3.4.4/../../../../arm-elf/lib/thumb/interwork/libm.a(e_rem_pio2.o)
                                                  /usr/lib/gcc/arm-elf/3.4.4/../../../../arm-elf/lib/thumb/interwork/libm.a(w_atan2.o)
__eqsf2                                           /usr/lib/gcc/arm-elf/3.4.4/thumb/interwork/libgcc.a(_cmpsf2.o)
__errno                                           /usr/lib/gcc/arm-elf/3.4.4/../../../../arm-elf/lib/thumb/interwork/libc.a(errno.o)
                                                  /usr/lib/gcc/arm-elf/3.4.4/../../../../arm-elf/lib/thumb/interwork/libm.a(w_sqrt.o)
                                                  /usr/lib/gcc/arm-elf/3.4.4/../../../../arm-elf/lib/thumb/interwork/libm.a(w_atan2.o)
__extendsfdf2                                     /usr/lib/gcc/arm-elf/3.4.4/thumb/interwork/libgcc.a(_addsubdf3.o)
                                                  /home/mav/Desktop/paparazzi3new/var/accelero/ap/gyro.o
                                                  /home/mav/Desktop/paparazzi3new/var/accelero/ap/fw_v_ctl.o
                                                  /home/mav/Desktop/paparazzi3new/var/accelero/ap/fw_h_ctl.o
                                                  /home/mav/Desktop/paparazzi3new/var/accelero/ap/nav.o
                                                  /home/mav/Desktop/paparazzi3new/var/accelero/ap/datalink.o
                                                  /home/mav/Desktop/paparazzi3new/var/accelero/ap/main_ap.o
                                                  /home/mav/Desktop/paparazzi3new/var/accelero/ap/main_fbw.o
__fdlib_version                                   /usr/lib/gcc/arm-elf/3.4.4/../../../../arm-elf/lib/thumb/interwork/libm.a(s_lib_ver.o)
                                                  /usr/lib/gcc/arm-elf/3.4.4/../../../../arm-elf/lib/thumb/interwork/libm.a(w_sqrt.o)
                                                  /usr/lib/gcc/arm-elf/3.4.4/../../../../arm-elf/lib/thumb/interwork/libm.a(w_atan2.o)
__fixdfsi                                         /usr/lib/gcc/arm-elf/3.4.4/thumb/interwork/libgcc.a(_fixdfsi.o)
                                                  /usr/lib/gcc/arm-elf/3.4.4/../../../../arm-elf/lib/thumb/interwork/libm.a(k_sin.o)
                                                  /usr/lib/gcc/arm-elf/3.4.4/../../../../arm-elf/lib/thumb/interwork/libm.a(k_rem_pio2.o)
                                                  /usr/lib/gcc/arm-elf/3.4.4/../../../../arm-elf/lib/thumb/interwork/libm.a(k_cos.o)
                                                  /usr/lib/gcc/arm-elf/3.4.4/../../../../arm-elf/lib/thumb/interwork/libm.a(e_rem_pio2.o)
                                                  /home/mav/Desktop/paparazzi3new/var/accelero/ap/main_ap.o
                                                  /home/mav/Desktop/paparazzi3new/var/accelero/ap/main_fbw.o
__fixsfsi                                         /usr/lib/gcc/arm-elf/3.4.4/thumb/interwork/libgcc.a(_fixsfsi.o)
                                                  /home/mav/Desktop/paparazzi3new/var/accelero/ap/accel.o
                                                  /home/mav/Desktop/paparazzi3new/var/accelero/ap/gyro.o
                                                  /home/mav/Desktop/paparazzi3new/var/accelero/ap/fw_v_ctl.o
                                                  /home/mav/Desktop/paparazzi3new/var/accelero/ap/fw_h_ctl.o
                                                  /home/mav/Desktop/paparazzi3new/var/accelero/ap/nav.o
                                                  /home/mav/Desktop/paparazzi3new/var/accelero/ap/main_ap.o
                                                  /home/mav/Desktop/paparazzi3new/var/accelero/ap/main_fbw.o
__fixunsdfsi                                      /usr/lib/gcc/arm-elf/3.4.4/thumb/interwork/libgcc.a(_fixunsdfsi.o)
                                                  /home/mav/Desktop/paparazzi3new/var/accelero/ap/main_fbw.o
__fixunssfsi                                      /usr/lib/gcc/arm-elf/3.4.4/thumb/interwork/libgcc.a(_fixunssfsi.o)
                                                  /home/mav/Desktop/paparazzi3new/var/accelero/ap/datalink.o
__floatsidf                                       /usr/lib/gcc/arm-elf/3.4.4/thumb/interwork/libgcc.a(_addsubdf3.o)
                                                  /usr/lib/gcc/arm-elf/3.4.4/../../../../arm-elf/lib/thumb/interwork/libm.a(k_rem_pio2.o)
                                                  /usr/lib/gcc/arm-elf/3.4.4/../../../../arm-elf/lib/thumb/interwork/libm.a(e_rem_pio2.o)
                                                  /home/mav/Desktop/paparazzi3new/var/accelero/ap/gps.o
                                                  /home/mav/Desktop/paparazzi3new/var/accelero/ap/main_ap.o
                                                  /home/mav/Desktop/paparazzi3new/var/accelero/ap/main_fbw.o
__floatsisf                                       /usr/lib/gcc/arm-elf/3.4.4/thumb/interwork/libgcc.a(_addsubsf3.o)
                                                  /home/mav/Desktop/paparazzi3new/var/accelero/ap/accel.o
                                                  /home/mav/Desktop/paparazzi3new/var/accelero/ap/gyro.o
                                                  /home/mav/Desktop/paparazzi3new/var/accelero/ap/fw_v_ctl.o
                                                  /home/mav/Desktop/paparazzi3new/var/accelero/ap/fw_h_ctl.o
                                                  /home/mav/Desktop/paparazzi3new/var/accelero/ap/datalink.o
                                                  /home/mav/Desktop/paparazzi3new/var/accelero/ap/main_ap.o
                                                  /home/mav/Desktop/paparazzi3new/var/accelero/ap/main_fbw.o
__floatunsidf                                     /usr/lib/gcc/arm-elf/3.4.4/thumb/interwork/libgcc.a(_addsubdf3.o)
__floatunsisf                                     /usr/lib/gcc/arm-elf/3.4.4/thumb/interwork/libgcc.a(_addsubsf3.o)
__gedf2                                           /usr/lib/gcc/arm-elf/3.4.4/thumb/interwork/libgcc.a(_cmpdf2.o)
                                                  /usr/lib/gcc/arm-elf/3.4.4/../../../../arm-elf/lib/thumb/interwork/libm.a(k_rem_pio2.o)
                                                  /usr/lib/gcc/arm-elf/3.4.4/../../../../arm-elf/lib/thumb/interwork/libm.a(e_sqrt.o)
__gesf2                                           /usr/lib/gcc/arm-elf/3.4.4/thumb/interwork/libgcc.a(_cmpsf2.o)
                                                  /home/mav/Desktop/paparazzi3new/var/accelero/ap/nav.o
__gtdf2                                           /usr/lib/gcc/arm-elf/3.4.4/thumb/interwork/libgcc.a(_cmpdf2.o)
                                                  /usr/lib/gcc/arm-elf/3.4.4/../../../../arm-elf/lib/thumb/interwork/libm.a(s_floor.o)
                                                  /usr/lib/gcc/arm-elf/3.4.4/../../../../arm-elf/lib/thumb/interwork/libm.a(e_sqrt.o)
                                                  /usr/lib/gcc/arm-elf/3.4.4/../../../../arm-elf/lib/thumb/interwork/libm.a(s_atan.o)
                                                  /home/mav/Desktop/paparazzi3new/var/accelero/ap/fw_v_ctl.o
                                                  /home/mav/Desktop/paparazzi3new/var/accelero/ap/fw_h_ctl.o
                                                  /home/mav/Desktop/paparazzi3new/var/accelero/ap/nav.o
                                                  /home/mav/Desktop/paparazzi3new/var/accelero/ap/main_ap.o
__gtsf2                                           /usr/lib/gcc/arm-elf/3.4.4/thumb/interwork/libgcc.a(_cmpsf2.o)
                                                  /home/mav/Desktop/paparazzi3new/var/accelero/ap/fw_v_ctl.o
                                                  /home/mav/Desktop/paparazzi3new/var/accelero/ap/fw_h_ctl.o
                                                  /home/mav/Desktop/paparazzi3new/var/accelero/ap/nav.o
                                                  /home/mav/Desktop/paparazzi3new/var/accelero/ap/main_ap.o
                                                  /home/mav/Desktop/paparazzi3new/var/accelero/ap/main_fbw.o
__ieee754_atan2                                   /usr/lib/gcc/arm-elf/3.4.4/../../../../arm-elf/lib/thumb/interwork/libm.a(e_atan2.o)
                                                  /usr/lib/gcc/arm-elf/3.4.4/../../../../arm-elf/lib/thumb/interwork/libm.a(w_atan2.o)
__ieee754_rem_pio2                                /usr/lib/gcc/arm-elf/3.4.4/../../../../arm-elf/lib/thumb/interwork/libm.a(e_rem_pio2.o)
                                                  /usr/lib/gcc/arm-elf/3.4.4/../../../../arm-elf/lib/thumb/interwork/libm.a(s_sin.o)
                                                  /usr/lib/gcc/arm-elf/3.4.4/../../../../arm-elf/lib/thumb/interwork/libm.a(s_cos.o)
__ieee754_sqrt                                    /usr/lib/gcc/arm-elf/3.4.4/../../../../arm-elf/lib/thumb/interwork/libm.a(e_sqrt.o)
                                                  /usr/lib/gcc/arm-elf/3.4.4/../../../../arm-elf/lib/thumb/interwork/libm.a(w_sqrt.o)
__kernel_cos                                      /usr/lib/gcc/arm-elf/3.4.4/../../../../arm-elf/lib/thumb/interwork/libm.a(k_cos.o)
                                                  /usr/lib/gcc/arm-elf/3.4.4/../../../../arm-elf/lib/thumb/interwork/libm.a(s_sin.o)
                                                  /usr/lib/gcc/arm-elf/3.4.4/../../../../arm-elf/lib/thumb/interwork/libm.a(s_cos.o)
__kernel_rem_pio2                                 /usr/lib/gcc/arm-elf/3.4.4/../../../../arm-elf/lib/thumb/interwork/libm.a(k_rem_pio2.o)
                                                  /usr/lib/gcc/arm-elf/3.4.4/../../../../arm-elf/lib/thumb/interwork/libm.a(e_rem_pio2.o)
__kernel_sin                                      /usr/lib/gcc/arm-elf/3.4.4/../../../../arm-elf/lib/thumb/interwork/libm.a(k_sin.o)
                                                  /usr/lib/gcc/arm-elf/3.4.4/../../../../arm-elf/lib/thumb/interwork/libm.a(s_sin.o)
                                                  /usr/lib/gcc/arm-elf/3.4.4/../../../../arm-elf/lib/thumb/interwork/libm.a(s_cos.o)
__ledf2                                           /usr/lib/gcc/arm-elf/3.4.4/thumb/interwork/libgcc.a(_cmpdf2.o)
__lesf2                                           /usr/lib/gcc/arm-elf/3.4.4/thumb/interwork/libgcc.a(_cmpsf2.o)
__ltdf2                                           /usr/lib/gcc/arm-elf/3.4.4/thumb/interwork/libgcc.a(_cmpdf2.o)
                                                  /usr/lib/gcc/arm-elf/3.4.4/../../../../arm-elf/lib/thumb/interwork/libm.a(w_sqrt.o)
                                                  /home/mav/Desktop/paparazzi3new/var/accelero/ap/fw_v_ctl.o
                                                  /home/mav/Desktop/paparazzi3new/var/accelero/ap/fw_h_ctl.o
                                                  /home/mav/Desktop/paparazzi3new/var/accelero/ap/nav.o
                                                  /home/mav/Desktop/paparazzi3new/var/accelero/ap/main_ap.o
__ltsf2                                           /usr/lib/gcc/arm-elf/3.4.4/thumb/interwork/libgcc.a(_cmpsf2.o)
                                                  /home/mav/Desktop/paparazzi3new/var/accelero/ap/fw_v_ctl.o
                                                  /home/mav/Desktop/paparazzi3new/var/accelero/ap/fw_h_ctl.o
                                                  /home/mav/Desktop/paparazzi3new/var/accelero/ap/nav.o
__memcpy_from_arm                                 /usr/lib/gcc/arm-elf/3.4.4/thumb/interwork/libgcc.a(_fixunssfsi.o)
__muldf3                                          /usr/lib/gcc/arm-elf/3.4.4/thumb/interwork/libgcc.a(_muldivdf3.o)
                                                  /usr/lib/gcc/arm-elf/3.4.4/../../../../arm-elf/lib/thumb/interwork/libm.a(s_scalbn.o)
                                                  /usr/lib/gcc/arm-elf/3.4.4/../../../../arm-elf/lib/thumb/interwork/libm.a(k_sin.o)
                                                  /usr/lib/gcc/arm-elf/3.4.4/../../../../arm-elf/lib/thumb/interwork/libm.a(k_rem_pio2.o)
                                                  /usr/lib/gcc/arm-elf/3.4.4/../../../../arm-elf/lib/thumb/interwork/libm.a(k_cos.o)
                                                  /usr/lib/gcc/arm-elf/3.4.4/../../../../arm-elf/lib/thumb/interwork/libm.a(e_sqrt.o)
                                                  /usr/lib/gcc/arm-elf/3.4.4/../../../../arm-elf/lib/thumb/interwork/libm.a(e_rem_pio2.o)
                                                  /usr/lib/gcc/arm-elf/3.4.4/../../../../arm-elf/lib/thumb/interwork/libm.a(s_atan.o)
                                                  /home/mav/Desktop/paparazzi3new/var/accelero/ap/gyro.o
                                                  /home/mav/Desktop/paparazzi3new/var/accelero/ap/fw_v_ctl.o
                                                  /home/mav/Desktop/paparazzi3new/var/accelero/ap/fw_h_ctl.o
                                                  /home/mav/Desktop/paparazzi3new/var/accelero/ap/nav.o
                                                  /home/mav/Desktop/paparazzi3new/var/accelero/ap/gps.o
                                                  /home/mav/Desktop/paparazzi3new/var/accelero/ap/datalink.o
                                                  /home/mav/Desktop/paparazzi3new/var/accelero/ap/main_ap.o
                                                  /home/mav/Desktop/paparazzi3new/var/accelero/ap/main_fbw.o
__mulsf3                                          /usr/lib/gcc/arm-elf/3.4.4/thumb/interwork/libgcc.a(_muldivsf3.o)
                                                  /home/mav/Desktop/paparazzi3new/var/accelero/ap/accel.o
                                                  /home/mav/Desktop/paparazzi3new/var/accelero/ap/gyro.o
                                                  /home/mav/Desktop/paparazzi3new/var/accelero/ap/fw_v_ctl.o
                                                  /home/mav/Desktop/paparazzi3new/var/accelero/ap/fw_h_ctl.o
                                                  /home/mav/Desktop/paparazzi3new/var/accelero/ap/nav.o
                                                  /home/mav/Desktop/paparazzi3new/var/accelero/ap/main_ap.o
                                                  /home/mav/Desktop/paparazzi3new/var/accelero/ap/main_fbw.o
__nedf2                                           /usr/lib/gcc/arm-elf/3.4.4/thumb/interwork/libgcc.a(_cmpdf2.o)
                                                  /usr/lib/gcc/arm-elf/3.4.4/../../../../arm-elf/lib/thumb/interwork/libm.a(s_matherr.o)
__nesf2                                           /usr/lib/gcc/arm-elf/3.4.4/thumb/interwork/libgcc.a(_cmpsf2.o)
__sin_from_arm                                    /usr/lib/gcc/arm-elf/3.4.4/thumb/interwork/libgcc.a(_fixunssfsi.o)
__sqrt_from_arm                                   /usr/lib/gcc/arm-elf/3.4.4/thumb/interwork/libgcc.a(_fixunssfsi.o)
__subdf3                                          /usr/lib/gcc/arm-elf/3.4.4/thumb/interwork/libgcc.a(_addsubdf3.o)
                                                  /usr/lib/gcc/arm-elf/3.4.4/../../../../arm-elf/lib/thumb/interwork/libm.a(k_sin.o)
                                                  /usr/lib/gcc/arm-elf/3.4.4/../../../../arm-elf/lib/thumb/interwork/libm.a(k_rem_pio2.o)
                                                  /usr/lib/gcc/arm-elf/3.4.4/../../../../arm-elf/lib/thumb/interwork/libm.a(k_cos.o)
                                                  /usr/lib/gcc/arm-elf/3.4.4/../../../../arm-elf/lib/thumb/interwork/libm.a(e_sqrt.o)
                                                  /usr/lib/gcc/arm-elf/3.4.4/../../../../arm-elf/lib/thumb/interwork/libm.a(e_rem_pio2.o)
                                                  /usr/lib/gcc/arm-elf/3.4.4/../../../../arm-elf/lib/thumb/interwork/libm.a(e_atan2.o)
                                                  /usr/lib/gcc/arm-elf/3.4.4/../../../../arm-elf/lib/thumb/interwork/libm.a(s_sin.o)
                                                  /usr/lib/gcc/arm-elf/3.4.4/../../../../arm-elf/lib/thumb/interwork/libm.a(s_cos.o)
                                                  /usr/lib/gcc/arm-elf/3.4.4/../../../../arm-elf/lib/thumb/interwork/libm.a(s_atan.o)
                                                  /home/mav/Desktop/paparazzi3new/var/accelero/ap/fw_v_ctl.o
                                                  /home/mav/Desktop/paparazzi3new/var/accelero/ap/fw_h_ctl.o
                                                  /home/mav/Desktop/paparazzi3new/var/accelero/ap/nav.o
                                                  /home/mav/Desktop/paparazzi3new/var/accelero/ap/gps.o
__subsf3                                          /usr/lib/gcc/arm-elf/3.4.4/thumb/interwork/libgcc.a(_addsubsf3.o)
                                                  /home/mav/Desktop/paparazzi3new/var/accelero/ap/accel.o
                                                  /home/mav/Desktop/paparazzi3new/var/accelero/ap/gyro.o
                                                  /home/mav/Desktop/paparazzi3new/var/accelero/ap/fw_v_ctl.o
                                                  /home/mav/Desktop/paparazzi3new/var/accelero/ap/fw_h_ctl.o
                                                  /home/mav/Desktop/paparazzi3new/var/accelero/ap/nav.o