Archive member included because of file (symbol)

/usr/lib/gcc/arm-elf/3.4.4/../../../../arm-elf/lib/thumb/interwork/libm.a(s_atan.o)
                              /home/mav/Desktop/paparazzi3new/var/v1/ap/nav.o (atan)
/usr/lib/gcc/arm-elf/3.4.4/../../../../arm-elf/lib/thumb/interwork/libm.a(s_cos.o)
                              /home/mav/Desktop/paparazzi3new/var/v1/ap/nav.o (cos)
/usr/lib/gcc/arm-elf/3.4.4/../../../../arm-elf/lib/thumb/interwork/libm.a(s_fabs.o)
                              /usr/lib/gcc/arm-elf/3.4.4/../../../../arm-elf/lib/thumb/interwork/libm.a(s_atan.o) (fabs)
/usr/lib/gcc/arm-elf/3.4.4/../../../../arm-elf/lib/thumb/interwork/libm.a(s_sin.o)
                              /home/mav/Desktop/paparazzi3new/var/v1/ap/nav.o (sin)
/usr/lib/gcc/arm-elf/3.4.4/../../../../arm-elf/lib/thumb/interwork/libm.a(w_atan2.o)
                              /home/mav/Desktop/paparazzi3new/var/v1/ap/nav.o (atan2)
/usr/lib/gcc/arm-elf/3.4.4/../../../../arm-elf/lib/thumb/interwork/libm.a(w_sqrt.o)
                              /home/mav/Desktop/paparazzi3new/var/v1/ap/nav.o (sqrt)
/usr/lib/gcc/arm-elf/3.4.4/../../../../arm-elf/lib/thumb/interwork/libm.a(e_atan2.o)
                              /usr/lib/gcc/arm-elf/3.4.4/../../../../arm-elf/lib/thumb/interwork/libm.a(w_atan2.o) (__ieee754_atan2)
/usr/lib/gcc/arm-elf/3.4.4/../../../../arm-elf/lib/thumb/interwork/libm.a(e_rem_pio2.o)
                              /usr/lib/gcc/arm-elf/3.4.4/../../../../arm-elf/lib/thumb/interwork/libm.a(s_cos.o) (__ieee754_rem_pio2)
/usr/lib/gcc/arm-elf/3.4.4/../../../../arm-elf/lib/thumb/interwork/libm.a(e_sqrt.o)
                              /usr/lib/gcc/arm-elf/3.4.4/../../../../arm-elf/lib/thumb/interwork/libm.a(w_sqrt.o) (__ieee754_sqrt)
/usr/lib/gcc/arm-elf/3.4.4/../../../../arm-elf/lib/thumb/interwork/libm.a(k_cos.o)
                              /usr/lib/gcc/arm-elf/3.4.4/../../../../arm-elf/lib/thumb/interwork/libm.a(s_cos.o) (__kernel_cos)
/usr/lib/gcc/arm-elf/3.4.4/../../../../arm-elf/lib/thumb/interwork/libm.a(k_rem_pio2.o)
                              /usr/lib/gcc/arm-elf/3.4.4/../../../../arm-elf/lib/thumb/interwork/libm.a(e_rem_pio2.o) (__kernel_rem_pio2)
/usr/lib/gcc/arm-elf/3.4.4/../../../../arm-elf/lib/thumb/interwork/libm.a(k_sin.o)
                              /usr/lib/gcc/arm-elf/3.4.4/../../../../arm-elf/lib/thumb/interwork/libm.a(s_cos.o) (__kernel_sin)
/usr/lib/gcc/arm-elf/3.4.4/../../../../arm-elf/lib/thumb/interwork/libm.a(s_floor.o)
                              /usr/lib/gcc/arm-elf/3.4.4/../../../../arm-elf/lib/thumb/interwork/libm.a(k_rem_pio2.o) (floor)
/usr/lib/gcc/arm-elf/3.4.4/../../../../arm-elf/lib/thumb/interwork/libm.a(s_isnan.o)
                              /usr/lib/gcc/arm-elf/3.4.4/../../../../arm-elf/lib/thumb/interwork/libm.a(w_atan2.o) (isnan)
/usr/lib/gcc/arm-elf/3.4.4/../../../../arm-elf/lib/thumb/interwork/libm.a(s_lib_ver.o)
                              /usr/lib/gcc/arm-elf/3.4.4/../../../../arm-elf/lib/thumb/interwork/libm.a(w_atan2.o) (__fdlib_version)
/usr/lib/gcc/arm-elf/3.4.4/../../../../arm-elf/lib/thumb/interwork/libm.a(s_matherr.o)
                              /usr/lib/gcc/arm-elf/3.4.4/../../../../arm-elf/lib/thumb/interwork/libm.a(w_atan2.o) (matherr)
/usr/lib/gcc/arm-elf/3.4.4/../../../../arm-elf/lib/thumb/interwork/libm.a(s_scalbn.o)
                              /usr/lib/gcc/arm-elf/3.4.4/../../../../arm-elf/lib/thumb/interwork/libm.a(k_rem_pio2.o) (scalbn)
/usr/lib/gcc/arm-elf/3.4.4/../../../../arm-elf/lib/thumb/interwork/libm.a(s_copysign.o)
                              /usr/lib/gcc/arm-elf/3.4.4/../../../../arm-elf/lib/thumb/interwork/libm.a(s_scalbn.o) (copysign)
/usr/lib/gcc/arm-elf/3.4.4/../../../../arm-elf/lib/thumb/interwork/libc.a(errno.o)
                              /usr/lib/gcc/arm-elf/3.4.4/../../../../arm-elf/lib/thumb/interwork/libm.a(w_atan2.o) (__errno)
/usr/lib/gcc/arm-elf/3.4.4/../../../../arm-elf/lib/thumb/interwork/libc.a(impure.o)
                              /usr/lib/gcc/arm-elf/3.4.4/../../../../arm-elf/lib/thumb/interwork/libc.a(errno.o) (_impure_ptr)
/usr/lib/gcc/arm-elf/3.4.4/thumb/interwork/libgcc.a(_divsi3.o)
                              /home/mav/Desktop/paparazzi3new/var/v1/ap/main_fbw.o (__divsi3)
/usr/lib/gcc/arm-elf/3.4.4/thumb/interwork/libgcc.a(_dvmd_tls.o)
                              /usr/lib/gcc/arm-elf/3.4.4/thumb/interwork/libgcc.a(_divsi3.o) (__div0)
/usr/lib/gcc/arm-elf/3.4.4/thumb/interwork/libgcc.a(_addsubdf3.o)
                              /home/mav/Desktop/paparazzi3new/var/v1/ap/gps.o (__subdf3)
/usr/lib/gcc/arm-elf/3.4.4/thumb/interwork/libgcc.a(_muldivdf3.o)
                              /home/mav/Desktop/paparazzi3new/var/v1/ap/main_fbw.o (__muldf3)
/usr/lib/gcc/arm-elf/3.4.4/thumb/interwork/libgcc.a(_cmpdf2.o)
                              /home/mav/Desktop/paparazzi3new/var/v1/ap/main_ap.o (__gtdf2)
/usr/lib/gcc/arm-elf/3.4.4/thumb/interwork/libgcc.a(_fixdfsi.o)
[...]
Memory Configuration

Name             Origin             Length             Attributes
ROM              0x00000000         0x0007d000         xr
RAM              0x40000000         0x00008000         rw
*default*        0x00000000         0xffffffff

Linker script and memory map

LOAD /home/mav/Desktop/paparazzi3new/var/v1/ap/crt0.o
LOAD /home/mav/Desktop/paparazzi3new/var/v1/ap/sys_time.o
LOAD /home/mav/Desktop/paparazzi3new/var/v1/ap/sys_time_hw.o
LOAD /home/mav/Desktop/paparazzi3new/var/v1/ap/armVIC.o
LOAD /home/mav/Desktop/paparazzi3new/var/v1/ap/main_fbw.o
LOAD /home/mav/Desktop/paparazzi3new/var/v1/ap/main_ap.o
LOAD /home/mav/Desktop/paparazzi3new/var/v1/ap/main.o
LOAD /home/mav/Desktop/paparazzi3new/var/v1/ap/commands.o
LOAD /home/mav/Desktop/paparazzi3new/var/v1/ap/servos_4015_MAT_hw.o
LOAD /home/mav/Desktop/paparazzi3new/var/v1/ap/actuators.o
LOAD /home/mav/Desktop/paparazzi3new/var/v1/ap/radio_control.o
LOAD /home/mav/Desktop/paparazzi3new/var/v1/ap/ppm_hw.o
LOAD /home/mav/Desktop/paparazzi3new/var/v1/ap/downlink.o
LOAD /home/mav/Desktop/paparazzi3new/var/v1/ap/uart_hw.o
LOAD /home/mav/Desktop/paparazzi3new/var/v1/ap/datalink.o
LOAD /home/mav/Desktop/paparazzi3new/var/v1/ap/aerocomm_new.o
LOAD /home/mav/Desktop/paparazzi3new/var/v1/ap/traffic_info.o
LOAD /home/mav/Desktop/paparazzi3new/var/v1/ap/inter_mcu.o
LOAD /home/mav/Desktop/paparazzi3new/var/v1/ap/adc_hw.o
LOAD /home/mav/Desktop/paparazzi3new/var/v1/ap/gps_ubx.o
LOAD /home/mav/Desktop/paparazzi3new/var/v1/ap/gps.o
LOAD /home/mav/Desktop/paparazzi3new/var/v1/ap/infrared.o
LOAD /home/mav/Desktop/paparazzi3new/var/v1/ap/estimator.o
LOAD /home/mav/Desktop/paparazzi3new/var/v1/ap/nav.o
LOAD /home/mav/Desktop/paparazzi3new/var/v1/ap/fw_h_ctl.o
LOAD /home/mav/Desktop/paparazzi3new/var/v1/ap/fw_v_ctl.o
LOAD /home/mav/Desktop/paparazzi3new/var/v1/ap/gyro.o
LOAD /home/mav/Desktop/paparazzi3new/var/v1/ap/gpio.o
LOAD /usr/lib/gcc/arm-elf/3.4.4/../../../../arm-elf/lib/thumb/interwork/libc.a
LOAD /usr/lib/gcc/arm-elf/3.4.4/../../../../arm-elf/lib/thumb/interwork/libm.a
LOAD /usr/lib/gcc/arm-elf/3.4.4/../../../../arm-elf/lib/thumb/interwork/libc.a
LOAD /usr/lib/gcc/arm-elf/3.4.4/thumb/interwork/libgcc.a
LOAD /usr/lib/gcc/arm-elf/3.4.4/thumb/interwork/libgcc.a
LOAD /usr/lib/gcc/arm-elf/3.4.4/../../../../arm-elf/lib/thumb/interwork/libc.a
LOAD /usr/lib/gcc/arm-elf/3.4.4/thumb/interwork/libgcc.a
                0x00001000                STACK_SIZE = 0x1000

.text           0x00000000     0xfc12
 *(.init)
 .init          0x00000000      0x13c /home/mav/Desktop/paparazzi3new/var/v1/ap/crt0.o
                0x00000114                reset
                0x00000000                _boot
                0x00000050                _mainCRTStartup
                0x00000114                abort
                0x00000050                _start
                0x00000114                _reset
                0x00000114                exit
                0x00000050                start
 *(.text .text.*)
 .text          0x0000013c      0x20c /home/mav/Desktop/paparazzi3new/var/v1/ap/sys_time_hw.o
                0x0000013c                TIMER0_ISR
 .text          0x00000348       0x78 /home/mav/Desktop/paparazzi3new/var/v1/ap/armVIC.o
                0x00000358                restoreIRQ
                0x000003b0                enableFIQ
                0x00000384                disableFIQ
                0x00000374                enableIRQ
                0x00000394                restoreFIQ
                0x00000348                disableIRQ
 .text          0x000003c0     0x13ec /home/mav/Desktop/paparazzi3new/var/v1/ap/main_fbw.o
                0x000003c0                init_fbw
                0x00000590                event_task_fbw
                0x00000b70                periodic_task_fbw
 .text          0x000017ac     0x391c /home/mav/Desktop/paparazzi3new/var/v1/ap/main_ap.o
                0x00002488                periodic_task_ap
                0x0000475c                init_ap
                0x000048a4                event_task_ap
                0x000017ac                telecommand_task
 .text          0x000050c8       0xdc /home/mav/Desktop/paparazzi3new/var/v1/ap/main.o
                0x000050c8                main
 .text          0x000051a4       0xc8 /home/mav/Desktop/paparazzi3new/var/v1/ap/servos_4015_MAT_hw.o
                0x000051a4                actuators_init
 .text          0x0000526c      0x680 /home/mav/Desktop/paparazzi3new/var/v1/ap/uart_hw.o
                0x00005398                uart0_transmit
                0x0000543c                uart0_ISR
                0x000055a4                uart1_init_tx
                0x0000567c                uart1_check_free_space
                0x00005774                uart1_ISR
                0x000056cc                uart1_init_rx
                0x00005348                uart0_check_free_space
                0x0000526c                uart0_init_tx
                0x000056d0                uart1_transmit
                0x00005344                uart0_init_rx
 .text          0x000058ec      0x84c /home/mav/Desktop/paparazzi3new/var/v1/ap/datalink.o
                0x000058ec                dl_parse_msg
 .text          0x00006138       0xe0 /home/mav/Desktop/paparazzi3new/var/v1/ap/aerocomm_new.o
                0x00006138                aerocomm_init
 .text          0x00006218       0x20 /home/mav/Desktop/paparazzi3new/var/v1/ap/traffic_info.o
                0x00006218                get_ac_info
 .text          0x00006238      0x21c /home/mav/Desktop/paparazzi3new/var/v1/ap/adc_hw.o
                0x000063a4                adcISR1
                0x00006238                adc_buf_channel
                0x00006250                adc_init
                0x000062f8                adcISR0
 .text          0x00006454     0x17b0 /home/mav/Desktop/paparazzi3new/var/v1/ap/gps_ubx.o
                0x00007870                parse_gps_msg
                0x00006454                gps_init
                0x00007a38                parse_ubx
                0x00006468                gps_reset
                0x000065e8                gps_configure
 .text          0x00007c04      0x6ac /home/mav/Desktop/paparazzi3new/var/v1/ap/gps.o
                0x00007dd4                use_gps_pos
                0x00007c04                estimator_update_state_gps
 .text          0x000082b0      0xb5c /home/mav/Desktop/paparazzi3new/var/v1/ap/infrared.o
                0x000086f8                estimator_update_ir_estim
                0x0000853c                ground_calibrate
                0x000083ec                ir_update
                0x00008b90                estimator_update_state_infrared
                0x000082b0                ir_init
 .text          0x00008e0c       0xe8 /home/mav/Desktop/paparazzi3new/var/v1/ap/estimator.o
                0x00008e0c                estimator_init
                0x00008ef0                estimator_propagate_state
 .text          0x00008ef4     0x22bc /home/mav/Desktop/paparazzi3new/var/v1/ap/nav.o
                0x0000a3e8                nav_init
                0x0000a49c                nav_eight
                0x00009904                nav_home
                0x0000a42c                nav_without_gps
                0x00009620                nav_route_xy
                0x00008f74                nav_circle_XY
                0x00009510                nav_approaching_xy
                0x0000ab38                nav_oval_init
                0x000094ac                nav_goto_block
                0x0000ab4c                nav_oval
                0x0000a488                nav_eight_init
                0x00009a10                nav_update
                0x00008ef4                nav_init_stage
 .text          0x0000b1b0      0xe84 /home/mav/Desktop/paparazzi3new/var/v1/ap/fw_h_ctl.o
                0x0000b1b0                h_ctl_init
                0x0000b714                h_ctl_attitude_loop
                0x0000b4ec                h_ctl_course_loop
 .text          0x0000c034      0x6c8 /home/mav/Desktop/paparazzi3new/var/v1/ap/fw_v_ctl.o
                0x0000c178                v_ctl_altitude_loop
                0x0000c034                v_ctl_init
                0x0000c2bc                v_ctl_climb_loop
                0x0000c530                v_ctl_throttle_slew
 .text          0x0000c6fc      0x26c /home/mav/Desktop/paparazzi3new/var/v1/ap/gyro.o
                0x0000c6fc                gyro_init
                0x0000c7b0                gyro_update
 .text          0x0000c968      0x358 /usr/lib/gcc/arm-elf/3.4.4/../../../../arm-elf/lib/thumb/interwork/libm.a(s_atan.o)
                0x0000c968                atan
 .text          0x0000ccc0       0xb4 /usr/lib/gcc/arm-elf/3.4.4/../../../../arm-elf/lib/thumb/interwork/libm.a(s_cos.o)
                0x0000ccc0                cos
 .text          0x0000cd74       0x20 /usr/lib/gcc/arm-elf/3.4.4/../../../../arm-elf/lib/thumb/interwork/libm.a(s_fabs.o)
                0x0000cd74                fabs
 .text          0x0000cd94       0xbc /usr/lib/gcc/arm-elf/3.4.4/../../../../arm-elf/lib/thumb/interwork/libm.a(s_sin.o)
                0x0000cd94                sin
 .text          0x0000ce50       0xcc /usr/lib/gcc/arm-elf/3.4.4/../../../../arm-elf/lib/thumb/interwork/libm.a(w_atan2.o)
                0x0000ce50                atan2
 .text          0x0000cf1c       0xc8 /usr/lib/gcc/arm-elf/3.4.4/../../../../arm-elf/lib/thumb/interwork/libm.a(w_sqrt.o)
                0x0000cf1c                sqrt
 .text          0x0000cfe4      0x21c /usr/lib/gcc/arm-elf/3.4.4/../../../../arm-elf/lib/thumb/interwork/libm.a(e_atan2.o)
                0x0000cfe4                __ieee754_atan2
 .text          0x0000d200      0x4a0 /usr/lib/gcc/arm-elf/3.4.4/../../../../arm-elf/lib/thumb/interwork/libm.a(e_rem_pio2.o)
                0x0000d200                __ieee754_rem_pio2
 .text          0x0000d6a0      0x1e4 /usr/lib/gcc/arm-elf/3.4.4/../../../../arm-elf/lib/thumb/interwork/libm.a(e_sqrt.o)
                0x0000d6a0                __ieee754_sqrt
 .text          0x0000d884      0x1e8 /usr/lib/gcc/arm-elf/3.4.4/../../../../arm-elf/lib/thumb/interwork/libm.a(k_cos.o)
                0x0000d884                __kernel_cos
 .text          0x0000da6c      0x7ec /usr/lib/gcc/arm-elf/3.4.4/../../../../arm-elf/lib/thumb/interwork/libm.a(k_rem_pio2.o)
                0x0000da6c                __kernel_rem_pio2
 .text          0x0000e258      0x15c /usr/lib/gcc/arm-elf/3.4.4/../../../../arm-elf/lib/thumb/interwork/libm.a(k_sin.o)
                0x0000e258                __kernel_sin
 .text          0x0000e3b4      0x144 /usr/lib/gcc/arm-elf/3.4.4/../../../../arm-elf/lib/thumb/interwork/libm.a(s_floor.o)
                0x0000e3b4                floor
 .text          0x0000e4f8       0x28 /usr/lib/gcc/arm-elf/3.4.4/../../../../arm-elf/lib/thumb/interwork/libm.a(s_isnan.o)
                0x0000e4f8                isnan
 .text          0x0000e520        0x4 /usr/lib/gcc/arm-elf/3.4.4/../../../../arm-elf/lib/thumb/interwork/libm.a(s_matherr.o)
                0x0000e520                matherr
 .text          0x0000e524      0x120 /usr/lib/gcc/arm-elf/3.4.4/../../../../arm-elf/lib/thumb/interwork/libm.a(s_scalbn.o)
                0x0000e524                scalbn
 .text          0x0000e644       0x1c /usr/lib/gcc/arm-elf/3.4.4/../../../../arm-elf/lib/thumb/interwork/libm.a(s_copysign.o)
                0x0000e644                copysign
 .text          0x0000e660        0xc /usr/lib/gcc/arm-elf/3.4.4/../../../../arm-elf/lib/thumb/interwork/libc.a(errno.o)
                0x0000e660                __errno
 .text          0x0000e66c       0x94 /usr/lib/gcc/arm-elf/3.4.4/thumb/interwork/libgcc.a(_divsi3.o)
                0x0000e66c                __divsi3
 .text          0x0000e700        0x4 /usr/lib/gcc/arm-elf/3.4.4/thumb/interwork/libgcc.a(_dvmd_tls.o)
                0x0000e700                __div0
 .text          0x0000e704      0x3a8 /usr/lib/gcc/arm-elf/3.4.4/thumb/interwork/libgcc.a(_addsubdf3.o)
                0x0000ea34                __floatsidf
                0x0000ea60                __extendsfdf2
                0x0000e708                __adddf3
                0x0000ea0c                __floatunsidf
                0x0000e704                __subdf3
 .text          0x0000eaac      0x4ec /usr/lib/gcc/arm-elf/3.4.4/thumb/interwork/libgcc.a(_muldivdf3.o)
                0x0000ed24                __divdf3
                0x0000eaac                __muldf3
 .text          0x0000ef98       0xb4 /usr/lib/gcc/arm-elf/3.4.4/thumb/interwork/libgcc.a(_cmpdf2.o)
                0x0000efa8                __cmpdf2
                0x0000efa8                __eqdf2
                0x0000ef98                __gtdf2
                0x0000efa0                __ltdf2
                0x0000efa0                __ledf2
                0x0000efa8                __nedf2
                0x0000ef98                __gedf2
 .text          0x0000f04c       0x80 /usr/lib/gcc/arm-elf/3.4.4/thumb/interwork/libgcc.a(_fixdfsi.o)
                0x0000f04c                __fixdfsi
 .text          0x0000f0cc       0x74 /usr/lib/gcc/arm-elf/3.4.4/thumb/interwork/libgcc.a(_fixunsdfsi.o)
                0x0000f0cc                __fixunsdfsi
 .text          0x0000f140       0xf8 /usr/lib/gcc/arm-elf/3.4.4/thumb/interwork/libgcc.a(_truncdfsf2.o)
                0x0000f140                __truncdfsf2
 .text          0x0000f238      0x218 /usr/lib/gcc/arm-elf/3.4.4/thumb/interwork/libgcc.a(_addsubsf3.o)
                0x0000f238                __subsf3
                0x0000f404                __floatsisf
                0x0000f3fc                __floatunsisf
                0x0000f23c                __addsf3
 .text          0x0000f450      0x330 /usr/lib/gcc/arm-elf/3.4.4/thumb/interwork/libgcc.a(_muldivsf3.o)
                0x0000f5e0                __divsf3
                0x0000f450                __mulsf3
 .text          0x0000f780       0x9c /usr/lib/gcc/arm-elf/3.4.4/thumb/interwork/libgcc.a(_cmpsf2.o)
                0x0000f788                __lesf2
                0x0000f790                __nesf2
                0x0000f780                __gtsf2
                0x0000f790                __eqsf2
                0x0000f790                __cmpsf2
                0x0000f788                __ltsf2
                0x0000f780                __gesf2
 .text          0x0000f81c       0x68 /usr/lib/gcc/arm-elf/3.4.4/thumb/interwork/libgcc.a(_fixsfsi.o)
                0x0000f81c                __fixsfsi
 .text          0x0000f884       0x5c /usr/lib/gcc/arm-elf/3.4.4/thumb/interwork/libgcc.a(_fixunssfsi.o)
                0x0000f884                __fixunssfsi
 *(.gnu.linkonce.t.*)
 *(.glue_7)
 .glue_7        0x0000f8e0       0x48 /usr/lib/gcc/arm-elf/3.4.4/thumb/interwork/libgcc.a(_fixunssfsi.o)
                0x0000f8ec                __atan2_from_arm
                0x0000f904                __cos_from_arm
                0x0000f8f8                __atan_from_arm
                0x0000f8e0                ____divsi3_from_arm
                0x0000f910                __sin_from_arm
                0x0000f91c                __sqrt_from_arm
 *(.glue_7t)
 .glue_7t       0x0000f928       0x50 /usr/lib/gcc/arm-elf/3.4.4/thumb/interwork/libgcc.a(_fixunssfsi.o)
                0x0000f940                ____gtdf2_from_thumb
                0x0000f938                ____subdf3_from_thumb
                0x0000f95c                ____ltdf2_change_to_arm
                0x0000f93c                ____subdf3_change_to_arm
                0x0000f974                ____gedf2_change_to_arm
                0x0000f950                ____eqdf2_from_thumb
                0x0000f960                ____fixdfsi_from_thumb
                0x0000f94c                ____divdf3_change_to_arm
                0x0000f970                ____gedf2_from_thumb
                0x0000f934                ____muldf3_change_to_arm
                0x0000f964                ____fixdfsi_change_to_arm
                0x0000f948                ____divdf3_from_thumb
                0x0000f92c                ____adddf3_change_to_arm
                0x0000f944                ____gtdf2_change_to_arm
                0x0000f968                ____floatsidf_from_thumb
                0x0000f958                ____ltdf2_from_thumb
                0x0000f928                ____adddf3_from_thumb
                0x0000f954                ____eqdf2_change_to_arm
                0x0000f930                ____muldf3_from_thumb
                0x0000f96c                ____floatsidf_change_to_arm
 *(.gcc_except_table)
 *(.rodata)
 .rodata        0x0000f978        0x2 /home/mav/Desktop/paparazzi3new/var/v1/ap/main_ap.o
 .rodata        0x0000f97a        0xa /home/mav/Desktop/paparazzi3new/var/v1/ap/commands.o
                0x0000f97a                commands_failsafe
 .rodata        0x0000f984        0x1 /home/mav/Desktop/paparazzi3new/var/v1/ap/nav.o
                0x0000f984                nb_waypoint
 *fill*         0x0000f985        0x3 00
 .rodata        0x0000f988       0x98 /usr/lib/gcc/arm-elf/3.4.4/../../../../arm-elf/lib/thumb/interwork/libm.a(s_atan.o)
 .rodata        0x0000fa20      0x188 /usr/lib/gcc/arm-elf/3.4.4/../../../../arm-elf/lib/thumb/interwork/libm.a(e_rem_pio2.o)
 .rodata        0x0000fba8       0x50 /usr/lib/gcc/arm-elf/3.4.4/../../../../arm-elf/lib/thumb/interwork/libm.a(k_rem_pio2.o)
 .rodata        0x0000fbf8        0x4 /usr/lib/gcc/arm-elf/3.4.4/../../../../arm-elf/lib/thumb/interwork/libm.a(s_lib_ver.o)
                0x0000fbf8                __fdlib_version
 .rodata        0x0000fbfc        0x4 /usr/lib/gcc/arm-elf/3.4.4/../../../../arm-elf/lib/thumb/interwork/libc.a(impure.o)
                0x0000fbfc                _global_impure_ptr
 *(.rodata*)
 .rodata.str1.4
                0x0000fc00        0x6 /usr/lib/gcc/arm-elf/3.4.4/../../../../arm-elf/lib/thumb/interwork/libm.a(w_atan2.o)
                                  0x8 (size before relaxing)
 *fill*         0x0000fc06        0x2 00
 .rodata.str1.4
                0x0000fc08        0x5 /usr/lib/gcc/arm-elf/3.4.4/../../../../arm-elf/lib/thumb/interwork/libm.a(w_sqrt.o)
                                  0x8 (size before relaxing)
 *fill*         0x0000fc0d        0x3 00
 .rodata.str1.4
                0x0000fc10        0x2 /usr/lib/gcc/arm-elf/3.4.4/../../../../arm-elf/lib/thumb/interwork/libc.a(impure.o)
                                  0x4 (size before relaxing)
 *(.gnu.linkonce.r.*)
                0x0000fc14                . = ALIGN (0x4)

.ctors          0x0000fc12        0x0
                0x0000fc12                PROVIDE (__ctors_start__, .)
 *(SORT(.ctors.*))
 *(.ctors)
                0x0000fc12                PROVIDE (__ctors_end__, .)

.dtors          0x0000fc12        0x0
                0x0000fc12                PROVIDE (__dtors_start__, .)
 *(SORT(.dtors.*))
 *(.dtors)
                0x0000fc12                PROVIDE (__dtors_end__, .)
                0x0000fc14                . = ALIGN (0x4)
                0x0000fc14                _etext = .
                0x0000fc14                PROVIDE (etext, .)

.data           0x40000000      0x488 load address 0x0000fc14
                0x40000000                _data = .
 *(.data)
 .data          0x40000000        0x1 /home/mav/Desktop/paparazzi3new/var/v1/ap/sys_time_hw.o
 .data          0x40000001        0x4 /home/mav/Desktop/paparazzi3new/var/v1/ap/main_ap.o
                0x40000001                ac_ident
                0x40000002                light_mode
                0x40000003                pprz_mode
 *fill*         0x40000005        0x3 00
 .data          0x40000008        0x4 /home/mav/Desktop/paparazzi3new/var/v1/ap/servos_4015_MAT_hw.o
                0x40000008                servos_delay
 .data          0x4000000c        0x2 /home/mav/Desktop/paparazzi3new/var/v1/ap/aerocomm_new.o
                0x4000000c                aerocomm_confirmation_status
                0x4000000d                aerocomm_confirmation_received
 *fill*         0x4000000e        0x2 00
 .data          0x40000010        0x8 /home/mav/Desktop/paparazzi3new/var/v1/ap/inter_mcu.o
                0x40000010                ap_state
                0x40000014                fbw_state
 .data          0x40000018       0x20 /home/mav/Desktop/paparazzi3new/var/v1/ap/adc_hw.o
                0x40000018                adc1_val
                0x40000028                adc0_val
 .data          0x40000038       0x4c /home/mav/Desktop/paparazzi3new/var/v1/ap/nav.o
                0x40000078                nav_utm_zone0
                0x40000080                nav_utm_east0
                0x4000007c                nav_utm_north0
                0x40000038                waypoints
                0x40000074                nav_altitude
 .data          0x40000084      0x404 /usr/lib/gcc/arm-elf/3.4.4/../../../../arm-elf/lib/thumb/interwork/libc.a(impure.o)
                0x40000484                _impure_ptr
 *(.data.*)
 *(.gnu.linkonce.d*)
                0x40000488                . = ALIGN (0x4)
 *(.fastrun)
                0x40000488                . = ALIGN (0x4)
                0x40000488                _edata = .
                0x40000488                PROVIDE (edata, .)

.bss            0x40000488      0xe20
                0x40000488                __bss_start = .
                0x40000488                __bss_start__ = .
 *(.bss)
 .bss           0x40000488        0x4 /home/mav/Desktop/paparazzi3new/var/v1/ap/sys_time.o
 .bss           0x4000048c        0x8 /home/mav/Desktop/paparazzi3new/var/v1/ap/sys_time_hw.o
 .bss           0x40000494       0x10 /home/mav/Desktop/paparazzi3new/var/v1/ap/main_fbw.o
 .bss           0x400004a4       0x2c /home/mav/Desktop/paparazzi3new/var/v1/ap/main_ap.o
                0x400004ad                lateral_mode
                0x400004a9                launch
                0x400004a4                empty_bay
                0x400004a8                gps_lost
                0x400004ab                ir_estim_mode
                0x400004aa                kill_throttle
                0x400004ae                fatal_error_nb
                0x400004ac                transition_mode
                0x400004af                rc_settings_mode
 .bss           0x400004d0        0x4 /home/mav/Desktop/paparazzi3new/var/v1/ap/main.o
 .bss           0x400004d4        0x4 /home/mav/Desktop/paparazzi3new/var/v1/ap/servos_4015_MAT_hw.o
 .bss           0x400004d8        0x4 /home/mav/Desktop/paparazzi3new/var/v1/ap/actuators.o
 .bss           0x400004dc        0x8 /home/mav/Desktop/paparazzi3new/var/v1/ap/radio_control.o
                0x400004dc                rc_values_contains_avg_channels
 .bss           0x400004e4        0x4 /home/mav/Desktop/paparazzi3new/var/v1/ap/ppm_hw.o
 .bss           0x400004e8        0x2 /home/mav/Desktop/paparazzi3new/var/v1/ap/downlink.o
                0x400004e9                telemetry_mode_Fbw
                0x400004e8                telemetry_mode_Ap
 *fill*         0x400004ea        0x2 00
 .bss           0x400004ec        0x4 /home/mav/Desktop/paparazzi3new/var/v1/ap/datalink.o
 .bss           0x400004f0        0x8 /home/mav/Desktop/paparazzi3new/var/v1/ap/aerocomm_new.o
                0x400004f0                aerocomm_payload_len
 .bss           0x400004f8       0x28 /home/mav/Desktop/paparazzi3new/var/v1/ap/inter_mcu.o
                0x400004f8                inter_mcu_received_ap
                0x400004f9                inter_mcu_received_fbw
 .bss           0x40000520       0x40 /home/mav/Desktop/paparazzi3new/var/v1/ap/adc_hw.o
 .bss           0x40000560        0x8 /home/mav/Desktop/paparazzi3new/var/v1/ap/gps_ubx.o
 .bss           0x40000568        0x8 /home/mav/Desktop/paparazzi3new/var/v1/ap/gps.o
 .bss           0x40000570       0xa4 /home/mav/Desktop/paparazzi3new/var/v1/ap/infrared.o
                0x40000570                calib_status
 .bss           0x40000614       0x60 /home/mav/Desktop/paparazzi3new/var/v1/ap/nav.o
                0x40000621                nav_in_circle
                0x4000061c                circle_bank
                0x40000614                nav_pitch
                0x40000620                nav_in_segment
                0x40000618                altitude_shift
 .bss           0x40000674       0x58 /home/mav/Desktop/paparazzi3new/var/v1/ap/fw_h_ctl.o
                0x40000674                h_ctl_attitude_enabled
 .bss           0x400006cc       0x58 /home/mav/Desktop/paparazzi3new/var/v1/ap/fw_v_ctl.o
 .bss           0x40000724       0x88 /home/mav/Desktop/paparazzi3new/var/v1/ap/gyro.o
 *(.gnu.linkonce.b*)
 *(COMMON)
 COMMON         0x400007ac        0x2 /home/mav/Desktop/paparazzi3new/var/v1/ap/sys_time.o
                0x400007ac                cpu_time_sec
 *fill*         0x400007ae        0x2 00
 COMMON         0x400007b0        0x4 /home/mav/Desktop/paparazzi3new/var/v1/ap/sys_time_hw.o
                0x400007b0                cpu_time_ticks
 COMMON         0x400007b4       0x46 /home/mav/Desktop/paparazzi3new/var/v1/ap/main_fbw.o
                0x400007b4                vsupply_adc_buf
                0x400007f8                fbw_vsupply_decivolt
                0x400007f9                fbw_mode
 *fill*         0x400007fa        0x2 00
 COMMON         0x400007fc      0x229 /home/mav/Desktop/paparazzi3new/var/v1/ap/main_ap.o
                0x400007fc                accel_az_neutral
                0x40000800                rc_event_1
                0x40000804                estimator_kalman_r_angle
                0x40000808                vdrop2throt_coeff
                0x4000080c                accel_ay_scale
                0x40000810                estimator_kalman_phi
                0x40000814                the_acs
                0x400009f4                estimator_kalman_q_gyro
                0x400009f8                last_pprz_mode
                0x400009fc                slider_2_val
                0x40000a00                estimator_kalman_theta
                0x40000a04                slider_1_val
                0x40000a08                estimator_kalman_q_angle
                0x40000a0c                accel_az_scale
                0x40000a10                rc_event_2
                0x40000a14                energy
                0x40000a18                accel_ay_neutral
                0x40000a1c                accel_ax_scale
                0x40000a20                accel_ax_neutral
                0x40000a24                vsupply
 *fill*         0x40000a25        0x1 00
 COMMON         0x40000a26        0xa /home/mav/Desktop/paparazzi3new/var/v1/ap/commands.o
                0x40000a26                commands
 COMMON         0x40000a30       0x12 /home/mav/Desktop/paparazzi3new/var/v1/ap/servos_4015_MAT_hw.o
                0x40000a30                servos_4015_idx
                0x40000a32                servos_values
 COMMON         0x40000a42        0xc /home/mav/Desktop/paparazzi3new/var/v1/ap/actuators.o
                0x40000a42                actuators
 *fill*         0x40000a4e        0x2 00
 COMMON         0x40000a50       0x35 /home/mav/Desktop/paparazzi3new/var/v1/ap/radio_control.o
                0x40000a50                rc_status
                0x40000a51                time_since_last_ppm
                0x40000a52                ppm_cpt
                0x40000a54                rc_values
                0x40000a64                avg_rc_values
                0x40000a84                last_ppm_cpt
 *fill*         0x40000a85        0x1 00
 COMMON         0x40000a86       0x11 /home/mav/Desktop/paparazzi3new/var/v1/ap/ppm_hw.o
                0x40000a86                ppm_pulses
                0x40000a96                ppm_valid
 COMMON         0x40000a97        0x1 /home/mav/Desktop/paparazzi3new/var/v1/ap/downlink.o
                0x40000a97                downlink_nb_ovrn
 COMMON         0x40000a98      0x214 /home/mav/Desktop/paparazzi3new/var/v1/ap/uart_hw.o
                0x40000a98                uart0_tx_buffer
                0x40000b18                uart1_rx_insert_idx
                0x40000b1a                uart0_tx_insert_idx
                0x40000b1c                uart1_tx_buffer
                0x40000b9c                uart1_rx_buffer
                0x40000c1c                uart0_rx_insert_idx
                0x40000c1e                uart1_tx_running
                0x40000c20                uart0_tx_extract_idx
                0x40000c22                uart1_tx_insert_idx
                0x40000c24                uart1_rx_extract_idx
                0x40000c26                uart0_tx_running
                0x40000c27                uart0_rx_buffer
                0x40000ca8                uart1_tx_extract_idx
                0x40000caa                uart0_rx_extract_idx
 COMMON         0x40000cac       0x84 /home/mav/Desktop/paparazzi3new/var/v1/ap/datalink.o
                0x40000cac                dl_msg_available
                0x40000cb0                dl_buffer
 COMMON         0x40000d30      0x105 /home/mav/Desktop/paparazzi3new/var/v1/ap/aerocomm_new.o
                0x40000d30                aerocomm_rssi
                0x40000d31                aerocomm_cs
                0x40000d32                aerocomm_error
                0x40000d33                aerocomm_ovrn
                0x40000d34                aerocomm_payload
                0x40000e34                aerocomm_msg_received
 COMMON         0x40000e35        0x2 /home/mav/Desktop/paparazzi3new/var/v1/ap/inter_mcu.o
                0x40000e35                ap_ok
                0x40000e36                time_since_last_ap
 *fill*         0x40000e37        0x1 00
 COMMON         0x40000e38      0x1a8 /home/mav/Desktop/paparazzi3new/var/v1/ap/gps_ubx.o
                0x40000e38                ubx_msg_buf
                0x40000f38                gps_alt
                0x40000f3c                gps_climb
                0x40000f3e                gps_msg_received
                0x40000f3f                gps_nb_channels
                0x40000f40                ubx_class
                0x40000f41                ubx_id
                0x40000f44                gps_utm_north
                0x40000f48                gps_utm_east
                0x40000f4c                gps_nb_ovrn
                0x40000f4e                gps_course
                0x40000f50                send_ck_b
                0x40000f52                gps_gspeed
                0x40000f54                send_ck_a
                0x40000f58                gps_itow
                0x40000f5c                gps_pos_available
                0x40000f5d                gps_mode
                0x40000f5e                gps_utm_zone
                0x40000f60                gps_svinfos
 COMMON         0x40000fe0        0x2 /home/mav/Desktop/paparazzi3new/var/v1/ap/gps.o
                0x40000fe0                last_gps_msg_t
 *fill*         0x40000fe2        0x2 00
 COMMON         0x40000fe4       0x54 /home/mav/Desktop/paparazzi3new/var/v1/ap/infrared.o
                0x40000fe4                ir_correction_left
                0x40000fe8                x2_dbg
                0x40000fea                ir_top
                0x40000fec                ir_estimated_theta_pi_4
                0x40000ff0                ir_pitch
                0x40000ff4                estimator_rad_of_ir
                0x40000ff8                ir_contrast
                0x40000ffc                ir_rad_of_ir
                0x40001000                ir_correction_down
                0x40001004                estimator_ir
                0x40001008                ir_pitch_neutral
                0x4000100c                ir_estimated_phi_pi_4
                0x40001010                adc_pitch_neutral
                0x40001012                x1_dbg
                0x40001014                z_contrast_mode
                0x40001018                ir_correction_right
                0x4000101c                ir_estimated_theta_minus_pi_4
                0x40001020                estimator_rad
                0x40001024                ir_correction_up
                0x40001028                ir_estimated_phi_minus_pi_4
                0x4000102c                ir_roll
                0x40001030                ir_roll_neutral
                0x40001034                ir_360
                0x40001036                adc_roll_neutral
 COMMON         0x40001038       0x58 /home/mav/Desktop/paparazzi3new/var/v1/ap/estimator.o
                0x40001038                estimator_z_dot
                0x4000103c                estimator_flight_time
                0x40001040                estimator_psi
                0x40001044                estimator_z
                0x40001048                estimator_az
                0x4000104c                estimator_t
                0x40001050                wind_east
                0x40001054                estimator_ay
                0x40001058                estimator_p
                0x4000105c                estimator_theta
                0x40001060                estimator_hspeed_mod
                0x40001064                estimator_phi
                0x40001068                estimator_r
                0x4000106c                estimator_x
                0x40001070                estimator_range
                0x40001074                estimator_q
                0x40001078                estimator_hspeed_dir
                0x4000107c                wind_north
                0x40001080                estimator_ax
                0x40001084                alt_kalman_enabled
                0x40001088                estimator_y
                0x4000108c                estimator_range_dot
 COMMON         0x40001090       0x64 /home/mav/Desktop/paparazzi3new/var/v1/ap/nav.o
                0x40001090                nav_glide_pitch_trim
                0x40001094                dist2_to_wp
                0x40001098                nav_segment_x_1
                0x4000109c                desired_x
                0x400010a0                nav_segment_x_2
                0x400010a2                nav_circle_radius
                0x400010a4                stage_time_ds
                0x400010a8                nav_throttle_setpoint
                0x400010ac                survey_south
                0x400010b0                desired_y
                0x400010b4                carrot_x
                0x400010b8                horizontal_mode
                0x400010b9                nav_block
                0x400010ba                nav_circle_y
                0x400010bc                too_far_from_home
                0x400010c0                rc_pitch
                0x400010c4                survey_north
                0x400010c8                dist2_to_home
                0x400010cc                survey_west
                0x400010d0                nav_stage
                0x400010d4                survey_east
                0x400010d8                nav_circle_x
                0x400010da                nav_segment_y_2
                0x400010dc                nav_segment_y_1
                0x400010e0                ground_alt
                0x400010e4                carrot_y
                0x400010e8                stage_time
                0x400010ea                block_time
                0x400010ec                nav_circle_trigo_qdr
                0x400010f0                flight_altitude
 COMMON         0x400010f4       0xec /home/mav/Desktop/paparazzi3new/var/v1/ap/fw_h_ctl.o
                0x400010f4                h_ctl_yaw_rate_mode
                0x400010f8                h_ctl_auto1_rate
                0x400010fc                h_ctl_course_setpoint
                0x40001100                h_ctl_hi_aoa_pitch_rate_pgain
                0x40001104                h_ctl_roll_rate_dgain
                0x40001108                desired_pitch
                0x4000110c                h_ctl_roll_rate_setpoint
                0x40001110                h_ctl_mid_aoa_pitch_rate_pgain
                0x40001114                desired_roll
                0x40001118                h_ctl_rudder_setpoint
                0x4000111c                h_ctl_roll_max_setpoint
                0x40001120                h_ctl_lo_throttle_yaw_rate_pgain
                0x40001124                h_ctl_lo_aoa_elevator_of_roll
                0x40001128                h_ctl_course_pre_bank_correction
                0x4000112c                h_ctl_lo_throttle_pitch_rate_pgain
                0x40001130                h_ctl_mid_aoa_yaw_rate_pgain
                0x40001134                h_ctl_pitch_rate_dgain
                0x40001138                h_ctl_mid_aoa_roll_rate_pgain
                0x4000113c                h_ctl_hi_throttle_pitch_rate_pgain
                0x40001140                h_ctl_elevator_setpoint
                0x40001144                h_ctl_roll_rate_igain
                0x40001148                h_ctl_hi_aoa_yaw_rate_pgain
                0x4000114c                h_ctl_hi_throttle_yaw_rate_pgain
                0x40001150                h_ctl_hi_aoa_roll_rate_pgain
                0x40001154                h_ctl_roll_rate_setpoint_pgain
                0x40001158                h_ctl_hi_throttle_roll_rate_pgain
                0x4000115c                h_ctl_aileron_of_throttle
                0x40001160                h_ctl_yaw_pgain
                0x40001164                h_ctl_aileron_setpoint
                0x40001168                h_ctl_pitch_setpoint
                0x4000116c                h_ctl_roll_rate_mode
                0x40001170                h_ctl_pitch_min_setpoint
                0x40001174                h_ctl_course_pgain
                0x40001178                h_ctl_pitch_pgain
                0x4000117c                h_ctl_course_pre_bank
                0x40001180                h_ctl_pitch_state_setpoint
                0x40001184                h_ctl_yaw_rate_dgain
                0x40001188                h_ctl_pitch_max_setpoint
                0x4000118c                h_ctl_pitch_rate_setpoint
                0x40001190                h_ctl_hi_aoa_elevator_of_roll
                0x40001194                h_ctl_lo_aoa_pitch_rate_pgain
                0x40001198                h_ctl_yaw_dgain
                0x4000119c                h_ctl_pitch_dgain
                0x400011a0                h_ctl_lo_throttle_roll_rate_pgain
                0x400011a4                h_ctl_yaw_rate_igain
                0x400011a8                h_ctl_pitch_rate_igain
                0x400011ac                h_ctl_pitch_rate_setpoint_pgain
                0x400011b0                h_ctl_yaw_setpoint
                0x400011b4                h_ctl_lo_aoa_roll_rate_pgain
                0x400011b8                h_ctl_yaw_rate_setpoint
                0x400011bc                h_ctl_lo_aoa_yaw_rate_pgain
                0x400011c0                h_ctl_mid_aoa_elevator_of_roll
                0x400011c4                h_ctl_disabled
                0x400011c8                h_ctl_roll_pgain
                0x400011cc                h_ctl_yaw_rate_setpoint_pgain
                0x400011d0                h_ctl_roll_setpoint
                0x400011d4                h_ctl_pitch_rate_mode
                0x400011d8                h_ctl_yaw_max_setpoint
                0x400011dc                h_ctl_elevator_of_roll
 COMMON         0x400011e0       0x60 /home/mav/Desktop/paparazzi3new/var/v1/ap/fw_v_ctl.o
                0x400011e0                v_ctl_auto_throttle_nominal_cruise_throttle
                0x400011e4                v_ctl_altitude_error
                0x400011e8                v_ctl_climb_mode
                0x400011ec                v_ctl_alt_sum_err
                0x400011f0                v_ctl_auto_throttle_submode
                0x400011f4                v_ctl_auto_throttle_pitch_of_vz_pgain
                0x400011f8                v_ctl_throttle_slew_
                0x400011fc                desc_throttle
                0x40001200                v_ctl_auto_throttle_cruise_throttle_pgain
                0x40001204                v_ctl_altitude_setpoint
                0x40001208                v_ctl_mode
                0x4000120c                v_ctl_auto_throttle_cruise_throttle
                0x40001210                v_ctl_altitude_pgain
                0x40001214                v_ctl_auto_pitch_pgain
                0x40001218                v_ctl_auto_throttle_climb_throttle_increment
                0x4000121c                v_ctl_auto_throttle_igain
                0x40001220                v_ctl_throttle_setpoint
                0x40001224                v_ctl_climb_setpoint
                0x40001228                v_ctl_auto_pitch_igain
                0x4000122c                v_ctl_altitude_pre_climb
                0x40001230                v_ctl_throttle_slewed
                0x40001234                climb_throttle
                0x40001238                v_ctl_auto_throttle_pgain
                0x4000123c                v_ctl_auto_pitch_sum_err
 COMMON         0x40001240       0x64 /home/mav/Desktop/paparazzi3new/var/v1/ap/gyro.o
                0x40001240                gyro_yaw_scale
                0x40001244                gyro_roll_scale
                0x40001248                buf_roll
                0x4000128c                gyro_pitch_adc
                0x40001290                gyro_roll_adc
                0x40001294                roll_rate_adc
                0x40001298                gyro_yaw_adc
                0x4000129c                gyro_pitch_scale
                0x400012a0                yaw_rate_adc
                0x400012a2                pitch_rate_adc
 COMMON         0x400012a4        0x1 /home/mav/Desktop/paparazzi3new/var/v1/ap/gpio.o
                0x400012a4                gpio1_status
                0x400012a8                . = ALIGN (0x4)
 *fill*         0x400012a5        0x3 00
                0x400012a8                . = ALIGN (0x4)
                0x400012a8                __bss_end__ = .
                0x400012a8                PROVIDE (__bss_end, .)

.stack          0x40001300     0x1000
                0x40002300                . = (. + STACK_SIZE)
 *fill*         0x40001300     0x1000 00
                0x40002300                PROVIDE (_stack, .)
                0x40002300                _end = .
                0x40002300                PROVIDE (end, .)

.stab
 *(.stab)

.stabstr
 *(.stabstr)

.stab.excl
 *(.stab.excl)

.stab.exclstr
 *(.stab.exclstr)

.stab.index
 *(.stab.index)

.stab.indexstr
 *(.stab.indexstr)

.comment        0x00000000      0x34e
 *(.comment)
 .comment       0x00000000       0x12 /home/mav/Desktop/paparazzi3new/var/v1/ap/sys_time.o
 .comment       0x00000012       0x12 /home/mav/Desktop/paparazzi3new/var/v1/ap/sys_time_hw.o
 .comment       0x00000024       0x12 /home/mav/Desktop/paparazzi3new/var/v1/ap/armVIC.o
 .comment       0x00000036       0x12 /home/mav/Desktop/paparazzi3new/var/v1/ap/main_fbw.o
 .comment       0x00000048       0x12 /home/mav/Desktop/paparazzi3new/var/v1/ap/main_ap.o
 .comment       0x0000005a       0x12 /home/mav/Desktop/paparazzi3new/var/v1/ap/main.o
 .comment       0x0000006c       0x12 /home/mav/Desktop/paparazzi3new/var/v1/ap/commands.o
 .comment       0x0000007e       0x12 /home/mav/Desktop/paparazzi3new/var/v1/ap/servos_4015_MAT_hw.o
 .comment       0x00000090       0x12 /home/mav/Desktop/paparazzi3new/var/v1/ap/actuators.o
 .comment       0x000000a2       0x12 /home/mav/Desktop/paparazzi3new/var/v1/ap/radio_control.o
 .comment       0x000000b4       0x12 /home/mav/Desktop/paparazzi3new/var/v1/ap/ppm_hw.o
 .comment       0x000000c6       0x12 /home/mav/Desktop/paparazzi3new/var/v1/ap/downlink.o
 .comment       0x000000d8       0x12 /home/mav/Desktop/paparazzi3new/var/v1/ap/uart_hw.o
 .comment       0x000000ea       0x12 /home/mav/Desktop/paparazzi3new/var/v1/ap/datalink.o
 .comment       0x000000fc       0x12 /home/mav/Desktop/paparazzi3new/var/v1/ap/aerocomm_new.o
 .comment       0x0000010e       0x12 /home/mav/Desktop/paparazzi3new/var/v1/ap/traffic_info.o
 .comment       0x00000120       0x12 /home/mav/Desktop/paparazzi3new/var/v1/ap/inter_mcu.o
 .comment       0x00000132       0x12 /home/mav/Desktop/paparazzi3new/var/v1/ap/adc_hw.o
 .comment       0x00000144       0x12 /home/mav/Desktop/paparazzi3new/var/v1/ap/gps_ubx.o
 .comment       0x00000156       0x12 /home/mav/Desktop/paparazzi3new/var/v1/ap/gps.o
 .comment       0x00000168       0x12 /home/mav/Desktop/paparazzi3new/var/v1/ap/infrared.o
 .comment       0x0000017a       0x12 /home/mav/Desktop/paparazzi3new/var/v1/ap/estimator.o
 .comment       0x0000018c       0x12 /home/mav/Desktop/paparazzi3new/var/v1/ap/nav.o
 .comment       0x0000019e       0x12 /home/mav/Desktop/paparazzi3new/var/v1/ap/fw_h_ctl.o
 .comment       0x000001b0       0x12 /home/mav/Desktop/paparazzi3new/var/v1/ap/fw_v_ctl.o
 .comment       0x000001c2       0x12 /home/mav/Desktop/paparazzi3new/var/v1/ap/gyro.o
 .comment       0x000001d4       0x12 /home/mav/Desktop/paparazzi3new/var/v1/ap/gpio.o
 .comment       0x000001e6       0x12 /usr/lib/gcc/arm-elf/3.4.4/../../../../arm-elf/lib/thumb/interwork/libm.a(s_atan.o)
 .comment       0x000001f8       0x12 /usr/lib/gcc/arm-elf/3.4.4/../../../../arm-elf/lib/thumb/interwork/libm.a(s_cos.o)
 .comment       0x0000020a       0x12 /usr/lib/gcc/arm-elf/3.4.4/../../../../arm-elf/lib/thumb/interwork/libm.a(s_fabs.o)
 .comment       0x0000021c       0x12 /usr/lib/gcc/arm-elf/3.4.4/../../../../arm-elf/lib/thumb/interwork/libm.a(s_sin.o)
 .comment       0x0000022e       0x12 /usr/lib/gcc/arm-elf/3.4.4/../../../../arm-elf/lib/thumb/interwork/libm.a(w_atan2.o)
 .comment       0x00000240       0x12 /usr/lib/gcc/arm-elf/3.4.4/../../../../arm-elf/lib/thumb/interwork/libm.a(w_sqrt.o)
 .comment       0x00000252       0x12 /usr/lib/gcc/arm-elf/3.4.4/../../../../arm-elf/lib/thumb/interwork/libm.a(e_atan2.o)
 .comment       0x00000264       0x12 /usr/lib/gcc/arm-elf/3.4.4/../../../../arm-elf/lib/thumb/interwork/libm.a(e_rem_pio2.o)
 .comment       0x00000276       0x12 /usr/lib/gcc/arm-elf/3.4.4/../../../../arm-elf/lib/thumb/interwork/libm.a(e_sqrt.o)
 .comment       0x00000288       0x12 /usr/lib/gcc/arm-elf/3.4.4/../../../../arm-elf/lib/thumb/interwork/libm.a(k_cos.o)
 .comment       0x0000029a       0x12 /usr/lib/gcc/arm-elf/3.4.4/../../../../arm-elf/lib/thumb/interwork/libm.a(k_rem_pio2.o)
 .comment       0x000002ac       0x12 /usr/lib/gcc/arm-elf/3.4.4/../../../../arm-elf/lib/thumb/interwork/libm.a(k_sin.o)
 .comment       0x000002be       0x12 /usr/lib/gcc/arm-elf/3.4.4/../../../../arm-elf/lib/thumb/interwork/libm.a(s_floor.o)
 .comment       0x000002d0       0x12 /usr/lib/gcc/arm-elf/3.4.4/../../../../arm-elf/lib/thumb/interwork/libm.a(s_isnan.o)
 .comment       0x000002e2       0x12 /usr/lib/gcc/arm-elf/3.4.4/../../../../arm-elf/lib/thumb/interwork/libm.a(s_lib_ver.o)
 .comment       0x000002f4       0x12 /usr/lib/gcc/arm-elf/3.4.4/../../../../arm-elf/lib/thumb/interwork/libm.a(s_matherr.o)
 .comment       0x00000306       0x12 /usr/lib/gcc/arm-elf/3.4.4/../../../../arm-elf/lib/thumb/interwork/libm.a(s_scalbn.o)
 .comment       0x00000318       0x12 /usr/lib/gcc/arm-elf/3.4.4/../../../../arm-elf/lib/thumb/interwork/libm.a(s_copysign.o)
 .comment       0x0000032a       0x12 /usr/lib/gcc/arm-elf/3.4.4/../../../../arm-elf/lib/thumb/interwork/libc.a(errno.o)
 .comment       0x0000033c       0x12 /usr/lib/gcc/arm-elf/3.4.4/../../../../arm-elf/lib/thumb/interwork/libc.a(impure.o)

.debug
 *(.debug)

.line
 *(.line)

.debug_srcinfo
 *(.debug_srcinfo)

.debug_sfnames
 *(.debug_sfnames)

.debug_aranges  0x00000000      0x240
 *(.debug_aranges)
 .debug_aranges
                0x00000000       0x20 /usr/lib/gcc/arm-elf/3.4.4/../../../../arm-elf/lib/thumb/interwork/libm.a(s_atan.o)
 .debug_aranges
                0x00000020       0x20 /usr/lib/gcc/arm-elf/3.4.4/../../../../arm-elf/lib/thumb/interwork/libm.a(s_cos.o)
 .debug_aranges
                0x00000040       0x20 /usr/lib/gcc/arm-elf/3.4.4/../../../../arm-elf/lib/thumb/interwork/libm.a(s_fabs.o)
 .debug_aranges
                0x00000060       0x20 /usr/lib/gcc/arm-elf/3.4.4/../../../../arm-elf/lib/thumb/interwork/libm.a(s_sin.o)
 .debug_aranges
                0x00000080       0x20 /usr/lib/gcc/arm-elf/3.4.4/../../../../arm-elf/lib/thumb/interwork/libm.a(w_atan2.o)
 .debug_aranges
                0x000000a0       0x20 /usr/lib/gcc/arm-elf/3.4.4/../../../../arm-elf/lib/thumb/interwork/libm.a(w_sqrt.o)
 .debug_aranges
                0x000000c0       0x20 /usr/lib/gcc/arm-elf/3.4.4/../../../../arm-elf/lib/thumb/interwork/libm.a(e_atan2.o)
 .debug_aranges
                0x000000e0       0x20 /usr/lib/gcc/arm-elf/3.4.4/../../../../arm-elf/lib/thumb/interwork/libm.a(e_rem_pio2.o)
 .debug_aranges
                0x00000100       0x20 /usr/lib/gcc/arm-elf/3.4.4/../../../../arm-elf/lib/thumb/interwork/libm.a(e_sqrt.o)
 .debug_aranges
                0x00000120       0x20 /usr/lib/gcc/arm-elf/3.4.4/../../../../arm-elf/lib/thumb/interwork/libm.a(k_cos.o)
 .debug_aranges
                0x00000140       0x20 /usr/lib/gcc/arm-elf/3.4.4/../../../../arm-elf/lib/thumb/interwork/libm.a(k_rem_pio2.o)
 .debug_aranges
                0x00000160       0x20 /usr/lib/gcc/arm-elf/3.4.4/../../../../arm-elf/lib/thumb/interwork/libm.a(k_sin.o)
 .debug_aranges
                0x00000180       0x20 /usr/lib/gcc/arm-elf/3.4.4/../../../../arm-elf/lib/thumb/interwork/libm.a(s_floor.o)
 .debug_aranges
                0x000001a0       0x20 /usr/lib/gcc/arm-elf/3.4.4/../../../../arm-elf/lib/thumb/interwork/libm.a(s_isnan.o)
 .debug_aranges
                0x000001c0       0x20 /usr/lib/gcc/arm-elf/3.4.4/../../../../arm-elf/lib/thumb/interwork/libm.a(s_matherr.o)
 .debug_aranges
                0x000001e0       0x20 /usr/lib/gcc/arm-elf/3.4.4/../../../../arm-elf/lib/thumb/interwork/libm.a(s_scalbn.o)
 .debug_aranges
                0x00000200       0x20 /usr/lib/gcc/arm-elf/3.4.4/../../../../arm-elf/lib/thumb/interwork/libm.a(s_copysign.o)
 .debug_aranges
                0x00000220       0x20 /usr/lib/gcc/arm-elf/3.4.4/../../../../arm-elf/lib/thumb/interwork/libc.a(errno.o)

.debug_pubnames
                0x00000000      0x292
 *(.debug_pubnames)
 .debug_pubnames
                0x00000000       0x1b /usr/lib/gcc/arm-elf/3.4.4/../../../../arm-elf/lib/thumb/interwork/libm.a(s_atan.o)
 .debug_pubnames
                0x0000001b       0x1a /usr/lib/gcc/arm-elf/3.4.4/../../../../arm-elf/lib/thumb/interwork/libm.a(s_cos.o)
 .debug_pubnames
                0x00000035       0x1b /usr/lib/gcc/arm-elf/3.4.4/../../../../arm-elf/lib/thumb/interwork/libm.a(s_fabs.o)
 .debug_pubnames
                0x00000050       0x1a /usr/lib/gcc/arm-elf/3.4.4/../../../../arm-elf/lib/thumb/interwork/libm.a(s_sin.o)
 .debug_pubnames
                0x0000006a       0x1c /usr/lib/gcc/arm-elf/3.4.4/../../../../arm-elf/lib/thumb/interwork/libm.a(w_atan2.o)
 .debug_pubnames
                0x00000086       0x1b /usr/lib/gcc/arm-elf/3.4.4/../../../../arm-elf/lib/thumb/interwork/libm.a(w_sqrt.o)
 .debug_pubnames
                0x000000a1       0x26 /usr/lib/gcc/arm-elf/3.4.4/../../../../arm-elf/lib/thumb/interwork/libm.a(e_atan2.o)
 .debug_pubnames
                0x000000c7       0x29 /usr/lib/gcc/arm-elf/3.4.4/../../../../arm-elf/lib/thumb/interwork/libm.a(e_rem_pio2.o)
 .debug_pubnames
                0x000000f0       0x25 /usr/lib/gcc/arm-elf/3.4.4/../../../../arm-elf/lib/thumb/interwork/libm.a(e_sqrt.o)
 .debug_pubnames
                0x00000115       0x23 /usr/lib/gcc/arm-elf/3.4.4/../../../../arm-elf/lib/thumb/interwork/libm.a(k_cos.o)
 .debug_pubnames
                0x00000138       0x28 /usr/lib/gcc/arm-elf/3.4.4/../../../../arm-elf/lib/thumb/interwork/libm.a(k_rem_pio2.o)
 .debug_pubnames
                0x00000160       0x23 /usr/lib/gcc/arm-elf/3.4.4/../../../../arm-elf/lib/thumb/interwork/libm.a(k_sin.o)
 .debug_pubnames
                0x00000183       0x1c /usr/lib/gcc/arm-elf/3.4.4/../../../../arm-elf/lib/thumb/interwork/libm.a(s_floor.o)
 .debug_pubnames
                0x0000019f       0x1c /usr/lib/gcc/arm-elf/3.4.4/../../../../arm-elf/lib/thumb/interwork/libm.a(s_isnan.o)
 .debug_pubnames
                0x000001bb       0x26 /usr/lib/gcc/arm-elf/3.4.4/../../../../arm-elf/lib/thumb/interwork/libm.a(s_lib_ver.o)
 .debug_pubnames
                0x000001e1       0x1e /usr/lib/gcc/arm-elf/3.4.4/../../../../arm-elf/lib/thumb/interwork/libm.a(s_matherr.o)
 .debug_pubnames
                0x000001ff       0x1d /usr/lib/gcc/arm-elf/3.4.4/../../../../arm-elf/lib/thumb/interwork/libm.a(s_scalbn.o)
 .debug_pubnames
                0x0000021c       0x1f /usr/lib/gcc/arm-elf/3.4.4/../../../../arm-elf/lib/thumb/interwork/libm.a(s_copysign.o)
 .debug_pubnames
                0x0000023b       0x1e /usr/lib/gcc/arm-elf/3.4.4/../../../../arm-elf/lib/thumb/interwork/libc.a(errno.o)
 .debug_pubnames
                0x00000259       0x39 /usr/lib/gcc/arm-elf/3.4.4/../../../../arm-elf/lib/thumb/interwork/libc.a(impure.o)

.debug_info     0x00000000     0x314a
 *(.debug_info .gnu.linkonce.wi.*)
 .debug_info    0x00000000      0x25d /usr/lib/gcc/arm-elf/3.4.4/../../../../arm-elf/lib/thumb/interwork/libm.a(s_atan.o)
 .debug_info    0x0000025d       0xee /usr/lib/gcc/arm-elf/3.4.4/../../../../arm-elf/lib/thumb/interwork/libm.a(s_cos.o)
 .debug_info    0x0000034b      0x151 /usr/lib/gcc/arm-elf/3.4.4/../../../../arm-elf/lib/thumb/interwork/libm.a(s_fabs.o)
 .debug_info    0x0000049c       0xee /usr/lib/gcc/arm-elf/3.4.4/../../../../arm-elf/lib/thumb/interwork/libm.a(s_sin.o)
 .debug_info    0x0000058a      0x17e /usr/lib/gcc/arm-elf/3.4.4/../../../../arm-elf/lib/thumb/interwork/libm.a(w_atan2.o)
 .debug_info    0x00000708      0x172 /usr/lib/gcc/arm-elf/3.4.4/../../../../arm-elf/lib/thumb/interwork/libm.a(w_sqrt.o)
 .debug_info    0x0000087a      0x29b /usr/lib/gcc/arm-elf/3.4.4/../../../../arm-elf/lib/thumb/interwork/libm.a(e_atan2.o)
 .debug_info    0x00000b15      0x390 /usr/lib/gcc/arm-elf/3.4.4/../../../../arm-elf/lib/thumb/interwork/libm.a(e_rem_pio2.o)
 .debug_info    0x00000ea5      0x211 /usr/lib/gcc/arm-elf/3.4.4/../../../../arm-elf/lib/thumb/interwork/libm.a(e_sqrt.o)
 .debug_info    0x000010b6      0x20c /usr/lib/gcc/arm-elf/3.4.4/../../../../arm-elf/lib/thumb/interwork/libm.a(k_cos.o)
 .debug_info    0x000012c2      0x2c0 /usr/lib/gcc/arm-elf/3.4.4/../../../../arm-elf/lib/thumb/interwork/libm.a(k_rem_pio2.o)
 .debug_info    0x00001582      0x18b /usr/lib/gcc/arm-elf/3.4.4/../../../../arm-elf/lib/thumb/interwork/libm.a(k_sin.o)
 .debug_info    0x0000170d      0x1a0 /usr/lib/gcc/arm-elf/3.4.4/../../../../arm-elf/lib/thumb/interwork/libm.a(s_floor.o)
 .debug_info    0x000018ad      0x147 /usr/lib/gcc/arm-elf/3.4.4/../../../../arm-elf/lib/thumb/interwork/libm.a(s_isnan.o)
 .debug_info    0x000019f4       0xbe /usr/lib/gcc/arm-elf/3.4.4/../../../../arm-elf/lib/thumb/interwork/libm.a(s_lib_ver.o)
 .debug_info    0x00001ab2      0x125 /usr/lib/gcc/arm-elf/3.4.4/../../../../arm-elf/lib/thumb/interwork/libm.a(s_matherr.o)
 .debug_info    0x00001bd7      0x1f4 /usr/lib/gcc/arm-elf/3.4.4/../../../../arm-elf/lib/thumb/interwork/libm.a(s_scalbn.o)
 .debug_info    0x00001dcb      0x14a /usr/lib/gcc/arm-elf/3.4.4/../../../../arm-elf/lib/thumb/interwork/libm.a(s_copysign.o)
 .debug_info    0x00001f15      0x913 /usr/lib/gcc/arm-elf/3.4.4/../../../../arm-elf/lib/thumb/interwork/libc.a(errno.o)
 .debug_info    0x00002828      0x922 /usr/lib/gcc/arm-elf/3.4.4/../../../../arm-elf/lib/thumb/interwork/libc.a(impure.o)

.debug_abbrev   0x00000000     0x113f
 *(.debug_abbrev)
 .debug_abbrev  0x00000000      0x11f /usr/lib/gcc/arm-elf/3.4.4/../../../../arm-elf/lib/thumb/interwork/libm.a(s_atan.o)
 .debug_abbrev  0x0000011f       0x8b /usr/lib/gcc/arm-elf/3.4.4/../../../../arm-elf/lib/thumb/interwork/libm.a(s_cos.o)
 .debug_abbrev  0x000001aa       0xd0 /usr/lib/gcc/arm-elf/3.4.4/../../../../arm-elf/lib/thumb/interwork/libm.a(s_fabs.o)
 .debug_abbrev  0x0000027a       0x8b /usr/lib/gcc/arm-elf/3.4.4/../../../../arm-elf/lib/thumb/interwork/libm.a(s_sin.o)
 .debug_abbrev  0x00000305       0xc7 /usr/lib/gcc/arm-elf/3.4.4/../../../../arm-elf/lib/thumb/interwork/libm.a(w_atan2.o)
 .debug_abbrev  0x000003cc       0xc7 /usr/lib/gcc/arm-elf/3.4.4/../../../../arm-elf/lib/thumb/interwork/libm.a(w_sqrt.o)
 .debug_abbrev  0x00000493      0x10f /usr/lib/gcc/arm-elf/3.4.4/../../../../arm-elf/lib/thumb/interwork/libm.a(e_atan2.o)
 .debug_abbrev  0x000005a2      0x128 /usr/lib/gcc/arm-elf/3.4.4/../../../../arm-elf/lib/thumb/interwork/libm.a(e_rem_pio2.o)
 .debug_abbrev  0x000006ca      0x104 /usr/lib/gcc/arm-elf/3.4.4/../../../../arm-elf/lib/thumb/interwork/libm.a(e_sqrt.o)
 .debug_abbrev  0x000007ce       0xea /usr/lib/gcc/arm-elf/3.4.4/../../../../arm-elf/lib/thumb/interwork/libm.a(k_cos.o)
 .debug_abbrev  0x000008b8       0xe6 /usr/lib/gcc/arm-elf/3.4.4/../../../../arm-elf/lib/thumb/interwork/libm.a(k_rem_pio2.o)
 .debug_abbrev  0x0000099e       0x93 /usr/lib/gcc/arm-elf/3.4.4/../../../../arm-elf/lib/thumb/interwork/libm.a(k_sin.o)
 .debug_abbrev  0x00000a31       0xe8 /usr/lib/gcc/arm-elf/3.4.4/../../../../arm-elf/lib/thumb/interwork/libm.a(s_floor.o)
 .debug_abbrev  0x00000b19       0xd4 /usr/lib/gcc/arm-elf/3.4.4/../../../../arm-elf/lib/thumb/interwork/libm.a(s_isnan.o)
 .debug_abbrev  0x00000bed       0x5a /usr/lib/gcc/arm-elf/3.4.4/../../../../arm-elf/lib/thumb/interwork/libm.a(s_lib_ver.o)
 .debug_abbrev  0x00000c47       0x95 /usr/lib/gcc/arm-elf/3.4.4/../../../../arm-elf/lib/thumb/interwork/libm.a(s_matherr.o)
 .debug_abbrev  0x00000cdc       0xe8 /usr/lib/gcc/arm-elf/3.4.4/../../../../arm-elf/lib/thumb/interwork/libm.a(s_scalbn.o)
 .debug_abbrev  0x00000dc4       0xc5 /usr/lib/gcc/arm-elf/3.4.4/../../../../arm-elf/lib/thumb/interwork/libm.a(s_copysign.o)
 .debug_abbrev  0x00000e89      0x15f /usr/lib/gcc/arm-elf/3.4.4/../../../../arm-elf/lib/thumb/interwork/libc.a(errno.o)
 .debug_abbrev  0x00000fe8      0x157 /usr/lib/gcc/arm-elf/3.4.4/../../../../arm-elf/lib/thumb/interwork/libc.a(impure.o)

.debug_line     0x00000000     0x13e0
 *(.debug_line)
 .debug_line    0x00000000      0x137 /usr/lib/gcc/arm-elf/3.4.4/../../../../arm-elf/lib/thumb/interwork/libm.a(s_atan.o)
 .debug_line    0x00000137       0xcc /usr/lib/gcc/arm-elf/3.4.4/../../../../arm-elf/lib/thumb/interwork/libm.a(s_cos.o)
 .debug_line    0x00000203       0xf3 /usr/lib/gcc/arm-elf/3.4.4/../../../../arm-elf/lib/thumb/interwork/libm.a(s_fabs.o)
 .debug_line    0x000002f6       0xcc /usr/lib/gcc/arm-elf/3.4.4/../../../../arm-elf/lib/thumb/interwork/libm.a(s_sin.o)
 .debug_line    0x000003c2       0xca /usr/lib/gcc/arm-elf/3.4.4/../../../../arm-elf/lib/thumb/interwork/libm.a(w_atan2.o)
 .debug_line    0x0000048c       0xc9 /usr/lib/gcc/arm-elf/3.4.4/../../../../arm-elf/lib/thumb/interwork/libm.a(w_sqrt.o)
 .debug_line    0x00000555      0x14c /usr/lib/gcc/arm-elf/3.4.4/../../../../arm-elf/lib/thumb/interwork/libm.a(e_atan2.o)
 .debug_line    0x000006a1      0x17c /usr/lib/gcc/arm-elf/3.4.4/../../../../arm-elf/lib/thumb/interwork/libm.a(e_rem_pio2.o)
 .debug_line    0x0000081d      0x163 /usr/lib/gcc/arm-elf/3.4.4/../../../../arm-elf/lib/thumb/interwork/libm.a(e_sqrt.o)
 .debug_line    0x00000980      0x115 /usr/lib/gcc/arm-elf/3.4.4/../../../../arm-elf/lib/thumb/interwork/libm.a(k_cos.o)
 .debug_line    0x00000a95      0x187 /usr/lib/gcc/arm-elf/3.4.4/../../../../arm-elf/lib/thumb/interwork/libm.a(k_rem_pio2.o)
 .debug_line    0x00000c1c       0xc6 /usr/lib/gcc/arm-elf/3.4.4/../../../../arm-elf/lib/thumb/interwork/libm.a(k_sin.o)
 .debug_line    0x00000ce2      0x12a /usr/lib/gcc/arm-elf/3.4.4/../../../../arm-elf/lib/thumb/interwork/libm.a(s_floor.o)
 .debug_line    0x00000e0c       0xfb /usr/lib/gcc/arm-elf/3.4.4/../../../../arm-elf/lib/thumb/interwork/libm.a(s_isnan.o)
 .debug_line    0x00000f07       0xa0 /usr/lib/gcc/arm-elf/3.4.4/../../../../arm-elf/lib/thumb/interwork/libm.a(s_lib_ver.o)
 .debug_line    0x00000fa7       0xb0 /usr/lib/gcc/arm-elf/3.4.4/../../../../arm-elf/lib/thumb/interwork/libm.a(s_matherr.o)
 .debug_line    0x00001057       0xeb /usr/lib/gcc/arm-elf/3.4.4/../../../../arm-elf/lib/thumb/interwork/libm.a(s_scalbn.o)
 .debug_line    0x00001142       0xc4 /usr/lib/gcc/arm-elf/3.4.4/../../../../arm-elf/lib/thumb/interwork/libm.a(s_copysign.o)
 .debug_line    0x00001206       0xf4 /usr/lib/gcc/arm-elf/3.4.4/../../../../arm-elf/lib/thumb/interwork/libc.a(errno.o)
 .debug_line    0x000012fa       0xe6 /usr/lib/gcc/arm-elf/3.4.4/../../../../arm-elf/lib/thumb/interwork/libc.a(impure.o)

.debug_frame    0x00000000      0x388
 *(.debug_frame)
 .debug_frame   0x00000000       0x38 /usr/lib/gcc/arm-elf/3.4.4/../../../../arm-elf/lib/thumb/interwork/libm.a(s_atan.o)
 .debug_frame   0x00000038       0x30 /usr/lib/gcc/arm-elf/3.4.4/../../../../arm-elf/lib/thumb/interwork/libm.a(s_cos.o)
 .debug_frame   0x00000068       0x28 /usr/lib/gcc/arm-elf/3.4.4/../../../../arm-elf/lib/thumb/interwork/libm.a(s_fabs.o)
 .debug_frame   0x00000090       0x30 /usr/lib/gcc/arm-elf/3.4.4/../../../../arm-elf/lib/thumb/interwork/libm.a(s_sin.o)
 .debug_frame   0x000000c0       0x38 /usr/lib/gcc/arm-elf/3.4.4/../../../../arm-elf/lib/thumb/interwork/libm.a(w_atan2.o)
 .debug_frame   0x000000f8       0x38 /usr/lib/gcc/arm-elf/3.4.4/../../../../arm-elf/lib/thumb/interwork/libm.a(w_sqrt.o)
 .debug_frame   0x00000130       0x38 /usr/lib/gcc/arm-elf/3.4.4/../../../../arm-elf/lib/thumb/interwork/libm.a(e_atan2.o)
 .debug_frame   0x00000168       0x3c /usr/lib/gcc/arm-elf/3.4.4/../../../../arm-elf/lib/thumb/interwork/libm.a(e_rem_pio2.o)
 .debug_frame   0x000001a4       0x3c /usr/lib/gcc/arm-elf/3.4.4/../../../../arm-elf/lib/thumb/interwork/libm.a(e_sqrt.o)
 .debug_frame   0x000001e0       0x38 /usr/lib/gcc/arm-elf/3.4.4/../../../../arm-elf/lib/thumb/interwork/libm.a(k_cos.o)
 .debug_frame   0x00000218       0x40 /usr/lib/gcc/arm-elf/3.4.4/../../../../arm-elf/lib/thumb/interwork/libm.a(k_rem_pio2.o)
 .debug_frame   0x00000258       0x30 /usr/lib/gcc/arm-elf/3.4.4/../../../../arm-elf/lib/thumb/interwork/libm.a(k_sin.o)
 .debug_frame   0x00000288       0x38 /usr/lib/gcc/arm-elf/3.4.4/../../../../arm-elf/lib/thumb/interwork/libm.a(s_floor.o)
 .debug_frame   0x000002c0       0x28 /usr/lib/gcc/arm-elf/3.4.4/../../../../arm-elf/lib/thumb/interwork/libm.a(s_isnan.o)
 .debug_frame   0x000002e8       0x20 /usr/lib/gcc/arm-elf/3.4.4/../../../../arm-elf/lib/thumb/interwork/libm.a(s_matherr.o)
 .debug_frame   0x00000308       0x34 /usr/lib/gcc/arm-elf/3.4.4/../../../../arm-elf/lib/thumb/interwork/libm.a(s_scalbn.o)
 .debug_frame   0x0000033c       0x2c /usr/lib/gcc/arm-elf/3.4.4/../../../../arm-elf/lib/thumb/interwork/libm.a(s_copysign.o)
 .debug_frame   0x00000368       0x20 /usr/lib/gcc/arm-elf/3.4.4/../../../../arm-elf/lib/thumb/interwork/libc.a(errno.o)

.debug_str      0x00000000      0xbad
 *(.debug_str)
 .debug_str     0x00000000      0x148 /usr/lib/gcc/arm-elf/3.4.4/../../../../arm-elf/lib/thumb/interwork/libm.a(s_atan.o)
                                0x17b (size before relaxing)
 .debug_str     0x00000148       0x32 /usr/lib/gcc/arm-elf/3.4.4/../../../../arm-elf/lib/thumb/interwork/libm.a(s_cos.o)
                                0x12a (size before relaxing)
 .debug_str     0x0000017a       0x42 /usr/lib/gcc/arm-elf/3.4.4/../../../../arm-elf/lib/thumb/interwork/libm.a(s_fabs.o)
                                0x163 (size before relaxing)
 .debug_str     0x000001bc       0x32 /usr/lib/gcc/arm-elf/3.4.4/../../../../arm-elf/lib/thumb/interwork/libm.a(s_sin.o)
                                0x12a (size before relaxing)
 .debug_str     0x000001ee       0xaf /usr/lib/gcc/arm-elf/3.4.4/../../../../arm-elf/lib/thumb/interwork/libm.a(w_atan2.o)
                                0x1a8 (size before relaxing)
 .debug_str     0x0000029d       0x33 /usr/lib/gcc/arm-elf/3.4.4/../../../../arm-elf/lib/thumb/interwork/libm.a(w_sqrt.o)
                                0x1a6 (size before relaxing)
 .debug_str     0x000002d0       0x67 /usr/lib/gcc/arm-elf/3.4.4/../../../../arm-elf/lib/thumb/interwork/libm.a(e_atan2.o)
                                0x197 (size before relaxing)
 .debug_str     0x00000337       0xa4 /usr/lib/gcc/arm-elf/3.4.4/../../../../arm-elf/lib/thumb/interwork/libm.a(e_rem_pio2.o)
                                0x1e3 (size before relaxing)
 .debug_str     0x000003db       0x47 /usr/lib/gcc/arm-elf/3.4.4/../../../../arm-elf/lib/thumb/interwork/libm.a(e_sqrt.o)
                                0x17c (size before relaxing)
 .debug_str     0x00000422       0x3f /usr/lib/gcc/arm-elf/3.4.4/../../../../arm-elf/lib/thumb/interwork/libm.a(k_cos.o)
                                0x16a (size before relaxing)
 .debug_str     0x00000461       0x78 /usr/lib/gcc/arm-elf/3.4.4/../../../../arm-elf/lib/thumb/interwork/libm.a(k_rem_pio2.o)
                                0x17b (size before relaxing)
 .debug_str     0x000004d9       0x3f /usr/lib/gcc/arm-elf/3.4.4/../../../../arm-elf/lib/thumb/interwork/libm.a(k_sin.o)
                                0x13c (size before relaxing)
 .debug_str     0x00000518       0x3a /usr/lib/gcc/arm-elf/3.4.4/../../../../arm-elf/lib/thumb/interwork/libm.a(s_floor.o)
                                0x16f (size before relaxing)
 .debug_str     0x00000552       0x3a /usr/lib/gcc/arm-elf/3.4.4/../../../../arm-elf/lib/thumb/interwork/libm.a(s_isnan.o)
                                0x165 (size before relaxing)
 .debug_str     0x0000058c       0x92 /usr/lib/gcc/arm-elf/3.4.4/../../../../arm-elf/lib/thumb/interwork/libm.a(s_lib_ver.o)
                                0x183 (size before relaxing)
 .debug_str     0x0000061e       0x40 /usr/lib/gcc/arm-elf/3.4.4/../../../../arm-elf/lib/thumb/interwork/libm.a(s_matherr.o)
                                0x155 (size before relaxing)
 .debug_str     0x0000065e       0x4b /usr/lib/gcc/arm-elf/3.4.4/../../../../arm-elf/lib/thumb/interwork/libm.a(s_scalbn.o)
                                0x187 (size before relaxing)
 .debug_str     0x000006a9       0x42 /usr/lib/gcc/arm-elf/3.4.4/../../../../arm-elf/lib/thumb/interwork/libm.a(s_copysign.o)
                                0x165 (size before relaxing)
 .debug_str     0x000006eb      0x416 /usr/lib/gcc/arm-elf/3.4.4/../../../../arm-elf/lib/thumb/interwork/libc.a(errno.o)
                                0x4be (size before relaxing)
 .debug_str     0x00000b01       0xac /usr/lib/gcc/arm-elf/3.4.4/../../../../arm-elf/lib/thumb/interwork/libc.a(impure.o)
                                0x4d6 (size before relaxing)

.debug_loc
 *(.debug_loc)

.debug_macinfo
 *(.debug_macinfo)

.debug_weaknames
 *(.debug_weaknames)

.debug_funcnames
 *(.debug_funcnames)

.debug_typenames
 *(.debug_typenames)

.debug_varnames
 *(.debug_varnames)
OUTPUT(/home/mav/Desktop/paparazzi3new/var/v1/ap/ap.elf elf32-littlearm)

.debug_ranges   0x00000000       0xc8
 .debug_ranges  0x00000000       0x28 /usr/lib/gcc/arm-elf/3.4.4/../../../../arm-elf/lib/thumb/interwork/libm.a(s_atan.o)
 .debug_ranges  0x00000028       0x20 /usr/lib/gcc/arm-elf/3.4.4/../../../../arm-elf/lib/thumb/interwork/libm.a(e_atan2.o)
 .debug_ranges  0x00000048       0x18 /usr/lib/gcc/arm-elf/3.4.4/../../../../arm-elf/lib/thumb/interwork/libm.a(e_rem_pio2.o)
 .debug_ranges  0x00000060       0x18 /usr/lib/gcc/arm-elf/3.4.4/../../../../arm-elf/lib/thumb/interwork/libm.a(e_sqrt.o)
 .debug_ranges  0x00000078       0x18 /usr/lib/gcc/arm-elf/3.4.4/../../../../arm-elf/lib/thumb/interwork/libm.a(k_cos.o)
 .debug_ranges  0x00000090       0x20 /usr/lib/gcc/arm-elf/3.4.4/../../../../arm-elf/lib/thumb/interwork/libm.a(s_floor.o)
 .debug_ranges  0x000000b0       0x18 /usr/lib/gcc/arm-elf/3.4.4/../../../../arm-elf/lib/thumb/interwork/libm.a(s_scalbn.o)

Cross Reference Table

Symbol                                            File
TIMER0_ISR                                        /home/mav/Desktop/paparazzi3new/var/v1/ap/sys_time_hw.o
                                                  /home/mav/Desktop/paparazzi3new/var/v1/ap/main_fbw.o
____adddf3_change_to_arm                          /usr/lib/gcc/arm-elf/3.4.4/thumb/interwork/libgcc.a(_fixunssfsi.o)
____adddf3_from_thumb                             /usr/lib/gcc/arm-elf/3.4.4/thumb/interwork/libgcc.a(_fixunssfsi.o)
____divdf3_change_to_arm                          /usr/lib/gcc/arm-elf/3.4.4/thumb/interwork/libgcc.a(_fixunssfsi.o)
____divdf3_from_thumb                             /usr/lib/gcc/arm-elf/3.4.4/thumb/interwork/libgcc.a(_fixunssfsi.o)
____divsi3_from_arm                               /usr/lib/gcc/arm-elf/3.4.4/thumb/interwork/libgcc.a(_fixunssfsi.o)
____eqdf2_change_to_arm                           /usr/lib/gcc/arm-elf/3.4.4/thumb/interwork/libgcc.a(_fixunssfsi.o)
____eqdf2_from_thumb                              /usr/lib/gcc/arm-elf/3.4.4/thumb/interwork/libgcc.a(_fixunssfsi.o)
____fixdfsi_change_to_arm                         /usr/lib/gcc/arm-elf/3.4.4/thumb/interwork/libgcc.a(_fixunssfsi.o)
____fixdfsi_from_thumb                            /usr/lib/gcc/arm-elf/3.4.4/thumb/interwork/libgcc.a(_fixunssfsi.o)
____floatsidf_change_to_arm                       /usr/lib/gcc/arm-elf/3.4.4/thumb/interwork/libgcc.a(_fixunssfsi.o)
____floatsidf_from_thumb                          /usr/lib/gcc/arm-elf/3.4.4/thumb/interwork/libgcc.a(_fixunssfsi.o)
____gedf2_change_to_arm                           /usr/lib/gcc/arm-elf/3.4.4/thumb/interwork/libgcc.a(_fixunssfsi.o)
____gedf2_from_thumb                              /usr/lib/gcc/arm-elf/3.4.4/thumb/interwork/libgcc.a(_fixunssfsi.o)
____gtdf2_change_to_arm                           /usr/lib/gcc/arm-elf/3.4.4/thumb/interwork/libgcc.a(_fixunssfsi.o)
____gtdf2_from_thumb                              /usr/lib/gcc/arm-elf/3.4.4/thumb/interwork/libgcc.a(_fixunssfsi.o)
____ltdf2_change_to_arm                           /usr/lib/gcc/arm-elf/3.4.4/thumb/interwork/libgcc.a(_fixunssfsi.o)
____ltdf2_from_thumb                              /usr/lib/gcc/arm-elf/3.4.4/thumb/interwork/libgcc.a(_fixunssfsi.o)
____muldf3_change_to_arm                          /usr/lib/gcc/arm-elf/3.4.4/thumb/interwork/libgcc.a(_fixunssfsi.o)
____muldf3_from_thumb                             /usr/lib/gcc/arm-elf/3.4.4/thumb/interwork/libgcc.a(_fixunssfsi.o)
____subdf3_change_to_arm                          /usr/lib/gcc/arm-elf/3.4.4/thumb/interwork/libgcc.a(_fixunssfsi.o)
____subdf3_from_thumb                             /usr/lib/gcc/arm-elf/3.4.4/thumb/interwork/libgcc.a(_fixunssfsi.o)
__adddf3                                          /usr/lib/gcc/arm-elf/3.4.4/thumb/interwork/libgcc.a(_addsubdf3.o)
                                                  /usr/lib/gcc/arm-elf/3.4.4/../../../../arm-elf/lib/thumb/interwork/libm.a(s_scalbn.o)
                                                  /usr/lib/gcc/arm-elf/3.4.4/../../../../arm-elf/lib/thumb/interwork/libm.a(s_floor.o)
                                                  /usr/lib/gcc/arm-elf/3.4.4/../../../../arm-elf/lib/thumb/interwork/libm.a(k_sin.o)
                                                  /usr/lib/gcc/arm-elf/3.4.4/../../../../arm-elf/lib/thumb/interwork/libm.a(k_rem_pio2.o)
                                                  /usr/lib/gcc/arm-elf/3.4.4/../../../../arm-elf/lib/thumb/interwork/libm.a(k_cos.o)
                                                  /usr/lib/gcc/arm-elf/3.4.4/../../../../arm-elf/lib/thumb/interwork/libm.a(e_sqrt.o)
                                                  /usr/lib/gcc/arm-elf/3.4.4/../../../../arm-elf/lib/thumb/interwork/libm.a(e_rem_pio2.o)
                                                  /usr/lib/gcc/arm-elf/3.4.4/../../../../arm-elf/lib/thumb/interwork/libm.a(e_atan2.o)
                                                  /usr/lib/gcc/arm-elf/3.4.4/../../../../arm-elf/lib/thumb/interwork/libm.a(s_atan.o)
                                                  /home/mav/Desktop/paparazzi3new/var/v1/ap/fw_h_ctl.o
                                                  /home/mav/Desktop/paparazzi3new/var/v1/ap/nav.o
                                                  /home/mav/Desktop/paparazzi3new/var/v1/ap/infrared.o
                                                  /home/mav/Desktop/paparazzi3new/var/v1/ap/main_ap.o
                                                  /home/mav/Desktop/paparazzi3new/var/v1/ap/main_fbw.o
__addsf3                                          /usr/lib/gcc/arm-elf/3.4.4/thumb/interwork/libgcc.a(_addsubsf3.o)
                                                  /home/mav/Desktop/paparazzi3new/var/v1/ap/fw_v_ctl.o
                                                  /home/mav/Desktop/paparazzi3new/var/v1/ap/fw_h_ctl.o
                                                  /home/mav/Desktop/paparazzi3new/var/v1/ap/nav.o
                                                  /home/mav/Desktop/paparazzi3new/var/v1/ap/infrared.o
                                                  /home/mav/Desktop/paparazzi3new/var/v1/ap/datalink.o
                                                  /home/mav/Desktop/paparazzi3new/var/v1/ap/main_ap.o
__atan2_from_arm                                  /usr/lib/gcc/arm-elf/3.4.4/thumb/interwork/libgcc.a(_fixunssfsi.o)
__atan_from_arm                                   /usr/lib/gcc/arm-elf/3.4.4/thumb/interwork/libgcc.a(_fixunssfsi.o)
__bss_end__                                       /home/mav/Desktop/paparazzi3new/var/v1/ap/crt0.o
__bss_start                                       /home/mav/Desktop/paparazzi3new/var/v1/ap/crt0.o
__cmpdf2                                          /usr/lib/gcc/arm-elf/3.4.4/thumb/interwork/libgcc.a(_cmpdf2.o)
__cmpsf2                                          /usr/lib/gcc/arm-elf/3.4.4/thumb/interwork/libgcc.a(_cmpsf2.o)
__cos_from_arm                                    /usr/lib/gcc/arm-elf/3.4.4/thumb/interwork/libgcc.a(_fixunssfsi.o)
__ctors_end__                                     /home/mav/Desktop/paparazzi3new/var/v1/ap/crt0.o
__ctors_start__                                   /home/mav/Desktop/paparazzi3new/var/v1/ap/crt0.o
__div0                                            /usr/lib/gcc/arm-elf/3.4.4/thumb/interwork/libgcc.a(_dvmd_tls.o)
                                                  /usr/lib/gcc/arm-elf/3.4.4/thumb/interwork/libgcc.a(_divsi3.o)
__divdf3                                          /usr/lib/gcc/arm-elf/3.4.4/thumb/interwork/libgcc.a(_muldivdf3.o)
                                                  /usr/lib/gcc/arm-elf/3.4.4/../../../../arm-elf/lib/thumb/interwork/libm.a(e_sqrt.o)
                                                  /usr/lib/gcc/arm-elf/3.4.4/../../../../arm-elf/lib/thumb/interwork/libm.a(e_atan2.o)
                                                  /usr/lib/gcc/arm-elf/3.4.4/../../../../arm-elf/lib/thumb/interwork/libm.a(w_sqrt.o)
                                                  /usr/lib/gcc/arm-elf/3.4.4/../../../../arm-elf/lib/thumb/interwork/libm.a(s_atan.o)
                                                  /home/mav/Desktop/paparazzi3new/var/v1/ap/gyro.o
                                                  /home/mav/Desktop/paparazzi3new/var/v1/ap/fw_h_ctl.o
                                                  /home/mav/Desktop/paparazzi3new/var/v1/ap/nav.o
                                                  /home/mav/Desktop/paparazzi3new/var/v1/ap/infrared.o
                                                  /home/mav/Desktop/paparazzi3new/var/v1/ap/gps.o
                                                  /home/mav/Desktop/paparazzi3new/var/v1/ap/datalink.o
                                                  /home/mav/Desktop/paparazzi3new/var/v1/ap/main_ap.o
__divsf3                                          /usr/lib/gcc/arm-elf/3.4.4/thumb/interwork/libgcc.a(_muldivsf3.o)
                                                  /home/mav/Desktop/paparazzi3new/var/v1/ap/fw_v_ctl.o
                                                  /home/mav/Desktop/paparazzi3new/var/v1/ap/fw_h_ctl.o
                                                  /home/mav/Desktop/paparazzi3new/var/v1/ap/nav.o
                                                  /home/mav/Desktop/paparazzi3new/var/v1/ap/infrared.o
                                                  /home/mav/Desktop/paparazzi3new/var/v1/ap/datalink.o
                                                  /home/mav/Desktop/paparazzi3new/var/v1/ap/main_ap.o
__divsi3                                          /usr/lib/gcc/arm-elf/3.4.4/thumb/interwork/libgcc.a(_divsi3.o)
                                                  /usr/lib/gcc/arm-elf/3.4.4/../../../../arm-elf/lib/thumb/interwork/libm.a(k_rem_pio2.o)
                                                  /home/mav/Desktop/paparazzi3new/var/v1/ap/gyro.o
                                                  /home/mav/Desktop/paparazzi3new/var/v1/ap/infrared.o
                                                  /home/mav/Desktop/paparazzi3new/var/v1/ap/gps_ubx.o
                                                  /home/mav/Desktop/paparazzi3new/var/v1/ap/main_fbw.o
__eqdf2                                           /usr/lib/gcc/arm-elf/3.4.4/thumb/interwork/libgcc.a(_cmpdf2.o)
                                                  /usr/lib/gcc/arm-elf/3.4.4/../../../../arm-elf/lib/thumb/interwork/libm.a(k_rem_pio2.o)
                                                  /usr/lib/gcc/arm-elf/3.4.4/../../../../arm-elf/lib/thumb/interwork/libm.a(e_rem_pio2.o)
                                                  /usr/lib/gcc/arm-elf/3.4.4/../../../../arm-elf/lib/thumb/interwork/libm.a(w_atan2.o)
__eqsf2                                           /usr/lib/gcc/arm-elf/3.4.4/thumb/interwork/libgcc.a(_cmpsf2.o)
__errno                                           /usr/lib/gcc/arm-elf/3.4.4/../../../../arm-elf/lib/thumb/interwork/libc.a(errno.o)
                                                  /usr/lib/gcc/arm-elf/3.4.4/../../../../arm-elf/lib/thumb/interwork/libm.a(w_sqrt.o)
                                                  /usr/lib/gcc/arm-elf/3.4.4/../../../../arm-elf/lib/thumb/interwork/libm.a(w_atan2.o)
__extendsfdf2                                     /usr/lib/gcc/arm-elf/3.4.4/thumb/interwork/libgcc.a(_addsubdf3.o)
                                                  /home/mav/Desktop/paparazzi3new/var/v1/ap/gyro.o
                                                  /home/mav/Desktop/paparazzi3new/var/v1/ap/fw_v_ctl.o
                                                  /home/mav/Desktop/paparazzi3new/var/v1/ap/fw_h_ctl.o
                                                  /home/mav/Desktop/paparazzi3new/var/v1/ap/nav.o
                                                  /home/mav/Desktop/paparazzi3new/var/v1/ap/infrared.o
                                                  /home/mav/Desktop/paparazzi3new/var/v1/ap/datalink.o
                                                  /home/mav/Desktop/paparazzi3new/var/v1/ap/main_ap.o
                                                  /home/mav/Desktop/paparazzi3new/var/v1/ap/main_fbw.o
__fdlib_version                                   /usr/lib/gcc/arm-elf/3.4.4/../../../../arm-elf/lib/thumb/interwork/libm.a(s_lib_ver.o)
                                                  /usr/lib/gcc/arm-elf/3.4.4/../../../../arm-elf/lib/thumb/interwork/libm.a(w_sqrt.o)
                                                  /usr/lib/gcc/arm-elf/3.4.4/../../../../arm-elf/lib/thumb/interwork/libm.a(w_atan2.o)
__fixdfsi                                         /usr/lib/gcc/arm-elf/3.4.4/thumb/interwork/libgcc.a(_fixdfsi.o)
                                                  /usr/lib/gcc/arm-elf/3.4.4/../../../../arm-elf/lib/thumb/interwork/libm.a(k_sin.o)
                                                  /usr/lib/gcc/arm-elf/3.4.4/../../../../arm-elf/lib/thumb/interwork/libm.a(k_rem_pio2.o)
                                                  /usr/lib/gcc/arm-elf/3.4.4/../../../../arm-elf/lib/thumb/interwork/libm.a(k_cos.o)
                                                  /usr/lib/gcc/arm-elf/3.4.4/../../../../arm-elf/lib/thumb/interwork/libm.a(e_rem_pio2.o)
                                                  /home/mav/Desktop/paparazzi3new/var/v1/ap/infrared.o
                                                  /home/mav/Desktop/paparazzi3new/var/v1/ap/main_ap.o
                                                  /home/mav/Desktop/paparazzi3new/var/v1/ap/main_fbw.o
__fixsfsi                                         /usr/lib/gcc/arm-elf/3.4.4/thumb/interwork/libgcc.a(_fixsfsi.o)
                                                  /home/mav/Desktop/paparazzi3new/var/v1/ap/gyro.o
                                                  /home/mav/Desktop/paparazzi3new/var/v1/ap/fw_v_ctl.o
                                                  /home/mav/Desktop/paparazzi3new/var/v1/ap/fw_h_ctl.o
                                                  /home/mav/Desktop/paparazzi3new/var/v1/ap/nav.o
                                                  /home/mav/Desktop/paparazzi3new/var/v1/ap/main_ap.o
                                                  /home/mav/Desktop/paparazzi3new/var/v1/ap/main_fbw.o
__fixunsdfsi                                      /usr/lib/gcc/arm-elf/3.4.4/thumb/interwork/libgcc.a(_fixunsdfsi.o)
                                                  /home/mav/Desktop/paparazzi3new/var/v1/ap/main_fbw.o
__fixunssfsi                                      /usr/lib/gcc/arm-elf/3.4.4/thumb/interwork/libgcc.a(_fixunssfsi.o)
                                                  /home/mav/Desktop/paparazzi3new/var/v1/ap/datalink.o
__floatsidf                                       /usr/lib/gcc/arm-elf/3.4.4/thumb/interwork/libgcc.a(_addsubdf3.o)
                                                  /usr/lib/gcc/arm-elf/3.4.4/../../../../arm-elf/lib/thumb/interwork/libm.a(k_rem_pio2.o)
                                                  /usr/lib/gcc/arm-elf/3.4.4/../../../../arm-elf/lib/thumb/interwork/libm.a(e_rem_pio2.o)
                                                  /home/mav/Desktop/paparazzi3new/var/v1/ap/infrared.o
                                                  /home/mav/Desktop/paparazzi3new/var/v1/ap/gps.o
                                                  /home/mav/Desktop/paparazzi3new/var/v1/ap/main_ap.o
                                                  /home/mav/Desktop/paparazzi3new/var/v1/ap/main_fbw.o
__floatsisf                                       /usr/lib/gcc/arm-elf/3.4.4/thumb/interwork/libgcc.a(_addsubsf3.o)
                                                  /home/mav/Desktop/paparazzi3new/var/v1/ap/gyro.o
                                                  /home/mav/Desktop/paparazzi3new/var/v1/ap/fw_v_ctl.o
                                                  /home/mav/Desktop/paparazzi3new/var/v1/ap/fw_h_ctl.o
                                                  /home/mav/Desktop/paparazzi3new/var/v1/ap/infrared.o
                                                  /home/mav/Desktop/paparazzi3new/var/v1/ap/datalink.o
                                                  /home/mav/Desktop/paparazzi3new/var/v1/ap/main_ap.o
                                                  /home/mav/Desktop/paparazzi3new/var/v1/ap/main_fbw.o
__floatunsidf                                     /usr/lib/gcc/arm-elf/3.4.4/thumb/interwork/libgcc.a(_addsubdf3.o)
__floatunsisf                                     /usr/lib/gcc/arm-elf/3.4.4/thumb/interwork/libgcc.a(_addsubsf3.o)
__gedf2                                           /usr/lib/gcc/arm-elf/3.4.4/thumb/interwork/libgcc.a(_cmpdf2.o)
                                                  /usr/lib/gcc/arm-elf/3.4.4/../../../../arm-elf/lib/thumb/interwork/libm.a(k_rem_pio2.o)
                                                  /usr/lib/gcc/arm-elf/3.4.4/../../../../arm-elf/lib/thumb/interwork/libm.a(e_sqrt.o)
__gesf2                                           /usr/lib/gcc/arm-elf/3.4.4/thumb/interwork/libgcc.a(_cmpsf2.o)
                                                  /home/mav/Desktop/paparazzi3new/var/v1/ap/nav.o
                                                  /home/mav/Desktop/paparazzi3new/var/v1/ap/infrared.o
__gtdf2                                           /usr/lib/gcc/arm-elf/3.4.4/thumb/interwork/libgcc.a(_cmpdf2.o)
                                                  /usr/lib/gcc/arm-elf/3.4.4/../../../../arm-elf/lib/thumb/interwork/libm.a(s_floor.o)
                                                  /usr/lib/gcc/arm-elf/3.4.4/../../../../arm-elf/lib/thumb/interwork/libm.a(e_sqrt.o)
                                                  /usr/lib/gcc/arm-elf/3.4.4/../../../../arm-elf/lib/thumb/interwork/libm.a(s_atan.o)
                                                  /home/mav/Desktop/paparazzi3new/var/v1/ap/fw_v_ctl.o
                                                  /home/mav/Desktop/paparazzi3new/var/v1/ap/fw_h_ctl.o
                                                  /home/mav/Desktop/paparazzi3new/var/v1/ap/nav.o
                                                  /home/mav/Desktop/paparazzi3new/var/v1/ap/infrared.o
                                                  /home/mav/Desktop/paparazzi3new/var/v1/ap/main_ap.o
__gtsf2                                           /usr/lib/gcc/arm-elf/3.4.4/thumb/interwork/libgcc.a(_cmpsf2.o)
                                                  /home/mav/Desktop/paparazzi3new/var/v1/ap/fw_v_ctl.o
                                                  /home/mav/Desktop/paparazzi3new/var/v1/ap/fw_h_ctl.o
                                                  /home/mav/Desktop/paparazzi3new/var/v1/ap/nav.o
                                                  /home/mav/Desktop/paparazzi3new/var/v1/ap/main_ap.o
                                                  /home/mav/Desktop/paparazzi3new/var/v1/ap/main_fbw.o
__ieee754_atan2                                   /usr/lib/gcc/arm-elf/3.4.4/../../../../arm-elf/lib/thumb/interwork/libm.a(e_atan2.o)
                                                  /usr/lib/gcc/arm-elf/3.4.4/../../../../arm-elf/lib/thumb/interwork/libm.a(w_atan2.o)
__ieee754_rem_pio2                                /usr/lib/gcc/arm-elf/3.4.4/../../../../arm-elf/lib/thumb/interwork/libm.a(e_rem_pio2.o)
                                                  /usr/lib/gcc/arm-elf/3.4.4/../../../../arm-elf/lib/thumb/interwork/libm.a(s_sin.o)
                                                  /usr/lib/gcc/arm-elf/3.4.4/../../../../arm-elf/lib/thumb/interwork/libm.a(s_cos.o)
__ieee754_sqrt                                    /usr/lib/gcc/arm-elf/3.4.4/../../../../arm-elf/lib/thumb/interwork/libm.a(e_sqrt.o)
                                                  /usr/lib/gcc/arm-elf/3.4.4/../../../../arm-elf/lib/thumb/interwork/libm.a(w_sqrt.o)
__kernel_cos                                      /usr/lib/gcc/arm-elf/3.4.4/../../../../arm-elf/lib/thumb/interwork/libm.a(k_cos.o)
                                                  /usr/lib/gcc/arm-elf/3.4.4/../../../../arm-elf/lib/thumb/interwork/libm.a(s_sin.o)
                                                  /usr/lib/gcc/arm-elf/3.4.4/../../../../arm-elf/lib/thumb/interwork/libm.a(s_cos.o)
__kernel_rem_pio2                                 /usr/lib/gcc/arm-elf/3.4.4/../../../../arm-elf/lib/thumb/interwork/libm.a(k_rem_pio2.o)
                                                  /usr/lib/gcc/arm-elf/3.4.4/../../../../arm-elf/lib/thumb/interwork/libm.a(e_rem_pio2.o)
__kernel_sin                                      /usr/lib/gcc/arm-elf/3.4.4/../../../../arm-elf/lib/thumb/interwork/libm.a(k_sin.o)
                                                  /usr/lib/gcc/arm-elf/3.4.4/../../../../arm-elf/lib/thumb/interwork/libm.a(s_sin.o)
                                                  /usr/lib/gcc/arm-elf/3.4.4/../../../../arm-elf/lib/thumb/interwork/libm.a(s_cos.o)
__ledf2                                           /usr/lib/gcc/arm-elf/3.4.4/thumb/interwork/libgcc.a(_cmpdf2.o)
__lesf2                                           /usr/lib/gcc/arm-elf/3.4.4/thumb/interwork/libgcc.a(_cmpsf2.o)
__ltdf2                                           /usr/lib/gcc/arm-elf/3.4.4/thumb/interwork/libgcc.a(_cmpdf2.o)
                                                  /usr/lib/gcc/arm-elf/3.4.4/../../../../arm-elf/lib/thumb/interwork/libm.a(w_sqrt.o)
                                                  /home/mav/Desktop/paparazzi3new/var/v1/ap/fw_v_ctl.o
                                                  /home/mav/Desktop/paparazzi3new/var/v1/ap/fw_h_ctl.o
                                                  /home/mav/Desktop/paparazzi3new/var/v1/ap/nav.o
                                                  /home/mav/Desktop/paparazzi3new/var/v1/ap/infrared.o
                                                  /home/mav/Desktop/paparazzi3new/var/v1/ap/main_ap.o
__ltsf2                                           /usr/lib/gcc/arm-elf/3.4.4/thumb/interwork/libgcc.a(_cmpsf2.o)
                                                  /home/mav/Desktop/paparazzi3new/var/v1/ap/fw_v_ctl.o
                                                  /home/mav/Desktop/paparazzi3new/var/v1/ap/fw_h_ctl.o
                                                  /home/mav/Desktop/paparazzi3new/var/v1/ap/nav.o
                                                  /home/mav/Desktop/paparazzi3new/var/v1/ap/infrared.o
__muldf3                                          /usr/lib/gcc/arm-elf/3.4.4/thumb/interwork/libgcc.a(_muldivdf3.o)
                                                  /usr/lib/gcc/arm-elf/3.4.4/../../../../arm-elf/lib/thumb/interwork/libm.a(s_scalbn.o)
                                                  /usr/lib/gcc/arm-elf/3.4.4/../../../../arm-elf/lib/thumb/interwork/libm.a(k_sin.o)
                                                  /usr/lib/gcc/arm-elf/3.4.4/../../../../arm-elf/lib/thumb/interwork/libm.a(k_rem_pio2.o)
                                                  /usr/lib/gcc/arm-elf/3.4.4/../../../../arm-elf/lib/thumb/interwork/libm.a(k_cos.o)
                                                  /usr/lib/gcc/arm-elf/3.4.4/../../../../arm-elf/lib/thumb/interwork/libm.a(e_sqrt.o)
                                                  /usr/lib/gcc/arm-elf/3.4.4/../../../../arm-elf/lib/thumb/interwork/libm.a(e_rem_pio2.o)
                                                  /usr/lib/gcc/arm-elf/3.4.4/../../../../arm-elf/lib/thumb/interwork/libm.a(s_atan.o)
                                                  /home/mav/Desktop/paparazzi3new/var/v1/ap/gyro.o
                                                  /home/mav/Desktop/paparazzi3new/var/v1/ap/fw_h_ctl.o
                                                  /home/mav/Desktop/paparazzi3new/var/v1/ap/nav.o
                                                  /home/mav/Desktop/paparazzi3new/var/v1/ap/infrared.o
                                                  /home/mav/Desktop/paparazzi3new/var/v1/ap/gps.o
                                                  /home/mav/Desktop/paparazzi3new/var/v1/ap/datalink.o
                                                  /home/mav/Desktop/paparazzi3new/var/v1/ap/main_ap.o
                                                  /home/mav/Desktop/paparazzi3new/var/v1/ap/main_fbw.o
__mulsf3                                          /usr/lib/gcc/arm-elf/3.4.4/thumb/interwork/libgcc.a(_muldivsf3.o)
                                                  /home/mav/Desktop/paparazzi3new/var/v1/ap/gyro.o
                                                  /home/mav/Desktop/paparazzi3new/var/v1/ap/fw_v_ctl.o
                                                  /home/mav/Desktop/paparazzi3new/var/v1/ap/fw_h_ctl.o
                                                  /home/mav/Desktop/paparazzi3new/var/v1/ap/nav.o
                                                  /home/mav/Desktop/paparazzi3new/var/v1/ap/infrared.o
                                                  /home/mav/Desktop/paparazzi3new/var/v1/ap/main_ap.o
                                                  /home/mav/Desktop/paparazzi3new/var/v1/ap/main_fbw.o
__nedf2                                           /usr/lib/gcc/arm-elf/3.4.4/thumb/interwork/libgcc.a(_cmpdf2.o)
                                                  /usr/lib/gcc/arm-elf/3.4.4/../../../../arm-elf/lib/thumb/interwork/libm.a(s_matherr.o)
__nesf2                                           /usr/lib/gcc/arm-elf/3.4.4/thumb/interwork/libgcc.a(_cmpsf2.o)
__sin_from_arm                                    /usr/lib/gcc/arm-elf/3.4.4/thumb/interwork/libgcc.a(_fixunssfsi.o)
__sqrt_from_arm                                   /usr/lib/gcc/arm-elf/3.4.4/thumb/interwork/libgcc.a(_fixunssfsi.o)
__subdf3                                          /usr/lib/gcc/arm-elf/3.4.4/thumb/interwork/libgcc.a(_addsubdf3.o)
                                                  /usr/lib/gcc/arm-elf/3.4.4/../../../../arm-elf/lib/thumb/interwork/libm.a(k_sin.o)
                                                  /usr/lib/gcc/arm-elf/3.4.4/../../../../arm-elf/lib/thumb/interwork/libm.a(k_rem_pio2.o)
                                                  /usr/lib/gcc/arm-elf/3.4.4/../../../../arm-elf/lib/thumb/interwork/libm.a(k_cos.o)
                                                  /usr/lib/gcc/arm-elf/3.4.4/../../../../arm-elf/lib/thumb/interwork/libm.a(e_sqrt.o)
                                                  /usr/lib/gcc/arm-elf/3.4.4/../../../../arm-elf/lib/thumb/interwork/libm.a(e_rem_pio2.o)
                                                  /usr/lib/gcc/arm-elf/3.4.4/../../../../arm-elf/lib/thumb/interwork/libm.a(e_atan2.o)
                                                  /usr/lib/gcc/arm-elf/3.4.4/../../../../arm-elf/lib/thumb/interwork/libm.a(s_sin.o)
                                                  /usr/lib/gcc/arm-elf/3.4.4/../../../../arm-elf/lib/thumb/interwork/libm.a(s_cos.o)
                                                  /usr/lib/gcc/arm-elf/3.4.4/../../../../arm-elf/lib/thumb/interwork/libm.a(s_atan.o)
                                                  /home/mav/Desktop/paparazzi3new/var/v1/ap/fw_h_ctl.o
                                                  /home/mav/Desktop/paparazzi3new/var/v1/ap/nav.o
                                                  /home/mav/Desktop/paparazzi3new/var/v1/ap/infrared.o
                                                  /home/mav/Desktop/paparazzi3new/var/v1/ap/gps.o