Archive member included because of file (symbol)

/usr/lib/gcc/arm-elf/3.4.4/../../../../arm-elf/lib/thumb/interwork/libm.a(s_atan.o)
                              /home/dragonfly/paparazzi_new/test/paparazzi3/var/orni/ap/nav.o (atan)
/usr/lib/gcc/arm-elf/3.4.4/../../../../arm-elf/lib/thumb/interwork/libm.a(s_cos.o)
                              /home/dragonfly/paparazzi_new/test/paparazzi3/var/orni/ap/nav.o (cos)
/usr/lib/gcc/arm-elf/3.4.4/../../../../arm-elf/lib/thumb/interwork/libm.a(s_fabs.o)
                              /usr/lib/gcc/arm-elf/3.4.4/../../../../arm-elf/lib/thumb/interwork/libm.a(s_atan.o) (fabs)
/usr/lib/gcc/arm-elf/3.4.4/../../../../arm-elf/lib/thumb/interwork/libm.a(s_sin.o)
                              /home/dragonfly/paparazzi_new/test/paparazzi3/var/orni/ap/nav.o (sin)
/usr/lib/gcc/arm-elf/3.4.4/../../../../arm-elf/lib/thumb/interwork/libm.a(w_atan2.o)
                              /home/dragonfly/paparazzi_new/test/paparazzi3/var/orni/ap/nav.o (atan2)
/usr/lib/gcc/arm-elf/3.4.4/../../../../arm-elf/lib/thumb/interwork/libm.a(w_sqrt.o)
                              /home/dragonfly/paparazzi_new/test/paparazzi3/var/orni/ap/nav.o (sqrt)
/usr/lib/gcc/arm-elf/3.4.4/../../../../arm-elf/lib/thumb/interwork/libm.a(e_atan2.o)
                              /usr/lib/gcc/arm-elf/3.4.4/../../../../arm-elf/lib/thumb/interwork/libm.a(w_atan2.o) (__ieee754_atan2)
/usr/lib/gcc/arm-elf/3.4.4/../../../../arm-elf/lib/thumb/interwork/libm.a(e_rem_pio2.o)
                              /usr/lib/gcc/arm-elf/3.4.4/../../../../arm-elf/lib/thumb/interwork/libm.a(s_cos.o) (__ieee754_rem_pio2)
/usr/lib/gcc/arm-elf/3.4.4/../../../../arm-elf/lib/thumb/interwork/libm.a(e_sqrt.o)
                              /usr/lib/gcc/arm-elf/3.4.4/../../../../arm-elf/lib/thumb/interwork/libm.a(w_sqrt.o) (__ieee754_sqrt)
/usr/lib/gcc/arm-elf/3.4.4/../../../../arm-elf/lib/thumb/interwork/libm.a(k_cos.o)
                              /usr/lib/gcc/arm-elf/3.4.4/../../../../arm-elf/lib/thumb/interwork/libm.a(s_cos.o) (__kernel_cos)
/usr/lib/gcc/arm-elf/3.4.4/../../../../arm-elf/lib/thumb/interwork/libm.a(k_rem_pio2.o)
                              /usr/lib/gcc/arm-elf/3.4.4/../../../../arm-elf/lib/thumb/interwork/libm.a(e_rem_pio2.o) (__kernel_rem_pio2)
/usr/lib/gcc/arm-elf/3.4.4/../../../../arm-elf/lib/thumb/interwork/libm.a(k_sin.o)
                              /usr/lib/gcc/arm-elf/3.4.4/../../../../arm-elf/lib/thumb/interwork/libm.a(s_cos.o) (__kernel_sin)
/usr/lib/gcc/arm-elf/3.4.4/../../../../arm-elf/lib/thumb/interwork/libm.a(s_floor.o)
                              /usr/lib/gcc/arm-elf/3.4.4/../../../../arm-elf/lib/thumb/interwork/libm.a(k_rem_pio2.o) (floor)
/usr/lib/gcc/arm-elf/3.4.4/../../../../arm-elf/lib/thumb/interwork/libm.a(s_isnan.o)
                              /usr/lib/gcc/arm-elf/3.4.4/../../../../arm-elf/lib/thumb/interwork/libm.a(w_atan2.o) (isnan)
/usr/lib/gcc/arm-elf/3.4.4/../../../../arm-elf/lib/thumb/interwork/libm.a(s_lib_ver.o)
                              /usr/lib/gcc/arm-elf/3.4.4/../../../../arm-elf/lib/thumb/interwork/libm.a(w_atan2.o) (__fdlib_version)
/usr/lib/gcc/arm-elf/3.4.4/../../../../arm-elf/lib/thumb/interwork/libm.a(s_matherr.o)
                              /usr/lib/gcc/arm-elf/3.4.4/../../../../arm-elf/lib/thumb/interwork/libm.a(w_atan2.o) (matherr)
/usr/lib/gcc/arm-elf/3.4.4/../../../../arm-elf/lib/thumb/interwork/libm.a(s_scalbn.o)
                              /usr/lib/gcc/arm-elf/3.4.4/../../../../arm-elf/lib/thumb/interwork/libm.a(k_rem_pio2.o) (scalbn)
/usr/lib/gcc/arm-elf/3.4.4/../../../../arm-elf/lib/thumb/interwork/libm.a(s_copysign.o)
                              /usr/lib/gcc/arm-elf/3.4.4/../../../../arm-elf/lib/thumb/interwork/libm.a(s_scalbn.o) (copysign)
/usr/lib/gcc/arm-elf/3.4.4/../../../../arm-elf/lib/thumb/interwork/libc.a(errno.o)
                              /usr/lib/gcc/arm-elf/3.4.4/../../../../arm-elf/lib/thumb/interwork/libm.a(w_atan2.o) (__errno)
/usr/lib/gcc/arm-elf/3.4.4/../../../../arm-elf/lib/thumb/interwork/libc.a(impure.o)
                              /usr/lib/gcc/arm-elf/3.4.4/../../../../arm-elf/lib/thumb/interwork/libc.a(errno.o) (_impure_ptr)
/usr/lib/gcc/arm-elf/3.4.4/thumb/interwork/libgcc.a(_divsi3.o)
                              /home/dragonfly/paparazzi_new/test/paparazzi3/var/orni/ap/main_fbw.o (__divsi3)
/usr/lib/gcc/arm-elf/3.4.4/thumb/interwork/libgcc.a(_dvmd_tls.o)
                              /usr/lib/gcc/arm-elf/3.4.4/thumb/interwork/libgcc.a(_divsi3.o) (__div0)
/usr/lib/gcc/arm-elf/3.4.4/thumb/interwork/libgcc.a(_addsubdf3.o)
                              /home/dragonfly/paparazzi_new/test/paparazzi3/var/orni/ap/main_fbw.o (__subdf3)
/usr/lib/gcc/arm-elf/3.4.4/thumb/interwork/libgcc.a(_muldivdf3.o)
                              /home/dragonfly/paparazzi_new/test/paparazzi3/var/orni/ap/main_fbw.o (__muldf3)
/usr/lib/gcc/arm-elf/3.4.4/thumb/interwork/libgcc.a(_cmpdf2.o)
[...]
Memory Configuration

Name             Origin             Length             Attributes
ROM              0x00000000         0x0007d000         xr
RAM              0x40000000         0x00008000         rw
*default*        0x00000000         0xffffffff

Linker script and memory map

LOAD /home/dragonfly/paparazzi_new/test/paparazzi3/var/orni/ap/crt0.o
LOAD /home/dragonfly/paparazzi_new/test/paparazzi3/var/orni/ap/sys_time.o
LOAD /home/dragonfly/paparazzi_new/test/paparazzi3/var/orni/ap/sys_time_hw.o
LOAD /home/dragonfly/paparazzi_new/test/paparazzi3/var/orni/ap/armVIC.o
LOAD /home/dragonfly/paparazzi_new/test/paparazzi3/var/orni/ap/main_fbw.o
LOAD /home/dragonfly/paparazzi_new/test/paparazzi3/var/orni/ap/main_ap.o
LOAD /home/dragonfly/paparazzi_new/test/paparazzi3/var/orni/ap/main.o
LOAD /home/dragonfly/paparazzi_new/test/paparazzi3/var/orni/ap/commands.o
LOAD /home/dragonfly/paparazzi_new/test/paparazzi3/var/orni/ap/servos_4015_MAT_hw.o
LOAD /home/dragonfly/paparazzi_new/test/paparazzi3/var/orni/ap/actuators.o
LOAD /home/dragonfly/paparazzi_new/test/paparazzi3/var/orni/ap/radio_control.o
LOAD /home/dragonfly/paparazzi_new/test/paparazzi3/var/orni/ap/ppm_hw.o
LOAD /home/dragonfly/paparazzi_new/test/paparazzi3/var/orni/ap/downlink.o
LOAD /home/dragonfly/paparazzi_new/test/paparazzi3/var/orni/ap/uart_hw.o
LOAD /home/dragonfly/paparazzi_new/test/paparazzi3/var/orni/ap/datalink.o
LOAD /home/dragonfly/paparazzi_new/test/paparazzi3/var/orni/ap/aerocomm_new.o
LOAD /home/dragonfly/paparazzi_new/test/paparazzi3/var/orni/ap/traffic_info.o
LOAD /home/dragonfly/paparazzi_new/test/paparazzi3/var/orni/ap/inter_mcu.o
LOAD /home/dragonfly/paparazzi_new/test/paparazzi3/var/orni/ap/adc_hw.o
LOAD /home/dragonfly/paparazzi_new/test/paparazzi3/var/orni/ap/gps_ubx.o
LOAD /home/dragonfly/paparazzi_new/test/paparazzi3/var/orni/ap/gps.o
LOAD /home/dragonfly/paparazzi_new/test/paparazzi3/var/orni/ap/infrared.o
LOAD /home/dragonfly/paparazzi_new/test/paparazzi3/var/orni/ap/estimator.o
LOAD /home/dragonfly/paparazzi_new/test/paparazzi3/var/orni/ap/nav.o
LOAD /home/dragonfly/paparazzi_new/test/paparazzi3/var/orni/ap/fw_h_ctl.o
LOAD /home/dragonfly/paparazzi_new/test/paparazzi3/var/orni/ap/fw_v_ctl.o
LOAD /home/dragonfly/paparazzi_new/test/paparazzi3/var/orni/ap/gpio.o
LOAD /usr/lib/gcc/arm-elf/3.4.4/../../../../arm-elf/lib/thumb/interwork/libc.a
LOAD /usr/lib/gcc/arm-elf/3.4.4/../../../../arm-elf/lib/thumb/interwork/libm.a
LOAD /usr/lib/gcc/arm-elf/3.4.4/../../../../arm-elf/lib/thumb/interwork/libc.a
LOAD /usr/lib/gcc/arm-elf/3.4.4/thumb/interwork/libgcc.a
LOAD /usr/lib/gcc/arm-elf/3.4.4/thumb/interwork/libgcc.a
LOAD /usr/lib/gcc/arm-elf/3.4.4/../../../../arm-elf/lib/thumb/interwork/libc.a
LOAD /usr/lib/gcc/arm-elf/3.4.4/thumb/interwork/libgcc.a
                0x00001000                STACK_SIZE = 0x1000

.text           0x00000000     0xe8be
 *(.init)
 .init          0x00000000      0x13c /home/dragonfly/paparazzi_new/test/paparazzi3/var/orni/ap/crt0.o
                0x00000114                reset
                0x00000000                _boot
                0x00000050                _mainCRTStartup
                0x00000114                abort
                0x00000050                _start
                0x00000114                _reset
                0x00000114                exit
                0x00000050                start
 *(.text .text.*)
 .text          0x0000013c      0x20c /home/dragonfly/paparazzi_new/test/paparazzi3/var/orni/ap/sys_time_hw.o
                0x0000013c                TIMER0_ISR
 .text          0x00000348       0x78 /home/dragonfly/paparazzi_new/test/paparazzi3/var/orni/ap/armVIC.o
                0x00000358                restoreIRQ
                0x000003b0                enableFIQ
                0x00000384                disableFIQ
                0x00000374                enableIRQ
                0x00000394                restoreFIQ
                0x00000348                disableIRQ
 .text          0x000003c0     0x1304 /home/dragonfly/paparazzi_new/test/paparazzi3/var/orni/ap/main_fbw.o
                0x000003c0                init_fbw
                0x00000590                event_task_fbw
                0x00000b88                periodic_task_fbw
 .text          0x000016c4     0x310c /home/dragonfly/paparazzi_new/test/paparazzi3/var/orni/ap/main_ap.o
                0x000022bc                periodic_task_ap
                0x00003e10                init_ap
                0x00003f54                event_task_ap
                0x000016c4                telecommand_task
 .text          0x000047d0       0xdc /home/dragonfly/paparazzi_new/test/paparazzi3/var/orni/ap/main.o
                0x000047d0                main
 .text          0x000048ac       0xc8 /home/dragonfly/paparazzi_new/test/paparazzi3/var/orni/ap/servos_4015_MAT_hw.o
                0x000048ac                actuators_init
 .text          0x00004974      0x680 /home/dragonfly/paparazzi_new/test/paparazzi3/var/orni/ap/uart_hw.o
                0x00004aa0                uart0_transmit
                0x00004b44                uart0_ISR
                0x00004cac                uart1_init_tx
                0x00004d84                uart1_check_free_space
                0x00004e7c                uart1_ISR
                0x00004dd4                uart1_init_rx
                0x00004a50                uart0_check_free_space
                0x00004974                uart0_init_tx
                0x00004dd8                uart1_transmit
                0x00004a4c                uart0_init_rx
 .text          0x00004ff4      0x798 /home/dragonfly/paparazzi_new/test/paparazzi3/var/orni/ap/datalink.o
                0x00004ff4                dl_parse_msg
 .text          0x0000578c       0xe0 /home/dragonfly/paparazzi_new/test/paparazzi3/var/orni/ap/aerocomm_new.o
                0x0000578c                aerocomm_init
 .text          0x0000586c       0x20 /home/dragonfly/paparazzi_new/test/paparazzi3/var/orni/ap/traffic_info.o
                0x0000586c                get_ac_info
 .text          0x0000588c      0x21c /home/dragonfly/paparazzi_new/test/paparazzi3/var/orni/ap/adc_hw.o
                0x000059f8                adcISR1
                0x0000588c                adc_buf_channel
                0x000058a4                adc_init
                0x0000594c                adcISR0
 .text          0x00005aa8     0x17b0 /home/dragonfly/paparazzi_new/test/paparazzi3/var/orni/ap/gps_ubx.o
                0x00006ec4                parse_gps_msg
                0x00005aa8                gps_init
                0x0000708c                parse_ubx
                0x00005abc                gps_reset
                0x00005c3c                gps_configure
 .text          0x00007258      0x6ac /home/dragonfly/paparazzi_new/test/paparazzi3/var/orni/ap/gps.o
                0x00007428                use_gps_pos
                0x00007258                estimator_update_state_gps
 .text          0x00007904      0xacc /home/dragonfly/paparazzi_new/test/paparazzi3/var/orni/ap/infrared.o
                0x00007d44                estimator_update_ir_estim
                0x00007b88                ground_calibrate
                0x00007a38                ir_update
                0x000081dc                estimator_update_state_infrared
                0x00007904                ir_init
 .text          0x000083d0       0xe8 /home/dragonfly/paparazzi_new/test/paparazzi3/var/orni/ap/estimator.o
                0x000083d0                estimator_init
                0x000084b4                estimator_propagate_state
 .text          0x000084b8     0x2190 /home/dragonfly/paparazzi_new/test/paparazzi3/var/orni/ap/nav.o
                0x00009880                nav_init
                0x00009934                nav_eight
                0x00008ec8                nav_home
                0x000098c4                nav_without_gps
                0x00008be4                nav_route_xy
                0x00008538                nav_circle_XY
                0x00008ad4                nav_approaching_xy
                0x00009fd0                nav_oval_init
                0x00008a70                nav_goto_block
                0x00009fe4                nav_oval
                0x00009920                nav_eight_init
                0x00008fd4                nav_update
                0x000084b8                nav_init_stage
 .text          0x0000a648      0x6b0 /home/dragonfly/paparazzi_new/test/paparazzi3/var/orni/ap/fw_h_ctl.o
                0x0000a648                h_ctl_init
                0x0000aa2c                h_ctl_attitude_loop
                0x0000a7e8                h_ctl_course_loop
 .text          0x0000acf8      0x920 /home/dragonfly/paparazzi_new/test/paparazzi3/var/orni/ap/fw_v_ctl.o
                0x0000ae78                v_ctl_altitude_loop
                0x0000acf8                v_ctl_init
                0x0000b020                v_ctl_climb_loop
                0x0000b44c                v_ctl_throttle_slew
 .text          0x0000b618      0x358 /usr/lib/gcc/arm-elf/3.4.4/../../../../arm-elf/lib/thumb/interwork/libm.a(s_atan.o)
                0x0000b618                atan
 .text          0x0000b970       0xb4 /usr/lib/gcc/arm-elf/3.4.4/../../../../arm-elf/lib/thumb/interwork/libm.a(s_cos.o)
                0x0000b970                cos
 .text          0x0000ba24       0x20 /usr/lib/gcc/arm-elf/3.4.4/../../../../arm-elf/lib/thumb/interwork/libm.a(s_fabs.o)
                0x0000ba24                fabs
 .text          0x0000ba44       0xbc /usr/lib/gcc/arm-elf/3.4.4/../../../../arm-elf/lib/thumb/interwork/libm.a(s_sin.o)
                0x0000ba44                sin
 .text          0x0000bb00       0xcc /usr/lib/gcc/arm-elf/3.4.4/../../../../arm-elf/lib/thumb/interwork/libm.a(w_atan2.o)
                0x0000bb00                atan2
 .text          0x0000bbcc       0xc8 /usr/lib/gcc/arm-elf/3.4.4/../../../../arm-elf/lib/thumb/interwork/libm.a(w_sqrt.o)
                0x0000bbcc                sqrt
 .text          0x0000bc94      0x21c /usr/lib/gcc/arm-elf/3.4.4/../../../../arm-elf/lib/thumb/interwork/libm.a(e_atan2.o)
                0x0000bc94                __ieee754_atan2
 .text          0x0000beb0      0x4a0 /usr/lib/gcc/arm-elf/3.4.4/../../../../arm-elf/lib/thumb/interwork/libm.a(e_rem_pio2.o)
                0x0000beb0                __ieee754_rem_pio2
 .text          0x0000c350      0x1e4 /usr/lib/gcc/arm-elf/3.4.4/../../../../arm-elf/lib/thumb/interwork/libm.a(e_sqrt.o)
                0x0000c350                __ieee754_sqrt
 .text          0x0000c534      0x1e8 /usr/lib/gcc/arm-elf/3.4.4/../../../../arm-elf/lib/thumb/interwork/libm.a(k_cos.o)
                0x0000c534                __kernel_cos
 .text          0x0000c71c      0x7ec /usr/lib/gcc/arm-elf/3.4.4/../../../../arm-elf/lib/thumb/interwork/libm.a(k_rem_pio2.o)
                0x0000c71c                __kernel_rem_pio2
 .text          0x0000cf08      0x15c /usr/lib/gcc/arm-elf/3.4.4/../../../../arm-elf/lib/thumb/interwork/libm.a(k_sin.o)
                0x0000cf08                __kernel_sin
 .text          0x0000d064      0x144 /usr/lib/gcc/arm-elf/3.4.4/../../../../arm-elf/lib/thumb/interwork/libm.a(s_floor.o)
                0x0000d064                floor
 .text          0x0000d1a8       0x28 /usr/lib/gcc/arm-elf/3.4.4/../../../../arm-elf/lib/thumb/interwork/libm.a(s_isnan.o)
                0x0000d1a8                isnan
 .text          0x0000d1d0        0x4 /usr/lib/gcc/arm-elf/3.4.4/../../../../arm-elf/lib/thumb/interwork/libm.a(s_matherr.o)
                0x0000d1d0                matherr
 .text          0x0000d1d4      0x120 /usr/lib/gcc/arm-elf/3.4.4/../../../../arm-elf/lib/thumb/interwork/libm.a(s_scalbn.o)
                0x0000d1d4                scalbn
 .text          0x0000d2f4       0x1c /usr/lib/gcc/arm-elf/3.4.4/../../../../arm-elf/lib/thumb/interwork/libm.a(s_copysign.o)
                0x0000d2f4                copysign
 .text          0x0000d310        0xc /usr/lib/gcc/arm-elf/3.4.4/../../../../arm-elf/lib/thumb/interwork/libc.a(errno.o)
                0x0000d310                __errno
 .text          0x0000d31c       0x94 /usr/lib/gcc/arm-elf/3.4.4/thumb/interwork/libgcc.a(_divsi3.o)
                0x0000d31c                __divsi3
 .text          0x0000d3b0        0x4 /usr/lib/gcc/arm-elf/3.4.4/thumb/interwork/libgcc.a(_dvmd_tls.o)
                0x0000d3b0                __div0
 .text          0x0000d3b4      0x3a8 /usr/lib/gcc/arm-elf/3.4.4/thumb/interwork/libgcc.a(_addsubdf3.o)
                0x0000d6e4                __floatsidf
                0x0000d710                __extendsfdf2
                0x0000d3b8                __adddf3
                0x0000d6bc                __floatunsidf
                0x0000d3b4                __subdf3
 .text          0x0000d75c      0x4ec /usr/lib/gcc/arm-elf/3.4.4/thumb/interwork/libgcc.a(_muldivdf3.o)
                0x0000d9d4                __divdf3
                0x0000d75c                __muldf3
 .text          0x0000dc48       0xb4 /usr/lib/gcc/arm-elf/3.4.4/thumb/interwork/libgcc.a(_cmpdf2.o)
                0x0000dc58                __cmpdf2
                0x0000dc58                __eqdf2
                0x0000dc48                __gtdf2
                0x0000dc50                __ltdf2
                0x0000dc50                __ledf2
                0x0000dc58                __nedf2
                0x0000dc48                __gedf2
 .text          0x0000dcfc       0x80 /usr/lib/gcc/arm-elf/3.4.4/thumb/interwork/libgcc.a(_fixdfsi.o)
                0x0000dcfc                __fixdfsi
 .text          0x0000dd7c       0x74 /usr/lib/gcc/arm-elf/3.4.4/thumb/interwork/libgcc.a(_fixunsdfsi.o)
                0x0000dd7c                __fixunsdfsi
 .text          0x0000ddf0       0xf8 /usr/lib/gcc/arm-elf/3.4.4/thumb/interwork/libgcc.a(_truncdfsf2.o)
                0x0000ddf0                __truncdfsf2
 .text          0x0000dee8      0x218 /usr/lib/gcc/arm-elf/3.4.4/thumb/interwork/libgcc.a(_addsubsf3.o)
                0x0000dee8                __subsf3
                0x0000e0b4                __floatsisf
                0x0000e0ac                __floatunsisf
                0x0000deec                __addsf3
 .text          0x0000e100      0x330 /usr/lib/gcc/arm-elf/3.4.4/thumb/interwork/libgcc.a(_muldivsf3.o)
                0x0000e290                __divsf3
                0x0000e100                __mulsf3
 .text          0x0000e430       0x9c /usr/lib/gcc/arm-elf/3.4.4/thumb/interwork/libgcc.a(_cmpsf2.o)
                0x0000e438                __lesf2
                0x0000e440                __nesf2
                0x0000e430                __gtsf2
                0x0000e440                __eqsf2
                0x0000e440                __cmpsf2
                0x0000e438                __ltsf2
                0x0000e430                __gesf2
 .text          0x0000e4cc       0x68 /usr/lib/gcc/arm-elf/3.4.4/thumb/interwork/libgcc.a(_fixsfsi.o)
                0x0000e4cc                __fixsfsi
 .text          0x0000e534       0x5c /usr/lib/gcc/arm-elf/3.4.4/thumb/interwork/libgcc.a(_fixunssfsi.o)
                0x0000e534                __fixunssfsi
 *(.gnu.linkonce.t.*)
 *(.glue_7)
 .glue_7        0x0000e590       0x48 /usr/lib/gcc/arm-elf/3.4.4/thumb/interwork/libgcc.a(_fixunssfsi.o)
                0x0000e59c                __atan2_from_arm
                0x0000e5b4                __cos_from_arm
                0x0000e5a8                __atan_from_arm
                0x0000e590                ____divsi3_from_arm
                0x0000e5c0                __sin_from_arm
                0x0000e5cc                __sqrt_from_arm
 *(.glue_7t)
 .glue_7t       0x0000e5d8       0x50 /usr/lib/gcc/arm-elf/3.4.4/thumb/interwork/libgcc.a(_fixunssfsi.o)
                0x0000e5f0                ____gtdf2_from_thumb
                0x0000e5e8                ____subdf3_from_thumb
                0x0000e60c                ____ltdf2_change_to_arm
                0x0000e5ec                ____subdf3_change_to_arm
                0x0000e624                ____gedf2_change_to_arm
                0x0000e600                ____eqdf2_from_thumb
                0x0000e610                ____fixdfsi_from_thumb
                0x0000e5fc                ____divdf3_change_to_arm
                0x0000e620                ____gedf2_from_thumb
                0x0000e5e4                ____muldf3_change_to_arm
                0x0000e614                ____fixdfsi_change_to_arm
                0x0000e5f8                ____divdf3_from_thumb
                0x0000e5dc                ____adddf3_change_to_arm
                0x0000e5f4                ____gtdf2_change_to_arm
                0x0000e618                ____floatsidf_from_thumb
                0x0000e608                ____ltdf2_from_thumb
                0x0000e5d8                ____adddf3_from_thumb
                0x0000e604                ____eqdf2_change_to_arm
                0x0000e5e0                ____muldf3_from_thumb
                0x0000e61c                ____floatsidf_change_to_arm
 *(.gcc_except_table)
 *(.rodata)
 .rodata        0x0000e628        0x2 /home/dragonfly/paparazzi_new/test/paparazzi3/var/orni/ap/main_ap.o
 .rodata        0x0000e62a        0x6 /home/dragonfly/paparazzi_new/test/paparazzi3/var/orni/ap/commands.o
                0x0000e62a                commands_failsafe
 .rodata        0x0000e630        0x1 /home/dragonfly/paparazzi_new/test/paparazzi3/var/orni/ap/nav.o
                0x0000e630                nb_waypoint
 *fill*         0x0000e631        0x3 00
 .rodata        0x0000e634       0x98 /usr/lib/gcc/arm-elf/3.4.4/../../../../arm-elf/lib/thumb/interwork/libm.a(s_atan.o)
 .rodata        0x0000e6cc      0x188 /usr/lib/gcc/arm-elf/3.4.4/../../../../arm-elf/lib/thumb/interwork/libm.a(e_rem_pio2.o)
 .rodata        0x0000e854       0x50 /usr/lib/gcc/arm-elf/3.4.4/../../../../arm-elf/lib/thumb/interwork/libm.a(k_rem_pio2.o)
 .rodata        0x0000e8a4        0x4 /usr/lib/gcc/arm-elf/3.4.4/../../../../arm-elf/lib/thumb/interwork/libm.a(s_lib_ver.o)
                0x0000e8a4                __fdlib_version
 .rodata        0x0000e8a8        0x4 /usr/lib/gcc/arm-elf/3.4.4/../../../../arm-elf/lib/thumb/interwork/libc.a(impure.o)
                0x0000e8a8                _global_impure_ptr
 *(.rodata*)
 .rodata.str1.4
                0x0000e8ac        0x6 /usr/lib/gcc/arm-elf/3.4.4/../../../../arm-elf/lib/thumb/interwork/libm.a(w_atan2.o)
                                  0x8 (size before relaxing)
 *fill*         0x0000e8b2        0x2 00
 .rodata.str1.4
                0x0000e8b4        0x5 /usr/lib/gcc/arm-elf/3.4.4/../../../../arm-elf/lib/thumb/interwork/libm.a(w_sqrt.o)
                                  0x8 (size before relaxing)
 *fill*         0x0000e8b9        0x3 00
 .rodata.str1.4
                0x0000e8bc        0x2 /usr/lib/gcc/arm-elf/3.4.4/../../../../arm-elf/lib/thumb/interwork/libc.a(impure.o)
                                  0x4 (size before relaxing)
 *(.gnu.linkonce.r.*)
                0x0000e8c0                . = ALIGN (0x4)

.ctors          0x0000e8be        0x0
                0x0000e8be                PROVIDE (__ctors_start__, .)
 *(SORT(.ctors.*))
 *(.ctors)
                0x0000e8be                PROVIDE (__ctors_end__, .)

.dtors          0x0000e8be        0x0
                0x0000e8be                PROVIDE (__dtors_start__, .)
 *(SORT(.dtors.*))
 *(.dtors)
                0x0000e8be                PROVIDE (__dtors_end__, .)
                0x0000e8c0                . = ALIGN (0x4)
                0x0000e8c0                _etext = .
                0x0000e8c0                PROVIDE (etext, .)

.data           0x40000000      0x488 load address 0x0000e8c0
                0x40000000                _data = .
 *(.data)
 .data          0x40000000        0x1 /home/dragonfly/paparazzi_new/test/paparazzi3/var/orni/ap/sys_time_hw.o
 .data          0x40000001        0x4 /home/dragonfly/paparazzi_new/test/paparazzi3/var/orni/ap/main_ap.o
                0x40000001                ac_ident
                0x40000002                light_mode
                0x40000003                pprz_mode
 *fill*         0x40000005        0x3 00
 .data          0x40000008        0x4 /home/dragonfly/paparazzi_new/test/paparazzi3/var/orni/ap/servos_4015_MAT_hw.o
                0x40000008                servos_delay
 .data          0x4000000c        0x2 /home/dragonfly/paparazzi_new/test/paparazzi3/var/orni/ap/aerocomm_new.o
                0x4000000c                aerocomm_confirmation_status
                0x4000000d                aerocomm_confirmation_received
 *fill*         0x4000000e        0x2 00
 .data          0x40000010        0x8 /home/dragonfly/paparazzi_new/test/paparazzi3/var/orni/ap/inter_mcu.o
                0x40000010                ap_state
                0x40000014                fbw_state
 .data          0x40000018       0x20 /home/dragonfly/paparazzi_new/test/paparazzi3/var/orni/ap/adc_hw.o
                0x40000018                adc1_val
                0x40000028                adc0_val
 .data          0x40000038       0x4c /home/dragonfly/paparazzi_new/test/paparazzi3/var/orni/ap/nav.o
                0x40000078                nav_utm_zone0
                0x40000080                nav_utm_east0
                0x4000007c                nav_utm_north0
                0x40000038                waypoints
                0x40000074                nav_altitude
 .data          0x40000084      0x404 /usr/lib/gcc/arm-elf/3.4.4/../../../../arm-elf/lib/thumb/interwork/libc.a(impure.o)
                0x40000484                _impure_ptr
 *(.data.*)
 *(.gnu.linkonce.d*)
                0x40000488                . = ALIGN (0x4)
 *(.fastrun)
                0x40000488                . = ALIGN (0x4)
                0x40000488                _edata = .
                0x40000488                PROVIDE (edata, .)

.bss            0x40000488      0xc9c
                0x40000488                __bss_start = .
                0x40000488                __bss_start__ = .
 *(.bss)
 .bss           0x40000488        0x4 /home/dragonfly/paparazzi_new/test/paparazzi3/var/orni/ap/sys_time.o
 .bss           0x4000048c        0x8 /home/dragonfly/paparazzi_new/test/paparazzi3/var/orni/ap/sys_time_hw.o
 .bss           0x40000494       0x10 /home/dragonfly/paparazzi_new/test/paparazzi3/var/orni/ap/main_fbw.o
 .bss           0x400004a4       0x2c /home/dragonfly/paparazzi_new/test/paparazzi3/var/orni/ap/main_ap.o
                0x400004ac                lateral_mode
                0x400004a9                launch
                0x400004a4                empty_bay
                0x400004a8                gps_lost
                0x400004ab                ir_estim_mode
                0x400004aa                kill_throttle
                0x400004ad                fatal_error_nb
                0x400004ae                rc_settings_mode
 .bss           0x400004d0        0x4 /home/dragonfly/paparazzi_new/test/paparazzi3/var/orni/ap/main.o
 .bss           0x400004d4        0x4 /home/dragonfly/paparazzi_new/test/paparazzi3/var/orni/ap/servos_4015_MAT_hw.o
 .bss           0x400004d8        0x4 /home/dragonfly/paparazzi_new/test/paparazzi3/var/orni/ap/actuators.o
 .bss           0x400004dc        0x8 /home/dragonfly/paparazzi_new/test/paparazzi3/var/orni/ap/radio_control.o
                0x400004dc                rc_values_contains_avg_channels
 .bss           0x400004e4        0x4 /home/dragonfly/paparazzi_new/test/paparazzi3/var/orni/ap/ppm_hw.o
 .bss           0x400004e8        0x2 /home/dragonfly/paparazzi_new/test/paparazzi3/var/orni/ap/downlink.o
                0x400004e9                telemetry_mode_Fbw
                0x400004e8                telemetry_mode_Ap
 *fill*         0x400004ea        0x2 00
 .bss           0x400004ec        0x4 /home/dragonfly/paparazzi_new/test/paparazzi3/var/orni/ap/datalink.o
 .bss           0x400004f0        0x8 /home/dragonfly/paparazzi_new/test/paparazzi3/var/orni/ap/aerocomm_new.o
                0x400004f0                aerocomm_payload_len
 .bss           0x400004f8       0x24 /home/dragonfly/paparazzi_new/test/paparazzi3/var/orni/ap/inter_mcu.o
                0x400004f8                inter_mcu_received_ap
                0x400004f9                inter_mcu_received_fbw
 .bss           0x4000051c       0x40 /home/dragonfly/paparazzi_new/test/paparazzi3/var/orni/ap/adc_hw.o
 .bss           0x4000055c        0x8 /home/dragonfly/paparazzi_new/test/paparazzi3/var/orni/ap/gps_ubx.o
 .bss           0x40000564        0x8 /home/dragonfly/paparazzi_new/test/paparazzi3/var/orni/ap/gps.o
 .bss           0x4000056c       0xa4 /home/dragonfly/paparazzi_new/test/paparazzi3/var/orni/ap/infrared.o
                0x4000056c                calib_status
 .bss           0x40000610       0x60 /home/dragonfly/paparazzi_new/test/paparazzi3/var/orni/ap/nav.o
                0x4000061d                nav_in_circle
                0x40000618                circle_bank
                0x40000610                nav_pitch
                0x4000061c                nav_in_segment
                0x40000614                altitude_shift
 .bss           0x40000670        0x4 /home/dragonfly/paparazzi_new/test/paparazzi3/var/orni/ap/fw_h_ctl.o
 .bss           0x40000674       0x58 /home/dragonfly/paparazzi_new/test/paparazzi3/var/orni/ap/fw_v_ctl.o
 *(.gnu.linkonce.b*)
 *(COMMON)
 COMMON         0x400006cc        0x2 /home/dragonfly/paparazzi_new/test/paparazzi3/var/orni/ap/sys_time.o
                0x400006cc                cpu_time_sec
 *fill*         0x400006ce        0x2 00
 COMMON         0x400006d0        0x4 /home/dragonfly/paparazzi_new/test/paparazzi3/var/orni/ap/sys_time_hw.o
                0x400006d0                cpu_time_ticks
 COMMON         0x400006d4       0x46 /home/dragonfly/paparazzi_new/test/paparazzi3/var/orni/ap/main_fbw.o
                0x400006d4                vsupply_adc_buf
                0x40000718                fbw_vsupply_decivolt
                0x40000719                fbw_mode
 *fill*         0x4000071a        0x2 00
 COMMON         0x4000071c      0x229 /home/dragonfly/paparazzi_new/test/paparazzi3/var/orni/ap/main_ap.o
                0x4000071c                accel_az_neutral
                0x40000720                rc_event_1
                0x40000724                estimator_kalman_r_angle
                0x40000728                vdrop2throt_coeff
                0x4000072c                accel_ay_scale
                0x40000730                estimator_kalman_phi
                0x40000734                the_acs
                0x40000914                estimator_kalman_q_gyro
                0x40000918                last_pprz_mode
                0x4000091c                slider_2_val
                0x40000920                estimator_kalman_theta
                0x40000924                slider_1_val
                0x40000928                estimator_kalman_q_angle
                0x4000092c                accel_az_scale
                0x40000930                rc_event_2
                0x40000934                energy
                0x40000938                accel_ay_neutral
                0x4000093c                accel_ax_scale
                0x40000940                accel_ax_neutral
                0x40000944                vsupply
 *fill*         0x40000945        0x1 00
 COMMON         0x40000946        0x6 /home/dragonfly/paparazzi_new/test/paparazzi3/var/orni/ap/commands.o
                0x40000946                commands
 COMMON         0x4000094c       0x12 /home/dragonfly/paparazzi_new/test/paparazzi3/var/orni/ap/servos_4015_MAT_hw.o
                0x4000094c                servos_4015_idx
                0x4000094e                servos_values
 COMMON         0x4000095e        0x8 /home/dragonfly/paparazzi_new/test/paparazzi3/var/orni/ap/actuators.o
                0x4000095e                actuators
 *fill*         0x40000966        0x2 00
 COMMON         0x40000968       0x35 /home/dragonfly/paparazzi_new/test/paparazzi3/var/orni/ap/radio_control.o
                0x40000968                rc_status
                0x40000969                time_since_last_ppm
                0x4000096a                ppm_cpt
                0x4000096c                rc_values
                0x4000097c                avg_rc_values
                0x4000099c                last_ppm_cpt
 *fill*         0x4000099d        0x1 00
 COMMON         0x4000099e       0x11 /home/dragonfly/paparazzi_new/test/paparazzi3/var/orni/ap/ppm_hw.o
                0x4000099e                ppm_pulses
                0x400009ae                ppm_valid
 COMMON         0x400009af        0x1 /home/dragonfly/paparazzi_new/test/paparazzi3/var/orni/ap/downlink.o
                0x400009af                downlink_nb_ovrn
 COMMON         0x400009b0      0x214 /home/dragonfly/paparazzi_new/test/paparazzi3/var/orni/ap/uart_hw.o
                0x400009b0                uart0_tx_buffer
                0x40000a30                uart1_rx_insert_idx
                0x40000a32                uart0_tx_insert_idx
                0x40000a34                uart1_tx_buffer
                0x40000ab4                uart1_rx_buffer
                0x40000b34                uart0_rx_insert_idx
                0x40000b36                uart1_tx_running
                0x40000b38                uart0_tx_extract_idx
                0x40000b3a                uart1_tx_insert_idx
                0x40000b3c                uart1_rx_extract_idx
                0x40000b3e                uart0_tx_running
                0x40000b3f                uart0_rx_buffer
                0x40000bc0                uart1_tx_extract_idx
                0x40000bc2                uart0_rx_extract_idx
 COMMON         0x40000bc4       0x84 /home/dragonfly/paparazzi_new/test/paparazzi3/var/orni/ap/datalink.o
                0x40000bc4                dl_msg_available
                0x40000bc8                dl_buffer
 COMMON         0x40000c48      0x105 /home/dragonfly/paparazzi_new/test/paparazzi3/var/orni/ap/aerocomm_new.o
                0x40000c48                aerocomm_rssi
                0x40000c49                aerocomm_cs
                0x40000c4a                aerocomm_error
                0x40000c4b                aerocomm_ovrn
                0x40000c4c                aerocomm_payload
                0x40000d4c                aerocomm_msg_received
 COMMON         0x40000d4d        0x2 /home/dragonfly/paparazzi_new/test/paparazzi3/var/orni/ap/inter_mcu.o
                0x40000d4d                ap_ok
                0x40000d4e                time_since_last_ap
 *fill*         0x40000d4f        0x1 00
 COMMON         0x40000d50      0x1a8 /home/dragonfly/paparazzi_new/test/paparazzi3/var/orni/ap/gps_ubx.o
                0x40000d50                ubx_msg_buf
                0x40000e50                gps_alt
                0x40000e54                gps_climb
                0x40000e56                gps_msg_received
                0x40000e57                gps_nb_channels
                0x40000e58                ubx_class
                0x40000e59                ubx_id
                0x40000e5c                gps_utm_north
                0x40000e60                gps_utm_east
                0x40000e64                gps_nb_ovrn
                0x40000e66                gps_course
                0x40000e68                send_ck_b
                0x40000e6a                gps_gspeed
                0x40000e6c                send_ck_a
                0x40000e70                gps_itow
                0x40000e74                gps_pos_available
                0x40000e75                gps_mode
                0x40000e76                gps_utm_zone
                0x40000e78                gps_svinfos
 COMMON         0x40000ef8        0x2 /home/dragonfly/paparazzi_new/test/paparazzi3/var/orni/ap/gps.o
                0x40000ef8                last_gps_msg_t
 *fill*         0x40000efa        0x2 00
 COMMON         0x40000efc       0x54 /home/dragonfly/paparazzi_new/test/paparazzi3/var/orni/ap/infrared.o
                0x40000efc                ir_correction_left
                0x40000f00                x2_dbg
                0x40000f02                ir_top
                0x40000f04                ir_estimated_theta_pi_4
                0x40000f08                ir_pitch
                0x40000f0c                estimator_rad_of_ir
                0x40000f10                ir_contrast
                0x40000f14                ir_rad_of_ir
                0x40000f18                ir_correction_down
                0x40000f1c                estimator_ir
                0x40000f20                ir_pitch_neutral
                0x40000f24                ir_estimated_phi_pi_4
                0x40000f28                adc_pitch_neutral
                0x40000f2a                x1_dbg
                0x40000f2c                z_contrast_mode
                0x40000f30                ir_correction_right
                0x40000f34                ir_estimated_theta_minus_pi_4
                0x40000f38                estimator_rad
                0x40000f3c                ir_correction_up
                0x40000f40                ir_estimated_phi_minus_pi_4
                0x40000f44                ir_roll
                0x40000f48                ir_roll_neutral
                0x40000f4c                ir_360
                0x40000f4e                adc_roll_neutral
 COMMON         0x40000f50       0x58 /home/dragonfly/paparazzi_new/test/paparazzi3/var/orni/ap/estimator.o
                0x40000f50                estimator_z_dot
                0x40000f54                estimator_flight_time
                0x40000f58                estimator_psi
                0x40000f5c                estimator_z
                0x40000f60                estimator_az
                0x40000f64                estimator_t
                0x40000f68                wind_east
                0x40000f6c                estimator_ay
                0x40000f70                estimator_p
                0x40000f74                estimator_theta
                0x40000f78                estimator_hspeed_mod
                0x40000f7c                estimator_phi
                0x40000f80                estimator_r
                0x40000f84                estimator_x
                0x40000f88                estimator_range
                0x40000f8c                estimator_q
                0x40000f90                estimator_hspeed_dir
                0x40000f94                wind_north
                0x40000f98                estimator_ax
                0x40000f9c                alt_kalman_enabled
                0x40000fa0                estimator_y
                0x40000fa4                estimator_range_dot
 COMMON         0x40000fa8       0x64 /home/dragonfly/paparazzi_new/test/paparazzi3/var/orni/ap/nav.o
                0x40000fa8                nav_glide_pitch_trim
                0x40000fac                dist2_to_wp
                0x40000fb0                nav_segment_x_1
                0x40000fb4                desired_x
                0x40000fb8                nav_segment_x_2
                0x40000fba                nav_circle_radius
                0x40000fbc                stage_time_ds
                0x40000fc0                nav_throttle_setpoint
                0x40000fc4                survey_south
                0x40000fc8                desired_y
                0x40000fcc                carrot_x
                0x40000fd0                horizontal_mode
                0x40000fd1                nav_block
                0x40000fd2                nav_circle_y
                0x40000fd4                too_far_from_home
                0x40000fd8                rc_pitch
                0x40000fdc                survey_north
                0x40000fe0                dist2_to_home
                0x40000fe4                survey_west
                0x40000fe8                nav_stage
                0x40000fec                survey_east
                0x40000ff0                nav_circle_x
                0x40000ff2                nav_segment_y_2
                0x40000ff4                nav_segment_y_1
                0x40000ff8                ground_alt
                0x40000ffc                carrot_y
                0x40001000                stage_time
                0x40001002                block_time
                0x40001004                nav_circle_trigo_qdr
                0x40001008                flight_altitude
 COMMON         0x4000100c       0xb4 /home/dragonfly/paparazzi_new/test/paparazzi3/var/orni/ap/fw_h_ctl.o
                0x4000100c                h_ctl_yaw_rate_mode
                0x40001010                h_ctl_auto1_rate
                0x40001014                h_ctl_course_setpoint
                0x40001018                h_ctl_roll_rate_dgain
                0x4000101c                h_ctl_roll_rate_setpoint
                0x40001020                h_ctl_rudder_setpoint
                0x40001024                h_ctl_roll_max_setpoint
                0x40001028                h_ctl_lo_throttle_yaw_rate_pgain
                0x4000102c                h_ctl_course_pre_bank_correction
                0x40001030                h_ctl_lo_throttle_pitch_rate_pgain
                0x40001034                h_ctl_pitch_rate_dgain
                0x40001038                h_ctl_hi_throttle_pitch_rate_pgain
                0x4000103c                h_ctl_elevator_setpoint
                0x40001040                h_ctl_roll_rate_igain
                0x40001044                h_ctl_hi_throttle_yaw_rate_pgain
                0x40001048                h_ctl_roll_rate_setpoint_pgain
                0x4000104c                h_ctl_hi_throttle_roll_rate_pgain
                0x40001050                h_ctl_aileron_of_throttle
                0x40001054                h_ctl_yaw_pgain
                0x40001058                h_ctl_aileron_setpoint
                0x4000105c                h_ctl_pitch_setpoint
                0x40001060                h_ctl_roll_rate_mode
                0x40001064                h_ctl_attitude_enabled
                0x40001068                h_ctl_pitch_min_setpoint
                0x4000106c                h_ctl_course_pgain
                0x40001070                h_ctl_pitch_pgain
                0x40001074                h_ctl_course_pre_bank
                0x40001078                h_ctl_yaw_rate_dgain
                0x4000107c                h_ctl_pitch_max_setpoint
                0x40001080                h_ctl_pitch_rate_setpoint
                0x40001084                h_ctl_yaw_dgain
                0x40001088                h_ctl_pitch_dgain
                0x4000108c                h_ctl_lo_throttle_roll_rate_pgain
                0x40001090                h_ctl_yaw_rate_igain
                0x40001094                h_ctl_pitch_rate_igain
                0x40001098                h_ctl_pitch_rate_setpoint_pgain
                0x4000109c                h_ctl_yaw_setpoint
                0x400010a0                h_ctl_yaw_rate_setpoint
                0x400010a4                h_ctl_disabled
                0x400010a8                h_ctl_roll_pgain
                0x400010ac                h_ctl_yaw_rate_setpoint_pgain
                0x400010b0                h_ctl_roll_setpoint
                0x400010b4                h_ctl_pitch_rate_mode
                0x400010b8                h_ctl_yaw_max_setpoint
                0x400010bc                h_ctl_elevator_of_roll
 COMMON         0x400010c0       0x60 /home/dragonfly/paparazzi_new/test/paparazzi3/var/orni/ap/fw_v_ctl.o
                0x400010c0                v_ctl_auto_throttle_nominal_cruise_throttle
                0x400010c4                v_ctl_altitude_error
                0x400010c8                v_ctl_climb_mode
                0x400010cc                v_ctl_alt_sum_err
                0x400010d0                v_ctl_auto_throttle_submode
                0x400010d4                v_ctl_auto_throttle_pitch_of_vz_pgain
                0x400010d8                v_ctl_throttle_slew_
                0x400010dc                desc_throttle
                0x400010e0                v_ctl_auto_throttle_cruise_throttle_pgain
                0x400010e4                v_ctl_altitude_setpoint
                0x400010e8                v_ctl_mode
                0x400010ec                v_ctl_auto_throttle_cruise_throttle
                0x400010f0                v_ctl_altitude_pgain
                0x400010f4                v_ctl_auto_pitch_pgain
                0x400010f8                v_ctl_auto_throttle_climb_throttle_increment
                0x400010fc                v_ctl_auto_throttle_igain
                0x40001100                v_ctl_throttle_setpoint
                0x40001104                v_ctl_climb_setpoint
                0x40001108                v_ctl_auto_pitch_igain
                0x4000110c                v_ctl_altitude_pre_climb
                0x40001110                v_ctl_throttle_slewed
                0x40001114                climb_throttle
                0x40001118                v_ctl_auto_throttle_pgain
                0x4000111c                v_ctl_auto_pitch_sum_err
 COMMON         0x40001120        0x1 /home/dragonfly/paparazzi_new/test/paparazzi3/var/orni/ap/gpio.o
                0x40001120                gpio1_status
                0x40001124                . = ALIGN (0x4)
 *fill*         0x40001121        0x3 00
                0x40001124                . = ALIGN (0x4)
                0x40001124                __bss_end__ = .
                0x40001124                PROVIDE (__bss_end, .)

.stack          0x40001200     0x1000
                0x40002200                . = (. + STACK_SIZE)
 *fill*         0x40001200     0x1000 00
                0x40002200                PROVIDE (_stack, .)
                0x40002200                _end = .
                0x40002200                PROVIDE (end, .)

.stab
 *(.stab)

.stabstr
 *(.stabstr)

.stab.excl
 *(.stab.excl)

.stab.exclstr
 *(.stab.exclstr)

.stab.index
 *(.stab.index)

.stab.indexstr
 *(.stab.indexstr)

.comment        0x00000000      0x33c
 *(.comment)
 .comment       0x00000000       0x12 /home/dragonfly/paparazzi_new/test/paparazzi3/var/orni/ap/sys_time.o
 .comment       0x00000012       0x12 /home/dragonfly/paparazzi_new/test/paparazzi3/var/orni/ap/sys_time_hw.o
 .comment       0x00000024       0x12 /home/dragonfly/paparazzi_new/test/paparazzi3/var/orni/ap/armVIC.o
 .comment       0x00000036       0x12 /home/dragonfly/paparazzi_new/test/paparazzi3/var/orni/ap/main_fbw.o
 .comment       0x00000048       0x12 /home/dragonfly/paparazzi_new/test/paparazzi3/var/orni/ap/main_ap.o
 .comment       0x0000005a       0x12 /home/dragonfly/paparazzi_new/test/paparazzi3/var/orni/ap/main.o
 .comment       0x0000006c       0x12 /home/dragonfly/paparazzi_new/test/paparazzi3/var/orni/ap/commands.o
 .comment       0x0000007e       0x12 /home/dragonfly/paparazzi_new/test/paparazzi3/var/orni/ap/servos_4015_MAT_hw.o
 .comment       0x00000090       0x12 /home/dragonfly/paparazzi_new/test/paparazzi3/var/orni/ap/actuators.o
 .comment       0x000000a2       0x12 /home/dragonfly/paparazzi_new/test/paparazzi3/var/orni/ap/radio_control.o
 .comment       0x000000b4       0x12 /home/dragonfly/paparazzi_new/test/paparazzi3/var/orni/ap/ppm_hw.o
 .comment       0x000000c6       0x12 /home/dragonfly/paparazzi_new/test/paparazzi3/var/orni/ap/downlink.o
 .comment       0x000000d8       0x12 /home/dragonfly/paparazzi_new/test/paparazzi3/var/orni/ap/uart_hw.o
 .comment       0x000000ea       0x12 /home/dragonfly/paparazzi_new/test/paparazzi3/var/orni/ap/datalink.o
 .comment       0x000000fc       0x12 /home/dragonfly/paparazzi_new/test/paparazzi3/var/orni/ap/aerocomm_new.o
 .comment       0x0000010e       0x12 /home/dragonfly/paparazzi_new/test/paparazzi3/var/orni/ap/traffic_info.o
 .comment       0x00000120       0x12 /home/dragonfly/paparazzi_new/test/paparazzi3/var/orni/ap/inter_mcu.o
 .comment       0x00000132       0x12 /home/dragonfly/paparazzi_new/test/paparazzi3/var/orni/ap/adc_hw.o
 .comment       0x00000144       0x12 /home/dragonfly/paparazzi_new/test/paparazzi3/var/orni/ap/gps_ubx.o
 .comment       0x00000156       0x12 /home/dragonfly/paparazzi_new/test/paparazzi3/var/orni/ap/gps.o
 .comment       0x00000168       0x12 /home/dragonfly/paparazzi_new/test/paparazzi3/var/orni/ap/infrared.o
 .comment       0x0000017a       0x12 /home/dragonfly/paparazzi_new/test/paparazzi3/var/orni/ap/estimator.o
 .comment       0x0000018c       0x12 /home/dragonfly/paparazzi_new/test/paparazzi3/var/orni/ap/nav.o
 .comment       0x0000019e       0x12 /home/dragonfly/paparazzi_new/test/paparazzi3/var/orni/ap/fw_h_ctl.o
 .comment       0x000001b0       0x12 /home/dragonfly/paparazzi_new/test/paparazzi3/var/orni/ap/fw_v_ctl.o
 .comment       0x000001c2       0x12 /home/dragonfly/paparazzi_new/test/paparazzi3/var/orni/ap/gpio.o
 .comment       0x000001d4       0x12 /usr/lib/gcc/arm-elf/3.4.4/../../../../arm-elf/lib/thumb/interwork/libm.a(s_atan.o)
 .comment       0x000001e6       0x12 /usr/lib/gcc/arm-elf/3.4.4/../../../../arm-elf/lib/thumb/interwork/libm.a(s_cos.o)
 .comment       0x000001f8       0x12 /usr/lib/gcc/arm-elf/3.4.4/../../../../arm-elf/lib/thumb/interwork/libm.a(s_fabs.o)
 .comment       0x0000020a       0x12 /usr/lib/gcc/arm-elf/3.4.4/../../../../arm-elf/lib/thumb/interwork/libm.a(s_sin.o)
 .comment       0x0000021c       0x12 /usr/lib/gcc/arm-elf/3.4.4/../../../../arm-elf/lib/thumb/interwork/libm.a(w_atan2.o)
 .comment       0x0000022e       0x12 /usr/lib/gcc/arm-elf/3.4.4/../../../../arm-elf/lib/thumb/interwork/libm.a(w_sqrt.o)
 .comment       0x00000240       0x12 /usr/lib/gcc/arm-elf/3.4.4/../../../../arm-elf/lib/thumb/interwork/libm.a(e_atan2.o)
 .comment       0x00000252       0x12 /usr/lib/gcc/arm-elf/3.4.4/../../../../arm-elf/lib/thumb/interwork/libm.a(e_rem_pio2.o)
 .comment       0x00000264       0x12 /usr/lib/gcc/arm-elf/3.4.4/../../../../arm-elf/lib/thumb/interwork/libm.a(e_sqrt.o)
 .comment       0x00000276       0x12 /usr/lib/gcc/arm-elf/3.4.4/../../../../arm-elf/lib/thumb/interwork/libm.a(k_cos.o)
 .comment       0x00000288       0x12 /usr/lib/gcc/arm-elf/3.4.4/../../../../arm-elf/lib/thumb/interwork/libm.a(k_rem_pio2.o)
 .comment       0x0000029a       0x12 /usr/lib/gcc/arm-elf/3.4.4/../../../../arm-elf/lib/thumb/interwork/libm.a(k_sin.o)
 .comment       0x000002ac       0x12 /usr/lib/gcc/arm-elf/3.4.4/../../../../arm-elf/lib/thumb/interwork/libm.a(s_floor.o)
 .comment       0x000002be       0x12 /usr/lib/gcc/arm-elf/3.4.4/../../../../arm-elf/lib/thumb/interwork/libm.a(s_isnan.o)
 .comment       0x000002d0       0x12 /usr/lib/gcc/arm-elf/3.4.4/../../../../arm-elf/lib/thumb/interwork/libm.a(s_lib_ver.o)
 .comment       0x000002e2       0x12 /usr/lib/gcc/arm-elf/3.4.4/../../../../arm-elf/lib/thumb/interwork/libm.a(s_matherr.o)
 .comment       0x000002f4       0x12 /usr/lib/gcc/arm-elf/3.4.4/../../../../arm-elf/lib/thumb/interwork/libm.a(s_scalbn.o)
 .comment       0x00000306       0x12 /usr/lib/gcc/arm-elf/3.4.4/../../../../arm-elf/lib/thumb/interwork/libm.a(s_copysign.o)
 .comment       0x00000318       0x12 /usr/lib/gcc/arm-elf/3.4.4/../../../../arm-elf/lib/thumb/interwork/libc.a(errno.o)
 .comment       0x0000032a       0x12 /usr/lib/gcc/arm-elf/3.4.4/../../../../arm-elf/lib/thumb/interwork/libc.a(impure.o)

.debug
 *(.debug)

.line
 *(.line)

.debug_srcinfo
 *(.debug_srcinfo)

.debug_sfnames
 *(.debug_sfnames)

.debug_aranges  0x00000000      0x240
 *(.debug_aranges)
 .debug_aranges
                0x00000000       0x20 /usr/lib/gcc/arm-elf/3.4.4/../../../../arm-elf/lib/thumb/interwork/libm.a(s_atan.o)
 .debug_aranges
                0x00000020       0x20 /usr/lib/gcc/arm-elf/3.4.4/../../../../arm-elf/lib/thumb/interwork/libm.a(s_cos.o)
 .debug_aranges
                0x00000040       0x20 /usr/lib/gcc/arm-elf/3.4.4/../../../../arm-elf/lib/thumb/interwork/libm.a(s_fabs.o)
 .debug_aranges
                0x00000060       0x20 /usr/lib/gcc/arm-elf/3.4.4/../../../../arm-elf/lib/thumb/interwork/libm.a(s_sin.o)
 .debug_aranges
                0x00000080       0x20 /usr/lib/gcc/arm-elf/3.4.4/../../../../arm-elf/lib/thumb/interwork/libm.a(w_atan2.o)
 .debug_aranges
                0x000000a0       0x20 /usr/lib/gcc/arm-elf/3.4.4/../../../../arm-elf/lib/thumb/interwork/libm.a(w_sqrt.o)
 .debug_aranges
                0x000000c0       0x20 /usr/lib/gcc/arm-elf/3.4.4/../../../../arm-elf/lib/thumb/interwork/libm.a(e_atan2.o)
 .debug_aranges
                0x000000e0       0x20 /usr/lib/gcc/arm-elf/3.4.4/../../../../arm-elf/lib/thumb/interwork/libm.a(e_rem_pio2.o)
 .debug_aranges
                0x00000100       0x20 /usr/lib/gcc/arm-elf/3.4.4/../../../../arm-elf/lib/thumb/interwork/libm.a(e_sqrt.o)
 .debug_aranges
                0x00000120       0x20 /usr/lib/gcc/arm-elf/3.4.4/../../../../arm-elf/lib/thumb/interwork/libm.a(k_cos.o)
 .debug_aranges
                0x00000140       0x20 /usr/lib/gcc/arm-elf/3.4.4/../../../../arm-elf/lib/thumb/interwork/libm.a(k_rem_pio2.o)
 .debug_aranges
                0x00000160       0x20 /usr/lib/gcc/arm-elf/3.4.4/../../../../arm-elf/lib/thumb/interwork/libm.a(k_sin.o)
 .debug_aranges
                0x00000180       0x20 /usr/lib/gcc/arm-elf/3.4.4/../../../../arm-elf/lib/thumb/interwork/libm.a(s_floor.o)
 .debug_aranges
                0x000001a0       0x20 /usr/lib/gcc/arm-elf/3.4.4/../../../../arm-elf/lib/thumb/interwork/libm.a(s_isnan.o)
 .debug_aranges
                0x000001c0       0x20 /usr/lib/gcc/arm-elf/3.4.4/../../../../arm-elf/lib/thumb/interwork/libm.a(s_matherr.o)
 .debug_aranges
                0x000001e0       0x20 /usr/lib/gcc/arm-elf/3.4.4/../../../../arm-elf/lib/thumb/interwork/libm.a(s_scalbn.o)
 .debug_aranges
                0x00000200       0x20 /usr/lib/gcc/arm-elf/3.4.4/../../../../arm-elf/lib/thumb/interwork/libm.a(s_copysign.o)
 .debug_aranges
                0x00000220       0x20 /usr/lib/gcc/arm-elf/3.4.4/../../../../arm-elf/lib/thumb/interwork/libc.a(errno.o)

.debug_pubnames
                0x00000000      0x292
 *(.debug_pubnames)
 .debug_pubnames
                0x00000000       0x1b /usr/lib/gcc/arm-elf/3.4.4/../../../../arm-elf/lib/thumb/interwork/libm.a(s_atan.o)
 .debug_pubnames
                0x0000001b       0x1a /usr/lib/gcc/arm-elf/3.4.4/../../../../arm-elf/lib/thumb/interwork/libm.a(s_cos.o)
 .debug_pubnames
                0x00000035       0x1b /usr/lib/gcc/arm-elf/3.4.4/../../../../arm-elf/lib/thumb/interwork/libm.a(s_fabs.o)
 .debug_pubnames
                0x00000050       0x1a /usr/lib/gcc/arm-elf/3.4.4/../../../../arm-elf/lib/thumb/interwork/libm.a(s_sin.o)
 .debug_pubnames
                0x0000006a       0x1c /usr/lib/gcc/arm-elf/3.4.4/../../../../arm-elf/lib/thumb/interwork/libm.a(w_atan2.o)
 .debug_pubnames
                0x00000086       0x1b /usr/lib/gcc/arm-elf/3.4.4/../../../../arm-elf/lib/thumb/interwork/libm.a(w_sqrt.o)
 .debug_pubnames
                0x000000a1       0x26 /usr/lib/gcc/arm-elf/3.4.4/../../../../arm-elf/lib/thumb/interwork/libm.a(e_atan2.o)
 .debug_pubnames
                0x000000c7       0x29 /usr/lib/gcc/arm-elf/3.4.4/../../../../arm-elf/lib/thumb/interwork/libm.a(e_rem_pio2.o)
 .debug_pubnames
                0x000000f0       0x25 /usr/lib/gcc/arm-elf/3.4.4/../../../../arm-elf/lib/thumb/interwork/libm.a(e_sqrt.o)
 .debug_pubnames
                0x00000115       0x23 /usr/lib/gcc/arm-elf/3.4.4/../../../../arm-elf/lib/thumb/interwork/libm.a(k_cos.o)
 .debug_pubnames
                0x00000138       0x28 /usr/lib/gcc/arm-elf/3.4.4/../../../../arm-elf/lib/thumb/interwork/libm.a(k_rem_pio2.o)
 .debug_pubnames
                0x00000160       0x23 /usr/lib/gcc/arm-elf/3.4.4/../../../../arm-elf/lib/thumb/interwork/libm.a(k_sin.o)
 .debug_pubnames
                0x00000183       0x1c /usr/lib/gcc/arm-elf/3.4.4/../../../../arm-elf/lib/thumb/interwork/libm.a(s_floor.o)
 .debug_pubnames
                0x0000019f       0x1c /usr/lib/gcc/arm-elf/3.4.4/../../../../arm-elf/lib/thumb/interwork/libm.a(s_isnan.o)
 .debug_pubnames
                0x000001bb       0x26 /usr/lib/gcc/arm-elf/3.4.4/../../../../arm-elf/lib/thumb/interwork/libm.a(s_lib_ver.o)
 .debug_pubnames
                0x000001e1       0x1e /usr/lib/gcc/arm-elf/3.4.4/../../../../arm-elf/lib/thumb/interwork/libm.a(s_matherr.o)
 .debug_pubnames
                0x000001ff       0x1d /usr/lib/gcc/arm-elf/3.4.4/../../../../arm-elf/lib/thumb/interwork/libm.a(s_scalbn.o)
 .debug_pubnames
                0x0000021c       0x1f /usr/lib/gcc/arm-elf/3.4.4/../../../../arm-elf/lib/thumb/interwork/libm.a(s_copysign.o)
 .debug_pubnames
                0x0000023b       0x1e /usr/lib/gcc/arm-elf/3.4.4/../../../../arm-elf/lib/thumb/interwork/libc.a(errno.o)
 .debug_pubnames
                0x00000259       0x39 /usr/lib/gcc/arm-elf/3.4.4/../../../../arm-elf/lib/thumb/interwork/libc.a(impure.o)

.debug_info     0x00000000     0x314a
 *(.debug_info .gnu.linkonce.wi.*)
 .debug_info    0x00000000      0x25d /usr/lib/gcc/arm-elf/3.4.4/../../../../arm-elf/lib/thumb/interwork/libm.a(s_atan.o)
 .debug_info    0x0000025d       0xee /usr/lib/gcc/arm-elf/3.4.4/../../../../arm-elf/lib/thumb/interwork/libm.a(s_cos.o)
 .debug_info    0x0000034b      0x151 /usr/lib/gcc/arm-elf/3.4.4/../../../../arm-elf/lib/thumb/interwork/libm.a(s_fabs.o)
 .debug_info    0x0000049c       0xee /usr/lib/gcc/arm-elf/3.4.4/../../../../arm-elf/lib/thumb/interwork/libm.a(s_sin.o)
 .debug_info    0x0000058a      0x17e /usr/lib/gcc/arm-elf/3.4.4/../../../../arm-elf/lib/thumb/interwork/libm.a(w_atan2.o)
 .debug_info    0x00000708      0x172 /usr/lib/gcc/arm-elf/3.4.4/../../../../arm-elf/lib/thumb/interwork/libm.a(w_sqrt.o)
 .debug_info    0x0000087a      0x29b /usr/lib/gcc/arm-elf/3.4.4/../../../../arm-elf/lib/thumb/interwork/libm.a(e_atan2.o)
 .debug_info    0x00000b15      0x390 /usr/lib/gcc/arm-elf/3.4.4/../../../../arm-elf/lib/thumb/interwork/libm.a(e_rem_pio2.o)
 .debug_info    0x00000ea5      0x211 /usr/lib/gcc/arm-elf/3.4.4/../../../../arm-elf/lib/thumb/interwork/libm.a(e_sqrt.o)
 .debug_info    0x000010b6      0x20c /usr/lib/gcc/arm-elf/3.4.4/../../../../arm-elf/lib/thumb/interwork/libm.a(k_cos.o)
 .debug_info    0x000012c2      0x2c0 /usr/lib/gcc/arm-elf/3.4.4/../../../../arm-elf/lib/thumb/interwork/libm.a(k_rem_pio2.o)
 .debug_info    0x00001582      0x18b /usr/lib/gcc/arm-elf/3.4.4/../../../../arm-elf/lib/thumb/interwork/libm.a(k_sin.o)
 .debug_info    0x0000170d      0x1a0 /usr/lib/gcc/arm-elf/3.4.4/../../../../arm-elf/lib/thumb/interwork/libm.a(s_floor.o)
 .debug_info    0x000018ad      0x147 /usr/lib/gcc/arm-elf/3.4.4/../../../../arm-elf/lib/thumb/interwork/libm.a(s_isnan.o)
 .debug_info    0x000019f4       0xbe /usr/lib/gcc/arm-elf/3.4.4/../../../../arm-elf/lib/thumb/interwork/libm.a(s_lib_ver.o)
 .debug_info    0x00001ab2      0x125 /usr/lib/gcc/arm-elf/3.4.4/../../../../arm-elf/lib/thumb/interwork/libm.a(s_matherr.o)
 .debug_info    0x00001bd7      0x1f4 /usr/lib/gcc/arm-elf/3.4.4/../../../../arm-elf/lib/thumb/interwork/libm.a(s_scalbn.o)
 .debug_info    0x00001dcb      0x14a /usr/lib/gcc/arm-elf/3.4.4/../../../../arm-elf/lib/thumb/interwork/libm.a(s_copysign.o)
 .debug_info    0x00001f15      0x913 /usr/lib/gcc/arm-elf/3.4.4/../../../../arm-elf/lib/thumb/interwork/libc.a(errno.o)
 .debug_info    0x00002828      0x922 /usr/lib/gcc/arm-elf/3.4.4/../../../../arm-elf/lib/thumb/interwork/libc.a(impure.o)

.debug_abbrev   0x00000000     0x113f
 *(.debug_abbrev)
 .debug_abbrev  0x00000000      0x11f /usr/lib/gcc/arm-elf/3.4.4/../../../../arm-elf/lib/thumb/interwork/libm.a(s_atan.o)
 .debug_abbrev  0x0000011f       0x8b /usr/lib/gcc/arm-elf/3.4.4/../../../../arm-elf/lib/thumb/interwork/libm.a(s_cos.o)
 .debug_abbrev  0x000001aa       0xd0 /usr/lib/gcc/arm-elf/3.4.4/../../../../arm-elf/lib/thumb/interwork/libm.a(s_fabs.o)
 .debug_abbrev  0x0000027a       0x8b /usr/lib/gcc/arm-elf/3.4.4/../../../../arm-elf/lib/thumb/interwork/libm.a(s_sin.o)
 .debug_abbrev  0x00000305       0xc7 /usr/lib/gcc/arm-elf/3.4.4/../../../../arm-elf/lib/thumb/interwork/libm.a(w_atan2.o)
 .debug_abbrev  0x000003cc       0xc7 /usr/lib/gcc/arm-elf/3.4.4/../../../../arm-elf/lib/thumb/interwork/libm.a(w_sqrt.o)
 .debug_abbrev  0x00000493      0x10f /usr/lib/gcc/arm-elf/3.4.4/../../../../arm-elf/lib/thumb/interwork/libm.a(e_atan2.o)
 .debug_abbrev  0x000005a2      0x128 /usr/lib/gcc/arm-elf/3.4.4/../../../../arm-elf/lib/thumb/interwork/libm.a(e_rem_pio2.o)
 .debug_abbrev  0x000006ca      0x104 /usr/lib/gcc/arm-elf/3.4.4/../../../../arm-elf/lib/thumb/interwork/libm.a(e_sqrt.o)
 .debug_abbrev  0x000007ce       0xea /usr/lib/gcc/arm-elf/3.4.4/../../../../arm-elf/lib/thumb/interwork/libm.a(k_cos.o)
 .debug_abbrev  0x000008b8       0xe6 /usr/lib/gcc/arm-elf/3.4.4/../../../../arm-elf/lib/thumb/interwork/libm.a(k_rem_pio2.o)
 .debug_abbrev  0x0000099e       0x93 /usr/lib/gcc/arm-elf/3.4.4/../../../../arm-elf/lib/thumb/interwork/libm.a(k_sin.o)
 .debug_abbrev  0x00000a31       0xe8 /usr/lib/gcc/arm-elf/3.4.4/../../../../arm-elf/lib/thumb/interwork/libm.a(s_floor.o)
 .debug_abbrev  0x00000b19       0xd4 /usr/lib/gcc/arm-elf/3.4.4/../../../../arm-elf/lib/thumb/interwork/libm.a(s_isnan.o)
 .debug_abbrev  0x00000bed       0x5a /usr/lib/gcc/arm-elf/3.4.4/../../../../arm-elf/lib/thumb/interwork/libm.a(s_lib_ver.o)
 .debug_abbrev  0x00000c47       0x95 /usr/lib/gcc/arm-elf/3.4.4/../../../../arm-elf/lib/thumb/interwork/libm.a(s_matherr.o)
 .debug_abbrev  0x00000cdc       0xe8 /usr/lib/gcc/arm-elf/3.4.4/../../../../arm-elf/lib/thumb/interwork/libm.a(s_scalbn.o)
 .debug_abbrev  0x00000dc4       0xc5 /usr/lib/gcc/arm-elf/3.4.4/../../../../arm-elf/lib/thumb/interwork/libm.a(s_copysign.o)
 .debug_abbrev  0x00000e89      0x15f /usr/lib/gcc/arm-elf/3.4.4/../../../../arm-elf/lib/thumb/interwork/libc.a(errno.o)
 .debug_abbrev  0x00000fe8      0x157 /usr/lib/gcc/arm-elf/3.4.4/../../../../arm-elf/lib/thumb/interwork/libc.a(impure.o)

.debug_line     0x00000000     0x13e0
 *(.debug_line)
 .debug_line    0x00000000      0x137 /usr/lib/gcc/arm-elf/3.4.4/../../../../arm-elf/lib/thumb/interwork/libm.a(s_atan.o)
 .debug_line    0x00000137       0xcc /usr/lib/gcc/arm-elf/3.4.4/../../../../arm-elf/lib/thumb/interwork/libm.a(s_cos.o)
 .debug_line    0x00000203       0xf3 /usr/lib/gcc/arm-elf/3.4.4/../../../../arm-elf/lib/thumb/interwork/libm.a(s_fabs.o)
 .debug_line    0x000002f6       0xcc /usr/lib/gcc/arm-elf/3.4.4/../../../../arm-elf/lib/thumb/interwork/libm.a(s_sin.o)
 .debug_line    0x000003c2       0xca /usr/lib/gcc/arm-elf/3.4.4/../../../../arm-elf/lib/thumb/interwork/libm.a(w_atan2.o)
 .debug_line    0x0000048c       0xc9 /usr/lib/gcc/arm-elf/3.4.4/../../../../arm-elf/lib/thumb/interwork/libm.a(w_sqrt.o)
 .debug_line    0x00000555      0x14c /usr/lib/gcc/arm-elf/3.4.4/../../../../arm-elf/lib/thumb/interwork/libm.a(e_atan2.o)
 .debug_line    0x000006a1      0x17c /usr/lib/gcc/arm-elf/3.4.4/../../../../arm-elf/lib/thumb/interwork/libm.a(e_rem_pio2.o)
 .debug_line    0x0000081d      0x163 /usr/lib/gcc/arm-elf/3.4.4/../../../../arm-elf/lib/thumb/interwork/libm.a(e_sqrt.o)
 .debug_line    0x00000980      0x115 /usr/lib/gcc/arm-elf/3.4.4/../../../../arm-elf/lib/thumb/interwork/libm.a(k_cos.o)
 .debug_line    0x00000a95      0x187 /usr/lib/gcc/arm-elf/3.4.4/../../../../arm-elf/lib/thumb/interwork/libm.a(k_rem_pio2.o)
 .debug_line    0x00000c1c       0xc6 /usr/lib/gcc/arm-elf/3.4.4/../../../../arm-elf/lib/thumb/interwork/libm.a(k_sin.o)
 .debug_line    0x00000ce2      0x12a /usr/lib/gcc/arm-elf/3.4.4/../../../../arm-elf/lib/thumb/interwork/libm.a(s_floor.o)
 .debug_line    0x00000e0c       0xfb /usr/lib/gcc/arm-elf/3.4.4/../../../../arm-elf/lib/thumb/interwork/libm.a(s_isnan.o)
 .debug_line    0x00000f07       0xa0 /usr/lib/gcc/arm-elf/3.4.4/../../../../arm-elf/lib/thumb/interwork/libm.a(s_lib_ver.o)
 .debug_line    0x00000fa7       0xb0 /usr/lib/gcc/arm-elf/3.4.4/../../../../arm-elf/lib/thumb/interwork/libm.a(s_matherr.o)
 .debug_line    0x00001057       0xeb /usr/lib/gcc/arm-elf/3.4.4/../../../../arm-elf/lib/thumb/interwork/libm.a(s_scalbn.o)
 .debug_line    0x00001142       0xc4 /usr/lib/gcc/arm-elf/3.4.4/../../../../arm-elf/lib/thumb/interwork/libm.a(s_copysign.o)
 .debug_line    0x00001206       0xf4 /usr/lib/gcc/arm-elf/3.4.4/../../../../arm-elf/lib/thumb/interwork/libc.a(errno.o)
 .debug_line    0x000012fa       0xe6 /usr/lib/gcc/arm-elf/3.4.4/../../../../arm-elf/lib/thumb/interwork/libc.a(impure.o)

.debug_frame    0x00000000      0x388
 *(.debug_frame)
 .debug_frame   0x00000000       0x38 /usr/lib/gcc/arm-elf/3.4.4/../../../../arm-elf/lib/thumb/interwork/libm.a(s_atan.o)
 .debug_frame   0x00000038       0x30 /usr/lib/gcc/arm-elf/3.4.4/../../../../arm-elf/lib/thumb/interwork/libm.a(s_cos.o)
 .debug_frame   0x00000068       0x28 /usr/lib/gcc/arm-elf/3.4.4/../../../../arm-elf/lib/thumb/interwork/libm.a(s_fabs.o)
 .debug_frame   0x00000090       0x30 /usr/lib/gcc/arm-elf/3.4.4/../../../../arm-elf/lib/thumb/interwork/libm.a(s_sin.o)
 .debug_frame   0x000000c0       0x38 /usr/lib/gcc/arm-elf/3.4.4/../../../../arm-elf/lib/thumb/interwork/libm.a(w_atan2.o)
 .debug_frame   0x000000f8       0x38 /usr/lib/gcc/arm-elf/3.4.4/../../../../arm-elf/lib/thumb/interwork/libm.a(w_sqrt.o)
 .debug_frame   0x00000130       0x38 /usr/lib/gcc/arm-elf/3.4.4/../../../../arm-elf/lib/thumb/interwork/libm.a(e_atan2.o)
 .debug_frame   0x00000168       0x3c /usr/lib/gcc/arm-elf/3.4.4/../../../../arm-elf/lib/thumb/interwork/libm.a(e_rem_pio2.o)
 .debug_frame   0x000001a4       0x3c /usr/lib/gcc/arm-elf/3.4.4/../../../../arm-elf/lib/thumb/interwork/libm.a(e_sqrt.o)
 .debug_frame   0x000001e0       0x38 /usr/lib/gcc/arm-elf/3.4.4/../../../../arm-elf/lib/thumb/interwork/libm.a(k_cos.o)
 .debug_frame   0x00000218       0x40 /usr/lib/gcc/arm-elf/3.4.4/../../../../arm-elf/lib/thumb/interwork/libm.a(k_rem_pio2.o)
 .debug_frame   0x00000258       0x30 /usr/lib/gcc/arm-elf/3.4.4/../../../../arm-elf/lib/thumb/interwork/libm.a(k_sin.o)
 .debug_frame   0x00000288       0x38 /usr/lib/gcc/arm-elf/3.4.4/../../../../arm-elf/lib/thumb/interwork/libm.a(s_floor.o)
 .debug_frame   0x000002c0       0x28 /usr/lib/gcc/arm-elf/3.4.4/../../../../arm-elf/lib/thumb/interwork/libm.a(s_isnan.o)
 .debug_frame   0x000002e8       0x20 /usr/lib/gcc/arm-elf/3.4.4/../../../../arm-elf/lib/thumb/interwork/libm.a(s_matherr.o)
 .debug_frame   0x00000308       0x34 /usr/lib/gcc/arm-elf/3.4.4/../../../../arm-elf/lib/thumb/interwork/libm.a(s_scalbn.o)
 .debug_frame   0x0000033c       0x2c /usr/lib/gcc/arm-elf/3.4.4/../../../../arm-elf/lib/thumb/interwork/libm.a(s_copysign.o)
 .debug_frame   0x00000368       0x20 /usr/lib/gcc/arm-elf/3.4.4/../../../../arm-elf/lib/thumb/interwork/libc.a(errno.o)

.debug_str      0x00000000      0xbad
 *(.debug_str)
 .debug_str     0x00000000      0x148 /usr/lib/gcc/arm-elf/3.4.4/../../../../arm-elf/lib/thumb/interwork/libm.a(s_atan.o)
                                0x17b (size before relaxing)
 .debug_str     0x00000148       0x32 /usr/lib/gcc/arm-elf/3.4.4/../../../../arm-elf/lib/thumb/interwork/libm.a(s_cos.o)
                                0x12a (size before relaxing)
 .debug_str     0x0000017a       0x42 /usr/lib/gcc/arm-elf/3.4.4/../../../../arm-elf/lib/thumb/interwork/libm.a(s_fabs.o)
                                0x163 (size before relaxing)
 .debug_str     0x000001bc       0x32 /usr/lib/gcc/arm-elf/3.4.4/../../../../arm-elf/lib/thumb/interwork/libm.a(s_sin.o)
                                0x12a (size before relaxing)
 .debug_str     0x000001ee       0xaf /usr/lib/gcc/arm-elf/3.4.4/../../../../arm-elf/lib/thumb/interwork/libm.a(w_atan2.o)
                                0x1a8 (size before relaxing)
 .debug_str     0x0000029d       0x33 /usr/lib/gcc/arm-elf/3.4.4/../../../../arm-elf/lib/thumb/interwork/libm.a(w_sqrt.o)
                                0x1a6 (size before relaxing)
 .debug_str     0x000002d0       0x67 /usr/lib/gcc/arm-elf/3.4.4/../../../../arm-elf/lib/thumb/interwork/libm.a(e_atan2.o)
                                0x197 (size before relaxing)
 .debug_str     0x00000337       0xa4 /usr/lib/gcc/arm-elf/3.4.4/../../../../arm-elf/lib/thumb/interwork/libm.a(e_rem_pio2.o)
                                0x1e3 (size before relaxing)
 .debug_str     0x000003db       0x47 /usr/lib/gcc/arm-elf/3.4.4/../../../../arm-elf/lib/thumb/interwork/libm.a(e_sqrt.o)
                                0x17c (size before relaxing)
 .debug_str     0x00000422       0x3f /usr/lib/gcc/arm-elf/3.4.4/../../../../arm-elf/lib/thumb/interwork/libm.a(k_cos.o)
                                0x16a (size before relaxing)
 .debug_str     0x00000461       0x78 /usr/lib/gcc/arm-elf/3.4.4/../../../../arm-elf/lib/thumb/interwork/libm.a(k_rem_pio2.o)
                                0x17b (size before relaxing)
 .debug_str     0x000004d9       0x3f /usr/lib/gcc/arm-elf/3.4.4/../../../../arm-elf/lib/thumb/interwork/libm.a(k_sin.o)
                                0x13c (size before relaxing)
 .debug_str     0x00000518       0x3a /usr/lib/gcc/arm-elf/3.4.4/../../../../arm-elf/lib/thumb/interwork/libm.a(s_floor.o)
                                0x16f (size before relaxing)
 .debug_str     0x00000552       0x3a /usr/lib/gcc/arm-elf/3.4.4/../../../../arm-elf/lib/thumb/interwork/libm.a(s_isnan.o)
                                0x165 (size before relaxing)
 .debug_str     0x0000058c       0x92 /usr/lib/gcc/arm-elf/3.4.4/../../../../arm-elf/lib/thumb/interwork/libm.a(s_lib_ver.o)
                                0x183 (size before relaxing)
 .debug_str     0x0000061e       0x40 /usr/lib/gcc/arm-elf/3.4.4/../../../../arm-elf/lib/thumb/interwork/libm.a(s_matherr.o)
                                0x155 (size before relaxing)
 .debug_str     0x0000065e       0x4b /usr/lib/gcc/arm-elf/3.4.4/../../../../arm-elf/lib/thumb/interwork/libm.a(s_scalbn.o)
                                0x187 (size before relaxing)
 .debug_str     0x000006a9       0x42 /usr/lib/gcc/arm-elf/3.4.4/../../../../arm-elf/lib/thumb/interwork/libm.a(s_copysign.o)
                                0x165 (size before relaxing)
 .debug_str     0x000006eb      0x416 /usr/lib/gcc/arm-elf/3.4.4/../../../../arm-elf/lib/thumb/interwork/libc.a(errno.o)
                                0x4be (size before relaxing)
 .debug_str     0x00000b01       0xac /usr/lib/gcc/arm-elf/3.4.4/../../../../arm-elf/lib/thumb/interwork/libc.a(impure.o)
                                0x4d6 (size before relaxing)

.debug_loc
 *(.debug_loc)

.debug_macinfo
 *(.debug_macinfo)

.debug_weaknames
 *(.debug_weaknames)

.debug_funcnames
 *(.debug_funcnames)

.debug_typenames
 *(.debug_typenames)

.debug_varnames
 *(.debug_varnames)
OUTPUT(/home/dragonfly/paparazzi_new/test/paparazzi3/var/orni/ap/ap.elf elf32-littlearm)

.debug_ranges   0x00000000       0xc8
 .debug_ranges  0x00000000       0x28 /usr/lib/gcc/arm-elf/3.4.4/../../../../arm-elf/lib/thumb/interwork/libm.a(s_atan.o)
 .debug_ranges  0x00000028       0x20 /usr/lib/gcc/arm-elf/3.4.4/../../../../arm-elf/lib/thumb/interwork/libm.a(e_atan2.o)
 .debug_ranges  0x00000048       0x18 /usr/lib/gcc/arm-elf/3.4.4/../../../../arm-elf/lib/thumb/interwork/libm.a(e_rem_pio2.o)
 .debug_ranges  0x00000060       0x18 /usr/lib/gcc/arm-elf/3.4.4/../../../../arm-elf/lib/thumb/interwork/libm.a(e_sqrt.o)
 .debug_ranges  0x00000078       0x18 /usr/lib/gcc/arm-elf/3.4.4/../../../../arm-elf/lib/thumb/interwork/libm.a(k_cos.o)
 .debug_ranges  0x00000090       0x20 /usr/lib/gcc/arm-elf/3.4.4/../../../../arm-elf/lib/thumb/interwork/libm.a(s_floor.o)
 .debug_ranges  0x000000b0       0x18 /usr/lib/gcc/arm-elf/3.4.4/../../../../arm-elf/lib/thumb/interwork/libm.a(s_scalbn.o)

Cross Reference Table

Symbol                                            File
TIMER0_ISR                                        /home/dragonfly/paparazzi_new/test/paparazzi3/var/orni/ap/sys_time_hw.o
                                                  /home/dragonfly/paparazzi_new/test/paparazzi3/var/orni/ap/main_fbw.o
____adddf3_change_to_arm                          /usr/lib/gcc/arm-elf/3.4.4/thumb/interwork/libgcc.a(_fixunssfsi.o)
____adddf3_from_thumb                             /usr/lib/gcc/arm-elf/3.4.4/thumb/interwork/libgcc.a(_fixunssfsi.o)
____divdf3_change_to_arm                          /usr/lib/gcc/arm-elf/3.4.4/thumb/interwork/libgcc.a(_fixunssfsi.o)
____divdf3_from_thumb                             /usr/lib/gcc/arm-elf/3.4.4/thumb/interwork/libgcc.a(_fixunssfsi.o)
____divsi3_from_arm                               /usr/lib/gcc/arm-elf/3.4.4/thumb/interwork/libgcc.a(_fixunssfsi.o)
____eqdf2_change_to_arm                           /usr/lib/gcc/arm-elf/3.4.4/thumb/interwork/libgcc.a(_fixunssfsi.o)
____eqdf2_from_thumb                              /usr/lib/gcc/arm-elf/3.4.4/thumb/interwork/libgcc.a(_fixunssfsi.o)
____fixdfsi_change_to_arm                         /usr/lib/gcc/arm-elf/3.4.4/thumb/interwork/libgcc.a(_fixunssfsi.o)
____fixdfsi_from_thumb                            /usr/lib/gcc/arm-elf/3.4.4/thumb/interwork/libgcc.a(_fixunssfsi.o)
____floatsidf_change_to_arm                       /usr/lib/gcc/arm-elf/3.4.4/thumb/interwork/libgcc.a(_fixunssfsi.o)
____floatsidf_from_thumb                          /usr/lib/gcc/arm-elf/3.4.4/thumb/interwork/libgcc.a(_fixunssfsi.o)
____gedf2_change_to_arm                           /usr/lib/gcc/arm-elf/3.4.4/thumb/interwork/libgcc.a(_fixunssfsi.o)
____gedf2_from_thumb                              /usr/lib/gcc/arm-elf/3.4.4/thumb/interwork/libgcc.a(_fixunssfsi.o)
____gtdf2_change_to_arm                           /usr/lib/gcc/arm-elf/3.4.4/thumb/interwork/libgcc.a(_fixunssfsi.o)
____gtdf2_from_thumb                              /usr/lib/gcc/arm-elf/3.4.4/thumb/interwork/libgcc.a(_fixunssfsi.o)
____ltdf2_change_to_arm                           /usr/lib/gcc/arm-elf/3.4.4/thumb/interwork/libgcc.a(_fixunssfsi.o)
____ltdf2_from_thumb                              /usr/lib/gcc/arm-elf/3.4.4/thumb/interwork/libgcc.a(_fixunssfsi.o)
____muldf3_change_to_arm                          /usr/lib/gcc/arm-elf/3.4.4/thumb/interwork/libgcc.a(_fixunssfsi.o)
____muldf3_from_thumb                             /usr/lib/gcc/arm-elf/3.4.4/thumb/interwork/libgcc.a(_fixunssfsi.o)
____subdf3_change_to_arm                          /usr/lib/gcc/arm-elf/3.4.4/thumb/interwork/libgcc.a(_fixunssfsi.o)
____subdf3_from_thumb                             /usr/lib/gcc/arm-elf/3.4.4/thumb/interwork/libgcc.a(_fixunssfsi.o)
__adddf3                                          /usr/lib/gcc/arm-elf/3.4.4/thumb/interwork/libgcc.a(_addsubdf3.o)
                                                  /usr/lib/gcc/arm-elf/3.4.4/../../../../arm-elf/lib/thumb/interwork/libm.a(s_scalbn.o)
                                                  /usr/lib/gcc/arm-elf/3.4.4/../../../../arm-elf/lib/thumb/interwork/libm.a(s_floor.o)
                                                  /usr/lib/gcc/arm-elf/3.4.4/../../../../arm-elf/lib/thumb/interwork/libm.a(k_sin.o)
                                                  /usr/lib/gcc/arm-elf/3.4.4/../../../../arm-elf/lib/thumb/interwork/libm.a(k_rem_pio2.o)
                                                  /usr/lib/gcc/arm-elf/3.4.4/../../../../arm-elf/lib/thumb/interwork/libm.a(k_cos.o)
                                                  /usr/lib/gcc/arm-elf/3.4.4/../../../../arm-elf/lib/thumb/interwork/libm.a(e_sqrt.o)
                                                  /usr/lib/gcc/arm-elf/3.4.4/../../../../arm-elf/lib/thumb/interwork/libm.a(e_rem_pio2.o)
                                                  /usr/lib/gcc/arm-elf/3.4.4/../../../../arm-elf/lib/thumb/interwork/libm.a(e_atan2.o)
                                                  /usr/lib/gcc/arm-elf/3.4.4/../../../../arm-elf/lib/thumb/interwork/libm.a(s_atan.o)
                                                  /home/dragonfly/paparazzi_new/test/paparazzi3/var/orni/ap/fw_v_ctl.o
                                                  /home/dragonfly/paparazzi_new/test/paparazzi3/var/orni/ap/fw_h_ctl.o
                                                  /home/dragonfly/paparazzi_new/test/paparazzi3/var/orni/ap/nav.o
                                                  /home/dragonfly/paparazzi_new/test/paparazzi3/var/orni/ap/infrared.o
                                                  /home/dragonfly/paparazzi_new/test/paparazzi3/var/orni/ap/main_ap.o
                                                  /home/dragonfly/paparazzi_new/test/paparazzi3/var/orni/ap/main_fbw.o
__addsf3                                          /usr/lib/gcc/arm-elf/3.4.4/thumb/interwork/libgcc.a(_addsubsf3.o)
                                                  /home/dragonfly/paparazzi_new/test/paparazzi3/var/orni/ap/fw_v_ctl.o
                                                  /home/dragonfly/paparazzi_new/test/paparazzi3/var/orni/ap/fw_h_ctl.o
                                                  /home/dragonfly/paparazzi_new/test/paparazzi3/var/orni/ap/nav.o
                                                  /home/dragonfly/paparazzi_new/test/paparazzi3/var/orni/ap/infrared.o
                                                  /home/dragonfly/paparazzi_new/test/paparazzi3/var/orni/ap/datalink.o
                                                  /home/dragonfly/paparazzi_new/test/paparazzi3/var/orni/ap/main_ap.o
__atan2_from_arm                                  /usr/lib/gcc/arm-elf/3.4.4/thumb/interwork/libgcc.a(_fixunssfsi.o)
__atan_from_arm                                   /usr/lib/gcc/arm-elf/3.4.4/thumb/interwork/libgcc.a(_fixunssfsi.o)
__bss_end__                                       /home/dragonfly/paparazzi_new/test/paparazzi3/var/orni/ap/crt0.o
__bss_start                                       /home/dragonfly/paparazzi_new/test/paparazzi3/var/orni/ap/crt0.o
__cmpdf2                                          /usr/lib/gcc/arm-elf/3.4.4/thumb/interwork/libgcc.a(_cmpdf2.o)
__cmpsf2                                          /usr/lib/gcc/arm-elf/3.4.4/thumb/interwork/libgcc.a(_cmpsf2.o)
__cos_from_arm                                    /usr/lib/gcc/arm-elf/3.4.4/thumb/interwork/libgcc.a(_fixunssfsi.o)
__ctors_end__                                     /home/dragonfly/paparazzi_new/test/paparazzi3/var/orni/ap/crt0.o
__ctors_start__                                   /home/dragonfly/paparazzi_new/test/paparazzi3/var/orni/ap/crt0.o
__div0                                            /usr/lib/gcc/arm-elf/3.4.4/thumb/interwork/libgcc.a(_dvmd_tls.o)
                                                  /usr/lib/gcc/arm-elf/3.4.4/thumb/interwork/libgcc.a(_divsi3.o)
__divdf3                                          /usr/lib/gcc/arm-elf/3.4.4/thumb/interwork/libgcc.a(_muldivdf3.o)
                                                  /usr/lib/gcc/arm-elf/3.4.4/../../../../arm-elf/lib/thumb/interwork/libm.a(e_sqrt.o)
                                                  /usr/lib/gcc/arm-elf/3.4.4/../../../../arm-elf/lib/thumb/interwork/libm.a(e_atan2.o)
                                                  /usr/lib/gcc/arm-elf/3.4.4/../../../../arm-elf/lib/thumb/interwork/libm.a(w_sqrt.o)
                                                  /usr/lib/gcc/arm-elf/3.4.4/../../../../arm-elf/lib/thumb/interwork/libm.a(s_atan.o)
                                                  /home/dragonfly/paparazzi_new/test/paparazzi3/var/orni/ap/fw_v_ctl.o
                                                  /home/dragonfly/paparazzi_new/test/paparazzi3/var/orni/ap/fw_h_ctl.o
                                                  /home/dragonfly/paparazzi_new/test/paparazzi3/var/orni/ap/nav.o
                                                  /home/dragonfly/paparazzi_new/test/paparazzi3/var/orni/ap/infrared.o
                                                  /home/dragonfly/paparazzi_new/test/paparazzi3/var/orni/ap/gps.o
                                                  /home/dragonfly/paparazzi_new/test/paparazzi3/var/orni/ap/datalink.o
                                                  /home/dragonfly/paparazzi_new/test/paparazzi3/var/orni/ap/main_ap.o
__divsf3                                          /usr/lib/gcc/arm-elf/3.4.4/thumb/interwork/libgcc.a(_muldivsf3.o)
                                                  /home/dragonfly/paparazzi_new/test/paparazzi3/var/orni/ap/fw_v_ctl.o
                                                  /home/dragonfly/paparazzi_new/test/paparazzi3/var/orni/ap/fw_h_ctl.o
                                                  /home/dragonfly/paparazzi_new/test/paparazzi3/var/orni/ap/nav.o
                                                  /home/dragonfly/paparazzi_new/test/paparazzi3/var/orni/ap/infrared.o
                                                  /home/dragonfly/paparazzi_new/test/paparazzi3/var/orni/ap/datalink.o
                                                  /home/dragonfly/paparazzi_new/test/paparazzi3/var/orni/ap/main_ap.o
__divsi3                                          /usr/lib/gcc/arm-elf/3.4.4/thumb/interwork/libgcc.a(_divsi3.o)
                                                  /usr/lib/gcc/arm-elf/3.4.4/../../../../arm-elf/lib/thumb/interwork/libm.a(k_rem_pio2.o)
                                                  /home/dragonfly/paparazzi_new/test/paparazzi3/var/orni/ap/infrared.o
                                                  /home/dragonfly/paparazzi_new/test/paparazzi3/var/orni/ap/gps_ubx.o
                                                  /home/dragonfly/paparazzi_new/test/paparazzi3/var/orni/ap/main_fbw.o
__eqdf2                                           /usr/lib/gcc/arm-elf/3.4.4/thumb/interwork/libgcc.a(_cmpdf2.o)
                                                  /usr/lib/gcc/arm-elf/3.4.4/../../../../arm-elf/lib/thumb/interwork/libm.a(k_rem_pio2.o)
                                                  /usr/lib/gcc/arm-elf/3.4.4/../../../../arm-elf/lib/thumb/interwork/libm.a(e_rem_pio2.o)
                                                  /usr/lib/gcc/arm-elf/3.4.4/../../../../arm-elf/lib/thumb/interwork/libm.a(w_atan2.o)
__eqsf2                                           /usr/lib/gcc/arm-elf/3.4.4/thumb/interwork/libgcc.a(_cmpsf2.o)
__errno                                           /usr/lib/gcc/arm-elf/3.4.4/../../../../arm-elf/lib/thumb/interwork/libc.a(errno.o)
                                                  /usr/lib/gcc/arm-elf/3.4.4/../../../../arm-elf/lib/thumb/interwork/libm.a(w_sqrt.o)
                                                  /usr/lib/gcc/arm-elf/3.4.4/../../../../arm-elf/lib/thumb/interwork/libm.a(w_atan2.o)
__extendsfdf2                                     /usr/lib/gcc/arm-elf/3.4.4/thumb/interwork/libgcc.a(_addsubdf3.o)
                                                  /home/dragonfly/paparazzi_new/test/paparazzi3/var/orni/ap/fw_v_ctl.o
                                                  /home/dragonfly/paparazzi_new/test/paparazzi3/var/orni/ap/fw_h_ctl.o
                                                  /home/dragonfly/paparazzi_new/test/paparazzi3/var/orni/ap/nav.o
                                                  /home/dragonfly/paparazzi_new/test/paparazzi3/var/orni/ap/infrared.o
                                                  /home/dragonfly/paparazzi_new/test/paparazzi3/var/orni/ap/datalink.o
                                                  /home/dragonfly/paparazzi_new/test/paparazzi3/var/orni/ap/main_ap.o
                                                  /home/dragonfly/paparazzi_new/test/paparazzi3/var/orni/ap/main_fbw.o
__fdlib_version                                   /usr/lib/gcc/arm-elf/3.4.4/../../../../arm-elf/lib/thumb/interwork/libm.a(s_lib_ver.o)
                                                  /usr/lib/gcc/arm-elf/3.4.4/../../../../arm-elf/lib/thumb/interwork/libm.a(w_sqrt.o)
                                                  /usr/lib/gcc/arm-elf/3.4.4/../../../../arm-elf/lib/thumb/interwork/libm.a(w_atan2.o)
__fixdfsi                                         /usr/lib/gcc/arm-elf/3.4.4/thumb/interwork/libgcc.a(_fixdfsi.o)
                                                  /usr/lib/gcc/arm-elf/3.4.4/../../../../arm-elf/lib/thumb/interwork/libm.a(k_sin.o)
                                                  /usr/lib/gcc/arm-elf/3.4.4/../../../../arm-elf/lib/thumb/interwork/libm.a(k_rem_pio2.o)
                                                  /usr/lib/gcc/arm-elf/3.4.4/../../../../arm-elf/lib/thumb/interwork/libm.a(k_cos.o)
                                                  /usr/lib/gcc/arm-elf/3.4.4/../../../../arm-elf/lib/thumb/interwork/libm.a(e_rem_pio2.o)
                                                  /home/dragonfly/paparazzi_new/test/paparazzi3/var/orni/ap/infrared.o
                                                  /home/dragonfly/paparazzi_new/test/paparazzi3/var/orni/ap/main_ap.o
__fixsfsi                                         /usr/lib/gcc/arm-elf/3.4.4/thumb/interwork/libgcc.a(_fixsfsi.o)
                                                  /home/dragonfly/paparazzi_new/test/paparazzi3/var/orni/ap/fw_v_ctl.o
                                                  /home/dragonfly/paparazzi_new/test/paparazzi3/var/orni/ap/fw_h_ctl.o
                                                  /home/dragonfly/paparazzi_new/test/paparazzi3/var/orni/ap/nav.o
                                                  /home/dragonfly/paparazzi_new/test/paparazzi3/var/orni/ap/datalink.o
                                                  /home/dragonfly/paparazzi_new/test/paparazzi3/var/orni/ap/main_ap.o
                                                  /home/dragonfly/paparazzi_new/test/paparazzi3/var/orni/ap/main_fbw.o
__fixunsdfsi                                      /usr/lib/gcc/arm-elf/3.4.4/thumb/interwork/libgcc.a(_fixunsdfsi.o)
                                                  /home/dragonfly/paparazzi_new/test/paparazzi3/var/orni/ap/main_fbw.o
__fixunssfsi                                      /usr/lib/gcc/arm-elf/3.4.4/thumb/interwork/libgcc.a(_fixunssfsi.o)
                                                  /home/dragonfly/paparazzi_new/test/paparazzi3/var/orni/ap/datalink.o
__floatsidf                                       /usr/lib/gcc/arm-elf/3.4.4/thumb/interwork/libgcc.a(_addsubdf3.o)
                                                  /usr/lib/gcc/arm-elf/3.4.4/../../../../arm-elf/lib/thumb/interwork/libm.a(k_rem_pio2.o)
                                                  /usr/lib/gcc/arm-elf/3.4.4/../../../../arm-elf/lib/thumb/interwork/libm.a(e_rem_pio2.o)
                                                  /home/dragonfly/paparazzi_new/test/paparazzi3/var/orni/ap/infrared.o
                                                  /home/dragonfly/paparazzi_new/test/paparazzi3/var/orni/ap/gps.o
                                                  /home/dragonfly/paparazzi_new/test/paparazzi3/var/orni/ap/main_ap.o
                                                  /home/dragonfly/paparazzi_new/test/paparazzi3/var/orni/ap/main_fbw.o
__floatsisf                                       /usr/lib/gcc/arm-elf/3.4.4/thumb/interwork/libgcc.a(_addsubsf3.o)
                                                  /home/dragonfly/paparazzi_new/test/paparazzi3/var/orni/ap/fw_v_ctl.o
                                                  /home/dragonfly/paparazzi_new/test/paparazzi3/var/orni/ap/fw_h_ctl.o
                                                  /home/dragonfly/paparazzi_new/test/paparazzi3/var/orni/ap/infrared.o
                                                  /home/dragonfly/paparazzi_new/test/paparazzi3/var/orni/ap/datalink.o
                                                  /home/dragonfly/paparazzi_new/test/paparazzi3/var/orni/ap/main_ap.o
                                                  /home/dragonfly/paparazzi_new/test/paparazzi3/var/orni/ap/main_fbw.o
__floatunsidf                                     /usr/lib/gcc/arm-elf/3.4.4/thumb/interwork/libgcc.a(_addsubdf3.o)
__floatunsisf                                     /usr/lib/gcc/arm-elf/3.4.4/thumb/interwork/libgcc.a(_addsubsf3.o)
__gedf2                                           /usr/lib/gcc/arm-elf/3.4.4/thumb/interwork/libgcc.a(_cmpdf2.o)
                                                  /usr/lib/gcc/arm-elf/3.4.4/../../../../arm-elf/lib/thumb/interwork/libm.a(k_rem_pio2.o)
                                                  /usr/lib/gcc/arm-elf/3.4.4/../../../../arm-elf/lib/thumb/interwork/libm.a(e_sqrt.o)
__gesf2                                           /usr/lib/gcc/arm-elf/3.4.4/thumb/interwork/libgcc.a(_cmpsf2.o)
                                                  /home/dragonfly/paparazzi_new/test/paparazzi3/var/orni/ap/nav.o
                                                  /home/dragonfly/paparazzi_new/test/paparazzi3/var/orni/ap/infrared.o
__gtdf2                                           /usr/lib/gcc/arm-elf/3.4.4/thumb/interwork/libgcc.a(_cmpdf2.o)
                                                  /usr/lib/gcc/arm-elf/3.4.4/../../../../arm-elf/lib/thumb/interwork/libm.a(s_floor.o)
                                                  /usr/lib/gcc/arm-elf/3.4.4/../../../../arm-elf/lib/thumb/interwork/libm.a(e_sqrt.o)
                                                  /usr/lib/gcc/arm-elf/3.4.4/../../../../arm-elf/lib/thumb/interwork/libm.a(s_atan.o)
                                                  /home/dragonfly/paparazzi_new/test/paparazzi3/var/orni/ap/fw_v_ctl.o
                                                  /home/dragonfly/paparazzi_new/test/paparazzi3/var/orni/ap/fw_h_ctl.o
                                                  /home/dragonfly/paparazzi_new/test/paparazzi3/var/orni/ap/nav.o
                                                  /home/dragonfly/paparazzi_new/test/paparazzi3/var/orni/ap/infrared.o
                                                  /home/dragonfly/paparazzi_new/test/paparazzi3/var/orni/ap/main_ap.o
__gtsf2                                           /usr/lib/gcc/arm-elf/3.4.4/thumb/interwork/libgcc.a(_cmpsf2.o)
                                                  /home/dragonfly/paparazzi_new/test/paparazzi3/var/orni/ap/fw_v_ctl.o
                                                  /home/dragonfly/paparazzi_new/test/paparazzi3/var/orni/ap/fw_h_ctl.o
                                                  /home/dragonfly/paparazzi_new/test/paparazzi3/var/orni/ap/nav.o
                                                  /home/dragonfly/paparazzi_new/test/paparazzi3/var/orni/ap/main_ap.o
                                                  /home/dragonfly/paparazzi_new/test/paparazzi3/var/orni/ap/main_fbw.o
__ieee754_atan2                                   /usr/lib/gcc/arm-elf/3.4.4/../../../../arm-elf/lib/thumb/interwork/libm.a(e_atan2.o)
                                                  /usr/lib/gcc/arm-elf/3.4.4/../../../../arm-elf/lib/thumb/interwork/libm.a(w_atan2.o)
__ieee754_rem_pio2                                /usr/lib/gcc/arm-elf/3.4.4/../../../../arm-elf/lib/thumb/interwork/libm.a(e_rem_pio2.o)
                                                  /usr/lib/gcc/arm-elf/3.4.4/../../../../arm-elf/lib/thumb/interwork/libm.a(s_sin.o)
                                                  /usr/lib/gcc/arm-elf/3.4.4/../../../../arm-elf/lib/thumb/interwork/libm.a(s_cos.o)
__ieee754_sqrt                                    /usr/lib/gcc/arm-elf/3.4.4/../../../../arm-elf/lib/thumb/interwork/libm.a(e_sqrt.o)
                                                  /usr/lib/gcc/arm-elf/3.4.4/../../../../arm-elf/lib/thumb/interwork/libm.a(w_sqrt.o)
__kernel_cos                                      /usr/lib/gcc/arm-elf/3.4.4/../../../../arm-elf/lib/thumb/interwork/libm.a(k_cos.o)
                                                  /usr/lib/gcc/arm-elf/3.4.4/../../../../arm-elf/lib/thumb/interwork/libm.a(s_sin.o)
                                                  /usr/lib/gcc/arm-elf/3.4.4/../../../../arm-elf/lib/thumb/interwork/libm.a(s_cos.o)
__kernel_rem_pio2                                 /usr/lib/gcc/arm-elf/3.4.4/../../../../arm-elf/lib/thumb/interwork/libm.a(k_rem_pio2.o)
                                                  /usr/lib/gcc/arm-elf/3.4.4/../../../../arm-elf/lib/thumb/interwork/libm.a(e_rem_pio2.o)
__kernel_sin                                      /usr/lib/gcc/arm-elf/3.4.4/../../../../arm-elf/lib/thumb/interwork/libm.a(k_sin.o)
                                                  /usr/lib/gcc/arm-elf/3.4.4/../../../../arm-elf/lib/thumb/interwork/libm.a(s_sin.o)
                                                  /usr/lib/gcc/arm-elf/3.4.4/../../../../arm-elf/lib/thumb/interwork/libm.a(s_cos.o)
__ledf2                                           /usr/lib/gcc/arm-elf/3.4.4/thumb/interwork/libgcc.a(_cmpdf2.o)
__lesf2                                           /usr/lib/gcc/arm-elf/3.4.4/thumb/interwork/libgcc.a(_cmpsf2.o)
__ltdf2                                           /usr/lib/gcc/arm-elf/3.4.4/thumb/interwork/libgcc.a(_cmpdf2.o)
                                                  /usr/lib/gcc/arm-elf/3.4.4/../../../../arm-elf/lib/thumb/interwork/libm.a(w_sqrt.o)
                                                  /home/dragonfly/paparazzi_new/test/paparazzi3/var/orni/ap/fw_v_ctl.o
                                                  /home/dragonfly/paparazzi_new/test/paparazzi3/var/orni/ap/fw_h_ctl.o
                                                  /home/dragonfly/paparazzi_new/test/paparazzi3/var/orni/ap/nav.o
                                                  /home/dragonfly/paparazzi_new/test/paparazzi3/var/orni/ap/infrared.o
                                                  /home/dragonfly/paparazzi_new/test/paparazzi3/var/orni/ap/main_ap.o
__ltsf2                                           /usr/lib/gcc/arm-elf/3.4.4/thumb/interwork/libgcc.a(_cmpsf2.o)
                                                  /home/dragonfly/paparazzi_new/test/paparazzi3/var/orni/ap/fw_v_ctl.o
                                                  /home/dragonfly/paparazzi_new/test/paparazzi3/var/orni/ap/fw_h_ctl.o
                                                  /home/dragonfly/paparazzi_new/test/paparazzi3/var/orni/ap/nav.o
                                                  /home/dragonfly/paparazzi_new/test/paparazzi3/var/orni/ap/infrared.o
__muldf3                                          /usr/lib/gcc/arm-elf/3.4.4/thumb/interwork/libgcc.a(_muldivdf3.o)
                                                  /usr/lib/gcc/arm-elf/3.4.4/../../../../arm-elf/lib/thumb/interwork/libm.a(s_scalbn.o)
                                                  /usr/lib/gcc/arm-elf/3.4.4/../../../../arm-elf/lib/thumb/interwork/libm.a(k_sin.o)
                                                  /usr/lib/gcc/arm-elf/3.4.4/../../../../arm-elf/lib/thumb/interwork/libm.a(k_rem_pio2.o)
                                                  /usr/lib/gcc/arm-elf/3.4.4/../../../../arm-elf/lib/thumb/interwork/libm.a(k_cos.o)
                                                  /usr/lib/gcc/arm-elf/3.4.4/../../../../arm-elf/lib/thumb/interwork/libm.a(e_sqrt.o)
                                                  /usr/lib/gcc/arm-elf/3.4.4/../../../../arm-elf/lib/thumb/interwork/libm.a(e_rem_pio2.o)
                                                  /usr/lib/gcc/arm-elf/3.4.4/../../../../arm-elf/lib/thumb/interwork/libm.a(s_atan.o)
                                                  /home/dragonfly/paparazzi_new/test/paparazzi3/var/orni/ap/fw_v_ctl.o
                                                  /home/dragonfly/paparazzi_new/test/paparazzi3/var/orni/ap/fw_h_ctl.o
                                                  /home/dragonfly/paparazzi_new/test/paparazzi3/var/orni/ap/nav.o
                                                  /home/dragonfly/paparazzi_new/test/paparazzi3/var/orni/ap/infrared.o
                                                  /home/dragonfly/paparazzi_new/test/paparazzi3/var/orni/ap/gps.o
                                                  /home/dragonfly/paparazzi_new/test/paparazzi3/var/orni/ap/datalink.o
                                                  /home/dragonfly/paparazzi_new/test/paparazzi3/var/orni/ap/main_ap.o
                                                  /home/dragonfly/paparazzi_new/test/paparazzi3/var/orni/ap/main_fbw.o
__mulsf3                                          /usr/lib/gcc/arm-elf/3.4.4/thumb/interwork/libgcc.a(_muldivsf3.o)
                                                  /home/dragonfly/paparazzi_new/test/paparazzi3/var/orni/ap/fw_v_ctl.o
                                                  /home/dragonfly/paparazzi_new/test/paparazzi3/var/orni/ap/fw_h_ctl.o
                                                  /home/dragonfly/paparazzi_new/test/paparazzi3/var/orni/ap/nav.o
                                                  /home/dragonfly/paparazzi_new/test/paparazzi3/var/orni/ap/infrared.o
                                                  /home/dragonfly/paparazzi_new/test/paparazzi3/var/orni/ap/main_ap.o
                                                  /home/dragonfly/paparazzi_new/test/paparazzi3/var/orni/ap/main_fbw.o
__nedf2                                           /usr/lib/gcc/arm-elf/3.4.4/thumb/interwork/libgcc.a(_cmpdf2.o)
                                                  /usr/lib/gcc/arm-elf/3.4.4/../../../../arm-elf/lib/thumb/interwork/libm.a(s_matherr.o)
__nesf2                                           /usr/lib/gcc/arm-elf/3.4.4/thumb/interwork/libgcc.a(_cmpsf2.o)
__sin_from_arm                                    /usr/lib/gcc/arm-elf/3.4.4/thumb/interwork/libgcc.a(_fixunssfsi.o)
__sqrt_from_arm                                   /usr/lib/gcc/arm-elf/3.4.4/thumb/interwork/libgcc.a(_fixunssfsi.o)
__subdf3                                          /usr/lib/gcc/arm-elf/3.4.4/thumb/interwork/libgcc.a(_addsubdf3.o)
                                                  /usr/lib/gcc/arm-elf/3.4.4/../../../../arm-elf/lib/thumb/interwork/libm.a(k_sin.o)
                                                  /usr/lib/gcc/arm-elf/3.4.4/../../../../arm-elf/lib/thumb/interwork/libm.a(k_rem_pio2.o)
                                                  /usr/lib/gcc/arm-elf/3.4.4/../../../../arm-elf/lib/thumb/interwork/libm.a(k_cos.o)
                                                  /usr/lib/gcc/arm-elf/3.4.4/../../../../arm-elf/lib/thumb/interwork/libm.a(e_sqrt.o)
                                                  /usr/lib/gcc/arm-elf/3.4.4/../../../../arm-elf/lib/thumb/interwork/libm.a(e_rem_pio2.o)